
> compass@0.1.0 test
> vitest run


 RUN  v4.0.18 /opt/code/coparity

stdout | src/actions/__tests__/kyc-manual-update-party-ref-smoke.test.ts > kyc-manual-update PARTY_REF Smoke Test > smoke test: adds two parties, both appear, removes one, remaining one stays
[DefinitionService] Refreshed cache with 255 fields.

stdout | src/actions/__tests__/attachment-integration.test.ts > Phase 4 Attachment Lifecycle Integration > 1. Attachment Lifecycle Verification & 6. Canonical Resolution > Add: creates immutable Document, new FILE_ATTACHMENT claim, opaque instanceId
[DefinitionService] Refreshed cache with 255 fields.

stdout | src/actions/__tests__/attachment-integration.test.ts > Phase 4 Attachment Lifecycle Integration > 1. Attachment Lifecycle Verification & 6. Canonical Resolution > Add: creates immutable Document, new FILE_ATTACHMENT claim, opaque instanceId
[writeBackGraphEdge] field=999 clientLE=3dd3e035-27c1-43ab-a89e-bb33e5312f3c binding=NONE

stdout | src/actions/__tests__/kyc-manual-update-party-ref-smoke.test.ts > kyc-manual-update PARTY_REF Smoke Test > smoke test: adds two parties, both appear, removes one, remaining one stays
[writeBackGraphEdge] field=63 clientLE=b081ef16-b454-492f-98a0-629c62b72c10 binding=NONE

stdout | src/actions/__tests__/attachment-integration.test.ts > Phase 4 Attachment Lifecycle Integration > 1. Attachment Lifecycle Verification & 6. Canonical Resolution > Replace: creates new claim, retains instanceId, preserves ordering, untouched previous doc
[writeBackGraphEdge] field=999 clientLE=03a4dd21-2614-4ec8-b0c8-30d2f5f23083 binding=NONE

stdout | src/actions/__tests__/attachment-integration.test.ts > Phase 4 Attachment Lifecycle Integration > 1. Attachment Lifecycle Verification & 6. Canonical Resolution > Replace: creates new claim, retains instanceId, preserves ordering, untouched previous doc
[writeBackGraphEdge] field=999 clientLE=03a4dd21-2614-4ec8-b0c8-30d2f5f23083 binding=NONE

stdout | src/actions/__tests__/attachment-integration.test.ts > Phase 4 Attachment Lifecycle Integration > 1. Attachment Lifecycle Verification & 6. Canonical Resolution > Remove: creates tombstone, removes from active, never deletes document/blob
[writeBackGraphEdge] field=999 clientLE=781b0b94-341e-4208-b3a5-79be8d4c2840 binding=NONE

stdout | src/actions/__tests__/attachment-integration.test.ts > Phase 4 Attachment Lifecycle Integration > 1. Attachment Lifecycle Verification & 6. Canonical Resolution > Remove: creates tombstone, removes from active, never deletes document/blob
[writeBackGraphEdge] field=999 clientLE=781b0b94-341e-4208-b3a5-79be8d4c2840 binding=NONE

stdout | src/actions/__tests__/kyc-manual-update-party-ref-smoke.test.ts > kyc-manual-update PARTY_REF Smoke Test > smoke test: adds two parties, both appear, removes one, remaining one stays
[writeBackGraphEdge] field=63 clientLE=b081ef16-b454-492f-98a0-629c62b72c10 binding=NONE

stdout | src/actions/__tests__/attachment-integration.test.ts > Phase 4 Attachment Lifecycle Integration > 2. Multiple Attachment Behaviour > supports multiple attachments simultaneously
[writeBackGraphEdge] field=999 clientLE=4b26f904-e99b-4719-b51d-9cf94b870fa2 binding=NONE

stdout | src/actions/__tests__/attachment-integration.test.ts > Phase 4 Attachment Lifecycle Integration > 2. Multiple Attachment Behaviour > supports multiple attachments simultaneously
[writeBackGraphEdge] field=999 clientLE=4b26f904-e99b-4719-b51d-9cf94b870fa2 binding=NONE

stdout | src/actions/__tests__/attachment-integration.test.ts > Phase 4 Attachment Lifecycle Integration > 2. Multiple Attachment Behaviour > supports multiple attachments simultaneously
[writeBackGraphEdge] field=999 clientLE=4b26f904-e99b-4719-b51d-9cf94b870fa2 binding=NONE

stdout | src/actions/__tests__/attachment-integration.test.ts > Phase 4 Attachment Lifecycle Integration > 3. Upload Intent Behaviour & 4. Idempotency > enforces idempotency on Add with identical key
[writeBackGraphEdge] field=999 clientLE=601717e4-55e8-4e4f-a27c-71db2154c18b binding=NONE

stdout | src/actions/__tests__/attachment-integration.test.ts > Phase 4 Attachment Lifecycle Integration > 3. Upload Intent Behaviour & 4. Idempotency > rejects idempotency key if claim role or field mismatches
[writeBackGraphEdge] field=999 clientLE=544f11f9-9312-4b8b-a4f8-38a226191dc0 binding=NONE

stdout | src/actions/__tests__/kyc-manual-update-party-ref-smoke.test.ts > kyc-manual-update PARTY_REF Smoke Test > smoke test: createCCPartyAndReferenceField generates stable and non-null instanceId
[writeBackGraphEdge] field=63 clientLE=cc9aa16c-6d22-4e56-a6b8-9b6bf6c1e3f3 binding=NONE

stdout | src/actions/__tests__/attachment-integration-part2.test.ts > Phase 4 Attachment Lifecycle Integration Part 2 > Idempotency > identical Replace retry returns the same replacement claim
[DefinitionService] Refreshed cache with 255 fields.

stdout | src/actions/__tests__/attachment-integration-part2.test.ts > Phase 4 Attachment Lifecycle Integration Part 2 > Idempotency > identical Replace retry returns the same replacement claim
[writeBackGraphEdge] field=999 clientLE=2bab899b-3101-4128-9f3f-ed39afb3efb1 binding=NONE

stdout | src/actions/__tests__/attachment-integration-part2.test.ts > Phase 4 Attachment Lifecycle Integration Part 2 > Idempotency > identical Replace retry returns the same replacement claim
[writeBackGraphEdge] field=999 clientLE=2bab899b-3101-4128-9f3f-ed39afb3efb1 binding=NONE

stdout | src/actions/__tests__/attachment-integration.test.ts > Phase 4 Attachment Lifecycle Integration > 3. Upload Intent Behaviour & 4. Idempotency > handles intents: PENDING -> COMPLETED and duplicate callbacks
[DocumentService] Callback delivered again for already persisted document: test-intent-path

stdout | src/actions/__tests__/attachment-integration-part2.test.ts > Phase 4 Attachment Lifecycle Integration Part 2 > Idempotency > same key with a different Document fails
[writeBackGraphEdge] field=999 clientLE=7ffb0536-c997-4fe9-a16c-f5e25c3d3d94 binding=NONE

stdout | src/actions/__tests__/kyc-manual-update-party-ref-smoke.test.ts > kyc-manual-update PARTY_REF Smoke Test > smoke test: creating via Field 63 seeds company context into roles[]
[writeBackGraphEdge] field=63 clientLE=734a1a82-9d58-4bd7-aa8e-8211910ca47c binding=NONE

 ✓ src/actions/__tests__/attachment-integration.test.ts (9 tests) 5331ms
       ✓ Add: creates immutable Document, new FILE_ATTACHMENT claim, opaque instanceId  1233ms
       ✓ Replace: creates new claim, retains instanceId, preserves ordering, untouched previous doc  744ms
       ✓ Remove: creates tombstone, removes from active, never deletes document/blob  528ms
       ✓ supports multiple attachments simultaneously  524ms
       ✓ enforces idempotency on Add with identical key  319ms
       ✓ rejects idempotency key if claim role or field mismatches  923ms
       ✓ handles intents: PENDING -> COMPLETED and duplicate callbacks  317ms
       ✓ rejects attachment of a Document owned by another ClientLE  304ms
stdout | src/actions/__tests__/attachment-integration-part2.test.ts > Phase 4 Attachment Lifecycle Integration Part 2 > Idempotency > same key reused for Add versus Replace fails
[writeBackGraphEdge] field=999 clientLE=29c7853d-beac-4c98-96ce-a8f14142fe53 binding=NONE

stdout | src/actions/__tests__/attachment-integration-part2.test.ts > Phase 4 Attachment Lifecycle Integration Part 2 > Idempotency > same key with a different ClientLE fails
[writeBackGraphEdge] field=999 clientLE=7098ef9f-5cbb-4daa-8257-e5f0418c20dc binding=NONE

stdout | src/actions/__tests__/kyc-manual-update-party-ref-smoke.test.ts > kyc-manual-update PARTY_REF Smoke Test > smoke test: linking existing CCParty via Field 63 appends the role context
[writeBackGraphEdge] field=63 clientLE=b6512f52-cee3-44a2-90ba-81219f559847 binding=NONE

stdout | src/actions/__tests__/attachment-integration-part2.test.ts > Phase 4 Attachment Lifecycle Integration Part 2 > Idempotency > same Replace key with a different instanceId fails
[writeBackGraphEdge] field=999 clientLE=113016b7-de86-4392-9e34-a49596c528dc binding=NONE

stdout | src/actions/__tests__/attachment-integration-part2.test.ts > Phase 4 Attachment Lifecycle Integration Part 2 > Idempotency > same Replace key with a different instanceId fails
[writeBackGraphEdge] field=999 clientLE=113016b7-de86-4392-9e34-a49596c528dc binding=NONE

stdout | src/actions/__tests__/attachment-integration-part2.test.ts > Phase 4 Attachment Lifecycle Integration Part 2 > Idempotency > same Replace key with a different instanceId fails
[writeBackGraphEdge] field=999 clientLE=113016b7-de86-4392-9e34-a49596c528dc binding=NONE

stdout | src/actions/__tests__/reference-codes-integration.test.ts > Reference Codes Integration > assignQuestionnaireToEngagement copies referenceCode and generates title
[assignQuestionnaireToEngagement] Created new instance 1843e915-f097-4164-9e64-f34bcc5a1322 for engagement 992684d3-c849-4640-832b-1577164244c2

stdout | src/actions/__tests__/reference-codes-integration.test.ts > Reference Codes Integration > New Working Copy creation rejects empty functionalCode and enforces formatting
[createManualQuestionnaire] Generating compact text for 1 questions...

stdout | src/actions/__tests__/attachment-integration-part2.test.ts > Phase 4 Attachment Lifecycle Integration Part 2 > Eligibility & Scope > Replace is rejected when allowAttachments=false
[DefinitionService] Refreshed cache with 255 fields.

stdout | src/actions/__tests__/attachment-integration-part2.test.ts > Phase 4 Attachment Lifecycle Integration Part 2 > Eligibility & Scope > Replace is rejected when allowAttachments=false
[writeBackGraphEdge] field=998 clientLE=b30ee9be-4c82-4cff-93e5-381da4b8f3cd binding=NONE

stdout | src/actions/__tests__/attachment-integration-part2.test.ts > Phase 4 Attachment Lifecycle Integration Part 2 > Eligibility & Scope > Replace is rejected when allowAttachments=false
[DefinitionService] Refreshed cache with 255 fields.

stdout | src/actions/__tests__/kyc-manual-update-party-ref-smoke.test.ts > kyc-manual-update PARTY_REF Smoke Test > smoke test: linking same CCParty twice does not duplicate the role
[writeBackGraphEdge] field=63 clientLE=ad6afc8a-744d-4b87-a771-161609a15149 binding=NONE

stdout | src/actions/__tests__/attachment-integration-part2.test.ts > Phase 4 Attachment Lifecycle Integration Part 2 > Eligibility & Scope > Remove remains allowed after the field is disabled
[DefinitionService] Refreshed cache with 255 fields.

stdout | src/actions/__tests__/attachment-integration-part2.test.ts > Phase 4 Attachment Lifecycle Integration Part 2 > Eligibility & Scope > Remove remains allowed after the field is disabled
[writeBackGraphEdge] field=998 clientLE=19d54caa-52a7-4e0f-a1dc-dadf2a24cd73 binding=NONE

stdout | src/actions/__tests__/kyc-manual-update-party-ref-smoke.test.ts > kyc-manual-update PARTY_REF Smoke Test > smoke test: linking same CCParty twice does not duplicate the role
[writeBackGraphEdge] field=63 clientLE=ad6afc8a-744d-4b87-a771-161609a15149 binding=NONE

stdout | src/actions/__tests__/attachment-integration-part2.test.ts > Phase 4 Attachment Lifecycle Integration Part 2 > Eligibility & Scope > Remove remains allowed after the field is disabled
[DefinitionService] Refreshed cache with 255 fields.

stdout | src/actions/__tests__/attachment-integration-part2.test.ts > Phase 4 Attachment Lifecycle Integration Part 2 > Eligibility & Scope > Remove remains allowed after the field is disabled
[writeBackGraphEdge] field=998 clientLE=19d54caa-52a7-4e0f-a1dc-dadf2a24cd73 binding=NONE

stdout | src/actions/__tests__/kyc-manual-update-party-ref-smoke.test.ts > kyc-manual-update PARTY_REF Smoke Test > smoke test: non-Field-63 fields do not get director role enrichment
[writeBackGraphEdge] field=125 clientLE=406fecd7-0b6c-4921-99d9-af01a7bf1b96 binding=NONE

stdout | src/actions/__tests__/attachment-integration-part2.test.ts > Phase 4 Attachment Lifecycle Integration Part 2 > Eligibility & Scope > wrong-field Replace is rejected
[writeBackGraphEdge] field=999 clientLE=4c23ee35-dbcc-49fe-ae98-80b61caf2d09 binding=NONE

 ✓ src/actions/__tests__/kyc-manual-update-party-ref-smoke.test.ts (6 tests) 9015ms
     ✓ smoke test: adds two parties, both appear, removes one, remaining one stays  3097ms
     ✓ smoke test: createCCPartyAndReferenceField generates stable and non-null instanceId  1499ms
     ✓ smoke test: creating via Field 63 seeds company context into roles[]  901ms
     ✓ smoke test: linking existing CCParty via Field 63 appends the role context  1150ms
     ✓ smoke test: linking same CCParty twice does not duplicate the role  1650ms
     ✓ smoke test: non-Field-63 fields do not get director role enrichment  714ms
stdout | src/actions/__tests__/reference-codes-integration.test.ts > Reference Codes Integration > New Working Copy creation rejects empty functionalCode and enforces formatting
[syncQuestionsToDatabase] Question "Question 1..." has compactText: "Question 1"

stdout | src/actions/__tests__/attachment-integration-part2.test.ts > Phase 4 Attachment Lifecycle Integration Part 2 > Multiple Lifecycles > removing lifecycle A leaves lifecycle B active and does not reorder
[writeBackGraphEdge] field=999 clientLE=1c478162-888b-47b2-b064-a354285d961e binding=NONE

stdout | src/actions/__tests__/attachment-integration-part2.test.ts > Phase 4 Attachment Lifecycle Integration Part 2 > Multiple Lifecycles > removing lifecycle A leaves lifecycle B active and does not reorder
[writeBackGraphEdge] field=999 clientLE=1c478162-888b-47b2-b064-a354285d961e binding=NONE

stdout | src/actions/__tests__/attachment-integration-part2.test.ts > Phase 4 Attachment Lifecycle Integration Part 2 > Multiple Lifecycles > removing lifecycle A leaves lifecycle B active and does not reorder
[writeBackGraphEdge] field=999 clientLE=1c478162-888b-47b2-b064-a354285d961e binding=NONE

stdout | src/actions/__tests__/attachment-integration-part2.test.ts > Phase 4 Attachment Lifecycle Integration Part 2 > Canonical & Historical > snapshot resolution before/after Add shows correct Document
[writeBackGraphEdge] field=999 clientLE=a44fd622-ec7e-4184-967d-07324557127b binding=NONE

stdout | src/actions/__tests__/attachment-integration-part2.test.ts > Phase 4 Attachment Lifecycle Integration Part 2 > Non-deletion Semantics > Replace and Remove do not invoke Prisma Document deletion or Blob del
[writeBackGraphEdge] field=999 clientLE=2a276840-b6b4-4983-abdb-2790ff7fe6a8 binding=NONE

stdout | src/actions/__tests__/attachment-integration-part2.test.ts > Phase 4 Attachment Lifecycle Integration Part 2 > Non-deletion Semantics > Replace and Remove do not invoke Prisma Document deletion or Blob del
[writeBackGraphEdge] field=999 clientLE=2a276840-b6b4-4983-abdb-2790ff7fe6a8 binding=NONE

stdout | src/actions/__tests__/attachment-integration-part2.test.ts > Phase 4 Attachment Lifecycle Integration Part 2 > Non-deletion Semantics > Replace and Remove do not invoke Prisma Document deletion or Blob del
[writeBackGraphEdge] field=999 clientLE=2a276840-b6b4-4983-abdb-2790ff7fe6a8 binding=NONE

 ✓ src/actions/__tests__/attachment-integration-part2.test.ts (20 tests) 11421ms
       ✓ PENDING -> FAILED and remains rejected/terminal  946ms
       ✓ callback pathname does not match intent pathname  304ms
       ✓ callback ClientLE/context mismatch  319ms
       ✓ callback initiator/uploader mismatch  340ms
       ✓ status polling rejected across ClientLE boundaries  443ms
       ✓ identical Replace retry returns the same replacement claim  1533ms
       ✓ same key with a different Document fails  467ms
       ✓ same key reused for Add versus Replace fails  440ms
       ✓ same key with a different ClientLE fails  537ms
       ✓ same Replace key with a different instanceId fails  554ms
       ✓ Replace is rejected when allowAttachments=false  772ms
       ✓ Remove remains allowed after the field is disabled  962ms
       ✓ wrong-field Replace is rejected  520ms
       ✓ unknown instance Replace is rejected  301ms
       ✓ removing lifecycle A leaves lifecycle B active and does not reorder  711ms
       ✓ snapshot resolution before/after Add shows correct Document  580ms
       ✓ Replace and Remove do not invoke Prisma Document deletion or Blob del  686ms
 ✓ src/actions/__tests__/reference-codes-integration.test.ts (12 tests) 11486ms
     ✓ addToReferenceLibrary stamps generated referenceCode on REFERENCE_SNAPSHOT  1920ms
     ✓ addToReferenceLibrary replaces UNPUBLISHED with publish date and versions name/code  783ms
     ✓ previewPublishReferenceSnapshot returns correct preview without writing to DB  529ms
     ✓ createWorkingCopy copies referenceCode for provenance  592ms
     ✓ assignQuestionnaireToEngagement copies referenceCode and generates title  688ms
     ✓ New Working Copy creation rejects empty functionalCode and enforces formatting  2383ms
     ✓ archiveWorkingCopy sets status=ARCHIVED and preserves snapshot lineage  967ms
     ✓ delete unused Reference Snapshot is allowed  691ms
     ✓ delete used Reference Snapshot is rejected with REFERENCE_SNAPSHOT_HAS_DESCENDANTS  653ms
     ✓ archive used Reference Snapshot is allowed even with descendants  894ms
     ✓ deleteWorkingCopy soft-deletes the WC regardless of descendants  524ms
     ✓ getQuestionnairesV2 excludes archived and deleted rows from the live list  856ms
 ✓ src/components/client/ccc/__tests__/cc-party-manager.test.tsx (11 tests) 5995ms
     ✓ renders and edits Individual party type correctly  710ms
     ✓ requires exact name validation (save disabled if name is missing)  824ms
     ✓ maintains stable role identity after deleting a middle role  634ms
     ✓ preserves natureOfControl, address refs, and source identifiers  300ms
     ✓ shows destructive address warning and structured omissions dialog  657ms
     ✓ manager confirmation cancellation causes no action call  654ms
     ✓ manager confirmation proceeds to save and dismisses  740ms
     ✓ orchestrates address creation dialog correctly  925ms
stdout | src/actions/__tests__/questionnaire-clone-mappings.test.ts > Questionnaire mapping clone/persistence > saveQuestionnaireChanges (syncQuestionsToDatabase) preserves mappings
[syncQuestionsToDatabase] Question "Updated Q1..." has compactText: "undefined"

stdout | src/actions/__tests__/questionnaire-clone-mappings.test.ts > Questionnaire mapping clone/persistence > assignQuestionnaireToEngagement preserves full mapping payload
[assignQuestionnaireToEngagement] Created new instance 49a71fed-d5d7-4105-ba33-658079d0048c for engagement cb03d743-5a12-46e0-b29d-11958b0e290f

 ✓ src/actions/__tests__/questionnaire-clone-mappings.test.ts (3 tests) 1870ms
     ✓ addToReferenceLibrary preserves full mapping payload (Working Copy -> Reference Snapshot)  333ms
 ✓ src/components/client/documents/__tests__/FilesLibraryManager.test.tsx (11 tests) 4761ms
     ✓ renders populated library with all documents visible regardless of status  554ms
     ✓ performs case-insensitive search  382ms
     ✓ displays distinct empty states for empty library vs no search results  305ms
     ✓ opens drawer on row click, or Enter key  665ms
     ✓ displays Retry on detail fetch failure  895ms
     ✓ renders unknown usage safely  352ms
     ✓ does not display stale details when selecting a second document quickly  928ms
stdout | src/actions/__tests__/inspect-query-output.test.ts > inspect valueJson types in query lifecycles > logs and prints data types
[Diagnostic] Total database claims: 4018
[Diagnostic] Claim ID: af01cf17-6a0f-423a-b1c2-d241c71fdf3c
 - collectionId: DIRECTORS
 - instanceId: ch_2023-10-05_smith_j
 - status: ASSERTED
[Diagnostic] Claim ID: 0096c80e-7443-442c-8d2a-a54dc0f18f8e
 - collectionId: DIRECTORS
 - instanceId: ch_2021-10-13_smith_j
 - status: ASSERTED
[Diagnostic] Claim ID: ebf97976-dadd-4501-9c9b-2d5d95864280
 - collectionId: DIRECTORS
 - instanceId: ch_2025-03-07_warner_j
 - status: ASSERTED
[Diagnostic] Claim ID: 2b3f4375-9305-4050-8d4b-360a6a8531ba
 - collectionId: DIRECTORS
 - instanceId: ch_2023-07-10_incecocorporateserviceslimited__
 - status: ASSERTED
[Diagnostic] Claim ID: ea3e3461-cc0b-4f52-aad0-4b40b2b2daf2
 - collectionId: DIRECTORS
 - instanceId: ch_2018-12-21_incegdcorporateserviceslimited__
 - status: ASSERTED
[Diagnostic] Claim ID: 19e5e543-e419-4c9a-b38c-13498a284114
 - collectionId: DIRECTORS
 - instanceId: ch_2018-12-21_hare_m
 - status: ASSERTED
[Diagnostic] Claim ID: e898953d-20fc-40ec-b332-3888bc6fa4ef
 - collectionId: DIRECTORS
 - instanceId: ch_2018-12-21_zzoommgrouplimited__
 - status: ASSERTED
[Diagnostic] Claim ID: 9cdceba9-f6c1-466a-8d83-c5b2109b4908
 - collectionId: DIRECTORS
 - instanceId: ch_2018-12-21_hare_m
 - status: ASSERTED
[Diagnostic] Claim ID: eecd3c1d-689c-4fb8-ab5f-be7699990a1a
 - collectionId: DIRECTORS
 - instanceId: ch_2018-12-21_zzoommgrouplimited__
 - status: ASSERTED
[Diagnostic] Claim ID: 5ee94ce2-86b4-49a8-b081-2f0de58991d6
 - collectionId: DIRECTORS
 - instanceId: ch_2023-10-05_smith_j
 - status: ASSERTED
[Diagnostic] Claim ID: c5d6e612-1abd-4afa-a8ab-8b2c9be911f4
 - collectionId: DIRECTORS
 - instanceId: ch_2021-10-13_smith_j
 - status: ASSERTED
[Diagnostic] Claim ID: d7c9f819-b4bb-4fd3-b0e6-d9a67bbabbac
 - collectionId: DIRECTORS
 - instanceId: ch_2025-03-07_warner_j
 - status: ASSERTED
[Diagnostic] Claim ID: 596d214c-41d4-432b-bebd-f7abde10cf9a
 - collectionId: DIRECTORS
 - instanceId: ch_2023-07-10_incecocorporateserviceslimited__
 - status: ASSERTED
[Diagnostic] Claim ID: a74963d1-f6a3-4d9a-bb30-ebd0d6630770
 - collectionId: DIRECTORS
 - instanceId: ch_2018-12-21_incegdcorporateserviceslimited__
 - status: ASSERTED
[Diagnostic] Claim ID: f6678cc4-dd09-49d4-b63e-1c879a3a1232
 - collectionId: DIRECTORS
 - instanceId: ch_2018-12-21_hare_m
 - status: ASSERTED
[Diagnostic] Claim ID: 65d5efac-1ce6-4be9-8db4-5c3a81afb54d
 - collectionId: DIRECTORS
 - instanceId: ch_2018-12-21_zzoommgrouplimited__
 - status: ASSERTED
[Diagnostic] Claim ID: a61d3709-31b6-42dd-bd85-a52a686edae2
 - collectionId: DIRECTORS
 - instanceId: ch_2023-10-05_smith_j
 - status: ASSERTED
[Diagnostic] Claim ID: c9f8a255-be60-41ff-a0ac-452f2c6e08bb
 - collectionId: DIRECTORS
 - instanceId: ch_2021-10-13_smith_j
 - status: ASSERTED
[Diagnostic] Claim ID: cceb98d0-c205-47f4-aa3a-4bed98724401
 - collectionId: DIRECTORS
 - instanceId: ch_2025-03-07_warner_j
 - status: ASSERTED
[Diagnostic] Claim ID: b16cee2a-e65d-438d-a103-7f93c4757194
 - collectionId: DIRECTORS
 - instanceId: ch_2023-07-10_incecocorporateserviceslimited__
 - status: ASSERTED
[Diagnostic] Claim ID: 2ea29719-ba6c-4e0c-9f35-661eb6118a49
 - collectionId: DIRECTORS
 - instanceId: ch_2018-12-21_incegdcorporateserviceslimited__
 - status: ASSERTED
[Diagnostic] Claim ID: 2490fef6-ab32-4f5f-b52e-cc3059261165
 - collectionId: DIRECTORS
 - instanceId: ch_2023-10-05_smith_j
 - status: ASSERTED
[Diagnostic] Claim ID: 0bc19b29-1aae-41af-8602-fad74abd47a6
 - collectionId: DIRECTORS
 - instanceId: ch_2021-10-13_smith_j
 - status: ASSERTED
[Diagnostic] Claim ID: 98e53f1e-7a98-4133-bacc-f2177ad0d6be
 - collectionId: DIRECTORS
 - instanceId: ch_2025-03-07_warner_j
 - status: ASSERTED
[Diagnostic] Claim ID: 8b80453d-07a4-4754-a6d4-ed13352669e8
 - collectionId: DIRECTORS
 - instanceId: ch_2023-07-10_incecocorporateserviceslimited__
 - status: ASSERTED
[Diagnostic] Claim ID: fd1af9a6-23b3-4636-9ce7-35d36e66ec4b
 - collectionId: DIRECTORS
 - instanceId: ch_2018-12-21_incegdcorporateserviceslimited__
 - status: ASSERTED
[Diagnostic] Claim ID: 35d3ea89-c5d5-476b-806d-27768364750e
 - collectionId: DIRECTORS
 - instanceId: ch_2018-12-21_hare_m
 - status: ASSERTED
[Diagnostic] Claim ID: f49b56fa-bc6d-4b17-9d8a-b040b70df75a
 - collectionId: DIRECTORS
 - instanceId: ch_2021-10-13_smith_j
 - status: ASSERTED
[Diagnostic] Claim ID: b95621e7-ab93-4516-95b8-720775ffb6a6
 - collectionId: DIRECTORS
 - instanceId: ch_2018-12-21_zzoommgrouplimited__
 - status: ASSERTED
[Diagnostic] Claim ID: aa5e94a7-ea5b-4a33-8a7f-3456e450cbbb
 - collectionId: DIRECTORS
 - instanceId: ch_2023-10-05_smith_j
 - status: ASSERTED
[Diagnostic] Claim ID: a8b48f32-1514-49e6-b297-8fab6db5d4ab
 - collectionId: DIRECTORS
 - instanceId: ch_2021-10-13_smith_j
 - status: ASSERTED
[Diagnostic] Claim ID: 0fe91be8-2db1-48e2-92fe-5132d4780b69
 - collectionId: DIRECTORS
 - instanceId: ch_2025-03-07_warner_j
 - status: ASSERTED
[Diagnostic] Claim ID: d858051c-483a-4fad-bd09-7e60036010fb
 - collectionId: DIRECTORS
 - instanceId: ch_2023-07-10_incecocorporateserviceslimited__
 - status: ASSERTED
[Diagnostic] Claim ID: 91825790-b234-4202-bd53-8fef526eb74e
 - collectionId: DIRECTORS
 - instanceId: ch_2018-12-21_incegdcorporateserviceslimited__
 - status: ASSERTED
[Diagnostic] Claim ID: 132237c2-f741-4e3a-804e-045024786b28
 - collectionId: DIRECTORS
 - instanceId: ch_2018-12-21_hare_m
 - status: ASSERTED
[Diagnostic] Claim ID: 7b4290df-1a7b-4868-86cc-20a285d41d69
 - collectionId: DIRECTORS
 - instanceId: ch_2018-12-21_zzoommgrouplimited__
 - status: ASSERTED
[Diagnostic] Claim ID: 32e0daea-2399-4f01-93c5-7d973157915e
 - collectionId: DIRECTORS
 - instanceId: ch_2023-10-05_smith_j
 - status: ASSERTED
[Diagnostic] Claim ID: f459b9ff-d5df-479d-8392-0cc7a32f68c7
 - collectionId: DIRECTORS
 - instanceId: ch_2021-10-13_smith_j
 - status: ASSERTED
[Diagnostic] Claim ID: 194f96d6-2944-44da-a192-8eda141c5b10
 - collectionId: DIRECTORS
 - instanceId: ch_2025-03-07_warner_j
 - status: ASSERTED
[Diagnostic] Claim ID: fa510ce8-386d-4e21-93fe-8f80c945a652
 - collectionId: DIRECTORS
 - instanceId: ch_2025-03-07_warner_j
 - status: ASSERTED
[Diagnostic] Claim ID: 434373d4-5999-45c1-be92-55883b730dc6
 - collectionId: DIRECTORS
 - instanceId: ch_2023-07-10_incecocorporateserviceslimited__
 - status: ASSERTED
[Diagnostic] Claim ID: e7946d84-c696-4b8f-9427-5aba23f1343c
 - collectionId: DIRECTORS
 - instanceId: ch_2018-12-21_incegdcorporateserviceslimited__
 - status: ASSERTED
[Diagnostic] Claim ID: 209e3d4a-6f2b-4b80-b647-91cd8ba47cb3
 - collectionId: DIRECTORS
 - instanceId: ch_2018-12-21_hare_m
 - status: ASSERTED
[Diagnostic] Claim ID: 25e5ba18-2f2a-4bbd-b9a9-41e898d9c1dc
 - collectionId: DIRECTORS
 - instanceId: ch_2018-12-21_incegdcorporateserviceslimited__
 - status: ASSERTED
[Diagnostic] Claim ID: 1f9aabbe-43d1-4768-9d7a-af21d0e25df2
 - collectionId: DIRECTORS
 - instanceId: ch_2018-12-21_hare_m
 - status: ASSERTED
[Diagnostic] Claim ID: 1495f1a7-d514-4fea-a5a3-febfb9b56f22
 - collectionId: DIRECTORS
 - instanceId: ch_2018-12-21_zzoommgrouplimited__
 - status: ASSERTED
[Diagnostic] Claim ID: 4443f2e3-f6e9-4f91-9bf1-23f670f92ebf
 - collectionId: DIRECTORS
 - instanceId: ch_2023-10-05_smith_j
 - status: ASSERTED
[Diagnostic] Claim ID: 531975eb-0b83-465a-b6f4-69330b6246c2
 - collectionId: DIRECTORS
 - instanceId: ch_2021-10-13_smith_j
 - status: ASSERTED
[Diagnostic] Claim ID: d8c8ecf9-a67a-420a-aa4e-88fba089c0e5
 - collectionId: DIRECTORS
 - instanceId: ch_2025-03-07_warner_j
 - status: ASSERTED
[Diagnostic] Claim ID: 8f64ad88-307d-4db4-8074-9cbba2cdba4b
 - collectionId: DIRECTORS
 - instanceId: ch_2023-07-10_incecocorporateserviceslimited__
 - status: ASSERTED
[Diagnostic] Claim ID: 8cceb328-f9e2-4f5a-81bc-06c8ea889550
 - collectionId: DIRECTORS
 - instanceId: ch_2018-12-21_incegdcorporateserviceslimited__
 - status: ASSERTED
[Diagnostic] Claim ID: 97691a5a-a4da-48d8-80d9-da9d649f7934
 - collectionId: DIRECTORS
 - instanceId: ch_2018-12-21_hare_m
 - status: ASSERTED
[Diagnostic] Claim ID: e07683b2-4661-4d87-ae33-3345d000cfb3
 - collectionId: DIRECTORS
 - instanceId: ch_2018-12-21_zzoommgrouplimited__
 - status: ASSERTED
[Diagnostic] Claim ID: 0a12c515-66d4-4572-8a55-5cca47f1f9a7
 - collectionId: DIRECTORS
 - instanceId: ch_2023-10-05_smith_j
 - status: ASSERTED
[Diagnostic] Claim ID: 8babc66e-e509-4401-855d-e47bca17531b
 - collectionId: DIRECTORS
 - instanceId: ch_2021-10-13_smith_j
 - status: ASSERTED
[Diagnostic] Claim ID: 4e3c005c-b5af-49cf-8393-fa787ee60b9c
 - collectionId: DIRECTORS
 - instanceId: ch_2025-03-07_warner_j
 - status: ASSERTED
[Diagnostic] Claim ID: b351f3a4-e431-4a5a-bfa1-15a4a5714941
 - collectionId: DIRECTORS
 - instanceId: ch_2023-07-10_incecocorporateserviceslimited__
 - status: ASSERTED
[Diagnostic] Claim ID: fc5ec4c1-0e36-4447-80ac-d0e7b8ac038b
 - collectionId: DIRECTORS
 - instanceId: ch_2018-12-21_incegdcorporateserviceslimited__
 - status: ASSERTED
[Diagnostic] Claim ID: 9fe79904-2eaf-4281-9397-e313426fa4a0
 - collectionId: DIRECTORS
 - instanceId: ch_2018-12-21_hare_m
 - status: ASSERTED
[Diagnostic] Claim ID: 544cb3a2-4730-4a19-a897-f950c2ffdaba
 - collectionId: DIRECTORS
 - instanceId: ch_2018-12-21_zzoommgrouplimited__
 - status: ASSERTED
[Diagnostic] Claim ID: 4e62c835-ffc5-4285-b4fc-61b6cd90e140
 - collectionId: DIRECTORS
 - instanceId: ch_2023-07-10_incecocorporateserviceslimited__
 - status: ASSERTED
[Diagnostic] Claim ID: c5265147-03ed-4092-92cf-a24ca7518a40
 - collectionId: DIRECTORS
 - instanceId: ch_2023-10-05_smith_j
 - status: ASSERTED
[Diagnostic] Claim ID: 37479ce2-15a2-4a0b-8d5d-493a4b69d4e2
 - collectionId: DIRECTORS
 - instanceId: ch_2021-10-13_smith_j
 - status: ASSERTED
[Diagnostic] Claim ID: 5487b962-360d-4573-bbb7-002a3a1a43a7
 - collectionId: DIRECTORS
 - instanceId: ch_2025-03-07_warner_j
 - status: ASSERTED
[Diagnostic] Claim ID: a6364b13-d2b3-4de5-8546-8c46839eaa9f
 - collectionId: DIRECTORS
 - instanceId: ch_2023-07-10_incecocorporateserviceslimited__
 - status: ASSERTED
[Diagnostic] Claim ID: f8df37b3-fa0e-4003-a969-d28a227abfd2
 - collectionId: DIRECTORS
 - instanceId: ch_2018-12-21_incegdcorporateserviceslimited__
 - status: ASSERTED
[Diagnostic] Claim ID: 04f37eb1-06e8-4b1f-896a-066dc91592cf
 - collectionId: DIRECTORS
 - instanceId: ch_2018-12-21_hare_m
 - status: ASSERTED
[Diagnostic] Claim ID: 5b78c58b-0e5a-46d7-a6e0-5ab4ba8370bf
 - collectionId: DIRECTORS
 - instanceId: ch_2018-12-21_zzoommgrouplimited__
 - status: ASSERTED
[Diagnostic] Claim ID: 8fdf2764-5d13-4e94-8365-cfc785a07bca
 - collectionId: DIRECTORS
 - instanceId: ch_2023-10-05_smith_j
 - status: ASSERTED
[Diagnostic] Claim ID: 9dfd1eac-bc25-4d4b-84a3-05a2a2ed339c
 - collectionId: DIRECTORS
 - instanceId: ch_2021-10-13_smith_j
 - status: ASSERTED
[Diagnostic] Claim ID: a7812e9b-acb9-41b9-a039-f30cab14c485
 - collectionId: DIRECTORS
 - instanceId: ch_2025-03-07_warner_j
 - status: ASSERTED
[Diagnostic] Claim ID: 6a5b48f7-a968-4e6b-96a3-635202763cb0
 - collectionId: DIRECTORS
 - instanceId: ch_2023-07-10_incecocorporateserviceslimited__
 - status: ASSERTED
[Diagnostic] Claim ID: 4da82f0e-0801-48e7-8a25-d147d368c69a
 - collectionId: DIRECTORS
 - instanceId: ch_2018-12-21_incegdcorporateserviceslimited__
 - status: ASSERTED
[Diagnostic] Claim ID: 69b31f8c-a9e3-43ec-92ae-0926a296915f
 - collectionId: DIRECTORS
 - instanceId: ch_2018-12-21_hare_m
 - status: ASSERTED
[Diagnostic] Claim ID: 61d6bf2b-baa6-4816-8faf-854d5a6d4089
 - collectionId: DIRECTORS
 - instanceId: ch_2018-12-21_zzoommgrouplimited__
 - status: ASSERTED
[Diagnostic] Claim ID: ca5b0344-4e75-4448-b539-d358a2e0dd6c
 - collectionId: DIRECTORS
 - instanceId: ch_2023-10-05_smith_j
 - status: ASSERTED
[Diagnostic] Claim ID: b67d12fe-1712-40dd-b12a-0891662f3a46
 - collectionId: DIRECTORS
 - instanceId: ch_2021-10-13_smith_j
 - status: ASSERTED
[Diagnostic] Claim ID: f0196cf5-55cd-46c0-be2c-6690520b54da
 - collectionId: DIRECTORS
 - instanceId: ch_2025-03-07_warner_j
 - status: ASSERTED
[Diagnostic] Claim ID: 709f520e-094e-426f-afa0-250b820138c6
 - collectionId: DIRECTORS
 - instanceId: ch_2023-07-10_incecocorporateserviceslimited__
 - status: ASSERTED
[Diagnostic] Claim ID: 75368cbb-2ced-46a6-bd96-1bd6d7bf064b
 - collectionId: DIRECTORS
 - instanceId: ch_2018-12-21_incegdcorporateserviceslimited__
 - status: ASSERTED
[Diagnostic] Claim ID: 592cc9f3-fda6-4d26-9252-24148cad58d3
 - collectionId: DIRECTORS
 - instanceId: ch_2018-12-21_hare_m
 - status: ASSERTED
[Diagnostic] Claim ID: 77b99320-e5cf-4856-8d15-9b1dff69ba89
 - collectionId: DIRECTORS
 - instanceId: ch_2018-12-21_zzoommgrouplimited__
 - status: ASSERTED
[Diagnostic] Claim ID: 3721b186-f8fa-419e-b00e-a2c047c542d9
 - collectionId: DIRECTORS
 - instanceId: ch_2023-10-05_smith_j
 - status: ASSERTED
[Diagnostic] Claim ID: 0fff2b6c-e458-42b9-a80f-4fb000536b78
 - collectionId: DIRECTORS
 - instanceId: ch_2021-10-13_smith_j
 - status: ASSERTED
[Diagnostic] Claim ID: 23217566-cf1b-465b-9c10-1c7dba2484e4
 - collectionId: DIRECTORS
 - instanceId: ch_2025-03-07_warner_j
 - status: ASSERTED
[Diagnostic] Claim ID: 5cbf5b22-5ffb-48ed-832f-520265a8523b
 - collectionId: DIRECTORS
 - instanceId: ch_2023-07-10_incecocorporateserviceslimited__
 - status: ASSERTED
[Diagnostic] Claim ID: 76b62789-400f-483a-a7ba-5f5c981c48c5
 - collectionId: DIRECTORS
 - instanceId: ch_2018-12-21_incegdcorporateserviceslimited__
 - status: ASSERTED
[Diagnostic] Claim ID: e6154c71-dbdd-40d2-b948-6e04ab2ebe14
 - collectionId: DIRECTORS
 - instanceId: ch_2018-12-21_hare_m
 - status: ASSERTED
[Diagnostic] Claim ID: 6c58cc62-78c5-4fb2-997f-2fdd03766b69
 - collectionId: DIRECTORS
 - instanceId: ch_2018-12-21_zzoommgrouplimited__
 - status: ASSERTED
[Diagnostic] Claim ID: 2f25482f-4e9e-4da0-bb30-e943c2d1e13a
 - collectionId: DIRECTORS
 - instanceId: ch_2023-10-05_smith_j
 - status: ASSERTED
[Diagnostic] Claim ID: 4d204f54-6a10-4d57-8bf6-3bc484560b55
 - collectionId: DIRECTORS
 - instanceId: ch_2021-10-13_smith_j
 - status: ASSERTED
[Diagnostic] Claim ID: 5152aa77-64d6-42ba-83b0-67e77274fc45
 - collectionId: DIRECTORS
 - instanceId: ch_2025-03-07_warner_j
 - status: ASSERTED
[Diagnostic] Claim ID: 04017983-627a-4f81-8b21-41f0bbd2c14d
 - collectionId: DIRECTORS
 - instanceId: ch_2023-07-10_incecocorporateserviceslimited__
 - status: ASSERTED
[Diagnostic] Claim ID: d41ca464-67de-4dce-a049-d6da393ce746
 - collectionId: DIRECTORS
 - instanceId: ch_2018-12-21_incegdcorporateserviceslimited__
 - status: ASSERTED
[Diagnostic] Claim ID: b771f64a-b740-44e2-b9c2-2fada41020c9
 - collectionId: DIRECTORS
 - instanceId: ch_2018-12-21_hare_m
 - status: ASSERTED
[Diagnostic] Claim ID: 3f42f4d2-6e88-42f6-82c2-e3fe84dc58d9
 - collectionId: DIRECTORS
 - instanceId: ch_2018-12-21_zzoommgrouplimited__
 - status: ASSERTED
[Diagnostic] Claim ID: 1a982cff-c38d-4d4e-ab56-f0fb2b979709
 - collectionId: DIRECTORS
 - instanceId: poc_2023-09-19_parker_j
 - status: ASSERTED
[Diagnostic] Claim ID: f51a8473-5cfd-4c1c-b708-01bd973f3eb2
 - collectionId: DIRECTORS
 - instanceId: poc_2026-01-01_tavener_m
 - status: ASSERTED
[Diagnostic] Claim ID: 723e4587-4bf4-4598-9f2e-2c2d681970bb
 - collectionId: DIRECTORS
 - instanceId: ch_2018-12-21_incegdcorporateserviceslimited__
 - status: ASSERTED
[Diagnostic] Claim ID: 5ddb776c-6f17-4d50-a14c-0c99c5d9aa23
 - collectionId: DIRECTORS
 - instanceId: ch_2018-12-21_hare_m
 - status: ASSERTED
[Diagnostic] Claim ID: 18f9363b-55f0-46f9-856b-e6436eb77c7e
 - collectionId: DIRECTORS
 - instanceId: ch_2018-12-21_zzoommgrouplimited__
 - status: ASSERTED
[Diagnostic] Claim ID: 938d04ea-6843-4a0f-bbd5-70d060ba2918
 - collectionId: DIRECTORS
 - instanceId: ch_2023-10-05_smith_j
 - status: ASSERTED
[Diagnostic] Claim ID: a24a6b6b-fe71-44cd-84f6-98bea292f04b
 - collectionId: DIRECTORS
 - instanceId: ch_2021-10-13_smith_j
 - status: ASSERTED
[Diagnostic] Claim ID: d392f2af-c6c8-44ac-8b2b-1043e0e19c43
 - collectionId: DIRECTORS
 - instanceId: ch_2025-03-07_warner_j
 - status: ASSERTED
[Diagnostic] Claim ID: bcc3708b-84bd-4714-9354-31533a9386da
 - collectionId: DIRECTORS
 - instanceId: ch_2003-12-23_sambhi_s
 - status: ASSERTED
[Diagnostic] Claim ID: 3e93002d-e03a-4b50-92b2-3aa1d0080ed4
 - collectionId: DIRECTORS
 - instanceId: ch_2016-03-07_smith_k
 - status: ASSERTED
[Diagnostic] Claim ID: 5f28bcca-66fb-4e89-b721-b42384be794e
 - collectionId: DIRECTORS
 - instanceId: poc_2021-09-14_wang_x
 - status: ASSERTED
[Diagnostic] Claim ID: df60cba8-1045-4879-b046-f45796f8f227
 - collectionId: DIRECTORS
 - instanceId: ch_2024-02-01_ldcnomineesecretarylimited__
 - status: ASSERTED
[Diagnostic] Claim ID: 328563ed-e74b-421c-93ba-2cf48dc4637a
 - collectionId: DIRECTORS
 - instanceId: ch_2023-09-19_parker_j
 - status: ASSERTED
[Diagnostic] Claim ID: b0c0195f-9fe1-4e21-a817-655879d5a953
 - collectionId: DIRECTORS
 - instanceId: ch_2026-01-01_tavener_m
 - status: ASSERTED
[Diagnostic] Claim ID: acd7e728-462e-47e1-ba96-1e89a10f081f
 - collectionId: DIRECTORS
 - instanceId: ch_2021-09-14_wang_x
 - status: ASSERTED
[Diagnostic] Claim ID: e149f28e-c75b-452b-97ba-dd21968d4452
 - collectionId: DIRECTORS
 - instanceId: ch_2021-12-15_tmfcorporateadministrationserviceslimited__
 - status: ASSERTED
[Diagnostic] Claim ID: ec4e8dc8-8b6d-49bc-a0d1-917eabe3cbbf
 - collectionId: DIRECTORS
 - instanceId: ch_2021-12-15_guo_f
 - status: ASSERTED
[Diagnostic] Claim ID: babe7bc1-975d-4940-a0c9-a4c4b4c498b4
 - collectionId: DIRECTORS
 - instanceId: ch_2021-12-15_wang_y
 - status: ASSERTED
[Diagnostic] Claim ID: 093ee0b0-74ec-4e21-b6f4-f6ac9930e081
 - collectionId: DIRECTORS
 - instanceId: ch_2023-07-10_incecocorporateserviceslimited__
 - status: ASSERTED
[Diagnostic] Claim ID: 9bf75318-88b8-48f0-9e6d-585d6e0c1cb5
 - collectionId: DIRECTORS
 - instanceId: ch_2015-01-12_moore_p
 - status: ASSERTED
[Diagnostic] Claim ID: c199b8a0-6c99-4fdf-a00a-fbdff1ae975a
 - collectionId: DIRECTORS
 - instanceId: ch_2004-03-15_nevillerolfe_l
 - status: ASSERTED
[Diagnostic] Claim ID: 4eb86177-8abc-464f-9a90-4792f2d5de11
 - collectionId: DIRECTORS
 - instanceId: ch_2023-10-05_smith_j
 - status: ASSERTED
[Diagnostic] Claim ID: 432d8332-6599-4d0b-abb0-7d2b09e2d33a
 - collectionId: DIRECTORS
 - instanceId: ch_2021-10-13_smith_j
 - status: ASSERTED
[Diagnostic] Claim ID: 45fb924a-9c8f-4c9f-b811-b6a32e678a33
 - collectionId: DIRECTORS
 - instanceId: ch_2025-03-07_warner_j
 - status: ASSERTED
[Diagnostic] Claim ID: 6a82851c-1616-4b57-a8c9-3c62aed4db91
 - collectionId: DIRECTORS
 - instanceId: ch_2023-07-10_incecocorporateserviceslimited__
 - status: ASSERTED
[Diagnostic] Claim ID: e839a4f4-9c2f-4e49-a93a-d96d9415f3d3
 - collectionId: DIRECTORS
 - instanceId: ch_2018-12-21_incegdcorporateserviceslimited__
 - status: ASSERTED
[Diagnostic] Claim ID: 14256bd5-27b9-48c4-b9ae-04db58205a25
 - collectionId: DIRECTORS
 - instanceId: ch_2018-12-21_hare_m
 - status: ASSERTED
[Diagnostic] Claim ID: 860d7876-61f9-454f-a3a9-38f3810b5e63
 - collectionId: DIRECTORS
 - instanceId: ch_2018-12-21_zzoommgrouplimited__
 - status: ASSERTED
[Diagnostic] Claim ID: b61f4941-007b-4a01-9905-bb6883fff0d7
 - collectionId: DIRECTORS
 - instanceId: ch_2018-12-21_hare_m
 - status: ASSERTED
[Diagnostic] Claim ID: 2fc12c4c-b4bc-46ed-9a5b-8f15a5f444e1
 - collectionId: DIRECTORS
 - instanceId: ch_2018-12-21_zzoommgrouplimited__
 - status: ASSERTED
[Diagnostic] Claim ID: 0a9e37c0-8de0-4c39-89fb-df11c5e4cb04
 - collectionId: DIRECTORS
 - instanceId: ch_2023-10-05_smith_j
 - status: ASSERTED
[Diagnostic] Claim ID: 413705e5-b7ed-42b7-81a4-ca5828718ffe
 - collectionId: DIRECTORS
 - instanceId: ch_2021-10-13_smith_j
 - status: ASSERTED
[Diagnostic] Claim ID: 9ff62983-302b-46f6-8162-25c7e9ae043d
 - collectionId: DIRECTORS
 - instanceId: ch_2025-03-07_warner_j
 - status: ASSERTED
[Diagnostic] Claim ID: 9e89018b-0142-4ca7-a4ee-53e0c6b31948
 - collectionId: DIRECTORS
 - instanceId: ch_2023-07-10_incecocorporateserviceslimited__
 - status: ASSERTED
[Diagnostic] Claim ID: 1879f1d2-caec-4ae8-8cb1-d614319ce50a
 - collectionId: DIRECTORS
 - instanceId: ch_2018-12-21_incegdcorporateserviceslimited__
 - status: ASSERTED
[Diagnostic] Claim ID: eec8e4c6-2c23-4efe-9bc3-873cc0a98895
 - collectionId: DIRECTORS
 - instanceId: ch_2018-12-21_hare_m
 - status: ASSERTED
[Diagnostic] Claim ID: cb6b35e1-48b9-4d03-af37-1b91d360b163
 - collectionId: DIRECTORS
 - instanceId: ch_2018-12-21_zzoommgrouplimited__
 - status: ASSERTED
[Diagnostic] Claim ID: 4ed8a730-72ba-4648-90aa-8320dc58edd2
 - collectionId: DIRECTORS
 - instanceId: ch_2023-10-05_smith_j
 - status: ASSERTED
[Diagnostic] Claim ID: ab2dc314-70cd-47b6-abb4-e54616a0a0da
 - collectionId: DIRECTORS
 - instanceId: ch_2021-10-13_smith_j
 - status: ASSERTED
[Diagnostic] Claim ID: 6b9f7e35-17cc-44b1-9999-908c363d57af
 - collectionId: DIRECTORS
 - instanceId: ch_2025-03-07_warner_j
 - status: ASSERTED
[Diagnostic] Claim ID: ba672caf-1438-4db8-b687-38f7d9f0e6cc
 - collectionId: DIRECTORS
 - instanceId: ch_2023-07-10_incecocorporateserviceslimited__
 - status: ASSERTED
[Diagnostic] Claim ID: 5fbae0ea-912d-4c2b-9f2f-60e5fece8ebb
 - collectionId: DIRECTORS
 - instanceId: ch_2018-12-21_incegdcorporateserviceslimited__
 - status: ASSERTED
[Diagnostic] Claim ID: 652e86b6-ad29-4b62-90ec-70ba753a527c
 - collectionId: DIRECTORS
 - instanceId: ch_2023-10-05_smith_j
 - status: ASSERTED
[Diagnostic] Claim ID: 603ea4ad-1e48-4a96-8330-d19aa41e370a
 - collectionId: DIRECTORS
 - instanceId: ch_2021-10-13_smith_j
 - status: ASSERTED
[Diagnostic] Claim ID: d7c9652b-9009-4d16-a49b-cfae7bd212bb
 - collectionId: DIRECTORS
 - instanceId: ch_2025-03-07_warner_j
 - status: ASSERTED
[Diagnostic] Claim ID: 65c00036-f1f9-4a6e-a400-1ee44c86ba5d
 - collectionId: DIRECTORS
 - instanceId: ch_2023-07-10_incecocorporateserviceslimited__
 - status: ASSERTED
[Diagnostic] Claim ID: c7390e3a-9211-4921-9919-e958b388fe47
 - collectionId: DIRECTORS
 - instanceId: ch_2018-12-21_incegdcorporateserviceslimited__
 - status: ASSERTED
[Diagnostic] Claim ID: 313b2901-cb24-4635-b496-ca57f93fa5c5
 - collectionId: DIRECTORS
 - instanceId: ch_2018-12-21_hare_m
 - status: ASSERTED
[Diagnostic] Claim ID: 38022b8a-f9fe-4983-86cc-e09f9cc68673
 - collectionId: DIRECTORS
 - instanceId: ch_2018-12-21_zzoommgrouplimited__
 - status: ASSERTED
[Diagnostic] Claim ID: ad1cec58-31cc-4fb2-910e-8cab0012cd06
 - collectionId: DIRECTORS
 - instanceId: ch_2023-10-05_smith_j
 - status: ASSERTED
[Diagnostic] Claim ID: ced3be8a-f8c7-4c63-bc8f-c4aa1929cfaa
 - collectionId: DIRECTORS
 - instanceId: ch_2021-10-13_smith_j
 - status: ASSERTED
[Diagnostic] Claim ID: a8d45fd3-b889-4653-a278-a90e0faf8290
 - collectionId: DIRECTORS
 - instanceId: ch_2025-03-07_warner_j
 - status: ASSERTED
[Diagnostic] Claim ID: 4b3d0f47-1771-46e7-8369-876725c946c9
 - collectionId: DIRECTORS
 - instanceId: ch_2023-07-10_incecocorporateserviceslimited__
 - status: ASSERTED
[Diagnostic] Claim ID: 1b3087c7-68ee-4327-8ac4-ac7b436a68e5
 - collectionId: DIRECTORS
 - instanceId: ch_2018-12-21_incegdcorporateserviceslimited__
 - status: ASSERTED
[Diagnostic] Claim ID: 42f51e5a-b0fd-4414-83dc-2ffeecaae3d5
 - collectionId: DIRECTORS
 - instanceId: ch_2024-08-12_jones_i
 - status: ASSERTED
[Diagnostic] Claim ID: 86974f55-a0ec-4134-aa25-0358aa188fa3
 - collectionId: DIRECTORS
 - instanceId: ch_2024-10-01_ahuja_v
 - status: ASSERTED
[Diagnostic] Claim ID: 73a72577-124c-4370-b8cf-f74fa42b1cdc
 - collectionId: DIRECTORS
 - instanceId: ch_2019-09-01_asquith_j
 - status: ASSERTED
[Diagnostic] Claim ID: 91fbed67-727e-4ba0-b862-db72e02342c4
 - collectionId: DIRECTORS
 - instanceId: ch_2018-12-21_hare_m
 - status: ASSERTED
[Diagnostic] Claim ID: 57dfb243-ac65-4216-8c3d-5df901d35356
 - collectionId: DIRECTORS
 - instanceId: ch_2018-12-21_zzoommgrouplimited__
 - status: ASSERTED
[Diagnostic] Claim ID: 8a171f02-3d53-449d-8429-c97be6e0c30d
 - collectionId: DIRECTORS
 - instanceId: ch_2023-10-05_smith_j
 - status: ASSERTED
[Diagnostic] Claim ID: e0e2f7d9-755f-4fcd-bb00-7cb8ab6a2b99
 - collectionId: DIRECTORS
 - instanceId: ch_2021-10-13_smith_j
 - status: ASSERTED
[Diagnostic] Claim ID: fc625e66-59d5-4647-b21d-629d5e2bd896
 - collectionId: DIRECTORS
 - instanceId: ch_2025-03-07_warner_j
 - status: ASSERTED
[Diagnostic] Claim ID: 377aa43c-8c79-45f1-a9e0-95ae0760cfc2
 - collectionId: DIRECTORS
 - instanceId: ch_2018-12-21_incegdcorporateserviceslimited__
 - status: ASSERTED
[Diagnostic] Claim ID: e5b50d3d-7a96-473f-9da1-7086e94e5ceb
 - collectionId: DIRECTORS
 - instanceId: ch_2018-12-21_hare_m
 - status: ASSERTED
[Diagnostic] Claim ID: 1a065a78-8b3c-4b3c-89f5-5d41d29e9027
 - collectionId: DIRECTORS
 - instanceId: ch_2018-12-21_zzoommgrouplimited__
 - status: ASSERTED
[Diagnostic] Claim ID: 15bf9e85-cfe8-48e9-8134-b5b76a13be2d
 - collectionId: DIRECTORS
 - instanceId: ch_2023-10-05_smith_j
 - status: ASSERTED
[Diagnostic] Claim ID: 1e779092-4c50-49a2-a579-701bd503ff9a
 - collectionId: DIRECTORS
 - instanceId: ch_2021-10-13_smith_j
 - status: ASSERTED
[Diagnostic] Claim ID: 8fc1e00d-d29b-4cfc-87eb-c646b1ba20d1
 - collectionId: DIRECTORS
 - instanceId: ch_2025-03-07_warner_j
 - status: ASSERTED
[Diagnostic] Claim ID: 324063d8-0187-41f1-bcaa-a05d33f6a3b9
 - collectionId: DIRECTORS
 - instanceId: ch_2023-07-10_incecocorporateserviceslimited__
 - status: ASSERTED
[Diagnostic] Claim ID: ac5f338e-0717-4b9d-80af-4876ba0de14d
 - collectionId: DIRECTORS
 - instanceId: ch_2018-12-21_incegdcorporateserviceslimited__
 - status: ASSERTED
[Diagnostic] Claim ID: 9410ccfc-9dd4-448e-9399-7e69747e7654
 - collectionId: DIRECTORS
 - instanceId: ch_2018-12-21_hare_m
 - status: ASSERTED
[Diagnostic] Claim ID: 0a6ad7be-5c14-4539-9ebf-fae0c5233c28
 - collectionId: DIRECTORS
 - instanceId: ch_2018-12-21_zzoommgrouplimited__
 - status: ASSERTED
[Diagnostic] Claim ID: d6a56b92-a150-4bb7-ad5e-68bc187fe838
 - collectionId: DIRECTORS
 - instanceId: ch_2023-10-05_smith_j
 - status: ASSERTED
[Diagnostic] Claim ID: bdddb801-018e-4bf1-9b0b-2465588708ae
 - collectionId: DIRECTORS
 - instanceId: ch_2021-10-13_smith_j
 - status: ASSERTED
[Diagnostic] Claim ID: 2b328322-4b77-4651-8154-fd5ef9150cac
 - collectionId: DIRECTORS
 - instanceId: ch_2025-03-07_warner_j
 - status: ASSERTED
[Diagnostic] Claim ID: 67059f83-d171-48a1-b18a-4aceb74fd249
 - collectionId: DIRECTORS
 - instanceId: ch_2023-07-10_incecocorporateserviceslimited__
 - status: ASSERTED
[Diagnostic] Claim ID: 8d9be3e7-860e-4f7e-b4aa-c6bfa66c475e
 - collectionId: DIRECTORS
 - instanceId: ch_2018-12-21_incegdcorporateserviceslimited__
 - status: ASSERTED
[Diagnostic] Claim ID: 62337292-96a8-41aa-b263-27c8b5f152ed
 - collectionId: DIRECTORS
 - instanceId: ch_2018-12-21_hare_m
 - status: ASSERTED
[Diagnostic] Claim ID: 0b6fc52f-e1b7-46bb-b0d2-33468bf115cd
 - collectionId: DIRECTORS
 - instanceId: ch_2018-12-21_zzoommgrouplimited__
 - status: ASSERTED
[Diagnostic] Claim ID: d87d09e2-c357-4f19-8ad4-53f842d711f0
 - collectionId: DIRECTORS
 - instanceId: ch_2023-07-10_incecocorporateserviceslimited__
 - status: ASSERTED
[Diagnostic] Claim ID: ac36fe87-e359-426b-bf5f-dc6d61cee5ce
 - collectionId: DIRECTORS
 - instanceId: ch_2023-10-05_smith_j
 - status: ASSERTED
[Diagnostic] Claim ID: fb2ea1e5-8d6e-41df-b0a1-598712d4c28b
 - collectionId: DIRECTORS
 - instanceId: ch_2021-10-13_smith_j
 - status: ASSERTED
[Diagnostic] Claim ID: aa801acb-0b96-4c82-802f-ad136446c3e5
 - collectionId: DIRECTORS
 - instanceId: ch_2025-03-07_warner_j
 - status: ASSERTED
[Diagnostic] Claim ID: 87ec1b33-7a30-4a23-ba35-e2b427e26db0
 - collectionId: DIRECTORS
 - instanceId: ch_2023-07-10_incecocorporateserviceslimited__
 - status: ASSERTED
[Diagnostic] Claim ID: 8624309b-afef-4991-8470-45f488b2358a
 - collectionId: DIRECTORS
 - instanceId: ch_2018-12-21_incegdcorporateserviceslimited__
 - status: ASSERTED
[Diagnostic] Claim ID: 026d1c52-a665-431a-acb8-5e8379b85946
 - collectionId: DIRECTORS
 - instanceId: ch_2018-12-21_hare_m
 - status: ASSERTED
[Diagnostic] Claim ID: 314625dd-3125-4541-8517-d77f1f3d3a73
 - collectionId: DIRECTORS
 - instanceId: ch_2018-12-21_zzoommgrouplimited__
 - status: ASSERTED
[Diagnostic] Claim ID: b27612de-5cac-45fe-ac91-8e604b723220
 - collectionId: DIRECTORS
 - instanceId: ch_2023-10-05_smith_j
 - status: ASSERTED
[Diagnostic] Claim ID: 6d785bb2-6e70-460d-9c76-05b0a859eec3
 - collectionId: DIRECTORS
 - instanceId: ch_2021-10-13_smith_j
 - status: ASSERTED
[Diagnostic] Claim ID: 1735bd14-e960-4458-8e6e-0eec78190da7
 - collectionId: DIRECTORS
 - instanceId: ch_2025-03-07_warner_j
 - status: ASSERTED
[Diagnostic] Claim ID: 0b892770-2d48-4b35-b9a5-e52f80634fbf
 - collectionId: DIRECTORS
 - instanceId: ch_2023-07-10_incecocorporateserviceslimited__
 - status: ASSERTED
[Diagnostic] Claim ID: 1688af50-83cd-46d0-a293-4c48b1788819
 - collectionId: DIRECTORS
 - instanceId: ch_2018-12-21_incegdcorporateserviceslimited__
 - status: ASSERTED
[Diagnostic] Claim ID: 67821910-8e6e-4ead-8dec-dfdd0185da06
 - collectionId: DIRECTORS
 - instanceId: ch_2018-12-21_hare_m
 - status: ASSERTED
[Diagnostic] Claim ID: df16ecb2-603c-48c1-b345-279b50443bb3
 - collectionId: DIRECTORS
 - instanceId: ch_2018-12-21_zzoommgrouplimited__
 - status: ASSERTED
[Diagnostic] Claim ID: a89d5c6f-1865-44a7-a577-7fac4c9729cd
 - collectionId: DIRECTORS
 - instanceId: ch_2023-10-05_smith_j
 - status: ASSERTED
[Diagnostic] Claim ID: 990514fc-99bd-4b72-a7d8-f4197c0cb674
 - collectionId: DIRECTORS
 - instanceId: ch_2021-10-13_smith_j
 - status: ASSERTED
[Diagnostic] Claim ID: e0f036ce-feeb-44c6-927c-59b4219bcaf2
 - collectionId: DIRECTORS
 - instanceId: ch_2025-03-07_warner_j
 - status: ASSERTED
[Diagnostic] Claim ID: 32acd0c0-ab2d-4b0c-bdf1-1831bb54d54d
 - collectionId: DIRECTORS
 - instanceId: ch_2023-07-10_incecocorporateserviceslimited__
 - status: ASSERTED
[Diagnostic] Claim ID: 8f88964d-5dcd-42b0-9039-dd349abd7676
 - collectionId: DIRECTORS
 - instanceId: ch_2018-12-21_incegdcorporateserviceslimited__
 - status: ASSERTED
[Diagnostic] Claim ID: 6eab9be8-43f3-46f4-9364-4c7b9c84cd6e
 - collectionId: DIRECTORS
 - instanceId: ch_2018-12-21_hare_m
 - status: ASSERTED
[Diagnostic] Claim ID: fc4a5ec6-4c9e-4471-b45f-669dd011bb5b
 - collectionId: DIRECTORS
 - instanceId: ch_2018-12-21_zzoommgrouplimited__
 - status: ASSERTED
[Diagnostic] Claim ID: 4b8eeb29-257c-46c6-aa06-2ed6666a15d0
 - collectionId: DIRECTORS
 - instanceId: ch_2023-10-05_smith_j
 - status: ASSERTED
[Diagnostic] Claim ID: 2af89b64-13ad-4c54-80e7-2609073ef2d8
 - collectionId: DIRECTORS
 - instanceId: ch_2021-10-13_smith_j
 - status: ASSERTED
[Diagnostic] Claim ID: e88e6ccd-8714-430a-875b-4f2e63143d7d
 - collectionId: DIRECTORS
 - instanceId: ch_2025-03-07_warner_j
 - status: ASSERTED
[Diagnostic] Claim ID: f3d28f42-4cd7-47f2-83d6-7ebab15a11f0
 - collectionId: DIRECTORS
 - instanceId: ch_2023-07-10_incecocorporateserviceslimited__
 - status: ASSERTED
[Diagnostic] Claim ID: 2b7676ea-c03b-4dd7-9600-4050d3ffa8ff
 - collectionId: DIRECTORS
 - instanceId: ch_2018-12-21_incegdcorporateserviceslimited__
 - status: ASSERTED
[Diagnostic] Claim ID: d3451634-a97d-4491-8890-507e70a8a4a6
 - collectionId: DIRECTORS
 - instanceId: ch_2018-12-21_hare_m
 - status: ASSERTED
[Diagnostic] Claim ID: ae539ff2-4eb0-4dde-b945-c1aa732658b8
 - collectionId: DIRECTORS
 - instanceId: ch_2018-12-21_zzoommgrouplimited__
 - status: ASSERTED
[Diagnostic] Claim ID: 99bfe5c8-dbe9-42cb-ab97-b9114d19be27
 - collectionId: DIRECTORS
 - instanceId: ch_2023-10-05_smith_j
 - status: ASSERTED
[Diagnostic] Claim ID: dff42302-4518-4d98-9705-fde4ee251bbc
 - collectionId: DIRECTORS
 - instanceId: ch_2021-10-13_smith_j
 - status: ASSERTED
[Diagnostic] Claim ID: de535b3c-6778-43af-95cb-8b55ef81f819
 - collectionId: DIRECTORS
 - instanceId: ch_2025-03-07_warner_j
 - status: ASSERTED
[Diagnostic] Claim ID: 950aefb1-ecc7-4cff-a603-3389f6217a22
 - collectionId: DIRECTORS
 - instanceId: ch_2023-07-10_incecocorporateserviceslimited__
 - status: ASSERTED
[Diagnostic] Claim ID: 3815196b-c49a-4e09-9044-4eaaa61cef24
 - collectionId: DIRECTORS
 - instanceId: ch_2018-12-21_incegdcorporateserviceslimited__
 - status: ASSERTED
[Diagnostic] Claim ID: b43c37b8-4ae4-490e-8452-2ad118d2f209
 - collectionId: DIRECTORS
 - instanceId: ch_2018-12-21_hare_m
 - status: ASSERTED
[Diagnostic] Claim ID: 5a31841c-5420-4f85-9fc1-649b0cf86a79
 - collectionId: DIRECTORS
 - instanceId: ch_2018-12-21_zzoommgrouplimited__
 - status: ASSERTED
[Diagnostic] Claim ID: ada31dac-f6b4-41da-8a50-f400e63194a5
 - collectionId: DIRECTORS
 - instanceId: ch_2018-12-21_incegdcorporateserviceslimited__
 - status: ASSERTED
[Diagnostic] Claim ID: daee74c3-89b7-43b9-82b1-301d8eb607d2
 - collectionId: DIRECTORS
 - instanceId: ch_2024-08-12_jones_i
 - status: ASSERTED
[Diagnostic] Claim ID: c4680a8d-f59d-45ca-81c9-4f78d097f3b6
 - collectionId: DIRECTORS
 - instanceId: ch_2024-10-01_ahuja_v
 - status: ASSERTED
[Diagnostic] Claim ID: fcad39d3-8759-493c-9f4b-509945ddd1a6
 - collectionId: DIRECTORS
 - instanceId: ch_2019-09-01_asquith_j
 - status: ASSERTED
[Diagnostic] Claim ID: 0176e4ac-4535-4f72-8c35-669cd75fe7d6
 - collectionId: DIRECTORS
 - instanceId: ch_2024-08-12_jones_i
 - status: ASSERTED
[Diagnostic] Claim ID: 6c8629e3-3a53-449d-8172-277ade7a7205
 - collectionId: DIRECTORS
 - instanceId: ch_2024-10-01_ahuja_v
 - status: ASSERTED
[Diagnostic] Claim ID: 3fd1ac8c-1373-42d8-b201-7980e337709d
 - collectionId: DIRECTORS
 - instanceId: ch_2019-09-01_asquith_j
 - status: ASSERTED
[Diagnostic] Claim ID: 2701705c-cf43-4cf9-9411-07d1b898d1f6
 - collectionId: DIRECTORS
 - instanceId: ch_2024-10-01_bickerstaffe_k
 - status: ASSERTED
[Diagnostic] Claim ID: f9b156d0-577f-48df-9dbc-ab6d33749d3f
 - collectionId: DIRECTORS
 - instanceId: ch_2025-07-21_boylan_s
 - status: ASSERTED
[Diagnostic] Claim ID: 144b9647-dac8-403e-b5c9-6d29c25fe430
 - collectionId: DIRECTORS
 - instanceId: ch_2016-07-04_devine_j
 - status: ASSERTED
[Diagnostic] Claim ID: 46d808ed-85fc-40a0-b93b-60be9a37cc62
 - collectionId: DIRECTORS
 - instanceId: ch_2021-09-01_grove_h
 - status: ASSERTED
[Diagnostic] Claim ID: 82001d4d-afc1-474e-8b79-a6ad07faff93
 - collectionId: DIRECTORS
 - instanceId: ch_2018-08-01_raffaeli_c
 - status: ASSERTED
[Diagnostic] Claim ID: 875c7e7a-6e8a-4e5c-8636-9bd277c19e24
 - collectionId: DIRECTORS
 - instanceId: ch_2023-10-23_windsor_j
 - status: ASSERTED
[Diagnostic] Claim ID: 7d2494c4-0f52-49bb-8413-1f18bb5aeb62
 - collectionId: DIRECTORS
 - instanceId: ch_2022-10-03_baddeley_j
 - status: ASSERTED
[Diagnostic] Claim ID: 7107fc45-5479-4b3c-817a-ce60e449f5b6
 - collectionId: DIRECTORS
 - instanceId: ch_2014-10-31_gilmour_k
 - status: ASSERTED
[Diagnostic] Claim ID: 5759fb1e-cd65-46bb-98f7-4efc7fba8b33
 - collectionId: DIRECTORS
 - instanceId: ch_2024-05-17_mckenna_p
 - status: ASSERTED
[Diagnostic] Claim ID: 812218da-e2a5-405b-83ff-c30cad9a728b
 - collectionId: DIRECTORS
 - instanceId: ch_2006-03-30_wood_m
 - status: ASSERTED
[Diagnostic] Claim ID: 1f193cae-e2bd-45ec-b290-7e26ab99c0a6
 - collectionId: DIRECTORS
 - instanceId: ch_2005-06-30_dwcompanyserviceslimited__
 - status: ASSERTED
[Diagnostic] Claim ID: 851c71d0-6bf8-4e33-943d-7e887f75cad5
 - collectionId: DIRECTORS
 - instanceId: ch_2017-08-14_afrosenborg_j
 - status: ASSERTED
[Diagnostic] Claim ID: 7b3a95ee-2428-4b6c-aaf4-248b594f4c7c
 - collectionId: DIRECTORS
 - instanceId: ch_2006-03-30_atkinson_m
 - status: ASSERTED
[Diagnostic] Claim ID: 0f80ae36-9665-43a9-955e-c8789f741ab7
 - collectionId: DIRECTORS
 - instanceId: ch_2020-07-01_bird_s
 - status: ASSERTED
[Diagnostic] Claim ID: a348e0ab-7d56-4056-8b70-b8d363a0c1dc
 - collectionId: DIRECTORS
 - instanceId: ch_2006-03-30_blackwell_n
 - status: ASSERTED
[Diagnostic] Claim ID: 10c815f2-d689-47e1-925e-1368f71d3422
 - collectionId: DIRECTORS
 - instanceId: ch_2022-01-04_bradley_c
 - status: ASSERTED
[Diagnostic] Claim ID: 789bcc1b-31a5-43e8-b235-6939f4116c73
 - collectionId: DIRECTORS
 - instanceId: ch_2019-06-01_bruce_s
 - status: ASSERTED
[Diagnostic] Claim ID: 248ba242-b29d-43c4-a09c-b1a83a385f14
 - collectionId: DIRECTORS
 - instanceId: ch_2008-01-01_buchan_c
 - status: ASSERTED
[Diagnostic] Claim ID: 466fc65a-14a7-4d81-b9ce-708cf7f26901
 - collectionId: DIRECTORS
 - instanceId: ch_2017-08-14_chakraverty_j
 - status: ASSERTED
[Diagnostic] Claim ID: e89cfa1e-80f4-4d08-ba2d-23149184a0b6
 - collectionId: DIRECTORS
 - instanceId: ch_2015-11-01_clark_c
 - status: ASSERTED
[Diagnostic] Claim ID: 986a61fd-0af1-495d-9013-ecd262bf773b
 - collectionId: DIRECTORS
 - instanceId: ch_2006-03-30_crombie_a
 - status: ASSERTED
[Diagnostic] Claim ID: 218260b4-81c1-42ce-8e25-2ad9d77f94cb
 - collectionId: DIRECTORS
 - instanceId: ch_2011-10-20_danon_p
 - status: ASSERTED
[Diagnostic] Claim ID: 77b87f85-b3a9-4f95-8616-0ed903263063
 - collectionId: DIRECTORS
 - instanceId: ch_2018-11-01_flint_d
 - status: ASSERTED
[Diagnostic] Claim ID: 776b2497-f255-4165-bd5f-e73c74c8d8fa
 - collectionId: DIRECTORS
 - instanceId: ch_2017-08-14_fusenig_g
 - status: ASSERTED
[Diagnostic] Claim ID: c4c3542e-157a-436c-a4f2-b401e2ea417c
 - collectionId: DIRECTORS
 - instanceId: ch_2015-11-01_gee_m
 - status: ASSERTED
[Diagnostic] Claim ID: 8b66939b-19e7-4f96-92b3-130a4f236ead
 - collectionId: DIRECTORS
 - instanceId: ch_2017-08-14_gilbert_m
 - status: ASSERTED
[Diagnostic] Claim ID: e1cf2b0c-aab2-4112-abac-b15b21a64d67
 - collectionId: DIRECTORS
 - instanceId: ch_unknown_gillies_c
 - status: ASSERTED
[Diagnostic] Claim ID: 5cac070d-17e0-43b8-9033-b2a95a6fcae0
 - collectionId: DIRECTORS
 - instanceId: ch_2009-11-01_grigson_d
 - status: ASSERTED
[Diagnostic] Claim ID: 37540545-076d-457d-821e-05d3d99e20b4
 - collectionId: DIRECTORS
 - instanceId: ch_2006-03-30_grimstone_g
 - status: ASSERTED
[Diagnostic] Claim ID: 57c301e2-8318-4596-bd8b-e9dafd23b4ff
 - collectionId: DIRECTORS
 - instanceId: ch_2012-07-20_harwerth_e
 - status: ASSERTED
[Diagnostic] Claim ID: 070af7ca-d21a-4ef8-b052-f63b3721ef8f
 - collectionId: DIRECTORS
 - instanceId: ch_2014-10-15_hudson_i
 - status: ASSERTED
[Diagnostic] Claim ID: 3f78b0f8-38c5-4817-8b37-adaebc8a7cdc
 - collectionId: DIRECTORS
 - instanceId: ch_2010-05-14_hunt_j
 - status: ASSERTED
[Diagnostic] Claim ID: 3e2611bd-42d3-469b-9af5-bbbcf16d42a7
 - collectionId: DIRECTORS
 - instanceId: ch_2024-08-12_jones_i
 - status: ASSERTED
[Diagnostic] Claim ID: 4e740aec-7510-4a3f-8097-1be24f7acd1f
 - collectionId: DIRECTORS
 - instanceId: ch_2024-10-01_ahuja_v
 - status: ASSERTED
[Diagnostic] Claim ID: 4e050d0a-446f-43d7-b2e4-ddcae35bab1c
 - collectionId: DIRECTORS
 - instanceId: ch_2019-09-01_asquith_j
 - status: ASSERTED
[Diagnostic] Claim ID: 5bf14f42-4cd7-4713-b68f-767730d4a2de
 - collectionId: DIRECTORS
 - instanceId: ch_2024-10-01_bickerstaffe_k
 - status: ASSERTED
[Diagnostic] Claim ID: 0346dab4-3254-453d-8e7a-a63731f0ade2
 - collectionId: DIRECTORS
 - instanceId: ch_2025-07-21_boylan_s
 - status: ASSERTED
[Diagnostic] Claim ID: 4ee440aa-f938-401c-9a1e-a1a27a0a719b
 - collectionId: DIRECTORS
 - instanceId: ch_2016-07-04_devine_j
 - status: ASSERTED
[Diagnostic] Claim ID: 3c4f8113-a4f0-469e-a093-769581039b8e
 - collectionId: DIRECTORS
 - instanceId: ch_2021-09-01_grove_h
 - status: ASSERTED
[Diagnostic] Claim ID: 5e88baab-2b82-40de-833b-11a4b5259844
 - collectionId: DIRECTORS
 - instanceId: ch_2018-08-01_raffaeli_c
 - status: ASSERTED
[Diagnostic] Claim ID: 07f84d86-c8b0-4d25-b9e9-99277c44f038
 - collectionId: DIRECTORS
 - instanceId: ch_2023-10-23_windsor_j
 - status: ASSERTED
[Diagnostic] Claim ID: 785d09db-b930-4979-946d-88f0857092cf
 - collectionId: DIRECTORS
 - instanceId: ch_2022-10-03_baddeley_j
 - status: ASSERTED
[Diagnostic] Claim ID: 53e00ce8-58cc-47d0-b177-3662e5f5cbc8
 - collectionId: DIRECTORS
 - instanceId: ch_2014-10-31_gilmour_k
 - status: ASSERTED
[Diagnostic] Claim ID: 0b84cbfb-6146-404e-acd3-bbe6a4c86331
 - collectionId: DIRECTORS
 - instanceId: ch_2024-05-17_mckenna_p
 - status: ASSERTED
[Diagnostic] Claim ID: 6dfd67a3-28bc-4d6f-af6f-b2b98e54d800
 - collectionId: DIRECTORS
 - instanceId: ch_2006-03-30_wood_m
 - status: ASSERTED
[Diagnostic] Claim ID: f280b904-73e2-4800-8045-a584639b0b26
 - collectionId: DIRECTORS
 - instanceId: ch_2005-06-30_dwcompanyserviceslimited__
 - status: ASSERTED
[Diagnostic] Claim ID: 0641d300-8aca-4560-85f4-1028f636129f
 - collectionId: DIRECTORS
 - instanceId: ch_2017-08-14_afrosenborg_j
 - status: ASSERTED
[Diagnostic] Claim ID: 057b15fe-a0a5-4049-957e-3950472e332d
 - collectionId: DIRECTORS
 - instanceId: ch_2006-03-30_atkinson_m
 - status: ASSERTED
[Diagnostic] Claim ID: d60b48d8-0ded-4039-8ac1-0326550cff7b
 - collectionId: DIRECTORS
 - instanceId: ch_2020-07-01_bird_s
 - status: ASSERTED
[Diagnostic] Claim ID: 2db1f69d-26b4-4220-a44d-bb2ffc488139
 - collectionId: DIRECTORS
 - instanceId: ch_2006-03-30_blackwell_n
 - status: ASSERTED
[Diagnostic] Claim ID: fe9db565-53ff-4ff1-8095-ddcc011dd3de
 - collectionId: DIRECTORS
 - instanceId: ch_2022-01-04_bradley_c
 - status: ASSERTED
[Diagnostic] Claim ID: a10b869b-b465-4c4b-9b88-523168c8c86d
 - collectionId: DIRECTORS
 - instanceId: ch_2019-06-01_bruce_s
 - status: ASSERTED
[Diagnostic] Claim ID: a6b3896d-f791-4445-90ff-ce9f509499d9
 - collectionId: DIRECTORS
 - instanceId: ch_2008-01-01_buchan_c
 - status: ASSERTED
[Diagnostic] Claim ID: 052ef2d7-4a9b-428f-95c6-2ebc82fb5f8c
 - collectionId: DIRECTORS
 - instanceId: ch_2017-08-14_chakraverty_j
 - status: ASSERTED
[Diagnostic] Claim ID: 094621e0-9225-48ed-91e0-8f26cdd720c7
 - collectionId: DIRECTORS
 - instanceId: ch_2015-11-01_clark_c
 - status: ASSERTED
[Diagnostic] Claim ID: f9747792-3951-49a3-9b6f-f1847b0db902
 - collectionId: DIRECTORS
 - instanceId: ch_2006-03-30_crombie_a
 - status: ASSERTED
[Diagnostic] Claim ID: 164c7155-8ba6-4a0d-bd5a-dfd7766c3b9d
 - collectionId: DIRECTORS
 - instanceId: ch_2011-10-20_danon_p
 - status: ASSERTED
[Diagnostic] Claim ID: 7a836310-d308-45cb-b12f-d6ca79eeeef7
 - collectionId: DIRECTORS
 - instanceId: ch_2018-11-01_flint_d
 - status: ASSERTED
[Diagnostic] Claim ID: ca8482ab-5984-4700-82a5-54ef731dd215
 - collectionId: DIRECTORS
 - instanceId: ch_2017-08-14_fusenig_g
 - status: ASSERTED
[Diagnostic] Claim ID: eec28b3a-5be9-43de-a9b9-2707ef0632e6
 - collectionId: DIRECTORS
 - instanceId: ch_2015-11-01_gee_m
 - status: ASSERTED
[Diagnostic] Claim ID: 77edb61e-dabd-4bd2-bad9-3c6e29b33bfc
 - collectionId: DIRECTORS
 - instanceId: ch_2017-08-14_gilbert_m
 - status: ASSERTED
[Diagnostic] Claim ID: e8db1b24-e9e8-4f76-a9c8-dee22586d9b3
 - collectionId: DIRECTORS
 - instanceId: ch_unknown_gillies_c
 - status: ASSERTED
[Diagnostic] Claim ID: 179430f8-780b-40c8-ae16-5d8500e91e12
 - collectionId: DIRECTORS
 - instanceId: ch_2009-11-01_grigson_d
 - status: ASSERTED
[Diagnostic] Claim ID: 6ceabc28-1c91-4d0d-a721-bb0aedbd8ecc
 - collectionId: DIRECTORS
 - instanceId: ch_2006-03-30_grimstone_g
 - status: ASSERTED
[Diagnostic] Claim ID: 98054f8c-9007-49c2-b9e4-9ade56ece3c7
 - collectionId: DIRECTORS
 - instanceId: ch_2012-07-20_harwerth_e
 - status: ASSERTED
[Diagnostic] Claim ID: 5e2837f4-ff0c-491c-8729-f55597397882
 - collectionId: DIRECTORS
 - instanceId: ch_2014-10-15_hudson_i
 - status: ASSERTED
[Diagnostic] Claim ID: 572e8d71-0ea9-463a-845d-d7c13598d773
 - collectionId: DIRECTORS
 - instanceId: ch_2010-05-14_hunt_j
 - status: ASSERTED
[Diagnostic] Claim ID: 87f622fe-de01-481c-b2e5-3a9b743b8acc
 - collectionId: DIRECTORS
 - instanceId: ch_2024-10-01_bickerstaffe_k
 - status: ASSERTED
[Diagnostic] Claim ID: 175ce21c-77f0-4e28-b877-9fc31417b1c8
 - collectionId: DIRECTORS
 - instanceId: ch_2025-07-21_boylan_s
 - status: ASSERTED
[Diagnostic] Claim ID: 5f12bfa4-af8d-4cf0-8463-3c36287eab7f
 - collectionId: DIRECTORS
 - instanceId: ch_2016-07-04_devine_j
 - status: ASSERTED
[Diagnostic] Claim ID: 2d94c1b8-2b84-4c2f-a553-cb05c40c2662
 - collectionId: DIRECTORS
 - instanceId: ch_2021-09-01_grove_h
 - status: ASSERTED
[Diagnostic] Claim ID: 7d51d660-a8d7-4bfb-93c8-6fe81e59f8eb
 - collectionId: DIRECTORS
 - instanceId: ch_2018-08-01_raffaeli_c
 - status: ASSERTED
[Diagnostic] Claim ID: 141074d0-8e1d-479a-ac1a-a023cedf2cce
 - collectionId: DIRECTORS
 - instanceId: ch_2023-10-23_windsor_j
 - status: ASSERTED
[Diagnostic] Claim ID: 916be06e-0847-49d8-8624-53cf64394a25
 - collectionId: DIRECTORS
 - instanceId: ch_2022-10-03_baddeley_j
 - status: ASSERTED
[Diagnostic] Claim ID: 1e2405b3-8cd5-4006-97e4-fdea58968b04
 - collectionId: DIRECTORS
 - instanceId: ch_2014-10-31_gilmour_k
 - status: ASSERTED
[Diagnostic] Claim ID: 7972d2ea-f46b-4b60-98b3-9ccac52c3001
 - collectionId: DIRECTORS
 - instanceId: ch_2024-05-17_mckenna_p
 - status: ASSERTED
[Diagnostic] Claim ID: 85f1112c-300c-4e37-b45f-00ed21fa97da
 - collectionId: DIRECTORS
 - instanceId: ch_2006-03-30_wood_m
 - status: ASSERTED
[Diagnostic] Claim ID: aa20b5b8-949f-4bde-900b-ff3dffd385b6
 - collectionId: DIRECTORS
 - instanceId: ch_2005-06-30_dwcompanyserviceslimited__
 - status: ASSERTED
[Diagnostic] Claim ID: 8c729673-e2da-40b4-b770-96ce96bed35d
 - collectionId: DIRECTORS
 - instanceId: ch_2017-08-14_afrosenborg_j
 - status: ASSERTED
[Diagnostic] Claim ID: 1bdb41ad-dae7-4332-b3bf-8bf172ba1f47
 - collectionId: DIRECTORS
 - instanceId: ch_2006-03-30_atkinson_m
 - status: ASSERTED
[Diagnostic] Claim ID: 785d4ce7-1170-490e-a303-0a6cd6ebc9d4
 - collectionId: DIRECTORS
 - instanceId: ch_2020-07-01_bird_s
 - status: ASSERTED
[Diagnostic] Claim ID: c2de9753-1e0d-41d9-9d11-21840d7865f1
 - collectionId: DIRECTORS
 - instanceId: ch_2006-03-30_blackwell_n
 - status: ASSERTED
[Diagnostic] Claim ID: 6cba287f-2e16-4549-a334-7947fdb0d17c
 - collectionId: DIRECTORS
 - instanceId: ch_2022-01-04_bradley_c
 - status: ASSERTED
[Diagnostic] Claim ID: c9e4353f-8fed-475e-b257-53eba76d8ccb
 - collectionId: DIRECTORS
 - instanceId: ch_2019-06-01_bruce_s
 - status: ASSERTED
[Diagnostic] Claim ID: ad262b84-d2f8-4619-b36c-86c22b615c39
 - collectionId: DIRECTORS
 - instanceId: ch_2008-01-01_buchan_c
 - status: ASSERTED
[Diagnostic] Claim ID: 0d226cdb-3807-415d-8dd0-553e46b83e0b
 - collectionId: DIRECTORS
 - instanceId: ch_2017-08-14_chakraverty_j
 - status: ASSERTED
[Diagnostic] Claim ID: 4e9505c7-d662-4174-ade4-d18721a44dcd
 - collectionId: DIRECTORS
 - instanceId: ch_2015-11-01_clark_c
 - status: ASSERTED
[Diagnostic] Claim ID: 450c750f-57d9-4994-aa42-34570dd90c7c
 - collectionId: DIRECTORS
 - instanceId: ch_2006-03-30_crombie_a
 - status: ASSERTED
[Diagnostic] Claim ID: 77e045a9-f655-4b50-8489-521ba1a41f70
 - collectionId: DIRECTORS
 - instanceId: ch_2011-10-20_danon_p
 - status: ASSERTED
[Diagnostic] Claim ID: 4f63393b-4a05-4c65-bde7-0962be9c7e73
 - collectionId: DIRECTORS
 - instanceId: ch_2018-11-01_flint_d
 - status: ASSERTED
[Diagnostic] Claim ID: 7b6da6dc-afc3-484f-b8a3-34fa5235e3bc
 - collectionId: DIRECTORS
 - instanceId: ch_2017-08-14_fusenig_g
 - status: ASSERTED
[Diagnostic] Claim ID: 9b520597-ed59-4889-ae31-b9e666e76fdd
 - collectionId: DIRECTORS
 - instanceId: ch_2015-11-01_gee_m
 - status: ASSERTED
[Diagnostic] Claim ID: aebacd5c-6c6a-4c3f-9e38-31990422f8d3
 - collectionId: DIRECTORS
 - instanceId: ch_2017-08-14_gilbert_m
 - status: ASSERTED
[Diagnostic] Claim ID: ebf8d9e9-4271-4c8f-a82e-ccdc5570112a
 - collectionId: DIRECTORS
 - instanceId: ch_unknown_gillies_c
 - status: ASSERTED
[Diagnostic] Claim ID: 88d93a84-2ad7-4aea-b516-ab386b07163e
 - collectionId: DIRECTORS
 - instanceId: ch_2009-11-01_grigson_d
 - status: ASSERTED
[Diagnostic] Claim ID: d88f4afc-ab3c-4e33-b607-88e5cb8dcf2c
 - collectionId: DIRECTORS
 - instanceId: ch_2006-03-30_grimstone_g
 - status: ASSERTED
[Diagnostic] Claim ID: e1a8da4d-a2d1-4ad3-b174-fbeb29fe9391
 - collectionId: DIRECTORS
 - instanceId: ch_2012-07-20_harwerth_e
 - status: ASSERTED
[Diagnostic] Claim ID: fa46a243-134f-436e-8a05-214c49a41d96
 - collectionId: DIRECTORS
 - instanceId: ch_2014-10-15_hudson_i
 - status: ASSERTED
[Diagnostic] Claim ID: d72beb41-d82f-4faa-b077-79eb3baf7844
 - collectionId: DIRECTORS
 - instanceId: ch_2010-05-14_hunt_j
 - status: ASSERTED
[Diagnostic] Claim ID: a5b026ca-b1ad-44d6-b15c-2b95d71b02f9
 - collectionId: DIRECTORS
 - instanceId: ch_2024-08-12_jones_i
 - status: ASSERTED
[Diagnostic] Claim ID: 1aea81bd-5ac7-401a-a57c-43f05fb3deb9
 - collectionId: DIRECTORS
 - instanceId: ch_2024-10-01_ahuja_v
 - status: ASSERTED
[Diagnostic] Claim ID: b4cf401a-6d2b-4d2b-ab80-c095204234c3
 - collectionId: DIRECTORS
 - instanceId: ch_2019-09-01_asquith_j
 - status: ASSERTED
[Diagnostic] Claim ID: cee1d44c-b513-46d7-b887-1a96333ff58b
 - collectionId: DIRECTORS
 - instanceId: ch_2024-10-01_bickerstaffe_k
 - status: ASSERTED
[Diagnostic] Claim ID: 7fd460b1-6352-407c-b8c3-23ca8c3593d6
 - collectionId: DIRECTORS
 - instanceId: ch_2025-07-21_boylan_s
 - status: ASSERTED
[Diagnostic] Claim ID: 13adab97-2d2c-457f-83d9-95b9ca698f69
 - collectionId: DIRECTORS
 - instanceId: ch_2016-07-04_devine_j
 - status: ASSERTED
[Diagnostic] Claim ID: 1445178a-77cf-4eaf-9c53-a824f2eb2cc6
 - collectionId: DIRECTORS
 - instanceId: ch_2021-09-01_grove_h
 - status: ASSERTED
[Diagnostic] Claim ID: 01ccfeff-b05c-40cb-99b3-9687d688778d
 - collectionId: DIRECTORS
 - instanceId: ch_2018-08-01_raffaeli_c
 - status: ASSERTED
[Diagnostic] Claim ID: 9e1e0ddc-2763-4f3d-8e59-a491fc5b7080
 - collectionId: DIRECTORS
 - instanceId: ch_2023-10-23_windsor_j
 - status: ASSERTED
[Diagnostic] Claim ID: 6348bc16-788f-4ff1-922e-0154e9770097
 - collectionId: DIRECTORS
 - instanceId: ch_2022-10-03_baddeley_j
 - status: ASSERTED
[Diagnostic] Claim ID: 766305a5-ebe9-40f9-81b9-81877357b34d
 - collectionId: DIRECTORS
 - instanceId: ch_2014-10-31_gilmour_k
 - status: ASSERTED
[Diagnostic] Claim ID: b09de1c1-3679-4c6a-ba0a-3f51072e4c71
 - collectionId: DIRECTORS
 - instanceId: ch_2024-05-17_mckenna_p
 - status: ASSERTED
[Diagnostic] Claim ID: ed52ad0f-a5db-4451-a373-eb26f234a0de
 - collectionId: DIRECTORS
 - instanceId: ch_2006-03-30_wood_m
 - status: ASSERTED
[Diagnostic] Claim ID: ccfb44b8-9ce5-4ad0-800a-43540f7b1916
 - collectionId: DIRECTORS
 - instanceId: ch_2005-06-30_dwcompanyserviceslimited__
 - status: ASSERTED
[Diagnostic] Claim ID: ab1800cc-7aa9-48c2-81db-1a96fbac3451
 - collectionId: DIRECTORS
 - instanceId: ch_2017-08-14_afrosenborg_j
 - status: ASSERTED
[Diagnostic] Claim ID: e2aeeaab-33eb-43f6-a020-79be2749f397
 - collectionId: DIRECTORS
 - instanceId: ch_2006-03-30_atkinson_m
 - status: ASSERTED
[Diagnostic] Claim ID: 9306a648-c4aa-49e2-bdb1-de1d1535d7ca
 - collectionId: DIRECTORS
 - instanceId: ch_2020-07-01_bird_s
 - status: ASSERTED
[Diagnostic] Claim ID: af1184a7-f4f8-4ac4-a3a2-0cafcc9db689
 - collectionId: DIRECTORS
 - instanceId: ch_2006-03-30_blackwell_n
 - status: ASSERTED
[Diagnostic] Claim ID: 1f8519a8-196c-40d1-b93d-a674efeaab31
 - collectionId: DIRECTORS
 - instanceId: ch_2022-01-04_bradley_c
 - status: ASSERTED
[Diagnostic] Claim ID: dbe5d197-7ed3-492a-b34e-ce362fd4f793
 - collectionId: DIRECTORS
 - instanceId: ch_2019-06-01_bruce_s
 - status: ASSERTED
[Diagnostic] Claim ID: 11a97050-1fd9-4d02-bb25-655803d31728
 - collectionId: DIRECTORS
 - instanceId: ch_2008-01-01_buchan_c
 - status: ASSERTED
[Diagnostic] Claim ID: be2cd820-6a43-491b-bd90-fe102f0b589d
 - collectionId: DIRECTORS
 - instanceId: ch_2017-08-14_chakraverty_j
 - status: ASSERTED
[Diagnostic] Claim ID: 99654b27-200b-452a-b28f-d8df8b578e5b
 - collectionId: DIRECTORS
 - instanceId: ch_2015-11-01_clark_c
 - status: ASSERTED
[Diagnostic] Claim ID: ba683096-4db4-4de1-bb2c-50239b11e20e
 - collectionId: DIRECTORS
 - instanceId: ch_2006-03-30_crombie_a
 - status: ASSERTED
[Diagnostic] Claim ID: 6b5d91d2-ecda-4827-87aa-915418e51a48
 - collectionId: DIRECTORS
 - instanceId: ch_2011-10-20_danon_p
 - status: ASSERTED
[Diagnostic] Claim ID: 8bf5682c-73ca-4b3f-b531-a0918401fbdd
 - collectionId: DIRECTORS
 - instanceId: ch_2018-11-01_flint_d
 - status: ASSERTED
[Diagnostic] Claim ID: e514dc24-bdcf-4f39-9a08-cb7b138b3414
 - collectionId: DIRECTORS
 - instanceId: ch_2017-08-14_fusenig_g
 - status: ASSERTED
[Diagnostic] Claim ID: 470cb1fc-d88b-4062-8ccc-55fb433655d9
 - collectionId: DIRECTORS
 - instanceId: ch_2015-11-01_gee_m
 - status: ASSERTED
[Diagnostic] Claim ID: 251ef034-13ca-47f1-8895-bd347d6a86c7
 - collectionId: DIRECTORS
 - instanceId: ch_2017-08-14_gilbert_m
 - status: ASSERTED
[Diagnostic] Claim ID: e1989ebf-c8a4-483a-a2df-334a6cbf13b3
 - collectionId: DIRECTORS
 - instanceId: ch_unknown_gillies_c
 - status: ASSERTED
[Diagnostic] Claim ID: 14c7b206-6ff9-4cb1-9efc-f7d5048eb589
 - collectionId: DIRECTORS
 - instanceId: ch_2009-11-01_grigson_d
 - status: ASSERTED
[Diagnostic] Claim ID: 332dbeaf-ccd6-43c5-8998-ef890ad63e4e
 - collectionId: DIRECTORS
 - instanceId: ch_2006-03-30_grimstone_g
 - status: ASSERTED
[Diagnostic] Claim ID: 69e61955-c5fa-45e2-be32-fe975102185f
 - collectionId: DIRECTORS
 - instanceId: ch_2012-07-20_harwerth_e
 - status: ASSERTED
[Diagnostic] Claim ID: e3dece0f-b989-4fd3-8fca-bed60b4c3278
 - collectionId: DIRECTORS
 - instanceId: ch_2014-10-15_hudson_i
 - status: ASSERTED
[Diagnostic] Claim ID: 9c178ab1-0eac-47db-b0d1-19557cac83d7
 - collectionId: DIRECTORS
 - instanceId: ch_2010-05-14_hunt_j
 - status: ASSERTED
[Diagnostic] Claim ID: 985eb71b-236f-4b81-8b4e-6ca099a4a824
 - collectionId: DIRECTORS
 - instanceId: ch_2024-08-12_jones_i
 - status: ASSERTED
[Diagnostic] Claim ID: 87d5c61d-3500-43a0-9942-ba61f2818e67
 - collectionId: DIRECTORS
 - instanceId: ch_2024-10-01_ahuja_v
 - status: ASSERTED
[Diagnostic] Claim ID: 17535a6b-7d8d-403e-bed4-9263a82ee458
 - collectionId: DIRECTORS
 - instanceId: ch_2019-09-01_asquith_j
 - status: ASSERTED
[Diagnostic] Claim ID: 73a26485-38dd-4d9c-841e-f4eae47de196
 - collectionId: DIRECTORS
 - instanceId: ch_2024-10-01_bickerstaffe_k
 - status: ASSERTED
[Diagnostic] Claim ID: 52b55947-e394-4984-8407-e354cd7db2c6
 - collectionId: DIRECTORS
 - instanceId: ch_2025-07-21_boylan_s
 - status: ASSERTED
[Diagnostic] Claim ID: 8d0a00b1-9f8b-4d44-9ba1-3c1d0b8a1423
 - collectionId: DIRECTORS
 - instanceId: ch_2016-07-04_devine_j
 - status: ASSERTED
[Diagnostic] Claim ID: 8c5df041-fe0e-4308-9a37-fb23ae9259ed
 - collectionId: DIRECTORS
 - instanceId: ch_2021-09-01_grove_h
 - status: ASSERTED
[Diagnostic] Claim ID: dba1a792-0e25-4327-8bea-2e98bac8cccd
 - collectionId: DIRECTORS
 - instanceId: ch_2018-08-01_raffaeli_c
 - status: ASSERTED
[Diagnostic] Claim ID: 4c33f329-3552-4898-9bc6-69063d1f4239
 - collectionId: DIRECTORS
 - instanceId: ch_2023-10-23_windsor_j
 - status: ASSERTED
[Diagnostic] Claim ID: d80b018d-b745-466b-a612-97d3448d6d64
 - collectionId: DIRECTORS
 - instanceId: ch_2022-10-03_baddeley_j
 - status: ASSERTED
[Diagnostic] Claim ID: ba64fb27-9c1f-475f-92ef-aa8159b023bd
 - collectionId: DIRECTORS
 - instanceId: ch_2014-10-31_gilmour_k
 - status: ASSERTED
[Diagnostic] Claim ID: 0e73aa03-1417-47d3-add3-0e41fd9b1612
 - collectionId: DIRECTORS
 - instanceId: ch_2024-05-17_mckenna_p
 - status: ASSERTED
[Diagnostic] Claim ID: 27d62cbc-a464-4c41-a046-a339af3bcf16
 - collectionId: DIRECTORS
 - instanceId: ch_2006-03-30_wood_m
 - status: ASSERTED
[Diagnostic] Claim ID: 45ea25fc-5bf4-435f-b530-11a1d4b354f7
 - collectionId: DIRECTORS
 - instanceId: ch_2005-06-30_dwcompanyserviceslimited__
 - status: ASSERTED
[Diagnostic] Claim ID: e76b1ce4-3e86-4a72-ae8f-b81fec07c881
 - collectionId: DIRECTORS
 - instanceId: ch_2017-08-14_afrosenborg_j
 - status: ASSERTED
[Diagnostic] Claim ID: dd0b00f2-a1c2-400d-970d-34007214af47
 - collectionId: DIRECTORS
 - instanceId: ch_2006-03-30_atkinson_m
 - status: ASSERTED
[Diagnostic] Claim ID: eecc5264-e9f2-4089-bd7a-aed60ca44ab6
 - collectionId: DIRECTORS
 - instanceId: ch_2020-07-01_bird_s
 - status: ASSERTED
[Diagnostic] Claim ID: 6131b6af-368f-463b-9ad1-8c978b956274
 - collectionId: DIRECTORS
 - instanceId: ch_2006-03-30_blackwell_n
 - status: ASSERTED
[Diagnostic] Claim ID: 8e02a20d-2be8-415f-86c6-9978cc809a32
 - collectionId: DIRECTORS
 - instanceId: ch_2022-01-04_bradley_c
 - status: ASSERTED
[Diagnostic] Claim ID: 6d94fe8a-9f98-4048-b8f0-a4dcb927ca39
 - collectionId: DIRECTORS
 - instanceId: ch_2019-06-01_bruce_s
 - status: ASSERTED
[Diagnostic] Claim ID: e555b0a1-4a90-476d-8817-9a3fe344052a
 - collectionId: DIRECTORS
 - instanceId: ch_2008-01-01_buchan_c
 - status: ASSERTED
[Diagnostic] Claim ID: f69308fe-c34a-44c9-ae22-30a96a8cbef3
 - collectionId: DIRECTORS
 - instanceId: ch_2019-09-26_baker_g
 - status: ASSERTED
[Diagnostic] Claim ID: d82c0ef8-b547-4288-959d-9651dc6fd387
 - collectionId: DIRECTORS
 - instanceId: ch_2019-09-26_merriman_c
 - status: ASSERTED
[Diagnostic] Claim ID: a9a6835d-080c-440b-b369-0ab90504708c
 - collectionId: DIRECTORS
 - instanceId: ch_2017-08-14_chakraverty_j
 - status: ASSERTED
[Diagnostic] Claim ID: 0c7a2f0e-403b-4870-83fb-d3d5c993d320
 - collectionId: DIRECTORS
 - instanceId: ch_2015-11-01_clark_c
 - status: ASSERTED
[Diagnostic] Claim ID: 518bcd93-ea0a-4fe8-881a-d7b411a7aece
 - collectionId: DIRECTORS
 - instanceId: ch_2006-03-30_crombie_a
 - status: ASSERTED
[Diagnostic] Claim ID: 651ce724-30e3-46fc-824c-f1634f1c0d1f
 - collectionId: DIRECTORS
 - instanceId: ch_2011-10-20_danon_p
 - status: ASSERTED
[Diagnostic] Claim ID: d2decdd9-c291-4eea-a483-27ed7fcda5c0
 - collectionId: DIRECTORS
 - instanceId: ch_2018-11-01_flint_d
 - status: ASSERTED
[Diagnostic] Claim ID: 4d1ddab9-14dd-4736-b570-5c05156d125d
 - collectionId: DIRECTORS
 - instanceId: ch_2017-08-14_fusenig_g
 - status: ASSERTED
[Diagnostic] Claim ID: ba445c52-75a4-4d19-96b0-d6cea295bdd8
 - collectionId: DIRECTORS
 - instanceId: ch_2015-11-01_gee_m
 - status: ASSERTED
[Diagnostic] Claim ID: f7a06a2f-994b-4bff-903f-1136f88843b9
 - collectionId: DIRECTORS
 - instanceId: ch_2017-08-14_gilbert_m
 - status: ASSERTED
[Diagnostic] Claim ID: 627dadd8-3f6c-49d0-bdc8-aecf21acc130
 - collectionId: DIRECTORS
 - instanceId: ch_unknown_gillies_c
 - status: ASSERTED
[Diagnostic] Claim ID: 67842f83-ef94-4095-8d2e-98e29bfc00a9
 - collectionId: DIRECTORS
 - instanceId: ch_2009-11-01_grigson_d
 - status: ASSERTED
[Diagnostic] Claim ID: 2ff529e5-b980-4189-9f98-7593874f76d5
 - collectionId: DIRECTORS
 - instanceId: ch_2006-03-30_grimstone_g
 - status: ASSERTED
[Diagnostic] Claim ID: c9c07733-e8b8-455c-9e2b-35cb4a8bc743
 - collectionId: DIRECTORS
 - instanceId: ch_2012-07-20_harwerth_e
 - status: ASSERTED
[Diagnostic] Claim ID: 9fa7b316-aaa8-4da0-a10a-7b6ba0c0de06
 - collectionId: DIRECTORS
 - instanceId: ch_2014-10-15_hudson_i
 - status: ASSERTED
[Diagnostic] Claim ID: d9485e2b-5136-4d2d-b661-8f2fc061276b
 - collectionId: DIRECTORS
 - instanceId: ch_2010-05-14_hunt_j
 - status: ASSERTED
[Diagnostic] Claim ID: 6fade6db-77b0-421e-9024-db662e0df3f4
 - collectionId: DIRECTORS
 - instanceId: ch_2024-08-12_jones_i
 - status: ASSERTED
[Diagnostic] Claim ID: a66b739f-8ae9-4d16-8275-158a3d697d4e
 - collectionId: DIRECTORS
 - instanceId: ch_2024-10-01_ahuja_v
 - status: ASSERTED
[Diagnostic] Claim ID: 30615f13-6023-4e01-962f-3c3fb1758036
 - collectionId: DIRECTORS
 - instanceId: ch_2019-09-01_asquith_j
 - status: ASSERTED
[Diagnostic] Claim ID: 3a958d05-a534-4fce-8475-2f7220f3b626
 - collectionId: DIRECTORS
 - instanceId: ch_2024-10-01_bickerstaffe_k
 - status: ASSERTED
[Diagnostic] Claim ID: 703c580c-7294-4e62-b378-0baa165f4d2f
 - collectionId: DIRECTORS
 - instanceId: ch_2025-07-21_boylan_s
 - status: ASSERTED
[Diagnostic] Claim ID: 4bb5a568-e698-4d36-92d6-fb853be4c25b
 - collectionId: DIRECTORS
 - instanceId: ch_2016-07-04_devine_j
 - status: ASSERTED
[Diagnostic] Claim ID: c9a70cd6-5e50-4cfc-81f1-3add8619b217
 - collectionId: DIRECTORS
 - instanceId: ch_2021-09-01_grove_h
 - status: ASSERTED
[Diagnostic] Claim ID: 570a07af-69bf-4c73-b60a-ffc8cb3aa257
 - collectionId: DIRECTORS
 - instanceId: ch_2026-06-03_kitts_a
 - status: ASSERTED
[Diagnostic] Claim ID: 8f79c801-1a3a-4b9d-9418-d35036a4bb33
 - collectionId: DIRECTORS
 - instanceId: ch_2026-06-03_lacaille_r
 - status: ASSERTED
[Diagnostic] Claim ID: c09d4e8d-74d8-4a4a-8747-3921b3999ff7
 - collectionId: DIRECTORS
 - instanceId: ch_2018-08-01_raffaeli_c
 - status: ASSERTED
[Diagnostic] Claim ID: ff4647dc-387d-4211-afb5-81f6106c938a
 - collectionId: DIRECTORS
 - instanceId: ch_2023-10-23_windsor_j
 - status: ASSERTED
[Diagnostic] Claim ID: 27d2a6b3-4459-4a23-9e53-5ee389010b1f
 - collectionId: DIRECTORS
 - instanceId: ch_2022-10-03_baddeley_j
 - status: ASSERTED
[Diagnostic] Claim ID: 58f2869d-5ac2-4283-b8c4-f7a783d707fc
 - collectionId: DIRECTORS
 - instanceId: ch_2014-10-31_gilmour_k
 - status: ASSERTED
[Diagnostic] Claim ID: d9f3f4b5-9d52-4a4e-9a24-b39d9f6fbe46
 - collectionId: DIRECTORS
 - instanceId: ch_2024-05-17_mckenna_p
 - status: ASSERTED
[Diagnostic] Claim ID: fb8726ad-2805-4fea-9797-a5ce0fc5a8f8
 - collectionId: DIRECTORS
 - instanceId: ch_2006-03-30_wood_m
 - status: ASSERTED
[Diagnostic] Claim ID: bb437ba8-e0d6-4def-9d4d-02d4ea34699d
 - collectionId: DIRECTORS
 - instanceId: ch_2005-06-30_dwcompanyserviceslimited__
 - status: ASSERTED
[Diagnostic] Claim ID: 86ee9927-1625-45c2-873d-a885cf36d0b4
 - collectionId: DIRECTORS
 - instanceId: ch_2017-08-14_afrosenborg_j
 - status: ASSERTED
[Diagnostic] Claim ID: a56296ad-34ee-4701-9d81-537895998f49
 - collectionId: DIRECTORS
 - instanceId: ch_2006-03-30_atkinson_m
 - status: ASSERTED
[Diagnostic] Claim ID: 68788011-6861-4817-adb6-18f600236e2b
 - collectionId: DIRECTORS
 - instanceId: ch_2020-07-01_bird_s
 - status: ASSERTED
[Diagnostic] Claim ID: aabcbef0-dad2-41bf-b22d-1ef306da4aa0
 - collectionId: DIRECTORS
 - instanceId: ch_2006-03-30_blackwell_n
 - status: ASSERTED
[Diagnostic] Claim ID: 0da3688d-8b42-409c-8a1e-984ab72ced31
 - collectionId: DIRECTORS
 - instanceId: ch_2022-01-04_bradley_c
 - status: ASSERTED
[Diagnostic] Claim ID: 2ca74f8c-cc38-4aeb-a239-d8ec10e4b2de
 - collectionId: DIRECTORS
 - instanceId: ch_2019-06-01_bruce_s
 - status: ASSERTED
[Diagnostic] Claim ID: 663c4881-7c72-4994-abc5-45ebf07204e2
 - collectionId: DIRECTORS
 - instanceId: ch_2008-01-01_buchan_c
 - status: ASSERTED
[Diagnostic] Claim ID: db5015e0-29a2-4ba2-bac8-bee172527da7
 - collectionId: DIRECTORS
 - instanceId: ch_2017-08-14_chakraverty_j
 - status: ASSERTED
[Diagnostic] Claim ID: aa0d11bd-e19c-4a32-a774-323d65c56663
 - collectionId: DIRECTORS
 - instanceId: ch_2015-11-01_clark_c
 - status: ASSERTED
[Diagnostic] Claim ID: 003fc8df-40c4-4fa0-ba2d-810a733817d7
 - collectionId: DIRECTORS
 - instanceId: ch_2006-03-30_crombie_a
 - status: ASSERTED
[Diagnostic] Claim ID: 6220988e-b4b0-4e84-89b4-896f5eb1d27d
 - collectionId: DIRECTORS
 - instanceId: ch_2011-10-20_danon_p
 - status: ASSERTED
[Diagnostic] Claim ID: 24bac091-af20-4f9f-aa9e-dca55f7f5cfb
 - collectionId: DIRECTORS
 - instanceId: ch_2018-11-01_flint_d
 - status: ASSERTED
[Diagnostic] Claim ID: fefffeef-c8b9-4fb6-b406-749c70b3bfd9
 - collectionId: DIRECTORS
 - instanceId: ch_2017-08-14_fusenig_g
 - status: ASSERTED
[Diagnostic] Claim ID: 70663bbc-93ae-4b8d-bfb5-327b6cebc882
 - collectionId: DIRECTORS
 - instanceId: ch_2015-11-01_gee_m
 - status: ASSERTED
[Diagnostic] Claim ID: a8d3ee59-7f93-41a9-ad54-d6db841b63e2
 - collectionId: DIRECTORS
 - instanceId: ch_2017-08-14_gilbert_m
 - status: ASSERTED
[Diagnostic] Claim ID: 2d455d6c-435b-4452-9cb1-350c141589b6
 - collectionId: DIRECTORS
 - instanceId: ch_unknown_gillies_c
 - status: ASSERTED
[Diagnostic] Claim ID: bbeb6b08-425d-4053-9d6d-876d317198f7
 - collectionId: DIRECTORS
 - instanceId: ch_2009-11-01_grigson_d
 - status: ASSERTED
[Diagnostic] Claim ID: 9ebabd52-ef42-4d74-9613-b7c043891522
 - collectionId: DIRECTORS
 - instanceId: ch_2006-03-30_grimstone_g
 - status: ASSERTED
[Diagnostic] Claim ID: bebfc1e0-cf95-46fe-81b8-99ac4fb9cf1b
 - collectionId: DIRECTORS
 - instanceId: ch_2012-07-20_harwerth_e
 - status: ASSERTED
[Diagnostic] Claim ID: b65c98b6-6305-4feb-bccc-4948edc60f0d
 - collectionId: DIRECTORS
 - instanceId: ch_2026-06-03_lacaille_r
 - status: ASSERTED
[Diagnostic] Claim ID: 7dd96477-f516-4361-af4f-4871e2a10710
 - collectionId: DIRECTORS
 - instanceId: ch_2024-08-12_jones_i
 - status: ASSERTED
[Diagnostic] Claim ID: 142ebebd-7df2-4bc6-8dba-1da1c28d0665
 - collectionId: DIRECTORS
 - instanceId: ch_2024-10-01_ahuja_v
 - status: ASSERTED
[Diagnostic] Claim ID: 0aee66ab-252e-452b-b310-a9fdfbeb8423
 - collectionId: DIRECTORS
 - instanceId: ch_2019-09-01_asquith_j
 - status: ASSERTED
[Diagnostic] Claim ID: 0ea6993b-f1a7-41d8-af00-aca104f9f97c
 - collectionId: DIRECTORS
 - instanceId: ch_2024-10-01_bickerstaffe_k
 - status: ASSERTED
[Diagnostic] Claim ID: 6e6ef443-5545-4183-ad46-05a7b36fd5ae
 - collectionId: DIRECTORS
 - instanceId: ch_2025-07-21_boylan_s
 - status: ASSERTED
[Diagnostic] Claim ID: 34b19ffa-0b62-48dd-8e29-68c9d135aa91
 - collectionId: DIRECTORS
 - instanceId: ch_2016-07-04_devine_j
 - status: ASSERTED
[Diagnostic] Claim ID: ecc730d7-83ad-4631-91b4-0fddc2b5be7c
 - collectionId: DIRECTORS
 - instanceId: ch_2021-09-01_grove_h
 - status: ASSERTED
[Diagnostic] Claim ID: 46298e50-3c2b-46ed-8105-2ccd27e85ced
 - collectionId: DIRECTORS
 - instanceId: ch_2026-06-03_kitts_a
 - status: ASSERTED
[Diagnostic] Claim ID: 52dc5c2c-bac8-4cfe-a3c8-de55ce1d5c03
 - collectionId: DIRECTORS
 - instanceId: ch_2018-08-01_raffaeli_c
 - status: ASSERTED
[Diagnostic] Claim ID: ea9d7392-dd82-414c-9f77-f5e0f758e465
 - collectionId: DIRECTORS
 - instanceId: ch_2023-10-23_windsor_j
 - status: ASSERTED
[Diagnostic] Claim ID: d4df71d6-b7a5-471c-a8b2-e389e8432129
 - collectionId: DIRECTORS
 - instanceId: ch_2022-10-03_baddeley_j
 - status: ASSERTED
[Diagnostic] Claim ID: 68fcc0b1-13d1-41d1-8491-88afd3e6c71d
 - collectionId: DIRECTORS
 - instanceId: ch_2014-10-31_gilmour_k
 - status: ASSERTED
[Diagnostic] Claim ID: a6bbc020-1cdf-4cba-96e5-15f44be82ab0
 - collectionId: DIRECTORS
 - instanceId: ch_2024-05-17_mckenna_p
 - status: ASSERTED
[Diagnostic] Claim ID: b5dfe88e-8ffc-4824-bcdf-d904655528ec
 - collectionId: DIRECTORS
 - instanceId: ch_2006-03-30_wood_m
 - status: ASSERTED
[Diagnostic] Claim ID: fa222563-726f-43df-993e-6a0e000a5f6d
 - collectionId: DIRECTORS
 - instanceId: ch_2005-06-30_dwcompanyserviceslimited__
 - status: ASSERTED
[Diagnostic] Claim ID: c959c9ae-0c12-4ba2-a605-cdd3330680ba
 - collectionId: DIRECTORS
 - instanceId: ch_2017-08-14_afrosenborg_j
 - status: ASSERTED
[Diagnostic] Claim ID: d6774519-5fbe-487f-bf4c-dccb34c49500
 - collectionId: DIRECTORS
 - instanceId: ch_2006-03-30_atkinson_m
 - status: ASSERTED
[Diagnostic] Claim ID: 573e0ae5-45fc-49ce-be6f-30578bfd8691
 - collectionId: DIRECTORS
 - instanceId: ch_2020-07-01_bird_s
 - status: ASSERTED
[Diagnostic] Claim ID: cc8fccac-0f8f-4d1a-a1ce-8a49505838c4
 - collectionId: DIRECTORS
 - instanceId: ch_2006-03-30_blackwell_n
 - status: ASSERTED
[Diagnostic] Claim ID: 56c14c14-f6ed-4294-998e-5b8d09d98564
 - collectionId: DIRECTORS
 - instanceId: ch_2022-01-04_bradley_c
 - status: ASSERTED
[Diagnostic] Claim ID: 580b1200-4a74-41ec-9c9f-fcfd9b9c51a8
 - collectionId: DIRECTORS
 - instanceId: ch_2019-06-01_bruce_s
 - status: ASSERTED
[Diagnostic] Claim ID: 64d90547-e7e4-4858-981b-b239a1285565
 - collectionId: DIRECTORS
 - instanceId: ch_2008-01-01_buchan_c
 - status: ASSERTED
[Diagnostic] Claim ID: 6141e079-f713-48d9-ac36-a0c5bb4baaf9
 - collectionId: DIRECTORS
 - instanceId: ch_2017-08-14_chakraverty_j
 - status: ASSERTED
[Diagnostic] Claim ID: 2b8c9600-6af5-4364-80ae-dee6abaa2048
 - collectionId: DIRECTORS
 - instanceId: ch_2015-11-01_clark_c
 - status: ASSERTED
[Diagnostic] Claim ID: d3e0bd66-aafb-435e-b16f-ed1c1068bd97
 - collectionId: DIRECTORS
 - instanceId: ch_2006-03-30_crombie_a
 - status: ASSERTED
[Diagnostic] Claim ID: a9dbdf5f-e209-4704-b4a6-61c06d1115af
 - collectionId: DIRECTORS
 - instanceId: ch_2011-10-20_danon_p
 - status: ASSERTED
[Diagnostic] Claim ID: cf25e78c-c366-4f48-8c25-2538178231e9
 - collectionId: DIRECTORS
 - instanceId: ch_2018-11-01_flint_d
 - status: ASSERTED
[Diagnostic] Claim ID: 8eeaaa71-ceca-4abd-8315-53b312826bee
 - collectionId: DIRECTORS
 - instanceId: ch_2017-08-14_fusenig_g
 - status: ASSERTED
[Diagnostic] Claim ID: b873a2a1-4404-4814-8b93-99431bf749dc
 - collectionId: DIRECTORS
 - instanceId: ch_2015-11-01_gee_m
 - status: ASSERTED
[Diagnostic] Claim ID: e9caf93c-be72-4784-8916-2e32c059436c
 - collectionId: DIRECTORS
 - instanceId: ch_2017-08-14_gilbert_m
 - status: ASSERTED
[Diagnostic] Claim ID: 136d0f17-9e3a-4f49-a872-50a24c1d5c80
 - collectionId: DIRECTORS
 - instanceId: ch_unknown_gillies_c
 - status: ASSERTED
[Diagnostic] Claim ID: be5bc202-8f2d-4ada-af83-5a203e60b4b8
 - collectionId: DIRECTORS
 - instanceId: ch_2009-11-01_grigson_d
 - status: ASSERTED
[Diagnostic] Claim ID: d47dc752-3fb5-45cc-98f1-24be024d2685
 - collectionId: DIRECTORS
 - instanceId: ch_2006-03-30_grimstone_g
 - status: ASSERTED
[Diagnostic] Claim ID: 2701163c-8abe-4490-80c7-2ec53d8209e8
 - collectionId: DIRECTORS
 - instanceId: ch_2012-07-20_harwerth_e
 - status: ASSERTED
[Diagnostic] Claim ID: 2f91431f-d47e-466b-96f1-2ceaa0a91fc9
 - collectionId: DIRECTORS
 - instanceId: ch_2024-08-12_jones_i
 - status: ASSERTED
[Diagnostic] Claim ID: 5afe176d-664d-420b-937f-0b40dfc6fa97
 - collectionId: DIRECTORS
 - instanceId: ch_2024-10-01_ahuja_v
 - status: ASSERTED
[Diagnostic] Claim ID: 309de6a9-c58e-4e2e-8a25-aa0dc3b3d5a0
 - collectionId: DIRECTORS
 - instanceId: ch_2019-09-01_asquith_j
 - status: ASSERTED
[Diagnostic] Claim ID: 93c7900f-e855-4ad9-a69d-c0d8245ee748
 - collectionId: DIRECTORS
 - instanceId: ch_2024-10-01_bickerstaffe_k
 - status: ASSERTED
[Diagnostic] Claim ID: ccd95724-f7d9-4de8-a820-a225237a5751
 - collectionId: DIRECTORS
 - instanceId: ch_2025-07-21_boylan_s
 - status: ASSERTED
[Diagnostic] Claim ID: 279acd88-3e98-44a4-8013-5dd9757b0a06
 - collectionId: DIRECTORS
 - instanceId: ch_2016-07-04_devine_j
 - status: ASSERTED
[Diagnostic] Claim ID: 06150a00-6bb5-446b-94ca-c2f42b531a37
 - collectionId: DIRECTORS
 - instanceId: ch_2021-09-01_grove_h
 - status: ASSERTED
[Diagnostic] Claim ID: 3ec3abee-2922-469f-8742-c87576d9eb77
 - collectionId: DIRECTORS
 - instanceId: ch_2026-06-03_kitts_a
 - status: ASSERTED
[Diagnostic] Claim ID: 820053d2-f61e-41b8-8579-75cda9bccec2
 - collectionId: DIRECTORS
 - instanceId: ch_2026-06-03_lacaille_r
 - status: ASSERTED
[Diagnostic] Claim ID: 6dae02a0-552b-4caf-aded-74d00be96b3b
 - collectionId: DIRECTORS
 - instanceId: ch_2018-08-01_raffaeli_c
 - status: ASSERTED
[Diagnostic] Claim ID: 5182223f-6781-4552-b8a9-939257830ce3
 - collectionId: DIRECTORS
 - instanceId: ch_2023-10-23_windsor_j
 - status: ASSERTED
[Diagnostic] Claim ID: 396899d4-29ce-475d-ba67-68765290430c
 - collectionId: DIRECTORS
 - instanceId: ch_2022-10-03_baddeley_j
 - status: ASSERTED
[Diagnostic] Claim ID: 42310dd3-c4e1-4651-9a2a-dd39a517f661
 - collectionId: DIRECTORS
 - instanceId: ch_2014-10-31_gilmour_k
 - status: ASSERTED
[Diagnostic] Claim ID: cc1df133-f536-4fbc-9bdc-a0c365ed0bcb
 - collectionId: DIRECTORS
 - instanceId: ch_2024-05-17_mckenna_p
 - status: ASSERTED
[Diagnostic] Claim ID: c5c3ea8c-96e3-45c5-9824-4f72250a577e
 - collectionId: DIRECTORS
 - instanceId: ch_2006-03-30_wood_m
 - status: ASSERTED
[Diagnostic] Claim ID: be5ed276-c33e-4bc1-af18-f87717b9933f
 - collectionId: DIRECTORS
 - instanceId: ch_2005-06-30_dwcompanyserviceslimited__
 - status: ASSERTED
[Diagnostic] Claim ID: 1e3ba321-3c39-4f42-9068-d8f6dcc0c2b4
 - collectionId: DIRECTORS
 - instanceId: ch_2017-08-14_afrosenborg_j
 - status: ASSERTED
[Diagnostic] Claim ID: 7c5d94cb-fbe8-4472-8e29-4b7fcf1fbfed
 - collectionId: DIRECTORS
 - instanceId: ch_2006-03-30_atkinson_m
 - status: ASSERTED
[Diagnostic] Claim ID: 9bbff047-c6e8-49c3-8b2f-dc0e3f85a6ff
 - collectionId: DIRECTORS
 - instanceId: ch_2020-07-01_bird_s
 - status: ASSERTED
[Diagnostic] Claim ID: a4cc98ea-ab5c-4f65-acd4-e957c9c91083
 - collectionId: DIRECTORS
 - instanceId: ch_2006-03-30_blackwell_n
 - status: ASSERTED
[Diagnostic] Claim ID: 6261e42e-9b78-41ce-83bb-9b3f3ca85801
 - collectionId: DIRECTORS
 - instanceId: ch_2022-01-04_bradley_c
 - status: ASSERTED
[Diagnostic] Claim ID: 70ec3f17-7cbd-497d-9423-40967cca22ef
 - collectionId: DIRECTORS
 - instanceId: ch_2019-06-01_bruce_s
 - status: ASSERTED
[Diagnostic] Claim ID: 92163a2c-617b-4ed1-993c-2252fb8ace22
 - collectionId: DIRECTORS
 - instanceId: ch_2008-01-01_buchan_c
 - status: ASSERTED
[Diagnostic] Claim ID: b41f8eed-5906-450d-9dc9-8fbe239a4f65
 - collectionId: DIRECTORS
 - instanceId: ch_2017-08-14_chakraverty_j
 - status: ASSERTED
[Diagnostic] Claim ID: d37533cd-b73b-41ee-80e8-dfab77837353
 - collectionId: DIRECTORS
 - instanceId: ch_2015-11-01_clark_c
 - status: ASSERTED
[Diagnostic] Claim ID: 0b1ae984-ca26-4acd-9bb0-eb224a4d84c2
 - collectionId: DIRECTORS
 - instanceId: ch_2006-03-30_crombie_a
 - status: ASSERTED
[Diagnostic] Claim ID: bcd6ebd7-c258-4807-8d4e-903640de0996
 - collectionId: DIRECTORS
 - instanceId: ch_2011-10-20_danon_p
 - status: ASSERTED
[Diagnostic] Claim ID: fd390e0c-c3a8-448d-a074-6cc38c161f95
 - collectionId: DIRECTORS
 - instanceId: ch_2018-11-01_flint_d
 - status: ASSERTED
[Diagnostic] Claim ID: ff4bb876-7d69-4fe9-b917-16e5d720d124
 - collectionId: DIRECTORS
 - instanceId: ch_2017-08-14_fusenig_g
 - status: ASSERTED
[Diagnostic] Claim ID: b9cc4b07-0fc3-44d0-a860-d953b548add3
 - collectionId: DIRECTORS
 - instanceId: ch_2015-11-01_gee_m
 - status: ASSERTED
[Diagnostic] Claim ID: 6f73ca27-cc6f-4a9d-91d4-08fff7bcc3ce
 - collectionId: DIRECTORS
 - instanceId: ch_2017-08-14_gilbert_m
 - status: ASSERTED
[Diagnostic] Claim ID: 611af659-02d2-4428-aec4-dc4f08e5ede9
 - collectionId: DIRECTORS
 - instanceId: ch_unknown_gillies_c
 - status: ASSERTED
[Diagnostic] Claim ID: cf6f5875-5a14-4e64-b68b-be5e3ad266aa
 - collectionId: DIRECTORS
 - instanceId: ch_2009-11-01_grigson_d
 - status: ASSERTED
[Diagnostic] Claim ID: 48f0b061-59e4-4d45-b0d3-7e10c8cd1e4e
 - collectionId: DIRECTORS
 - instanceId: ch_2006-03-30_grimstone_g
 - status: ASSERTED
[Diagnostic] Claim ID: ba4d76b5-c186-4831-b79d-6c60f6dffb27
 - collectionId: DIRECTORS
 - instanceId: ch_2012-07-20_harwerth_e
 - status: ASSERTED
[Diagnostic] Claim ID: b2ef2637-7add-4e67-bdf8-9036484ff01d
 - collectionId: DIRECTORS
 - instanceId: ch_2017-08-14_afrosenborg_j
 - status: ASSERTED
[Diagnostic] Claim ID: 0518428f-9b55-48bf-a160-464c0e7ff91b
 - collectionId: DIRECTORS
 - instanceId: ch_2024-08-12_jones_i
 - status: ASSERTED
[Diagnostic] Claim ID: 3057d7b8-d544-4e2c-bc18-818375133690
 - collectionId: DIRECTORS
 - instanceId: ch_2024-10-01_ahuja_v
 - status: ASSERTED
[Diagnostic] Claim ID: b816deb3-099f-4dd3-8f8f-602462c72fad
 - collectionId: DIRECTORS
 - instanceId: ch_2019-09-01_asquith_j
 - status: ASSERTED
[Diagnostic] Claim ID: c18e8d3e-1e13-426c-8194-e8f14c141b1d
 - collectionId: DIRECTORS
 - instanceId: ch_2024-10-01_bickerstaffe_k
 - status: ASSERTED
[Diagnostic] Claim ID: 992e7991-2805-43f1-bd80-9557fe292c5d
 - collectionId: DIRECTORS
 - instanceId: ch_2025-07-21_boylan_s
 - status: ASSERTED
[Diagnostic] Claim ID: 12623c25-fbce-464f-bd13-09689a2adbd9
 - collectionId: DIRECTORS
 - instanceId: ch_2016-07-04_devine_j
 - status: ASSERTED
[Diagnostic] Claim ID: 1cc8b865-e5ed-4523-b59b-0d7c92fd5155
 - collectionId: DIRECTORS
 - instanceId: ch_2021-09-01_grove_h
 - status: ASSERTED
[Diagnostic] Claim ID: f4a63d4d-00ff-499b-b7d9-ced89c139f37
 - collectionId: DIRECTORS
 - instanceId: ch_2026-06-03_kitts_a
 - status: ASSERTED
[Diagnostic] Claim ID: 82a1a3df-e4f0-472d-b304-082121401bcc
 - collectionId: DIRECTORS
 - instanceId: ch_2026-06-03_lacaille_r
 - status: ASSERTED
[Diagnostic] Claim ID: db76edc3-a0ac-4cab-8d56-8cde475a44ea
 - collectionId: DIRECTORS
 - instanceId: ch_2018-08-01_raffaeli_c
 - status: ASSERTED
[Diagnostic] Claim ID: bd50912d-3b55-41d9-a9cc-2bb44c0fab24
 - collectionId: DIRECTORS
 - instanceId: ch_2023-10-23_windsor_j
 - status: ASSERTED
[Diagnostic] Claim ID: ffb96a13-d9ca-48e5-89ee-07ac6d4a4894
 - collectionId: DIRECTORS
 - instanceId: ch_2022-10-03_baddeley_j
 - status: ASSERTED
[Diagnostic] Claim ID: 886058da-a540-4a2e-becb-a9b5adb1f60c
 - collectionId: DIRECTORS
 - instanceId: ch_2014-10-31_gilmour_k
 - status: ASSERTED
[Diagnostic] Claim ID: 02628d83-933d-4d87-aaff-f01d38864aa6
 - collectionId: DIRECTORS
 - instanceId: ch_2024-05-17_mckenna_p
 - status: ASSERTED
[Diagnostic] Claim ID: 3ffcea5a-1f99-428c-ba7a-19fd6106b024
 - collectionId: DIRECTORS
 - instanceId: ch_2006-03-30_wood_m
 - status: ASSERTED
[Diagnostic] Claim ID: 93a0ab24-3f6c-449b-aae5-cf1ffe79de90
 - collectionId: DIRECTORS
 - instanceId: ch_2005-06-30_dwcompanyserviceslimited__
 - status: ASSERTED
[Diagnostic] Claim ID: fe0400ee-c46d-4bb2-87d7-96c285940f07
 - collectionId: DIRECTORS
 - instanceId: ch_2006-03-30_atkinson_m
 - status: ASSERTED
[Diagnostic] Claim ID: 87386d1a-3d97-4c67-824d-ea52341cc353
 - collectionId: DIRECTORS
 - instanceId: ch_2020-07-01_bird_s
 - status: ASSERTED
[Diagnostic] Claim ID: 3cca846d-e15b-4095-8639-49fd30ce3e95
 - collectionId: DIRECTORS
 - instanceId: ch_2006-03-30_blackwell_n
 - status: ASSERTED
[Diagnostic] Claim ID: a50ab215-9c9c-4242-a033-64d1f16c835f
 - collectionId: DIRECTORS
 - instanceId: ch_2022-01-04_bradley_c
 - status: ASSERTED
[Diagnostic] Claim ID: 62876515-a66f-4cd9-ac95-a70d9c14803e
 - collectionId: DIRECTORS
 - instanceId: ch_2019-06-01_bruce_s
 - status: ASSERTED
[Diagnostic] Claim ID: fa55a97f-93dd-44ab-b658-90add9aa6841
 - collectionId: DIRECTORS
 - instanceId: ch_2008-01-01_buchan_c
 - status: ASSERTED
[Diagnostic] Claim ID: da47e259-6044-4bb7-a1cd-28e89acbce06
 - collectionId: DIRECTORS
 - instanceId: ch_2017-08-14_chakraverty_j
 - status: ASSERTED
[Diagnostic] Claim ID: 35774bfd-1d8b-4cf1-8c31-1502987a1140
 - collectionId: DIRECTORS
 - instanceId: ch_2015-11-01_clark_c
 - status: ASSERTED
[Diagnostic] Claim ID: e41fb60a-ca31-4c55-b5c4-a611bc1d52cd
 - collectionId: DIRECTORS
 - instanceId: ch_2006-03-30_crombie_a
 - status: ASSERTED
[Diagnostic] Claim ID: cc282163-8b9d-4e30-a849-83c8aad18f13
 - collectionId: DIRECTORS
 - instanceId: ch_2011-10-20_danon_p
 - status: ASSERTED
[Diagnostic] Claim ID: 42f5e360-b896-4721-bdaf-17bba67582b0
 - collectionId: DIRECTORS
 - instanceId: ch_2018-11-01_flint_d
 - status: ASSERTED
[Diagnostic] Claim ID: c41bdfe2-006c-4294-88bb-7b37288cd3e7
 - collectionId: DIRECTORS
 - instanceId: ch_2017-08-14_fusenig_g
 - status: ASSERTED
[Diagnostic] Claim ID: e4ab009e-7b75-4b6a-837e-03727302819d
 - collectionId: DIRECTORS
 - instanceId: ch_2015-11-01_gee_m
 - status: ASSERTED
[Diagnostic] Claim ID: fcdad09c-159c-4304-b1f4-02fcaad29c91
 - collectionId: DIRECTORS
 - instanceId: ch_2017-08-14_gilbert_m
 - status: ASSERTED
[Diagnostic] Claim ID: 0544e14c-a138-4648-88b1-9d0e1ad769af
 - collectionId: DIRECTORS
 - instanceId: ch_unknown_gillies_c
 - status: ASSERTED
[Diagnostic] Claim ID: 5d091790-f602-4988-b0f8-face550e9bb7
 - collectionId: DIRECTORS
 - instanceId: ch_2009-11-01_grigson_d
 - status: ASSERTED
[Diagnostic] Claim ID: e4206efb-ce74-4458-8efa-7a1b65014a1d
 - collectionId: DIRECTORS
 - instanceId: ch_2006-03-30_grimstone_g
 - status: ASSERTED
[Diagnostic] Claim ID: f75e4360-65e4-4a59-bd50-5a2d2a8e6941
 - collectionId: DIRECTORS
 - instanceId: ch_2012-07-20_harwerth_e
 - status: ASSERTED
[Diagnostic] Claim ID: 2198f969-c920-40ca-800d-d4e38a87476e
 - collectionId: DIRECTORS
 - instanceId: ch_2023-10-05_smith_j
 - status: ASSERTED
[Diagnostic] Claim ID: aef53da0-bc70-4a28-99d7-36c664d56388
 - collectionId: DIRECTORS
 - instanceId: ch_2021-10-13_smith_j
 - status: ASSERTED
[Diagnostic] Claim ID: 681c6c10-a786-4535-9a78-6c632d23d60b
 - collectionId: DIRECTORS
 - instanceId: ch_2025-03-07_warner_j
 - status: ASSERTED
[Diagnostic] Claim ID: a3f3df48-a6b9-4dfd-9a72-80812076887f
 - collectionId: DIRECTORS
 - instanceId: ch_2023-07-10_incecocorporateserviceslimited__
 - status: ASSERTED
[Diagnostic] Claim ID: 7982683f-fa22-4c7c-9e5d-6d84991bbb12
 - collectionId: DIRECTORS
 - instanceId: ch_2018-12-21_incegdcorporateserviceslimited__
 - status: ASSERTED
[Diagnostic] Claim ID: 7be53982-990b-4c26-820c-248a08abc9ed
 - collectionId: DIRECTORS
 - instanceId: ch_2018-12-21_hare_m
 - status: ASSERTED
[Diagnostic] Claim ID: 2cf59745-bda0-49e4-ad83-cc2f3607a857
 - collectionId: DIRECTORS
 - instanceId: ch_2018-12-21_zzoommgrouplimited__
 - status: ASSERTED
[Diagnostic] Claim ID: 776c50a9-9124-473c-80f6-62130024b72d
 - collectionId: DIRECTORS
 - instanceId: ch_2018-12-21_hare_m
 - status: ASSERTED
[Diagnostic] Claim ID: 170d2feb-4acd-4900-a18b-2675e641fd39
 - collectionId: DIRECTORS
 - instanceId: ch_2018-12-21_zzoommgrouplimited__
 - status: ASSERTED
[Diagnostic] Claim ID: 45c93dad-610e-4929-a379-87c0fe7cd809
 - collectionId: DIRECTORS
 - instanceId: ch_2023-10-05_smith_j
 - status: ASSERTED
[Diagnostic] Claim ID: 992d6e02-de0a-42a8-91a0-cac0ce44d097
 - collectionId: DIRECTORS
 - instanceId: ch_2021-10-13_smith_j
 - status: ASSERTED
[Diagnostic] Claim ID: 44450269-13b5-4d05-b327-08eb0b0d3f18
 - collectionId: DIRECTORS
 - instanceId: ch_2025-03-07_warner_j
 - status: ASSERTED
[Diagnostic] Claim ID: 03d2ba39-7e5b-45df-a6d5-a9b11b4d26ec
 - collectionId: DIRECTORS
 - instanceId: ch_2023-07-10_incecocorporateserviceslimited__
 - status: ASSERTED
[Diagnostic] Claim ID: 64084855-7023-455c-97c1-0b2dd5def145
 - collectionId: DIRECTORS
 - instanceId: ch_2018-12-21_incegdcorporateserviceslimited__
 - status: ASSERTED
[Diagnostic] Claim ID: c697fcff-6847-4274-9095-4ee42fc07402
 - collectionId: DIRECTORS
 - instanceId: ch_2018-12-21_hare_m
 - status: ASSERTED
[Diagnostic] Claim ID: 732054c3-3350-493b-b553-c295aa15a399
 - collectionId: DIRECTORS
 - instanceId: ch_2018-12-21_zzoommgrouplimited__
 - status: ASSERTED
[Diagnostic] Claim ID: 6429dac3-d19c-4892-ba21-d919850130f9
 - collectionId: DIRECTORS
 - instanceId: ch_2023-10-05_smith_j
 - status: ASSERTED
[Diagnostic] Claim ID: 5d57f766-c2a2-46d4-8290-1c88f0b149ac
 - collectionId: DIRECTORS
 - instanceId: ch_2023-10-05_smith_j
 - status: ASSERTED
[Diagnostic] Claim ID: 431ad77f-8e9c-4c8f-9a88-fee7aa12944c
 - collectionId: DIRECTORS
 - instanceId: ch_2021-10-13_smith_j
 - status: ASSERTED
[Diagnostic] Claim ID: 94381b34-e1b5-41e8-a633-6d17d2896c0b
 - collectionId: DIRECTORS
 - instanceId: ch_2025-03-07_warner_j
 - status: ASSERTED
[Diagnostic] Claim ID: 8d35fd15-5958-4b0d-9217-e12866a0a417
 - collectionId: DIRECTORS
 - instanceId: ch_2023-07-10_incecocorporateserviceslimited__
 - status: ASSERTED
[Diagnostic] Claim ID: 28ed73be-2f03-456e-9e64-adf2155e8444
 - collectionId: DIRECTORS
 - instanceId: ch_2018-12-21_incegdcorporateserviceslimited__
 - status: ASSERTED
[Diagnostic] Claim ID: 0bc13fce-7c12-44f0-b2bd-a11deb22bd38
 - collectionId: DIRECTORS
 - instanceId: ch_2018-12-21_hare_m
 - status: ASSERTED
[Diagnostic] Claim ID: 9b43afd8-3cbb-44e4-91cd-a7930663dea2
 - collectionId: DIRECTORS
 - instanceId: ch_2018-12-21_zzoommgrouplimited__
 - status: ASSERTED
[Diagnostic] Claim ID: 6e5d6b02-bcac-4170-a7f3-20f1c444ea8a
 - collectionId: DIRECTORS
 - instanceId: ch_2018-12-21_hare_m
 - status: ASSERTED
[Diagnostic] Claim ID: 019692f8-22cb-4761-bc47-b954335aa8f3
 - collectionId: DIRECTORS
 - instanceId: ch_2018-12-21_zzoommgrouplimited__
 - status: ASSERTED
[Diagnostic] Claim ID: 5a540a4e-b3b5-47c0-bcdb-f105bd03632d
 - collectionId: DIRECTORS
 - instanceId: ch_2023-10-05_smith_j
 - status: ASSERTED
[Diagnostic] Claim ID: 3bc7c86c-1489-4f1e-a48d-6e65bdecb678
 - collectionId: DIRECTORS
 - instanceId: ch_2021-10-13_smith_j
 - status: ASSERTED
[Diagnostic] Claim ID: aecd507f-8a11-42ca-ae54-31e5f50b49dc
 - collectionId: DIRECTORS
 - instanceId: ch_2025-03-07_warner_j
 - status: ASSERTED
[Diagnostic] Claim ID: f93328e9-b0e9-49a2-a799-af425d9e83d4
 - collectionId: DIRECTORS
 - instanceId: ch_2023-07-10_incecocorporateserviceslimited__
 - status: ASSERTED
[Diagnostic] Claim ID: 0504e617-0378-4489-a234-607891a09f76
 - collectionId: DIRECTORS
 - instanceId: ch_2018-12-21_incegdcorporateserviceslimited__
 - status: ASSERTED
[Diagnostic] Claim ID: 383f9057-ada6-42dc-be0c-4e797bccc643
 - collectionId: DIRECTORS
 - instanceId: ch_2018-12-21_hare_m
 - status: ASSERTED
[Diagnostic] Claim ID: e8b8b55b-8fa4-49c4-a282-ff3a9f1b4c0c
 - collectionId: DIRECTORS
 - instanceId: ch_2018-12-21_zzoommgrouplimited__
 - status: ASSERTED
[Diagnostic] Claim ID: 3c746533-923e-4476-af00-efae8ef237dd
 - collectionId: DIRECTORS
 - instanceId: ch_2023-10-05_smith_j
 - status: ASSERTED
[Diagnostic] Claim ID: 63679e49-a5e4-49df-a23e-e5429c35fe7b
 - collectionId: DIRECTORS
 - instanceId: ch_2021-10-13_smith_j
 - status: ASSERTED
[Diagnostic] Claim ID: 71957a47-6bae-48cd-b70a-eab302ef9e8b
 - collectionId: DIRECTORS
 - instanceId: ch_2025-03-07_warner_j
 - status: ASSERTED
[Diagnostic] Claim ID: a066ca59-cc41-44de-ac3b-6e9894a0a1da
 - collectionId: DIRECTORS
 - instanceId: ch_2023-07-10_incecocorporateserviceslimited__
 - status: ASSERTED
[Diagnostic] Claim ID: c19a0fb6-e124-46c4-b949-a2337c52b1a0
 - collectionId: DIRECTORS
 - instanceId: ch_2018-12-21_incegdcorporateserviceslimited__
 - status: ASSERTED
[Diagnostic] Claim ID: 376259c5-55a4-42aa-9539-538c86115b5c
 - collectionId: DIRECTORS
 - instanceId: ch_2023-10-05_smith_j
 - status: ASSERTED
[Diagnostic] Claim ID: c2da8da9-4240-42e3-9c17-19765097f598
 - collectionId: DIRECTORS
 - instanceId: ch_2021-10-13_smith_j
 - status: ASSERTED
[Diagnostic] Claim ID: a83b7094-b7db-4d98-8de1-315320be8c03
 - collectionId: DIRECTORS
 - instanceId: ch_2025-03-07_warner_j
 - status: ASSERTED
[Diagnostic] Claim ID: f5906aa9-8c31-4a3d-b760-522317326de8
 - collectionId: DIRECTORS
 - instanceId: ch_2023-07-10_incecocorporateserviceslimited__
 - status: ASSERTED
[Diagnostic] Claim ID: 7ede8760-8bce-467d-8067-8b014f4435a4
 - collectionId: DIRECTORS
 - instanceId: ch_2018-12-21_incegdcorporateserviceslimited__
 - status: ASSERTED
[Diagnostic] Claim ID: b9b52bdc-fa0b-4eeb-beb6-227ff70a9cd0
 - collectionId: DIRECTORS
 - instanceId: ch_2018-12-21_hare_m
 - status: ASSERTED
[Diagnostic] Claim ID: 7c1f87bf-df32-4472-9100-6e4597e8b51e
 - collectionId: DIRECTORS
 - instanceId: ch_2018-12-21_zzoommgrouplimited__
 - status: ASSERTED
[Diagnostic] Claim ID: 26d5d1c9-77ee-49a5-93a6-48a4f69f3483
 - collectionId: DIRECTORS
 - instanceId: ch_2023-10-05_smith_j
 - status: ASSERTED
[Diagnostic] Claim ID: e263ac2f-b88a-4685-8b41-0bce0cb25a3d
 - collectionId: DIRECTORS
 - instanceId: ch_2021-10-13_smith_j
 - status: ASSERTED
[Diagnostic] Claim ID: 69e1f518-29ba-4bed-864d-b42f39cd5192
 - collectionId: DIRECTORS
 - instanceId: ch_2025-03-07_warner_j
 - status: ASSERTED
[Diagnostic] Claim ID: 2e784a1d-fb6d-4ab1-b682-29cedc2f8e4b
 - collectionId: DIRECTORS
 - instanceId: ch_2023-07-10_incecocorporateserviceslimited__
 - status: ASSERTED
[Diagnostic] Claim ID: c0756eea-c02e-47e2-8559-232accb8326d
 - collectionId: DIRECTORS
 - instanceId: ch_2018-12-21_incegdcorporateserviceslimited__
 - status: ASSERTED
[Diagnostic] Claim ID: 49d6ea12-6d15-400a-b8d3-6aa7b434b5f7
 - collectionId: DIRECTORS
 - instanceId: ch_2018-12-21_hare_m
 - status: ASSERTED
[Diagnostic] Claim ID: bbffafdc-20e8-474e-b578-d8eaae423171
 - collectionId: DIRECTORS
 - instanceId: ch_2018-12-21_zzoommgrouplimited__
 - status: ASSERTED
[Diagnostic] Claim ID: 450cf1ae-cbf1-4e69-9e04-e813e96cfc7d
 - collectionId: DIRECTORS
 - instanceId: ch_2023-10-05_smith_j
 - status: ASSERTED
[Diagnostic] Claim ID: 1d5d944a-2071-4b77-91cd-821cf6193d68
 - collectionId: DIRECTORS
 - instanceId: ch_2021-10-13_smith_j
 - status: ASSERTED
[Diagnostic] Claim ID: e94862db-07c8-4cad-a459-8d060a9fb50f
 - collectionId: DIRECTORS
 - instanceId: ch_2025-03-07_warner_j
 - status: ASSERTED
[Diagnostic] Claim ID: 5345fccd-2d8b-47eb-be56-029f96050e19
 - collectionId: DIRECTORS
 - instanceId: ch_2018-12-21_incegdcorporateserviceslimited__
 - status: ASSERTED
[Diagnostic] Claim ID: 8fbac726-81d1-4f50-9015-0c3e1702e665
 - collectionId: DIRECTORS
 - instanceId: ch_2018-12-21_hare_m
 - status: ASSERTED
[Diagnostic] Claim ID: d85c0eee-d525-45ae-bb51-b59e0e319b2d
 - collectionId: DIRECTORS
 - instanceId: ch_2018-12-21_zzoommgrouplimited__
 - status: ASSERTED
[Diagnostic] Claim ID: bfa6b8b2-c9fd-444e-90a3-0abb5bf3815b
 - collectionId: DIRECTORS
 - instanceId: ch_2023-10-05_smith_j
 - status: ASSERTED
[Diagnostic] Claim ID: 50e256cb-cc7e-4312-a578-164d122e8f1d
 - collectionId: DIRECTORS
 - instanceId: ch_2021-10-13_smith_j
 - status: ASSERTED
[Diagnostic] Claim ID: 84e64e74-8f4d-493f-b282-8816b7cb867a
 - collectionId: DIRECTORS
 - instanceId: ch_2025-03-07_warner_j
 - status: ASSERTED
[Diagnostic] Claim ID: c8b17031-76d6-43b1-83b0-def7a3741e56
 - collectionId: DIRECTORS
 - instanceId: ch_2023-07-10_incecocorporateserviceslimited__
 - status: ASSERTED
[Diagnostic] Claim ID: a0204b5d-127f-4d07-a1d6-40ef25349651
 - collectionId: DIRECTORS
 - instanceId: ch_2018-12-21_incegdcorporateserviceslimited__
 - status: ASSERTED
[Diagnostic] Claim ID: fa18b9b5-13f3-4bed-8a5a-6b497e27c618
 - collectionId: DIRECTORS
 - instanceId: ch_2018-12-21_hare_m
 - status: ASSERTED
[Diagnostic] Claim ID: 70af95c6-4a47-45a8-98f7-ea6236b4225c
 - collectionId: DIRECTORS
 - instanceId: ch_2018-12-21_zzoommgrouplimited__
 - status: ASSERTED
[Diagnostic] Claim ID: cb10c5ac-b8d8-4853-95ae-70b0950dd052
 - collectionId: DIRECTORS
 - instanceId: ch_2023-10-05_smith_j
 - status: ASSERTED
[Diagnostic] Claim ID: 80d0f698-f20a-4639-9485-76395c1dfce9
 - collectionId: DIRECTORS
 - instanceId: ch_2021-10-13_smith_j
 - status: ASSERTED
[Diagnostic] Claim ID: 728230f2-24e0-4f43-ae51-c4ff8e9b7404
 - collectionId: DIRECTORS
 - instanceId: ch_2025-03-07_warner_j
 - status: ASSERTED
[Diagnostic] Claim ID: 3cb615df-5763-41d4-bc3a-9a15d087f3ab
 - collectionId: DIRECTORS
 - instanceId: ch_2023-07-10_incecocorporateserviceslimited__
 - status: ASSERTED
[Diagnostic] Claim ID: ede6a9a3-ff51-49e5-a39e-3f237c9d507d
 - collectionId: DIRECTORS
 - instanceId: ch_2018-12-21_incegdcorporateserviceslimited__
 - status: ASSERTED
[Diagnostic] Claim ID: ebb2d325-c278-45a9-ba8a-4c0056b31dff
 - collectionId: DIRECTORS
 - instanceId: ch_2018-12-21_hare_m
 - status: ASSERTED
[Diagnostic] Claim ID: 8bfa9445-1f07-4f20-876d-36aa78e085b5
 - collectionId: DIRECTORS
 - instanceId: ch_2018-12-21_zzoommgrouplimited__
 - status: ASSERTED
[Diagnostic] Claim ID: d5d33412-9fe2-4c21-be3f-9376eb4d590b
 - collectionId: DIRECTORS
 - instanceId: ch_2023-07-10_incecocorporateserviceslimited__
 - status: ASSERTED
[Diagnostic] Claim ID: 69f37001-d3ce-4ff7-9379-c3acba2d4be6
 - collectionId: DIRECTORS
 - instanceId: ch_2023-10-05_smith_j
 - status: ASSERTED
[Diagnostic] Claim ID: 5e43660e-ed7d-4462-80da-e1fc3a3f1e6f
 - collectionId: DIRECTORS
 - instanceId: ch_2021-10-13_smith_j
 - status: ASSERTED
[Diagnostic] Claim ID: 35e3eb1b-c84f-498d-be05-33c8e3162a94
 - collectionId: DIRECTORS
 - instanceId: ch_2025-03-07_warner_j
 - status: ASSERTED
[Diagnostic] Claim ID: 75aa3793-af6a-4cc8-bf4c-490d2d846ebf
 - collectionId: DIRECTORS
 - instanceId: ch_2023-07-10_incecocorporateserviceslimited__
 - status: ASSERTED
[Diagnostic] Claim ID: 224b5afd-92b0-4b4b-98b4-97d5ec5b1cf5
 - collectionId: DIRECTORS
 - instanceId: ch_2018-12-21_incegdcorporateserviceslimited__
 - status: ASSERTED
[Diagnostic] Claim ID: 854771c5-dd4e-460d-b861-004a6bd616b5
 - collectionId: DIRECTORS
 - instanceId: ch_2018-12-21_hare_m
 - status: ASSERTED
[Diagnostic] Claim ID: abf2d1f4-c336-45fb-a70d-4dd21f8d7bc6
 - collectionId: DIRECTORS
 - instanceId: ch_2018-12-21_zzoommgrouplimited__
 - status: ASSERTED
[Diagnostic] Claim ID: de39b15e-819a-4b65-9b48-acfd3022bfab
 - collectionId: DIRECTORS
 - instanceId: ch_2023-10-05_smith_j
 - status: ASSERTED
[Diagnostic] Claim ID: 00d14aca-29ac-4041-a93d-08965d37e672
 - collectionId: DIRECTORS
 - instanceId: ch_2021-10-13_smith_j
 - status: ASSERTED
[Diagnostic] Claim ID: 780892a9-7710-4e9e-ad2e-cfa4a1d3e739
 - collectionId: DIRECTORS
 - instanceId: ch_2025-03-07_warner_j
 - status: ASSERTED
[Diagnostic] Claim ID: 81cef86f-4328-4a13-b198-d32ea17cc74f
 - collectionId: DIRECTORS
 - instanceId: ch_2023-07-10_incecocorporateserviceslimited__
 - status: ASSERTED
[Diagnostic] Claim ID: ec37cc8c-d869-4a7d-a0c9-aade019001df
 - collectionId: DIRECTORS
 - instanceId: ch_2018-12-21_incegdcorporateserviceslimited__
 - status: ASSERTED
[Diagnostic] Claim ID: b775f3b4-872e-44f6-91f3-4cbbe66d1361
 - collectionId: DIRECTORS
 - instanceId: ch_2018-12-21_hare_m
 - status: ASSERTED
[Diagnostic] Claim ID: e8e423dd-c6e5-41e7-a599-b8519cabdc3e
 - collectionId: DIRECTORS
 - instanceId: ch_2018-12-21_zzoommgrouplimited__
 - status: ASSERTED
[Diagnostic] Claim ID: b9d50e8c-5147-4020-8344-97503959dbe1
 - collectionId: DIRECTORS
 - instanceId: ch_2023-10-05_smith_j
 - status: ASSERTED
[Diagnostic] Claim ID: 75168f24-2738-40cb-b731-7c3c7376cf0d
 - collectionId: DIRECTORS
 - instanceId: ch_2021-10-13_smith_j
 - status: ASSERTED
[Diagnostic] Claim ID: d76539e7-1daa-4171-a7d6-8de5156e4461
 - collectionId: DIRECTORS
 - instanceId: ch_2025-03-07_warner_j
 - status: ASSERTED
[Diagnostic] Claim ID: 0e587503-a773-47d3-b9bf-c0799763f85e
 - collectionId: DIRECTORS
 - instanceId: ch_2023-07-10_incecocorporateserviceslimited__
 - status: ASSERTED
[Diagnostic] Claim ID: 841dc0e6-4c0a-4149-a317-8e63ab67a342
 - collectionId: DIRECTORS
 - instanceId: ch_2018-12-21_incegdcorporateserviceslimited__
 - status: ASSERTED
[Diagnostic] Claim ID: de525ebe-784f-46ff-a203-40e5394af2ae
 - collectionId: DIRECTORS
 - instanceId: ch_2018-12-21_hare_m
 - status: ASSERTED
[Diagnostic] Claim ID: 55d31e57-63b7-41c8-a218-baac6d4746ba
 - collectionId: DIRECTORS
 - instanceId: ch_2018-12-21_zzoommgrouplimited__
 - status: ASSERTED
[Diagnostic] Claim ID: b7d1d849-e928-48d1-b65c-509340b2ecb1
 - collectionId: DIRECTORS
 - instanceId: ch_2023-10-05_smith_j
 - status: ASSERTED
[Diagnostic] Claim ID: 16b715b4-02d8-4d14-bf5b-da8f61a92ab5
 - collectionId: DIRECTORS
 - instanceId: ch_2021-10-13_smith_j
 - status: ASSERTED
[Diagnostic] Claim ID: 40c2c4c4-c78d-4d52-80b5-64010d982232
 - collectionId: DIRECTORS
 - instanceId: ch_2025-03-07_warner_j
 - status: ASSERTED
[Diagnostic] Claim ID: 629215f4-2767-4617-b4fb-6f4bb57e7b40
 - collectionId: DIRECTORS
 - instanceId: ch_2023-07-10_incecocorporateserviceslimited__
 - status: ASSERTED
[Diagnostic] Claim ID: 90ee1c10-a271-4c1d-8a91-a71b4967c27f
 - collectionId: DIRECTORS
 - instanceId: ch_2018-12-21_incegdcorporateserviceslimited__
 - status: ASSERTED
[Diagnostic] Claim ID: 317b0580-06ea-434b-9c2d-fc799a4af06b
 - collectionId: DIRECTORS
 - instanceId: ch_2018-12-21_hare_m
 - status: ASSERTED
[Diagnostic] Claim ID: 98817b29-8cee-4fef-8f4e-eb6413cfd7ae
 - collectionId: DIRECTORS
 - instanceId: ch_2018-12-21_zzoommgrouplimited__
 - status: ASSERTED
[Diagnostic] Claim ID: 27dd25b2-b45c-429f-a35c-1a913bbb6912
 - collectionId: DIRECTORS
 - instanceId: ch_2023-10-05_smith_j
 - status: ASSERTED
[Diagnostic] Claim ID: a6c6ead4-f6c2-44a8-827a-fe6c593eeda1
 - collectionId: DIRECTORS
 - instanceId: ch_2021-10-13_smith_j
 - status: ASSERTED
[Diagnostic] Claim ID: c34e3d3e-231e-4ff3-926a-4a9b6dac98ba
 - collectionId: DIRECTORS
 - instanceId: ch_2025-03-07_warner_j
 - status: ASSERTED
[Diagnostic] Claim ID: bc65c0d6-ae35-45ec-8d21-e082bf25814f
 - collectionId: DIRECTORS
 - instanceId: ch_2023-07-10_incecocorporateserviceslimited__
 - status: ASSERTED
[Diagnostic] Claim ID: 1f3bfb91-40ce-4bc5-816b-ecaad333f54f
 - collectionId: DIRECTORS
 - instanceId: ch_2018-12-21_incegdcorporateserviceslimited__
 - status: ASSERTED
[Diagnostic] Claim ID: f21e2421-71c8-4f65-9dab-f4d8c022b66a
 - collectionId: DIRECTORS
 - instanceId: ch_2018-12-21_hare_m
 - status: ASSERTED
[Diagnostic] Claim ID: 9a1d34ff-8b6f-40a6-8a1b-6cbdf6916346
 - collectionId: DIRECTORS
 - instanceId: ch_2018-12-21_zzoommgrouplimited__
 - status: ASSERTED
[Diagnostic] Claim ID: 7d2a7608-4c97-4cd3-b28c-fc6a1ade5c5a
 - collectionId: DIRECTORS
 - instanceId: ch_2021-10-13_smith_j
 - status: ASSERTED
[Diagnostic] Claim ID: 4e64c4d5-e3ff-4085-b93b-38edd41274d8
 - collectionId: DIRECTORS
 - instanceId: ch_2025-03-07_warner_j
 - status: ASSERTED
[Diagnostic] Claim ID: 820d43e6-8482-4ac7-adb7-7dd9ed5db1d1
 - collectionId: DIRECTORS
 - instanceId: ch_2023-07-10_incecocorporateserviceslimited__
 - status: ASSERTED
[Diagnostic] Claim ID: 5d6d1e6e-8844-497d-b35b-fc87ba9d850b
 - collectionId: DIRECTORS
 - instanceId: ch_2018-12-21_incegdcorporateserviceslimited__
 - status: ASSERTED
[Diagnostic] Claim ID: 8aa5c9f1-c572-4b93-a95e-999f0ae21a15
 - collectionId: DIRECTORS
 - instanceId: ch_2023-10-05_smith_j
 - status: ASSERTED
[Diagnostic] Claim ID: 7966c14c-2224-4416-9b51-fa25ab712d72
 - collectionId: DIRECTORS
 - instanceId: ch_2021-10-13_smith_j
 - status: ASSERTED
[Diagnostic] Claim ID: 6af82ad2-0cf0-433b-9178-1d8393475e0c
 - collectionId: DIRECTORS
 - instanceId: ch_2025-03-07_warner_j
 - status: ASSERTED
[Diagnostic] Claim ID: 1b111c18-5dc5-40ff-a212-1cc06e205cda
 - collectionId: DIRECTORS
 - instanceId: ch_2023-07-10_incecocorporateserviceslimited__
 - status: ASSERTED
[Diagnostic] Claim ID: 184c0746-33fd-46d8-bd53-b06dea82633d
 - collectionId: DIRECTORS
 - instanceId: ch_2018-12-21_incegdcorporateserviceslimited__
 - status: ASSERTED
[Diagnostic] Claim ID: 7608e297-a2fd-4162-b808-00488cf32077
 - collectionId: DIRECTORS
 - instanceId: ch_2018-12-21_hare_m
 - status: ASSERTED
[Diagnostic] Claim ID: 0296e78d-dbca-4f17-a99a-b071ed4b3493
 - collectionId: DIRECTORS
 - instanceId: ch_2018-12-21_zzoommgrouplimited__
 - status: ASSERTED
[Diagnostic] Claim ID: 7b5e529f-0dcd-45b5-a713-5a6bd3df4504
 - collectionId: DIRECTORS
 - instanceId: ch_2023-10-05_smith_j
 - status: ASSERTED
[Diagnostic] Claim ID: 3cb02c24-8d2d-40a0-9416-ca3780d20daf
 - collectionId: DIRECTORS
 - instanceId: ch_2021-10-13_smith_j
 - status: ASSERTED
[Diagnostic] Claim ID: a6872c44-b63d-4bc1-a9fe-018cbb24e9a8
 - collectionId: DIRECTORS
 - instanceId: ch_2025-03-07_warner_j
 - status: ASSERTED
[Diagnostic] Claim ID: 63944772-a35d-48f0-b7d2-ba04bd6208d7
 - collectionId: DIRECTORS
 - instanceId: ch_2023-07-10_incecocorporateserviceslimited__
 - status: ASSERTED
[Diagnostic] Claim ID: cf21bd56-aab8-49cc-96ff-0960e8203b85
 - collectionId: DIRECTORS
 - instanceId: ch_2018-12-21_incegdcorporateserviceslimited__
 - status: ASSERTED
[Diagnostic] Claim ID: e3d22868-0d56-40ed-ad5f-d37277965fad
 - collectionId: DIRECTORS
 - instanceId: ch_2018-12-21_hare_m
 - status: ASSERTED
[Diagnostic] Claim ID: 492dd0a0-1542-46bb-a0aa-ab85e468aee6
 - collectionId: DIRECTORS
 - instanceId: ch_2018-12-21_zzoommgrouplimited__
 - status: ASSERTED
[Diagnostic] Claim ID: 1995c2d7-b4c6-41f8-be96-0ec7feb38285
 - collectionId: DIRECTORS
 - instanceId: ch_2023-10-05_smith_j
 - status: ASSERTED
[Diagnostic] Claim ID: 22effa61-0bda-4b25-8bc3-97e92b23c825
 - collectionId: DIRECTORS
 - instanceId: ch_2021-10-13_smith_j
 - status: ASSERTED
[Diagnostic] Claim ID: b13f8ebd-8542-4505-ac85-34d7c03a026a
 - collectionId: DIRECTORS
 - instanceId: ch_2025-03-07_warner_j
 - status: ASSERTED
[Diagnostic] Claim ID: 08684ba4-8245-4740-88c8-640651e3b1ad
 - collectionId: DIRECTORS
 - instanceId: ch_2018-12-21_incegdcorporateserviceslimited__
 - status: ASSERTED
[Diagnostic] Claim ID: 0ca1b35e-9969-4ec7-9d2c-48dd307db19d
 - collectionId: DIRECTORS
 - instanceId: ch_2018-12-21_hare_m
 - status: ASSERTED
[Diagnostic] Claim ID: c48ccee7-d0e4-42dd-8e88-93991c9a6ef0
 - collectionId: DIRECTORS
 - instanceId: ch_2018-12-21_zzoommgrouplimited__
 - status: ASSERTED
[Diagnostic] Claim ID: b4d5bad2-2513-4e91-8283-3e98ce666633
 - collectionId: DIRECTORS
 - instanceId: ch_2023-10-05_smith_j
 - status: ASSERTED
[Diagnostic] Claim ID: 092af79b-dfb7-4824-9ec3-eb14ab55d302
 - collectionId: DIRECTORS
 - instanceId: ch_2021-10-13_smith_j
 - status: ASSERTED
[Diagnostic] Claim ID: 17c38ed0-d511-4da0-8144-897550daa338
 - collectionId: DIRECTORS
 - instanceId: ch_2025-03-07_warner_j
 - status: ASSERTED
[Diagnostic] Claim ID: ad0aef04-ce5c-4d7e-9ad1-eb5da312ea54
 - collectionId: DIRECTORS
 - instanceId: ch_2023-07-10_incecocorporateserviceslimited__
 - status: ASSERTED
[Diagnostic] Claim ID: 5011c2ae-3193-43cf-8ffc-3caef81131b7
 - collectionId: DIRECTORS
 - instanceId: ch_2018-12-21_incegdcorporateserviceslimited__
 - status: ASSERTED
[Diagnostic] Claim ID: 782114b9-6d24-405f-b685-9d33c386414e
 - collectionId: DIRECTORS
 - instanceId: ch_2018-12-21_hare_m
 - status: ASSERTED
[Diagnostic] Claim ID: ea3cb783-39f6-418a-8b50-14eb5d0cb95a
 - collectionId: DIRECTORS
 - instanceId: ch_2018-12-21_zzoommgrouplimited__
 - status: ASSERTED
[Diagnostic] Claim ID: d2da55f4-8903-430d-bb2b-84b169472af7
 - collectionId: DIRECTORS
 - instanceId: ch_2023-10-05_smith_j
 - status: ASSERTED
[Diagnostic] Claim ID: 63bb014e-7e7b-41d3-bc06-b502f34ac791
 - collectionId: DIRECTORS
 - instanceId: ch_2021-10-13_smith_j
 - status: ASSERTED
[Diagnostic] Claim ID: 39f5dcc7-9ac2-4b03-8ab4-81160bd2195a
 - collectionId: DIRECTORS
 - instanceId: ch_2025-03-07_warner_j
 - status: ASSERTED
[Diagnostic] Claim ID: 334fd3b1-2213-4080-9b36-f997dcfe4aa2
 - collectionId: DIRECTORS
 - instanceId: ch_2023-07-10_incecocorporateserviceslimited__
 - status: ASSERTED
[Diagnostic] Claim ID: 8f3d8255-c447-4c95-a01d-3ec0f7a12666
 - collectionId: DIRECTORS
 - instanceId: ch_2018-12-21_incegdcorporateserviceslimited__
 - status: ASSERTED
[Diagnostic] Claim ID: 52beff55-d60a-4dc7-9043-794025a20919
 - collectionId: DIRECTORS
 - instanceId: ch_2018-12-21_hare_m
 - status: ASSERTED
[Diagnostic] Claim ID: aa797503-523f-4e55-8370-deb23a3e72dc
 - collectionId: DIRECTORS
 - instanceId: ch_2018-12-21_zzoommgrouplimited__
 - status: ASSERTED
[Diagnostic] Claim ID: bc86fc7b-a447-47fe-bcf3-cb847afa977b
 - collectionId: DIRECTORS
 - instanceId: ch_2023-07-10_incecocorporateserviceslimited__
 - status: ASSERTED
[Diagnostic] Claim ID: 03ee934c-7f31-4993-8de0-30c29148006c
 - collectionId: DIRECTORS
 - instanceId: ch_2023-10-05_smith_j
 - status: ASSERTED
[Diagnostic] Claim ID: 491d032e-104b-4471-be98-1c2feb4c4453
 - collectionId: DIRECTORS
 - instanceId: ch_2021-10-13_smith_j
 - status: ASSERTED
[Diagnostic] Claim ID: b24de15e-c96f-4b8c-8cef-c2f32320f606
 - collectionId: DIRECTORS
 - instanceId: ch_2023-10-05_smith_j
 - status: ASSERTED
[Diagnostic] Claim ID: e4b15c66-13d0-4d16-b861-b3236690de5f
 - collectionId: DIRECTORS
 - instanceId: ch_2021-10-13_smith_j
 - status: ASSERTED
[Diagnostic] Claim ID: e9a13e9d-5faa-4f09-bf84-06888fb1d9e9
 - collectionId: DIRECTORS
 - instanceId: ch_2025-03-07_warner_j
 - status: ASSERTED
[Diagnostic] Claim ID: c5aa2343-7aa0-41c7-8efc-742fa5acda34
 - collectionId: DIRECTORS
 - instanceId: ch_2023-07-10_incecocorporateserviceslimited__
 - status: ASSERTED
[Diagnostic] Claim ID: 1e87998b-ae0f-450b-9781-b6b5a2f2ab8d
 - collectionId: DIRECTORS
 - instanceId: ch_2018-12-21_incegdcorporateserviceslimited__
 - status: ASSERTED
[Diagnostic] Claim ID: c9ec10d7-9b69-44ee-ae00-6d6e7a97c807
 - collectionId: DIRECTORS
 - instanceId: ch_2018-12-21_hare_m
 - status: ASSERTED
[Diagnostic] Claim ID: 600a7cc6-4ee5-4710-9da6-c9edf3f9fece
 - collectionId: DIRECTORS
 - instanceId: ch_2018-12-21_zzoommgrouplimited__
 - status: ASSERTED
[Diagnostic] Claim ID: dfbffab8-73d9-4567-bd55-1159af1fb6f5
 - collectionId: DIRECTORS
 - instanceId: ch_2018-12-21_hare_m
 - status: ASSERTED
[Diagnostic] Claim ID: 9bc5c0dc-0377-4cb2-9955-d37fdea5ef5b
 - collectionId: DIRECTORS
 - instanceId: ch_2018-12-21_zzoommgrouplimited__
 - status: ASSERTED
[Diagnostic] Claim ID: da5003c0-e1ed-4cb0-b843-779514eb3fd7
 - collectionId: DIRECTORS
 - instanceId: ch_2023-10-05_smith_j
 - status: ASSERTED
[Diagnostic] Claim ID: d017c040-f9cc-4d9f-85d8-37e0a9478487
 - collectionId: DIRECTORS
 - instanceId: ch_2021-10-13_smith_j
 - status: ASSERTED
[Diagnostic] Claim ID: 27512ba9-468a-43b6-bd4b-be373ab33b95
 - collectionId: DIRECTORS
 - instanceId: ch_2025-03-07_warner_j
 - status: ASSERTED
[Diagnostic] Claim ID: 7b457196-21de-46e7-b0d0-5963bd4cf4ab
 - collectionId: DIRECTORS
 - instanceId: ch_2023-07-10_incecocorporateserviceslimited__
 - status: ASSERTED
[Diagnostic] Claim ID: 5d2e46e7-58f7-48e1-94ca-9d0264ddb20c
 - collectionId: DIRECTORS
 - instanceId: ch_2018-12-21_incegdcorporateserviceslimited__
 - status: ASSERTED
[Diagnostic] Claim ID: 05619037-b5bd-4566-ae0c-e264a4315c3a
 - collectionId: DIRECTORS
 - instanceId: ch_2018-12-21_hare_m
 - status: ASSERTED
[Diagnostic] Claim ID: 3233d38e-55fb-4d93-8112-b907bc328b8a
 - collectionId: DIRECTORS
 - instanceId: ch_2018-12-21_zzoommgrouplimited__
 - status: ASSERTED
[Diagnostic] Claim ID: 6f127110-8b3b-4887-87ed-a78b4223e823
 - collectionId: DIRECTORS
 - instanceId: ch_2023-10-05_smith_j
 - status: ASSERTED
[Diagnostic] Claim ID: b764e0dc-ea39-4622-a191-c1b6c272a8b6
 - collectionId: DIRECTORS
 - instanceId: ch_2021-10-13_smith_j
 - status: ASSERTED
[Diagnostic] Claim ID: ebd4e1b0-1732-4eb6-9e22-dce23fdfc832
 - collectionId: DIRECTORS
 - instanceId: ch_2025-03-07_warner_j
 - status: ASSERTED
[Diagnostic] Claim ID: 2019e838-46f3-4ee3-9789-ddb2c0df62e5
 - collectionId: DIRECTORS
 - instanceId: ch_2023-07-10_incecocorporateserviceslimited__
 - status: ASSERTED
[Diagnostic] Claim ID: 58034c1c-cc29-4f50-a3f5-fddee3e555d9
 - collectionId: DIRECTORS
 - instanceId: ch_2018-12-21_incegdcorporateserviceslimited__
 - status: ASSERTED
[Diagnostic] Claim ID: ca4724b3-1041-466b-b834-2e052e440747
 - collectionId: DIRECTORS
 - instanceId: ch_2023-10-05_smith_j
 - status: ASSERTED
[Diagnostic] Claim ID: d1a3323c-918e-4c94-b57b-e7d6a16cf0d9
 - collectionId: DIRECTORS
 - instanceId: ch_2021-10-13_smith_j
 - status: ASSERTED
[Diagnostic] Claim ID: 6d8a4f74-52cb-40f3-afdc-dd7d8f511b9b
 - collectionId: DIRECTORS
 - instanceId: ch_2025-03-07_warner_j
 - status: ASSERTED
[Diagnostic] Claim ID: 7fd8a62b-7d4a-4efb-a3cc-dbe3936d124f
 - collectionId: DIRECTORS
 - instanceId: ch_2023-07-10_incecocorporateserviceslimited__
 - status: ASSERTED
[Diagnostic] Claim ID: 130585b3-bc8a-49f0-a4ec-7282a74edebf
 - collectionId: DIRECTORS
 - instanceId: ch_2018-12-21_incegdcorporateserviceslimited__
 - status: ASSERTED
[Diagnostic] Claim ID: 36cd8107-cdac-4449-8817-8bebbd174595
 - collectionId: DIRECTORS
 - instanceId: ch_2018-12-21_hare_m
 - status: ASSERTED
[Diagnostic] Claim ID: 87ec8584-f8db-43a5-8a6c-f37d0f25ca56
 - collectionId: DIRECTORS
 - instanceId: ch_2018-12-21_zzoommgrouplimited__
 - status: ASSERTED
[Diagnostic] Claim ID: 75e55a2c-c9c9-4591-8196-62e4c41cbe48
 - collectionId: DIRECTORS
 - instanceId: ch_2023-10-05_smith_j
 - status: ASSERTED
[Diagnostic] Claim ID: 6de2e744-692f-48de-ae96-83da3a9ebc29
 - collectionId: DIRECTORS
 - instanceId: ch_2021-10-13_smith_j
 - status: ASSERTED
[Diagnostic] Claim ID: 3d987ea5-cc91-41eb-9a0c-b0c3e7398614
 - collectionId: DIRECTORS
 - instanceId: ch_2025-03-07_warner_j
 - status: ASSERTED
[Diagnostic] Claim ID: 400595a6-ff50-4ad4-b6fb-03e206e290f4
 - collectionId: DIRECTORS
 - instanceId: ch_2023-07-10_incecocorporateserviceslimited__
 - status: ASSERTED
[Diagnostic] Claim ID: 476dd4da-21d7-405c-a6a9-ace90012f618
 - collectionId: DIRECTORS
 - instanceId: ch_2018-12-21_incegdcorporateserviceslimited__
 - status: ASSERTED
[Diagnostic] Claim ID: 8f758021-9c0c-4c83-9c2d-625af67db5d7
 - collectionId: DIRECTORS
 - instanceId: ch_2018-12-21_hare_m
 - status: ASSERTED
[Diagnostic] Claim ID: b3ebd0e5-8414-43fe-9b3e-43775ad7eccd
 - collectionId: DIRECTORS
 - instanceId: ch_2018-12-21_zzoommgrouplimited__
 - status: ASSERTED
[Diagnostic] Claim ID: adefdf24-7067-4f45-84bb-b4c0c1d3f5e5
 - collectionId: DIRECTORS
 - instanceId: ch_2023-10-05_smith_j
 - status: ASSERTED
[Diagnostic] Claim ID: ab351982-4508-4956-b603-3c3ba4d1bfeb
 - collectionId: DIRECTORS
 - instanceId: ch_2021-10-13_smith_j
 - status: ASSERTED
[Diagnostic] Claim ID: 8009006d-e145-40c1-afdd-bb218bfc2a9b
 - collectionId: DIRECTORS
 - instanceId: ch_2025-03-07_warner_j
 - status: ASSERTED
[Diagnostic] Claim ID: 9ab9b0df-5b12-49ad-b21a-c3335a2c09eb
 - collectionId: DIRECTORS
 - instanceId: ch_2018-12-21_incegdcorporateserviceslimited__
 - status: ASSERTED
[Diagnostic] Claim ID: c3615dae-281a-49c4-ba35-ba9f8179abfa
 - collectionId: DIRECTORS
 - instanceId: ch_2018-12-21_hare_m
 - status: ASSERTED
[Diagnostic] Claim ID: 231a4ace-c502-4d96-991c-8e4d9a195dfc
 - collectionId: DIRECTORS
 - instanceId: ch_2018-12-21_zzoommgrouplimited__
 - status: ASSERTED
[Diagnostic] Claim ID: fdb8715a-d5b7-4b7b-915c-3f8c27b57920
 - collectionId: DIRECTORS
 - instanceId: ch_2023-10-05_smith_j
 - status: ASSERTED
[Diagnostic] Claim ID: faabdd54-078b-4db4-b165-e30fbd12abfc
 - collectionId: DIRECTORS
 - instanceId: ch_2021-10-13_smith_j
 - status: ASSERTED
[Diagnostic] Claim ID: e7ced801-d0de-4057-afb4-f2b98da20cd3
 - collectionId: DIRECTORS
 - instanceId: ch_2025-03-07_warner_j
 - status: ASSERTED
[Diagnostic] Claim ID: 06af7021-a244-4728-a51f-3087bfb6e66c
 - collectionId: DIRECTORS
 - instanceId: ch_2023-07-10_incecocorporateserviceslimited__
 - status: ASSERTED
[Diagnostic] Claim ID: 1098363f-0243-45b6-9e04-4a20cbad704a
 - collectionId: DIRECTORS
 - instanceId: ch_2018-12-21_incegdcorporateserviceslimited__
 - status: ASSERTED
[Diagnostic] Claim ID: 565cd3de-3a03-4dd6-8c9a-b53cc06b4fc4
 - collectionId: DIRECTORS
 - instanceId: ch_2018-12-21_hare_m
 - status: ASSERTED
[Diagnostic] Claim ID: 698a1a9d-b8f7-4531-83e4-9e51a691430f
 - collectionId: DIRECTORS
 - instanceId: ch_2018-12-21_zzoommgrouplimited__
 - status: ASSERTED
[Diagnostic] Claim ID: a4e4f55d-1c16-4600-9324-7b3a7cd7fa24
 - collectionId: DIRECTORS
 - instanceId: ch_2023-10-05_smith_j
 - status: ASSERTED
[Diagnostic] Claim ID: ea0827d3-9d4b-4f07-93db-00d227a10b74
 - collectionId: DIRECTORS
 - instanceId: ch_2021-10-13_smith_j
 - status: ASSERTED
[Diagnostic] Claim ID: 39409a80-8527-4cb1-8597-b17d1bc896aa
 - collectionId: DIRECTORS
 - instanceId: ch_2025-03-07_warner_j
 - status: ASSERTED
[Diagnostic] Claim ID: 374fb241-57bc-45b6-8ccd-bb059f3a367e
 - collectionId: DIRECTORS
 - instanceId: ch_2023-07-10_incecocorporateserviceslimited__
 - status: ASSERTED
[Diagnostic] Claim ID: 6bedc1f4-9f48-40cb-ad93-129953e34702
 - collectionId: DIRECTORS
 - instanceId: ch_2018-12-21_incegdcorporateserviceslimited__
 - status: ASSERTED
[Diagnostic] Claim ID: 27a34fdc-2bfd-44f6-8e21-9f96f1ba99f6
 - collectionId: DIRECTORS
 - instanceId: ch_2018-12-21_hare_m
 - status: ASSERTED
[Diagnostic] Claim ID: db144a9c-406f-4480-ba84-1d22c576ada7
 - collectionId: DIRECTORS
 - instanceId: ch_2018-12-21_zzoommgrouplimited__
 - status: ASSERTED
[Diagnostic] Claim ID: e8699754-3682-4ef3-b84e-1d33d6694012
 - collectionId: DIRECTORS
 - instanceId: ch_2023-07-10_incecocorporateserviceslimited__
 - status: ASSERTED
[Diagnostic] Claim ID: 512ad69b-4d28-4199-b458-6dc35e3964d9
 - collectionId: DIRECTORS
 - instanceId: ch_2023-10-05_smith_j
 - status: ASSERTED
[Diagnostic] Claim ID: a4bf9dca-72b7-41ee-93b0-49ae71cf3a7f
 - collectionId: DIRECTORS
 - instanceId: ch_2021-10-13_smith_j
 - status: ASSERTED
[Diagnostic] Claim ID: 6095d1de-0958-4a8e-b9f3-2e8a3a37ceff
 - collectionId: DIRECTORS
 - instanceId: ch_2025-03-07_warner_j
 - status: ASSERTED
[Diagnostic] Claim ID: 161abeb2-d789-45fa-b413-3592cf2d3cac
 - collectionId: DIRECTORS
 - instanceId: ch_2023-07-10_incecocorporateserviceslimited__
 - status: ASSERTED
[Diagnostic] Claim ID: c766653d-ccd4-41d3-a4e1-5db27519e078
 - collectionId: DIRECTORS
 - instanceId: ch_2018-12-21_incegdcorporateserviceslimited__
 - status: ASSERTED
[Diagnostic] Claim ID: 3e4117d2-99b8-48b4-bc95-f06a10900088
 - collectionId: DIRECTORS
 - instanceId: ch_2018-12-21_hare_m
 - status: ASSERTED
[Diagnostic] Claim ID: ba91d63b-1305-48b4-97cc-86d0fc351f60
 - collectionId: DIRECTORS
 - instanceId: ch_2018-12-21_zzoommgrouplimited__
 - status: ASSERTED
[Diagnostic] Claim ID: f9129ca3-7c78-439f-9dc2-790850ab4181
 - collectionId: DIRECTORS
 - instanceId: ch_2023-10-05_smith_j
 - status: ASSERTED
[Diagnostic] Claim ID: 0d74b231-3aee-4073-b41c-b872c6f0c4dd
 - collectionId: DIRECTORS
 - instanceId: ch_2021-10-13_smith_j
 - status: ASSERTED
[Diagnostic] Claim ID: f411d7a6-6f17-47a7-88aa-34563c5d6ef5
 - collectionId: DIRECTORS
 - instanceId: ch_2025-03-07_warner_j
 - status: ASSERTED
[Diagnostic] Claim ID: d10242f7-b6db-4b97-a6f9-5c60d157724f
 - collectionId: DIRECTORS
 - instanceId: ch_2023-07-10_incecocorporateserviceslimited__
 - status: ASSERTED
[Diagnostic] Claim ID: a4a9f58a-9dc7-45c7-8553-539982d5aed9
 - collectionId: DIRECTORS
 - instanceId: ch_2018-12-21_incegdcorporateserviceslimited__
 - status: ASSERTED
[Diagnostic] Claim ID: 9c0379ea-5e8c-42ee-805a-dd0cad434ea7
 - collectionId: DIRECTORS
 - instanceId: ch_2018-12-21_hare_m
 - status: ASSERTED
[Diagnostic] Claim ID: d156aac2-9c39-4fe2-a786-be0a19eca06b
 - collectionId: DIRECTORS
 - instanceId: ch_2018-12-21_zzoommgrouplimited__
 - status: ASSERTED
[Diagnostic] Claim ID: 23a71253-b5ee-4258-b9ce-e5b36e24e1f9
 - collectionId: DIRECTORS
 - instanceId: ch_2023-10-05_smith_j
 - status: ASSERTED
[Diagnostic] Claim ID: d8a8f5f9-f6ff-4fe2-84a9-bedc799c0fa6
 - collectionId: DIRECTORS
 - instanceId: ch_2021-10-13_smith_j
 - status: ASSERTED
[Diagnostic] Claim ID: f5f61234-5b77-4d8a-8660-8adcbe3bcc60
 - collectionId: DIRECTORS
 - instanceId: ch_2025-03-07_warner_j
 - status: ASSERTED
[Diagnostic] Claim ID: 3b8ebd67-91c7-4619-adb2-76205075a903
 - collectionId: DIRECTORS
 - instanceId: ch_2023-07-10_incecocorporateserviceslimited__
 - status: ASSERTED
[Diagnostic] Claim ID: be6aa487-7dd2-4920-a30f-de869e2c7a0f
 - collectionId: DIRECTORS
 - instanceId: ch_2018-12-21_incegdcorporateserviceslimited__
 - status: ASSERTED
[Diagnostic] Claim ID: 8571941b-37a3-4378-8140-2cbd84f87224
 - collectionId: DIRECTORS
 - instanceId: ch_2018-12-21_hare_m
 - status: ASSERTED
[Diagnostic] Claim ID: 99dde4de-f1c1-4e0a-a60f-7404ca23455a
 - collectionId: DIRECTORS
 - instanceId: ch_2018-12-21_zzoommgrouplimited__
 - status: ASSERTED
[Diagnostic] Claim ID: 114cb2d4-7cb5-4e73-915b-b969f16d2e7a
 - collectionId: DIRECTORS
 - instanceId: ch_2023-10-05_smith_j
 - status: ASSERTED
[Diagnostic] Claim ID: d19a2e50-fcc9-47bf-8fe6-d2718867fb75
 - collectionId: DIRECTORS
 - instanceId: ch_2021-10-13_smith_j
 - status: ASSERTED
[Diagnostic] Claim ID: 8d439a78-3862-40cd-a3e9-85dcee2835cb
 - collectionId: DIRECTORS
 - instanceId: ch_2025-03-07_warner_j
 - status: ASSERTED
[Diagnostic] Claim ID: 9aca4fd8-adb4-4e6a-9b2a-ca601444f7ae
 - collectionId: DIRECTORS
 - instanceId: ch_2023-07-10_incecocorporateserviceslimited__
 - status: ASSERTED
[Diagnostic] Claim ID: 6e2c379c-3340-45cb-a960-850bc2d11427
 - collectionId: DIRECTORS
 - instanceId: ch_2018-12-21_incegdcorporateserviceslimited__
 - status: ASSERTED
[Diagnostic] Claim ID: 7bc91fe2-9d05-4794-b281-b9d3e9a61f48
 - collectionId: DIRECTORS
 - instanceId: ch_2018-12-21_hare_m
 - status: ASSERTED
[Diagnostic] Claim ID: e97eaf86-c7ac-435e-81b1-6f04aa70b969
 - collectionId: DIRECTORS
 - instanceId: ch_2018-12-21_zzoommgrouplimited__
 - status: ASSERTED
[Diagnostic] Claim ID: 206e4ebe-1c6b-46a1-a9d0-a5e3102ad7e6
 - collectionId: DIRECTORS
 - instanceId: ch_2023-10-05_smith_j
 - status: ASSERTED
[Diagnostic] Claim ID: 473b563a-0614-4f43-823f-74f1a40dcbc4
 - collectionId: DIRECTORS
 - instanceId: ch_2021-10-13_smith_j
 - status: ASSERTED
[Diagnostic] Claim ID: e680a011-8e06-47e7-9743-738ab50942e2
 - collectionId: DIRECTORS
 - instanceId: ch_2025-03-07_warner_j
 - status: ASSERTED
[Diagnostic] Claim ID: 72c3128e-14fa-46b7-87ca-bb88274c57c8
 - collectionId: DIRECTORS
 - instanceId: ch_2023-07-10_incecocorporateserviceslimited__
 - status: ASSERTED
[Diagnostic] Claim ID: b708e59e-cc05-4e1b-abea-fab7ab0df080
 - collectionId: DIRECTORS
 - instanceId: ch_2018-12-21_incegdcorporateserviceslimited__
 - status: ASSERTED
[Diagnostic] Claim ID: 0c6dfd9a-e77d-4233-b21d-3c08d504c59d
 - collectionId: DIRECTORS
 - instanceId: ch_2018-12-21_hare_m
 - status: ASSERTED
[Diagnostic] Claim ID: d160a29d-1b90-4434-b010-033d6463adc0
 - collectionId: DIRECTORS
 - instanceId: ch_2018-12-21_zzoommgrouplimited__
 - status: ASSERTED
[Diagnostic] Claim ID: 50f1638f-bfbe-441f-bff9-f401b7aeda2e
 - collectionId: DIRECTORS
 - instanceId: ch_2023-10-05_smith_j
 - status: ASSERTED
[Diagnostic] Claim ID: fec4835a-6fc9-417c-b0e3-960087d14176
 - collectionId: DIRECTORS
 - instanceId: ch_2021-10-13_smith_j
 - status: ASSERTED
[Diagnostic] Claim ID: 0aa97f42-f8d2-44aa-b38f-f1b48feef887
 - collectionId: DIRECTORS
 - instanceId: ch_2025-03-07_warner_j
 - status: ASSERTED
[Diagnostic] Claim ID: 3c5d23aa-697e-4824-96e9-e84dbdf02dc2
 - collectionId: DIRECTORS
 - instanceId: ch_2023-07-10_incecocorporateserviceslimited__
 - status: ASSERTED
[Diagnostic] Claim ID: 2887c690-4ed8-4ea8-9ae5-7b9234654c05
 - collectionId: DIRECTORS
 - instanceId: ch_2018-12-21_incegdcorporateserviceslimited__
 - status: ASSERTED
[Diagnostic] Claim ID: d9973fc2-a087-4c7b-807a-96882a73ea5f
 - collectionId: DIRECTORS
 - instanceId: ch_2018-12-21_hare_m
 - status: ASSERTED
[Diagnostic] Claim ID: ce5a9c3a-986f-4264-aef2-905073ad46d3
 - collectionId: DIRECTORS
 - instanceId: ch_2018-12-21_zzoommgrouplimited__
 - status: ASSERTED
[Diagnostic] Claim ID: e199ebe9-169e-4f84-904b-a635f6042e1a
 - collectionId: DIRECTORS
 - instanceId: ch_2018-12-21_hare_m
 - status: ASSERTED
[Diagnostic] Claim ID: ce3555fc-a874-4fca-b4b7-c5ac4271b4ce
 - collectionId: DIRECTORS
 - instanceId: ch_2018-12-21_zzoommgrouplimited__
 - status: ASSERTED
[Diagnostic] Claim ID: 1690e935-8a22-4899-adcf-f3ae5fbd9c9d
 - collectionId: DIRECTORS
 - instanceId: ch_2023-10-05_smith_j
 - status: ASSERTED
[Diagnostic] Claim ID: a7b535fe-141a-4431-a498-8c72976071b1
 - collectionId: DIRECTORS
 - instanceId: ch_2021-10-13_smith_j
 - status: ASSERTED
[Diagnostic] Claim ID: 4480dee8-2336-4612-a084-893d92c89fb1
 - collectionId: DIRECTORS
 - instanceId: ch_2025-03-07_warner_j
 - status: ASSERTED
[Diagnostic] Claim ID: 86a13df6-e51d-4aac-969e-2debbb112376
 - collectionId: DIRECTORS
 - instanceId: ch_2023-07-10_incecocorporateserviceslimited__
 - status: ASSERTED
[Diagnostic] Claim ID: 4aa3bef4-bfb4-43f0-ad23-fb917ad6c3c3
 - collectionId: DIRECTORS
 - instanceId: ch_2018-12-21_incegdcorporateserviceslimited__
 - status: ASSERTED
[Diagnostic] Claim ID: 4e7d03bd-55e0-4151-9d79-6d3edb2f4ae4
 - collectionId: DIRECTORS
 - instanceId: ch_2018-12-21_hare_m
 - status: ASSERTED
[Diagnostic] Claim ID: 8059e28d-37b5-439c-baf3-356d226f9bad
 - collectionId: DIRECTORS
 - instanceId: ch_2018-12-21_zzoommgrouplimited__
 - status: ASSERTED
[Diagnostic] Claim ID: 5160d1ff-5e8c-4763-be7b-49ffcd0af7c5
 - collectionId: DIRECTORS
 - instanceId: ch_2023-10-05_smith_j
 - status: ASSERTED
[Diagnostic] Claim ID: ecfaa4b8-a6a8-45c9-891b-b67fd58e64a3
 - collectionId: DIRECTORS
 - instanceId: ch_2021-10-13_smith_j
 - status: ASSERTED
[Diagnostic] Claim ID: bf349c5a-10ce-4f0b-a50a-a2ce4687533c
 - collectionId: DIRECTORS
 - instanceId: ch_2025-03-07_warner_j
 - status: ASSERTED
[Diagnostic] Claim ID: 20effb11-ac72-4354-aff1-8aa06215c53e
 - collectionId: DIRECTORS
 - instanceId: ch_2023-07-10_incecocorporateserviceslimited__
 - status: ASSERTED
[Diagnostic] Claim ID: b7a68a2f-6233-46bf-9410-53f13553ed4f
 - collectionId: DIRECTORS
 - instanceId: ch_2018-12-21_incegdcorporateserviceslimited__
 - status: ASSERTED
[Diagnostic] Claim ID: 84d0cfb0-64cf-4efd-9c7f-a7b4b0aab698
 - collectionId: DIRECTORS
 - instanceId: ch_2023-10-05_smith_j
 - status: ASSERTED
[Diagnostic] Claim ID: 731309ac-aa2d-486a-a361-a6652bd0381b
 - collectionId: DIRECTORS
 - instanceId: ch_2021-10-13_smith_j
 - status: ASSERTED
[Diagnostic] Claim ID: 88d5a21e-3c10-41e3-9dba-4a9f936c95c0
 - collectionId: DIRECTORS
 - instanceId: ch_2025-03-07_warner_j
 - status: ASSERTED
[Diagnostic] Claim ID: 64fc449d-4bcb-4919-bb0f-c0759757039e
 - collectionId: DIRECTORS
 - instanceId: ch_2023-07-10_incecocorporateserviceslimited__
 - status: ASSERTED
[Diagnostic] Claim ID: 0b0bc987-2885-4d10-939d-6fb7282f9f7d
 - collectionId: DIRECTORS
 - instanceId: ch_2018-12-21_incegdcorporateserviceslimited__
 - status: ASSERTED
[Diagnostic] Claim ID: dec3d4b8-f937-465d-a722-19f317e1dec5
 - collectionId: DIRECTORS
 - instanceId: ch_2018-12-21_hare_m
 - status: ASSERTED
[Diagnostic] Claim ID: 162d9260-128e-4622-be42-2d7dd6b0544d
 - collectionId: DIRECTORS
 - instanceId: ch_2018-12-21_zzoommgrouplimited__
 - status: ASSERTED
[Diagnostic] Claim ID: 45cb17ed-eef4-4eb0-b8e7-27868ad3d7bb
 - collectionId: DIRECTORS
 - instanceId: ch_2023-10-05_smith_j
 - status: ASSERTED
[Diagnostic] Claim ID: 8a9a1aaa-5057-4002-9265-9420c881268b
 - collectionId: DIRECTORS
 - instanceId: ch_2021-10-13_smith_j
 - status: ASSERTED
[Diagnostic] Claim ID: 28345d13-4402-4bc1-905e-092968f67a6e
 - collectionId: DIRECTORS
 - instanceId: ch_2025-03-07_warner_j
 - status: ASSERTED
[Diagnostic] Claim ID: c620ddf9-663d-48a0-91e3-9ea7e5c13fec
 - collectionId: DIRECTORS
 - instanceId: ch_2023-07-10_incecocorporateserviceslimited__
 - status: ASSERTED
[Diagnostic] Claim ID: 9deb2652-b7df-48a3-9ca4-bfcbe6b2b244
 - collectionId: DIRECTORS
 - instanceId: ch_2018-12-21_incegdcorporateserviceslimited__
 - status: ASSERTED
[Diagnostic] Claim ID: 955c3c7b-593c-4d87-b638-b2344fc414e5
 - collectionId: DIRECTORS
 - instanceId: ch_2018-12-21_hare_m
 - status: ASSERTED
[Diagnostic] Claim ID: 1c373e51-9649-430d-8514-5b8c5d1e2f03
 - collectionId: DIRECTORS
 - instanceId: ch_2018-12-21_zzoommgrouplimited__
 - status: ASSERTED
[Diagnostic] Claim ID: cfa8dcb8-4950-47b4-8b87-e2a097fadaeb
 - collectionId: DIRECTORS
 - instanceId: ch_2023-10-05_smith_j
 - status: ASSERTED
[Diagnostic] Claim ID: 2b110917-b038-402d-86c7-e862d3e6e601
 - collectionId: DIRECTORS
 - instanceId: ch_2021-10-13_smith_j
 - status: ASSERTED
[Diagnostic] Claim ID: 082dcdd8-54f9-46a2-8940-db0e97eca98d
 - collectionId: DIRECTORS
 - instanceId: ch_2025-03-07_warner_j
 - status: ASSERTED
[Diagnostic] Claim ID: 8995d417-f02d-48fa-bb23-ff90dd31d7c1
 - collectionId: DIRECTORS
 - instanceId: ch_2018-12-21_incegdcorporateserviceslimited__
 - status: ASSERTED
[Diagnostic] Claim ID: dc78e361-48ff-441c-9706-ff60d64d7bbb
 - collectionId: DIRECTORS
 - instanceId: ch_2018-12-21_hare_m
 - status: ASSERTED
[Diagnostic] Claim ID: ec51555f-3666-4032-ac4c-059c851df665
 - collectionId: DIRECTORS
 - instanceId: ch_2018-12-21_zzoommgrouplimited__
 - status: ASSERTED
[Diagnostic] Claim ID: cdf4419e-b76e-4df0-880b-bb6d8da3b165
 - collectionId: DIRECTORS
 - instanceId: ch_2023-10-05_smith_j
 - status: ASSERTED
[Diagnostic] Claim ID: 8cfb7360-e00b-4b2d-80d3-2d435ca7ddab
 - collectionId: DIRECTORS
 - instanceId: ch_2021-10-13_smith_j
 - status: ASSERTED
[Diagnostic] Claim ID: 57226c66-cecf-433b-9437-9b8ed1da237f
 - collectionId: DIRECTORS
 - instanceId: ch_2025-03-07_warner_j
 - status: ASSERTED
[Diagnostic] Claim ID: 4bb2281d-bdee-4525-8417-b18190a94990
 - collectionId: DIRECTORS
 - instanceId: ch_2023-07-10_incecocorporateserviceslimited__
 - status: ASSERTED
[Diagnostic] Claim ID: ff19793b-da38-4c84-a008-0ede4bd3181c
 - collectionId: DIRECTORS
 - instanceId: ch_2018-12-21_incegdcorporateserviceslimited__
 - status: ASSERTED
[Diagnostic] Claim ID: 124a0011-a6ec-49a5-bf36-a094bf0b1a46
 - collectionId: DIRECTORS
 - instanceId: ch_2018-12-21_hare_m
 - status: ASSERTED
[Diagnostic] Claim ID: 66660509-790d-4541-bc8f-f5ce4e9d5033
 - collectionId: DIRECTORS
 - instanceId: ch_2018-12-21_zzoommgrouplimited__
 - status: ASSERTED
[Diagnostic] Claim ID: 44d51ae9-9597-4368-a75a-8a32b0573706
 - collectionId: DIRECTORS
 - instanceId: ch_2023-10-05_smith_j
 - status: ASSERTED
[Diagnostic] Claim ID: aed19d2f-0a1c-40ef-9325-aa0dae10f51f
 - collectionId: DIRECTORS
 - instanceId: ch_2021-10-13_smith_j
 - status: ASSERTED
[Diagnostic] Claim ID: b0b5ed71-2de3-4af7-a962-d80b0bf6c06d
 - collectionId: DIRECTORS
 - instanceId: ch_2025-03-07_warner_j
 - status: ASSERTED
[Diagnostic] Claim ID: 56540aed-3039-4137-9eac-3d55d1dd9f93
 - collectionId: DIRECTORS
 - instanceId: ch_2023-07-10_incecocorporateserviceslimited__
 - status: ASSERTED
[Diagnostic] Claim ID: 816cc968-46c0-45bd-bb7b-424560664e65
 - collectionId: DIRECTORS
 - instanceId: ch_2018-12-21_incegdcorporateserviceslimited__
 - status: ASSERTED
[Diagnostic] Claim ID: 0bb1c8cf-17f6-4248-821e-74f82e86caf3
 - collectionId: DIRECTORS
 - instanceId: ch_2018-12-21_hare_m
 - status: ASSERTED
[Diagnostic] Claim ID: 254b6428-1705-4663-bd53-63b389e3e27e
 - collectionId: DIRECTORS
 - instanceId: ch_2018-12-21_zzoommgrouplimited__
 - status: ASSERTED
[Diagnostic] Claim ID: 26d8650e-4116-48fe-866a-8d50f85bb701
 - collectionId: DIRECTORS
 - instanceId: ch_2023-07-10_incecocorporateserviceslimited__
 - status: ASSERTED
[Diagnostic] Claim ID: 4e6f35d6-c664-4762-b783-47ca13c3c1e8
 - collectionId: DIRECTORS
 - instanceId: ch_2023-10-05_smith_j
 - status: ASSERTED
[Diagnostic] Claim ID: ca0bf82a-5b95-4107-b0a0-f6da165cc44e
 - collectionId: DIRECTORS
 - instanceId: ch_2021-10-13_smith_j
 - status: ASSERTED
[Diagnostic] Claim ID: 7f4b5a19-5205-4b87-9e88-6894a1c99963
 - collectionId: DIRECTORS
 - instanceId: ch_2025-03-07_warner_j
 - status: ASSERTED
[Diagnostic] Claim ID: 11843c63-a61f-43d4-baae-6819763d83b0
 - collectionId: DIRECTORS
 - instanceId: ch_2023-07-10_incecocorporateserviceslimited__
 - status: ASSERTED
[Diagnostic] Claim ID: 2ce04f9c-57ca-46b1-a334-6b7b44fd7be9
 - collectionId: DIRECTORS
 - instanceId: ch_2018-12-21_incegdcorporateserviceslimited__
 - status: ASSERTED
[Diagnostic] Claim ID: eae379e1-8ed3-4c06-9f59-75054ba68fa1
 - collectionId: DIRECTORS
 - instanceId: ch_2018-12-21_hare_m
 - status: ASSERTED
[Diagnostic] Claim ID: 77236b38-e68c-41d7-bdfd-cf3543e32d81
 - collectionId: DIRECTORS
 - instanceId: ch_2018-12-21_zzoommgrouplimited__
 - status: ASSERTED
[Diagnostic] Claim ID: 544d7ae9-b898-427a-b4a2-130ed2031196
 - collectionId: DIRECTORS
 - instanceId: ch_2023-10-05_smith_j
 - status: ASSERTED
[Diagnostic] Claim ID: 3fcc848c-8047-49dc-87ab-b55b36a05189
 - collectionId: DIRECTORS
 - instanceId: ch_2021-10-13_smith_j
 - status: ASSERTED
[Diagnostic] Claim ID: 21aee3f6-f366-4605-9b99-1784a015773c
 - collectionId: DIRECTORS
 - instanceId: ch_2026-05-01_mercer_h
 - status: ASSERTED
[Diagnostic] Claim ID: bd982020-30c7-4636-9a72-029135f4d805
 - collectionId: DIRECTORS
 - instanceId: ch_2025-03-07_warner_j
 - status: ASSERTED
[Diagnostic] Claim ID: ba06b91e-dfc6-4836-a199-55df8a18529c
 - collectionId: DIRECTORS
 - instanceId: ch_2023-07-10_incecocorporateserviceslimited__
 - status: ASSERTED
[Diagnostic] Claim ID: 2ec3aebe-95e6-4370-978d-f18c81d1cdac
 - collectionId: DIRECTORS
 - instanceId: ch_2018-12-21_incegdcorporateserviceslimited__
 - status: ASSERTED
[Diagnostic] Claim ID: 9b8b676c-9bbe-4314-be52-101318da7a09
 - collectionId: DIRECTORS
 - instanceId: ch_2018-12-21_hare_m
 - status: ASSERTED
[Diagnostic] Claim ID: 0793183f-8115-4087-83c9-9f8661830cff
 - collectionId: DIRECTORS
 - instanceId: ch_2018-12-21_zzoommgrouplimited__
 - status: ASSERTED
[Diagnostic] Claim ID: 81026124-a3e8-44be-b520-508d39818577
 - collectionId: DIRECTORS
 - instanceId: ch_2023-10-05_smith_j
 - status: ASSERTED
[Diagnostic] Claim ID: af845aa6-55ef-4bd8-889f-8177e7de12bf
 - collectionId: DIRECTORS
 - instanceId: ch_2021-10-13_smith_j
 - status: ASSERTED
[Diagnostic] Claim ID: 346242f8-c5d0-469d-bb51-bf1d88c5a56f
 - collectionId: DIRECTORS
 - instanceId: ch_2025-03-07_warner_j
 - status: ASSERTED
[Diagnostic] Claim ID: 9971e06e-77f5-49a7-8ec3-4220e83c82eb
 - collectionId: DIRECTORS
 - instanceId: ch_2023-07-10_incecocorporateserviceslimited__
 - status: ASSERTED
[Diagnostic] Claim ID: 45d02dbc-70dc-41fb-a544-acb9e3d065bf
 - collectionId: DIRECTORS
 - instanceId: ch_2018-12-21_incegdcorporateserviceslimited__
 - status: ASSERTED
[Diagnostic] Claim ID: 9eceae0c-ba86-4fae-9f3b-f3864ffcccb1
 - collectionId: DIRECTORS
 - instanceId: ch_2018-12-21_hare_m
 - status: ASSERTED
[Diagnostic] Claim ID: 81b4eaba-09ed-4383-aabd-2a1e9c071d9b
 - collectionId: DIRECTORS
 - instanceId: ch_2018-12-21_zzoommgrouplimited__
 - status: ASSERTED
[Diagnostic] Claim ID: 686ccfdd-d642-496a-9d18-d569b786f5a9
 - collectionId: DIRECTORS
 - instanceId: ch_2023-10-05_smith_j
 - status: ASSERTED
[Diagnostic] Claim ID: 7c2fa718-fd08-4728-831f-2f49f853bcae
 - collectionId: DIRECTORS
 - instanceId: ch_2021-10-13_smith_j
 - status: ASSERTED
[Diagnostic] Claim ID: 7c9d8ec6-6755-42f1-9e02-b846d4a91eb4
 - collectionId: DIRECTORS
 - instanceId: ch_2025-03-07_warner_j
 - status: ASSERTED
[Diagnostic] Claim ID: a2291930-cfd7-4985-a8a7-7210cd285e3d
 - collectionId: DIRECTORS
 - instanceId: ch_2023-07-10_incecocorporateserviceslimited__
 - status: ASSERTED
[Diagnostic] Claim ID: 325f6a05-bcc4-41b5-943d-370cf7893c17
 - collectionId: DIRECTORS
 - instanceId: ch_2018-12-21_incegdcorporateserviceslimited__
 - status: ASSERTED
[Diagnostic] Claim ID: 3392fb07-b67c-4a78-9b1e-b817ade2136e
 - collectionId: DIRECTORS
 - instanceId: ch_2018-12-21_hare_m
 - status: ASSERTED
[Diagnostic] Claim ID: 24f0ebbe-5eb0-4edf-96e7-593b98f05262
 - collectionId: DIRECTORS
 - instanceId: ch_2018-12-21_zzoommgrouplimited__
 - status: ASSERTED
[Diagnostic] Claim ID: 13567e92-ee3d-4ed2-b599-79e2c2c93f44
 - collectionId: DIRECTORS
 - instanceId: ch_2023-10-05_smith_j
 - status: ASSERTED
[Diagnostic] Claim ID: 9267c835-d397-4dc2-a941-9f110ccf041b
 - collectionId: DIRECTORS
 - instanceId: ch_2021-10-13_smith_j
 - status: ASSERTED
[Diagnostic] Claim ID: 347bb62b-b88c-46f1-9e9f-00bb1703277c
 - collectionId: DIRECTORS
 - instanceId: ch_2025-03-07_warner_j
 - status: ASSERTED
[Diagnostic] Claim ID: 9ad333e0-2481-4b37-91bb-0588c05da164
 - collectionId: DIRECTORS
 - instanceId: ch_2023-07-10_incecocorporateserviceslimited__
 - status: ASSERTED
[Diagnostic] Claim ID: 7a2e743a-1f98-4580-ab04-3a0ea35b342d
 - collectionId: DIRECTORS
 - instanceId: ch_2018-12-21_incegdcorporateserviceslimited__
 - status: ASSERTED
[Diagnostic] Claim ID: 4ed619e6-3521-4198-b78f-4b56b2d67608
 - collectionId: DIRECTORS
 - instanceId: ch_2018-12-21_hare_m
 - status: ASSERTED
[Diagnostic] Claim ID: 55a4014e-dd2b-4b2f-a728-5a2a5217ae12
 - collectionId: DIRECTORS
 - instanceId: ch_2018-12-21_zzoommgrouplimited__
 - status: ASSERTED
[Diagnostic] Claim ID: f9b36a18-1d2b-4b5b-a2c8-f40a8bc1a7aa
 - collectionId: DIRECTORS
 - instanceId: ch_2023-10-05_smith_j
 - status: ASSERTED
[Diagnostic] Claim ID: 4293c747-3041-4800-b322-85a4aaafa521
 - collectionId: DIRECTORS
 - instanceId: ch_2005-08-12_everdirectorlimited__
 - status: ASSERTED
[Diagnostic] Claim ID: 2656fa83-e205-4cc5-bebb-68ece85cfa79
 - collectionId: DIRECTORS
 - instanceId: ch_2021-10-13_smith_j
 - status: ASSERTED
[Diagnostic] Claim ID: 00a5fae7-3f4c-4d68-95c9-181c1f64c01e
 - collectionId: DIRECTORS
 - instanceId: ch_2025-03-07_warner_j
 - status: ASSERTED
[Diagnostic] Claim ID: 6205d8ab-3957-4b59-82cc-a4962dc229f6
 - collectionId: DIRECTORS
 - instanceId: ch_2023-07-10_incecocorporateserviceslimited__
 - status: ASSERTED
[Diagnostic] Claim ID: da57e963-06bc-4ea7-b3f9-52d1ea74e823
 - collectionId: DIRECTORS
 - instanceId: ch_2018-12-21_incegdcorporateserviceslimited__
 - status: ASSERTED
[Diagnostic] Claim ID: 4713e88a-2042-4adc-9c4f-10c0c37a92c4
 - collectionId: DIRECTORS
 - instanceId: ch_2018-12-21_hare_m
 - status: ASSERTED
[Diagnostic] Claim ID: 0422d5db-e0cd-4805-9448-3f99a6098a54
 - collectionId: DIRECTORS
 - instanceId: ch_2018-12-21_zzoommgrouplimited__
 - status: ASSERTED
[Diagnostic] Claim ID: 61c3bd87-1375-439a-a857-327579b6ab42
 - collectionId: DIRECTORS
 - instanceId: ch_2023-10-05_smith_j
 - status: ASSERTED
[Diagnostic] Claim ID: 67366350-6328-4b11-9247-4489e903921d
 - collectionId: DIRECTORS
 - instanceId: ch_2021-10-13_smith_j
 - status: ASSERTED
[Diagnostic] Claim ID: 6fceaaaa-39f6-4d5a-9e88-feca7add4545
 - collectionId: DIRECTORS
 - instanceId: ch_2025-03-07_warner_j
 - status: ASSERTED
[Diagnostic] Claim ID: 070f3398-7743-4638-ab15-70e67151983e
 - collectionId: DIRECTORS
 - instanceId: ch_2025-03-07_warner_j
 - status: ASSERTED
[Diagnostic] Claim ID: cbdee3e8-9324-42ec-87e9-d8c9b753895e
 - collectionId: DIRECTORS
 - instanceId: ch_2023-07-10_incecocorporateserviceslimited__
 - status: ASSERTED
[Diagnostic] Claim ID: a795887f-e1f7-46f5-a6bf-600c8398b833
 - collectionId: DIRECTORS
 - instanceId: ch_2018-12-21_incegdcorporateserviceslimited__
 - status: ASSERTED
[Diagnostic] Claim ID: 36fbd746-9550-41c5-a9bd-30873dfca168
 - collectionId: DIRECTORS
 - instanceId: ch_2018-12-21_hare_m
 - status: ASSERTED
[Diagnostic] Claim ID: 3153df02-47dc-486d-b776-73c051b8e6c8
 - collectionId: DIRECTORS
 - instanceId: ch_2018-12-21_zzoommgrouplimited__
 - status: ASSERTED
[Diagnostic] Claim ID: 0977b72e-43a0-42da-9d2e-661a2275ed1e
 - collectionId: DIRECTORS
 - instanceId: ch_2023-07-10_incecocorporateserviceslimited__
 - status: ASSERTED
[Diagnostic] Claim ID: fb854edf-e1f8-4d47-ba3b-705a8fa0ef00
 - collectionId: DIRECTORS
 - instanceId: ch_2018-12-21_incegdcorporateserviceslimited__
 - status: ASSERTED
[Diagnostic] Claim ID: 15b19972-90bc-4c90-9d16-2337544d1b2c
 - collectionId: DIRECTORS
 - instanceId: ch_2018-12-21_hare_m
 - status: ASSERTED
[Diagnostic] Claim ID: d7339984-edb2-4154-86a6-1fd725a86c8b
 - collectionId: DIRECTORS
 - instanceId: ch_2018-12-21_zzoommgrouplimited__
 - status: ASSERTED
[Diagnostic] Claim ID: 6aa950d0-7f5d-4a4b-98b4-3ca091a4406f
 - collectionId: DIRECTORS
 - instanceId: ch_2023-10-05_smith_j
 - status: ASSERTED
[Diagnostic] Claim ID: 9a85e188-4e52-4cae-af5d-6b2f50a936ab
 - collectionId: DIRECTORS
 - instanceId: ch_2021-10-13_smith_j
 - status: ASSERTED
[Diagnostic] Claim ID: 124cf115-d59a-48ea-98e2-ac06c7474a37
 - collectionId: DIRECTORS
 - instanceId: ch_2025-03-07_warner_j
 - status: ASSERTED
[Diagnostic] Claim ID: e104ea76-96c7-4c90-8644-db0a4606a74d
 - collectionId: DIRECTORS
 - instanceId: ch_2023-07-10_incecocorporateserviceslimited__
 - status: ASSERTED
[Diagnostic] Claim ID: c3f39c86-fe17-4983-a82b-bbf0df98033e
 - collectionId: DIRECTORS
 - instanceId: ch_2018-12-21_incegdcorporateserviceslimited__
 - status: ASSERTED
[Diagnostic] Claim ID: fad6ca4b-7e0c-47f6-b8cd-85928abec55a
 - collectionId: DIRECTORS
 - instanceId: ch_2018-12-21_hare_m
 - status: ASSERTED
[Diagnostic] Claim ID: 2268431e-24c8-4fea-b08f-741e8364d666
 - collectionId: DIRECTORS
 - instanceId: ch_2018-12-21_zzoommgrouplimited__
 - status: ASSERTED
[Diagnostic] Claim ID: 2e6fd9e4-d45e-40b7-b8cb-7cd0fba5d785
 - collectionId: DIRECTORS
 - instanceId: ch_2023-10-05_smith_j
 - status: ASSERTED
[Diagnostic] Claim ID: c09e968e-8e57-4305-b46b-074ea3b52352
 - collectionId: DIRECTORS
 - instanceId: ch_2021-10-13_smith_j
 - status: ASSERTED
[Diagnostic] Claim ID: 4b0fc88f-145a-444c-867c-faad6942274a
 - collectionId: DIRECTORS
 - instanceId: ch_2025-03-07_warner_j
 - status: ASSERTED
[Diagnostic] Claim ID: f8566d69-687b-443c-a007-205884247fb4
 - collectionId: DIRECTORS
 - instanceId: ch_2023-07-10_incecocorporateserviceslimited__
 - status: ASSERTED
[Diagnostic] Claim ID: 1c703cb3-76df-48da-ac98-f56c722959b4
 - collectionId: DIRECTORS
 - instanceId: ch_2018-12-21_incegdcorporateserviceslimited__
 - status: ASSERTED
[Diagnostic] Claim ID: 338036ce-1cc2-4dbe-be43-7b0fb79241c6
 - collectionId: DIRECTORS
 - instanceId: ch_2018-12-21_hare_m
 - status: ASSERTED
[Diagnostic] Claim ID: 323bacb6-2e16-461e-8ec8-3650e7cf1757
 - collectionId: DIRECTORS
 - instanceId: ch_2018-12-21_zzoommgrouplimited__
 - status: ASSERTED
[Diagnostic] Claim ID: 962781cc-6b29-4197-92b8-a5dfde56dc97
 - collectionId: DIRECTORS
 - instanceId: ch_2026-02-16_abraham_a
 - status: ASSERTED
[Diagnostic] Claim ID: f8eab746-97cb-407f-a1c4-eeef41a1c321
 - collectionId: DIRECTORS
 - instanceId: ch_2018-12-21_hare_m
 - status: ASSERTED
[Diagnostic] Claim ID: 8a32bd90-0be8-4df4-b949-ef50f0423b6a
 - collectionId: DIRECTORS
 - instanceId: ch_2023-10-05_smith_j
 - status: ASSERTED
[Diagnostic] Claim ID: b2afc7eb-1663-457b-8866-531720bc2b9a
 - collectionId: DIRECTORS
 - instanceId: ch_2021-10-13_smith_j
 - status: ASSERTED
[Diagnostic] Claim ID: ee0ac035-acf7-436c-8744-21fb5839f693
 - collectionId: DIRECTORS
 - instanceId: ch_2025-03-07_warner_j
 - status: ASSERTED
[Diagnostic] Claim ID: cab301e0-56d2-410d-bf51-7397264ab935
 - collectionId: DIRECTORS
 - instanceId: ch_2023-07-10_incecocorporateserviceslimited__
 - status: ASSERTED
[Diagnostic] Claim ID: d2023cd4-7f14-4ec1-8895-72969ad3ace2
 - collectionId: DIRECTORS
 - instanceId: ch_2018-12-21_incegdcorporateserviceslimited__
 - status: ASSERTED
[Diagnostic] Claim ID: 42ea7330-96f9-4073-b31a-94516b14a9b6
 - collectionId: DIRECTORS
 - instanceId: ch_2018-12-21_hare_m
 - status: ASSERTED
[Diagnostic] Claim ID: e87c7ae6-a3e4-4a5f-9499-6bc4dadda6cc
 - collectionId: DIRECTORS
 - instanceId: ch_2018-12-21_zzoommgrouplimited__
 - status: ASSERTED
[Diagnostic] Claim ID: e6ee6e05-d736-4006-b175-7940a4c90d6b
 - collectionId: DIRECTORS
 - instanceId: ch_2018-12-21_hare_m
 - status: ASSERTED
[Diagnostic] Claim ID: 0ce232ba-734e-4c6c-98c3-baee0546ada5
 - collectionId: DIRECTORS
 - instanceId: ch_2018-12-21_zzoommgrouplimited__
 - status: ASSERTED
[Diagnostic] Claim ID: a956ba5f-f94b-480b-9322-cb4350a17fc5
 - collectionId: DIRECTORS
 - instanceId: ch_2023-10-05_smith_j
 - status: ASSERTED
[Diagnostic] Claim ID: 461f2ea7-9462-4744-a40b-f661bd90eb33
 - collectionId: DIRECTORS
 - instanceId: ch_2021-10-13_smith_j
 - status: ASSERTED
[Diagnostic] Claim ID: 00c6d6f8-c27c-41db-9e5a-5c8d54d89639
 - collectionId: DIRECTORS
 - instanceId: ch_2025-03-07_warner_j
 - status: ASSERTED
[Diagnostic] Claim ID: 3a1af3b2-96d3-4e0e-a688-86883c24e55d
 - collectionId: DIRECTORS
 - instanceId: ch_2023-07-10_incecocorporateserviceslimited__
 - status: ASSERTED
[Diagnostic] Claim ID: 3c1e8cb4-dc60-48a9-8b4a-edbca035b75f
 - collectionId: DIRECTORS
 - instanceId: ch_2018-12-21_incegdcorporateserviceslimited__
 - status: ASSERTED
[Diagnostic] Claim ID: c3f290c2-9670-43d1-a9c0-4b928ec234f1
 - collectionId: DIRECTORS
 - instanceId: ch_2018-12-21_hare_m
 - status: ASSERTED
[Diagnostic] Claim ID: a95cfe76-f4bd-416d-9197-a494d1cf3c0d
 - collectionId: DIRECTORS
 - instanceId: ch_2018-12-21_zzoommgrouplimited__
 - status: ASSERTED
[Diagnostic] Claim ID: d7ea477b-9338-4acc-9de0-d50e51eeb81d
 - collectionId: DIRECTORS
 - instanceId: ch_2023-10-05_smith_j
 - status: ASSERTED
[Diagnostic] Claim ID: 311644f6-591b-48a9-ba98-af34415c0cde
 - collectionId: DIRECTORS
 - instanceId: ch_2021-10-13_smith_j
 - status: ASSERTED
[Diagnostic] Claim ID: 18b62b7f-d55f-4e85-ba69-185167d9fc3e
 - collectionId: DIRECTORS
 - instanceId: ch_2025-03-07_warner_j
 - status: ASSERTED
[Diagnostic] Claim ID: 7273c584-a7da-49d3-bdc2-26e3d1014925
 - collectionId: DIRECTORS
 - instanceId: ch_2023-07-10_incecocorporateserviceslimited__
 - status: ASSERTED
[Diagnostic] Claim ID: 11ab7a13-6d94-4e36-a210-2ed3dd423382
 - collectionId: DIRECTORS
 - instanceId: ch_2018-12-21_incegdcorporateserviceslimited__
 - status: ASSERTED
[Diagnostic] Claim ID: 584af701-ac67-45e1-983b-f9f195cf343e
 - collectionId: DIRECTORS
 - instanceId: ch_2023-10-05_smith_j
 - status: ASSERTED
[Diagnostic] Claim ID: a8b59d51-2d3d-4d67-a1ba-15a8390b7d6e
 - collectionId: DIRECTORS
 - instanceId: ch_2021-10-13_smith_j
 - status: ASSERTED
[Diagnostic] Claim ID: ecdec57b-2be2-46ad-8e01-d0de6b8b61c3
 - collectionId: DIRECTORS
 - instanceId: ch_2025-03-07_warner_j
 - status: ASSERTED
[Diagnostic] Claim ID: f3d382f5-fccc-42ff-adaa-ec5f2d842c64
 - collectionId: DIRECTORS
 - instanceId: ch_2023-07-10_incecocorporateserviceslimited__
 - status: ASSERTED
[Diagnostic] Claim ID: b742f682-dc46-4218-9c45-f91de5dd8635
 - collectionId: DIRECTORS
 - instanceId: ch_2018-12-21_incegdcorporateserviceslimited__
 - status: ASSERTED
[Diagnostic] Claim ID: 0b0e6933-a60f-4add-aa3c-672a533ca085
 - collectionId: DIRECTORS
 - instanceId: ch_2018-12-21_hare_m
 - status: ASSERTED
[Diagnostic] Claim ID: c43557e2-f0dc-4ea5-99d9-e57cf7d71e8a
 - collectionId: DIRECTORS
 - instanceId: ch_2018-12-21_zzoommgrouplimited__
 - status: ASSERTED
[Diagnostic] Claim ID: 9922e7a1-ec97-4565-8174-7737cc0c70f6
 - collectionId: DIRECTORS
 - instanceId: ch_2023-10-05_smith_j
 - status: ASSERTED
[Diagnostic] Claim ID: 9f9a7181-a0a3-4810-b56c-bad829f8d397
 - collectionId: DIRECTORS
 - instanceId: ch_2021-10-13_smith_j
 - status: ASSERTED
[Diagnostic] Claim ID: b3d5e638-47c1-4d3b-859f-262e270c1a7d
 - collectionId: DIRECTORS
 - instanceId: ch_2025-03-07_warner_j
 - status: ASSERTED
[Diagnostic] Claim ID: 8d5ae154-587c-4aa1-bd78-735f20028c3f
 - collectionId: DIRECTORS
 - instanceId: ch_2023-07-10_incecocorporateserviceslimited__
 - status: ASSERTED
[Diagnostic] Claim ID: 7e3cdc6b-9b02-4c75-8d54-fa431cd91f18
 - collectionId: DIRECTORS
 - instanceId: ch_2018-12-21_incegdcorporateserviceslimited__
 - status: ASSERTED
[Diagnostic] Claim ID: 360c799d-da0b-41be-abd4-12094fca9499
 - collectionId: DIRECTORS
 - instanceId: ch_2018-12-21_hare_m
 - status: ASSERTED
[Diagnostic] Claim ID: c6128515-1b82-4f5b-8e29-da779427b8be
 - collectionId: DIRECTORS
 - instanceId: ch_2018-12-21_zzoommgrouplimited__
 - status: ASSERTED
[Diagnostic] Claim ID: c2836222-8b52-4497-b4ce-5c3c27f94a59
 - collectionId: DIRECTORS
 - instanceId: ch_2023-10-05_smith_j
 - status: ASSERTED
[Diagnostic] Claim ID: 1848ea47-57d8-431c-b0ea-de5204e292bc
 - collectionId: DIRECTORS
 - instanceId: ch_2021-10-13_smith_j
 - status: ASSERTED
[Diagnostic] Claim ID: 913f3d3d-d9c8-4735-8f78-ce026defca3c
 - collectionId: DIRECTORS
 - instanceId: ch_2025-03-07_warner_j
 - status: ASSERTED
[Diagnostic] Claim ID: 0c8af650-1118-4310-b916-cab88570a21f
 - collectionId: DIRECTORS
 - instanceId: ch_2018-12-21_incegdcorporateserviceslimited__
 - status: ASSERTED
[Diagnostic] Claim ID: 0cc1177c-7e2a-4f0d-bb6d-9b88b56a500a
 - collectionId: DIRECTORS
 - instanceId: ch_2018-12-21_hare_m
 - status: ASSERTED
[Diagnostic] Claim ID: 1833aaec-0281-449a-ba76-6b8ff709a460
 - collectionId: DIRECTORS
 - instanceId: ch_2018-12-21_zzoommgrouplimited__
 - status: ASSERTED
[Diagnostic] Claim ID: 601873fc-7ddb-46b8-a54d-b0d6bf9f0516
 - collectionId: DIRECTORS
 - instanceId: ch_2023-10-05_smith_j
 - status: ASSERTED
[Diagnostic] Claim ID: e153ae33-23de-4210-b69c-f0566b82a0e9
 - collectionId: DIRECTORS
 - instanceId: ch_2021-10-13_smith_j
 - status: ASSERTED
[Diagnostic] Claim ID: ed97d648-5eeb-4c5f-8f22-95d7b5377a24
 - collectionId: DIRECTORS
 - instanceId: ch_2025-03-07_warner_j
 - status: ASSERTED
[Diagnostic] Claim ID: 77ad86aa-4d2e-4466-89b6-7c7d1e2d0e8f
 - collectionId: DIRECTORS
 - instanceId: ch_2023-07-10_incecocorporateserviceslimited__
 - status: ASSERTED
[Diagnostic] Claim ID: 1b5ab113-3c5f-4042-9231-98270ac22172
 - collectionId: DIRECTORS
 - instanceId: ch_2018-12-21_incegdcorporateserviceslimited__
 - status: ASSERTED
[Diagnostic] Claim ID: 0ab58161-e263-48da-bd45-090af3393afc
 - collectionId: DIRECTORS
 - instanceId: ch_2018-12-21_hare_m
 - status: ASSERTED
[Diagnostic] Claim ID: caf2d58e-46c0-42a3-8fa1-2e101d19357d
 - collectionId: DIRECTORS
 - instanceId: ch_2018-12-21_zzoommgrouplimited__
 - status: ASSERTED
[Diagnostic] Claim ID: f08046ef-9972-43dd-9e50-358873a7f454
 - collectionId: DIRECTORS
 - instanceId: ch_2023-10-05_smith_j
 - status: ASSERTED
[Diagnostic] Claim ID: d5b70dca-f9a9-4d9c-9973-176acbb833cd
 - collectionId: DIRECTORS
 - instanceId: ch_2021-10-13_smith_j
 - status: ASSERTED
[Diagnostic] Claim ID: 96b438dd-79ff-4b69-8487-36b49e7d16dc
 - collectionId: DIRECTORS
 - instanceId: ch_2025-03-07_warner_j
 - status: ASSERTED
[Diagnostic] Claim ID: 95849501-72a9-49bc-9cf8-828fc2a0adcc
 - collectionId: DIRECTORS
 - instanceId: ch_2023-07-10_incecocorporateserviceslimited__
 - status: ASSERTED
[Diagnostic] Claim ID: e9f82323-7be9-46d7-a2da-5c1e2fc77bc5
 - collectionId: DIRECTORS
 - instanceId: ch_2018-12-21_incegdcorporateserviceslimited__
 - status: ASSERTED
[Diagnostic] Claim ID: 0287cd07-7e50-49be-93de-a28f63f3c892
 - collectionId: DIRECTORS
 - instanceId: ch_2018-12-21_hare_m
 - status: ASSERTED
[Diagnostic] Claim ID: 946ecf5e-ef40-41cf-8eaf-f556263db6d4
 - collectionId: DIRECTORS
 - instanceId: ch_2018-12-21_zzoommgrouplimited__
 - status: ASSERTED
[Diagnostic] Claim ID: 80d79acb-897f-429a-9eff-bed94416bbc1
 - collectionId: DIRECTORS
 - instanceId: ch_2023-07-10_incecocorporateserviceslimited__
 - status: ASSERTED
[Diagnostic] Claim ID: b7cc4835-6806-4e0b-ae5f-435622ef9dc4
 - collectionId: DIRECTORS
 - instanceId: ch_2023-10-05_smith_j
 - status: ASSERTED
[Diagnostic] Claim ID: 3b087b5b-136a-436c-b28b-e407045ef8bf
 - collectionId: DIRECTORS
 - instanceId: ch_2021-10-13_smith_j
 - status: ASSERTED
[Diagnostic] Claim ID: c85e568a-d5d1-40b7-ba1e-af2b0c30434c
 - collectionId: DIRECTORS
 - instanceId: ch_2025-03-07_warner_j
 - status: ASSERTED
[Diagnostic] Claim ID: 6cb0cbae-d530-49fb-a830-0c07ec1b22d5
 - collectionId: DIRECTORS
 - instanceId: ch_2023-07-10_incecocorporateserviceslimited__
 - status: ASSERTED
[Diagnostic] Claim ID: aa774a78-510b-49ee-be7b-723bbb9a7690
 - collectionId: DIRECTORS
 - instanceId: ch_2018-12-21_incegdcorporateserviceslimited__
 - status: ASSERTED
[Diagnostic] Claim ID: 7593e76b-4dee-4227-b662-95fc100080aa
 - collectionId: DIRECTORS
 - instanceId: ch_2018-12-21_hare_m
 - status: ASSERTED
[Diagnostic] Claim ID: 34acca61-322e-49e1-b193-14e3c575fc94
 - collectionId: DIRECTORS
 - instanceId: ch_2018-12-21_zzoommgrouplimited__
 - status: ASSERTED
[Diagnostic] Claim ID: 7022e3df-8cca-473c-b1d4-f8f0ed40043f
 - collectionId: DIRECTORS
 - instanceId: ch_2023-10-05_smith_j
 - status: ASSERTED
[Diagnostic] Claim ID: 7dde4672-d6ad-4d94-aef8-ea923723bcff
 - collectionId: DIRECTORS
 - instanceId: ch_2021-10-13_smith_j
 - status: ASSERTED
[Diagnostic] Claim ID: 9f009a08-68d7-41c5-93b0-0d785b0f08e8
 - collectionId: DIRECTORS
 - instanceId: ch_2025-03-07_warner_j
 - status: ASSERTED
[Diagnostic] Claim ID: 9c400346-4a0a-444f-a539-e7fb5f2aac71
 - collectionId: DIRECTORS
 - instanceId: ch_2023-07-10_incecocorporateserviceslimited__
 - status: ASSERTED
[Diagnostic] Claim ID: de6678a6-bc7c-442d-8bee-c98252c227b7
 - collectionId: DIRECTORS
 - instanceId: ch_2018-12-21_incegdcorporateserviceslimited__
 - status: ASSERTED
[Diagnostic] Claim ID: a7d3a476-60da-4da4-81c6-975ac607ec04
 - collectionId: DIRECTORS
 - instanceId: ch_2018-12-21_hare_m
 - status: ASSERTED
[Diagnostic] Claim ID: f13f795a-8445-4243-b87c-161f7144bca2
 - collectionId: DIRECTORS
 - instanceId: ch_2018-12-21_zzoommgrouplimited__
 - status: ASSERTED
[Diagnostic] Claim ID: 7b5f4e9d-3fd6-4f3b-b09d-7682a9697d35
 - collectionId: DIRECTORS
 - instanceId: ch_2023-10-05_smith_j
 - status: ASSERTED
[Diagnostic] Claim ID: 9a9d80b3-97a2-49f1-b27e-b7eb3e9ef820
 - collectionId: DIRECTORS
 - instanceId: ch_2021-10-13_smith_j
 - status: ASSERTED
[Diagnostic] Claim ID: 8d966d85-66e7-455c-9fe3-7a873e0681ad
 - collectionId: DIRECTORS
 - instanceId: ch_2025-03-07_warner_j
 - status: ASSERTED
[Diagnostic] Claim ID: 685c887c-7892-4bd8-86f9-fe8839a2cc04
 - collectionId: DIRECTORS
 - instanceId: ch_2023-07-10_incecocorporateserviceslimited__
 - status: ASSERTED
[Diagnostic] Claim ID: 01364399-bff9-45e1-a4f7-1e3db9ca7464
 - collectionId: DIRECTORS
 - instanceId: poc_2026-03-25_adario_m
 - status: ASSERTED
[Diagnostic] Claim ID: 9376b782-239d-4b92-805d-4b58bc35bc03
 - collectionId: DIRECTORS
 - instanceId: ch_2018-12-21_incegdcorporateserviceslimited__
 - status: ASSERTED
[Diagnostic] Claim ID: aa114b83-e57f-4fe5-9857-99c0d5021177
 - collectionId: DIRECTORS
 - instanceId: ch_2018-12-21_hare_m
 - status: ASSERTED
[Diagnostic] Claim ID: 7d03e998-efff-41ef-8ba5-fec1f5b72edf
 - collectionId: DIRECTORS
 - instanceId: ch_2018-12-21_zzoommgrouplimited__
 - status: ASSERTED
[Diagnostic] Claim ID: d3612002-cf26-4e49-bdf8-51f0524678dc
 - collectionId: DIRECTORS
 - instanceId: ch_2023-10-05_smith_j
 - status: ASSERTED
[Diagnostic] Claim ID: 7331b2e5-b0fc-4e1a-9649-39306415311e
 - collectionId: DIRECTORS
 - instanceId: ch_2021-10-13_smith_j
 - status: ASSERTED
[Diagnostic] Claim ID: 8e99393f-92d6-48a6-9483-e18f8a165f34
 - collectionId: DIRECTORS
 - instanceId: ch_2025-03-07_warner_j
 - status: ASSERTED
[Diagnostic] Claim ID: dc9aeede-a852-4807-83cb-7f14e2f576c3
 - collectionId: DIRECTORS
 - instanceId: ch_2023-07-10_incecocorporateserviceslimited__
 - status: ASSERTED
[Diagnostic] Claim ID: 98398dbd-103c-4e93-8d62-dd68f94103fe
 - collectionId: DIRECTORS
 - instanceId: ch_2018-12-21_incegdcorporateserviceslimited__
 - status: ASSERTED
[Diagnostic] Claim ID: 08faa882-4995-4439-b7fb-068e4787c42a
 - collectionId: DIRECTORS
 - instanceId: ch_2018-12-21_hare_m
 - status: ASSERTED
[Diagnostic] Claim ID: fe9a6930-fa33-4720-ae42-d9225ef92884
 - collectionId: DIRECTORS
 - instanceId: ch_2018-12-21_zzoommgrouplimited__
 - status: ASSERTED
[Diagnostic] Claim ID: b8359ec3-ae4c-4ace-b23c-6a062253265c
 - collectionId: DIRECTORS
 - instanceId: ch_2023-10-05_smith_j
 - status: ASSERTED
[Diagnostic] Claim ID: 943af97f-fe5c-4004-9195-79e12dcdaa77
 - collectionId: DIRECTORS
 - instanceId: ch_2021-10-13_smith_j
 - status: ASSERTED
[Diagnostic] Claim ID: 5b88efcc-e7b4-44cb-91b4-ec1e40e7bebb
 - collectionId: DIRECTORS
 - instanceId: ch_2025-03-07_warner_j
 - status: ASSERTED
[Diagnostic] Claim ID: e395b0b3-75db-4ffb-b592-49e574b302fa
 - collectionId: DIRECTORS
 - instanceId: ch_2023-07-10_incecocorporateserviceslimited__
 - status: ASSERTED
[Diagnostic] Claim ID: 47db5de9-2a6a-4fac-b477-6b5e48252c71
 - collectionId: DIRECTORS
 - instanceId: ch_2018-12-21_incegdcorporateserviceslimited__
 - status: ASSERTED
[Diagnostic] Claim ID: 61fb4c67-97f8-4491-b43c-125b5a999b47
 - collectionId: DIRECTORS
 - instanceId: ch_2018-12-21_hare_m
 - status: ASSERTED
[Diagnostic] Claim ID: 4f3eca6d-8607-43b6-b08d-19ce241318a5
 - collectionId: DIRECTORS
 - instanceId: ch_2018-12-21_zzoommgrouplimited__
 - status: ASSERTED
[Diagnostic] Claim ID: f9bf3f86-2c49-4ff0-846d-ab26892c5366
 - collectionId: DIRECTORS
 - instanceId: poc_2025-07-18_davies_i
 - status: ASSERTED
[Diagnostic] Claim ID: 28662ae2-4c11-4e12-9992-89a68336a0ad
 - collectionId: DIRECTORS
 - instanceId: ch_2018-12-21_zzoommgrouplimited__
 - status: ASSERTED
[Diagnostic] Claim ID: 16e574ec-ab53-44bf-a529-13ee8ff5529b
 - collectionId: DIRECTORS
 - instanceId: ch_2023-10-05_smith_j
 - status: ASSERTED
[Diagnostic] Claim ID: 17df90ca-8f9e-4a7c-ac2b-b6f13ee776a2
 - collectionId: DIRECTORS
 - instanceId: ch_2021-10-13_smith_j
 - status: ASSERTED
[Diagnostic] Claim ID: 46411440-40da-49ab-8cec-51725f099e50
 - collectionId: DIRECTORS
 - instanceId: ch_2025-03-07_warner_j
 - status: ASSERTED
[Diagnostic] Claim ID: 87d9df5b-e745-496b-90f0-9fb37a81d16f
 - collectionId: DIRECTORS
 - instanceId: ch_2023-07-10_incecocorporateserviceslimited__
 - status: ASSERTED
[Diagnostic] Claim ID: 3268a64b-3686-4b85-a88c-924fd9f3fe9b
 - collectionId: DIRECTORS
 - instanceId: ch_2018-12-21_incegdcorporateserviceslimited__
 - status: ASSERTED
[Diagnostic] Claim ID: d6d94c1d-1906-41cd-88de-8c94574072f3
 - collectionId: DIRECTORS
 - instanceId: ch_2018-12-21_hare_m
 - status: ASSERTED
[Diagnostic] Claim ID: 068762b1-f9b6-4858-af8a-1d15f449b74a
 - collectionId: DIRECTORS
 - instanceId: ch_2018-12-21_zzoommgrouplimited__
 - status: ASSERTED
[Diagnostic] Claim ID: 5fd58caa-2261-4acf-9f2a-01dd51cd1e79
 - collectionId: DIRECTORS
 - instanceId: ch_2018-12-21_hare_m
 - status: ASSERTED
[Diagnostic] Claim ID: 5d425fcc-af80-4d01-9b90-ec223d93855f
 - collectionId: DIRECTORS
 - instanceId: ch_2018-12-21_zzoommgrouplimited__
 - status: ASSERTED
[Diagnostic] Claim ID: 1be092b7-914d-4723-99ff-9f67706610e8
 - collectionId: DIRECTORS
 - instanceId: ch_2023-10-05_smith_j
 - status: ASSERTED
[Diagnostic] Claim ID: 3fc425a6-e4dc-4425-b291-e29b43925ac4
 - collectionId: DIRECTORS
 - instanceId: ch_2021-10-13_smith_j
 - status: ASSERTED
[Diagnostic] Claim ID: 9eb38765-3c13-4fc3-b038-375ccf5b598b
 - collectionId: DIRECTORS
 - instanceId: ch_2025-03-07_warner_j
 - status: ASSERTED
[Diagnostic] Claim ID: b0272b65-c0d1-4df1-833d-48dd3dbac9c8
 - collectionId: DIRECTORS
 - instanceId: ch_2023-07-10_incecocorporateserviceslimited__
 - status: ASSERTED
[Diagnostic] Claim ID: 239b841a-bd07-4f96-8e4c-f883b2e96ffd
 - collectionId: DIRECTORS
 - instanceId: ch_2018-12-21_incegdcorporateserviceslimited__
 - status: ASSERTED
[Diagnostic] Claim ID: b04077e4-2d13-4a44-9319-e0a7a0973322
 - collectionId: DIRECTORS
 - instanceId: ch_2018-12-21_hare_m
 - status: ASSERTED
[Diagnostic] Claim ID: c604fdaf-1eeb-4bcd-a9d3-baf53cf6b9a8
 - collectionId: DIRECTORS
 - instanceId: ch_2018-12-21_zzoommgrouplimited__
 - status: ASSERTED
[Diagnostic] Claim ID: b2b4337f-4034-4977-9fde-133582e374e7
 - collectionId: DIRECTORS
 - instanceId: ch_2023-10-05_smith_j
 - status: ASSERTED
[Diagnostic] Claim ID: 74196e5f-0075-4b2a-b013-cec7b0d2ed79
 - collectionId: DIRECTORS
 - instanceId: ch_2021-10-13_smith_j
 - status: ASSERTED
[Diagnostic] Claim ID: a5850a0d-922e-41a9-8c7f-458c82d40535
 - collectionId: DIRECTORS
 - instanceId: ch_2025-03-07_warner_j
 - status: ASSERTED
[Diagnostic] Claim ID: 3eaa6723-3edc-45a0-bb41-ca19e4c426dc
 - collectionId: DIRECTORS
 - instanceId: ch_2023-07-10_incecocorporateserviceslimited__
 - status: ASSERTED
[Diagnostic] Claim ID: 20f745ec-112c-4c80-aeea-d3be5efcc51d
 - collectionId: DIRECTORS
 - instanceId: ch_2018-12-21_incegdcorporateserviceslimited__
 - status: ASSERTED
[Diagnostic] Claim ID: a282f687-640a-46ce-b2f9-08f20ff7f377
 - collectionId: DIRECTORS
 - instanceId: ch_2023-10-05_smith_j
 - status: ASSERTED
[Diagnostic] Claim ID: 1da93b83-6689-49d1-947a-1c7cff07c5db
 - collectionId: DIRECTORS
 - instanceId: ch_2021-10-13_smith_j
 - status: ASSERTED
[Diagnostic] Claim ID: 5d5eccbe-41f9-48f4-be75-9903d25efa96
 - collectionId: DIRECTORS
 - instanceId: ch_2025-03-07_warner_j
 - status: ASSERTED
[Diagnostic] Claim ID: b0144452-5624-4423-8cfc-127cfd17002b
 - collectionId: DIRECTORS
 - instanceId: ch_2023-07-10_incecocorporateserviceslimited__
 - status: ASSERTED
[Diagnostic] Claim ID: 01a58672-d1d0-4f79-9648-3c7685cf7a0f
 - collectionId: DIRECTORS
 - instanceId: ch_2018-12-21_incegdcorporateserviceslimited__
 - status: ASSERTED
[Diagnostic] Claim ID: 05db0627-07ac-4438-8d38-b8685db18eb5
 - collectionId: DIRECTORS
 - instanceId: ch_2018-12-21_hare_m
 - status: ASSERTED
[Diagnostic] Claim ID: e97e00e6-da25-42f0-979f-a79ad441bac0
 - collectionId: DIRECTORS
 - instanceId: ch_2018-12-21_zzoommgrouplimited__
 - status: ASSERTED
[Diagnostic] Claim ID: 91458f91-fdca-4680-a33d-dc6e2cc42cb0
 - collectionId: DIRECTORS
 - instanceId: ch_2023-10-05_smith_j
 - status: ASSERTED
[Diagnostic] Claim ID: d7f7c2d3-3bd6-45be-b2bd-11dd420d98f9
 - collectionId: DIRECTORS
 - instanceId: ch_2021-10-13_smith_j
 - status: ASSERTED
[Diagnostic] Claim ID: ff333646-8a90-4fbd-8028-48ee3f1c8bc2
 - collectionId: DIRECTORS
 - instanceId: ch_2025-03-07_warner_j
 - status: ASSERTED
[Diagnostic] Claim ID: 322779c3-5bc8-4a80-9ef1-412c68a4c4bc
 - collectionId: DIRECTORS
 - instanceId: ch_2023-07-10_incecocorporateserviceslimited__
 - status: ASSERTED
[Diagnostic] Claim ID: a6f4292c-7b3f-47e5-858c-7fa87ce82211
 - collectionId: DIRECTORS
 - instanceId: ch_2018-12-21_incegdcorporateserviceslimited__
 - status: ASSERTED
[Diagnostic] Claim ID: 5a5fc89a-b7fe-492b-8299-1c3949ce0eb4
 - collectionId: DIRECTORS
 - instanceId: ch_2018-12-21_hare_m
 - status: ASSERTED
[Diagnostic] Claim ID: b3b2f9b6-1284-41cd-9154-57b8e3fb5f8f
 - collectionId: DIRECTORS
 - instanceId: ch_2018-12-21_zzoommgrouplimited__
 - status: ASSERTED
[Diagnostic] Claim ID: 95f9656f-b81d-423a-b937-b01e9b3ce066
 - collectionId: DIRECTORS
 - instanceId: ch_2023-10-05_smith_j
 - status: ASSERTED
[Diagnostic] Claim ID: 0fdc5bc9-a6ff-4372-bdb5-b67c60068d4d
 - collectionId: DIRECTORS
 - instanceId: ch_2021-10-13_smith_j
 - status: ASSERTED
[Diagnostic] Claim ID: 8fc9dd20-52f5-444c-b8c6-d46773fd95e8
 - collectionId: DIRECTORS
 - instanceId: ch_2025-03-07_warner_j
 - status: ASSERTED
[Diagnostic] Claim ID: 110684ac-96b5-48fd-8d95-4fc3df1d145b
 - collectionId: DIRECTORS
 - instanceId: ch_2018-12-21_incegdcorporateserviceslimited__
 - status: ASSERTED
[Diagnostic] Claim ID: 8eb7d61d-6925-4c31-8297-8ffd2be4cc78
 - collectionId: DIRECTORS
 - instanceId: ch_2018-12-21_hare_m
 - status: ASSERTED
[Diagnostic] Claim ID: 6402cb17-9e4d-4d00-b76f-de72ff3cbeed
 - collectionId: DIRECTORS
 - instanceId: ch_2018-12-21_zzoommgrouplimited__
 - status: ASSERTED
[Diagnostic] Claim ID: f9426693-26c2-4fc8-a340-9027363b20ea
 - collectionId: DIRECTORS
 - instanceId: ch_2023-10-05_smith_j
 - status: ASSERTED
[Diagnostic] Claim ID: 1cfeaaf6-5697-400a-86df-77f857d976f9
 - collectionId: DIRECTORS
 - instanceId: ch_2021-10-13_smith_j
 - status: ASSERTED
[Diagnostic] Claim ID: d7fbe8f0-38a5-4ab7-a8fe-2ef80bbd4ff0
 - collectionId: DIRECTORS
 - instanceId: ch_2025-03-07_warner_j
 - status: ASSERTED
[Diagnostic] Claim ID: 2addd11c-719a-4d43-8d05-c0b63a63d98d
 - collectionId: DIRECTORS
 - instanceId: ch_2023-07-10_incecocorporateserviceslimited__
 - status: ASSERTED
[Diagnostic] Claim ID: 044c1c99-cfd8-41a6-9951-f23e705bd80d
 - collectionId: DIRECTORS
 - instanceId: ch_2018-12-21_incegdcorporateserviceslimited__
 - status: ASSERTED
[Diagnostic] Claim ID: a179df69-c374-4c67-8680-93221374286c
 - collectionId: DIRECTORS
 - instanceId: ch_2018-12-21_hare_m
 - status: ASSERTED
[Diagnostic] Claim ID: 4f7dfb1a-89c9-4f55-9c7b-395aee53d886
 - collectionId: DIRECTORS
 - instanceId: ch_2018-12-21_zzoommgrouplimited__
 - status: ASSERTED
[Diagnostic] Claim ID: 97f32036-0319-434e-bf57-18f21b4d7b30
 - collectionId: DIRECTORS
 - instanceId: ch_2023-10-05_smith_j
 - status: ASSERTED
[Diagnostic] Claim ID: 8eeff1e9-e4ae-4f2f-aa75-d55a4bea3d1f
 - collectionId: DIRECTORS
 - instanceId: ch_2021-10-13_smith_j
 - status: ASSERTED
[Diagnostic] Claim ID: 1229fbf0-a47d-43b2-be0a-c03b95dd0a9a
 - collectionId: DIRECTORS
 - instanceId: ch_2025-03-07_warner_j
 - status: ASSERTED
[Diagnostic] Claim ID: f739f3d2-eb90-4434-a50d-b6a4b2ec1055
 - collectionId: DIRECTORS
 - instanceId: ch_2023-07-10_incecocorporateserviceslimited__
 - status: ASSERTED
[Diagnostic] Claim ID: 1546327b-c6b1-48bc-9012-1a8c57f07f6a
 - collectionId: DIRECTORS
 - instanceId: ch_2018-12-21_incegdcorporateserviceslimited__
 - status: ASSERTED
[Diagnostic] Claim ID: f737b0b9-a979-461e-9cf9-63bf87b0f9cb
 - collectionId: DIRECTORS
 - instanceId: ch_2018-12-21_hare_m
 - status: ASSERTED
[Diagnostic] Claim ID: 03622efa-c8d5-429f-a34c-720d6a6769fb
 - collectionId: DIRECTORS
 - instanceId: ch_2018-12-21_zzoommgrouplimited__
 - status: ASSERTED
[Diagnostic] Claim ID: 90420fe9-13ba-4ce0-83af-7a0e2cff07e6
 - collectionId: DIRECTORS
 - instanceId: ch_2023-07-10_incecocorporateserviceslimited__
 - status: ASSERTED
[Diagnostic] Claim ID: af1b459a-b205-4b44-ae83-8c7b9a31ccf7
 - collectionId: DIRECTORS
 - instanceId: ch_2023-10-05_smith_j
 - status: ASSERTED
[Diagnostic] Claim ID: b736e0f2-9a27-4904-9dde-acc0e6ac8637
 - collectionId: DIRECTORS
 - instanceId: ch_2021-10-13_smith_j
 - status: ASSERTED
[Diagnostic] Claim ID: c781a66e-9938-460d-ade1-a73c8b3a14b2
 - collectionId: DIRECTORS
 - instanceId: ch_2025-03-07_warner_j
 - status: ASSERTED
[Diagnostic] Claim ID: 246d91c3-71a0-4930-9abb-469f7b4b9a83
 - collectionId: DIRECTORS
 - instanceId: ch_2023-07-10_incecocorporateserviceslimited__
 - status: ASSERTED
[Diagnostic] Claim ID: 4128dacc-69d2-4469-be6c-ad86f6fa7c6b
 - collectionId: DIRECTORS
 - instanceId: ch_2018-12-21_incegdcorporateserviceslimited__
 - status: ASSERTED
[Diagnostic] Claim ID: 90d22c46-c57f-4e72-b5a0-923089204c15
 - collectionId: DIRECTORS
 - instanceId: ch_2018-12-21_hare_m
 - status: ASSERTED
[Diagnostic] Claim ID: 971a2669-e938-410a-9657-0595905730a2
 - collectionId: DIRECTORS
 - instanceId: ch_2018-12-21_zzoommgrouplimited__
 - status: ASSERTED
[Diagnostic] Claim ID: de31ce85-1087-4353-a656-6fd67ec86ae9
 - collectionId: DIRECTORS
 - instanceId: ch_2023-10-05_smith_j
 - status: ASSERTED
[Diagnostic] Claim ID: 6d8eff13-6d12-4833-ad6e-01b1cdf80d89
 - collectionId: DIRECTORS
 - instanceId: ch_2021-10-13_smith_j
 - status: ASSERTED
[Diagnostic] Claim ID: bb1cecbc-84e0-4045-a05a-c4dbbf3d2aea
 - collectionId: DIRECTORS
 - instanceId: ch_2025-03-07_warner_j
 - status: ASSERTED
[Diagnostic] Claim ID: 683a2a2c-fe18-4a80-928a-664afa3f1b97
 - collectionId: DIRECTORS
 - instanceId: ch_2023-07-10_incecocorporateserviceslimited__
 - status: ASSERTED
[Diagnostic] Claim ID: ef48634a-1c9b-484f-817c-781f1a5d4528
 - collectionId: DIRECTORS
 - instanceId: ch_2018-12-21_incegdcorporateserviceslimited__
 - status: ASSERTED
[Diagnostic] Claim ID: f3797dc7-23f8-4185-8044-de13aaa1513c
 - collectionId: DIRECTORS
 - instanceId: ch_2018-12-21_hare_m
 - status: ASSERTED
[Diagnostic] Claim ID: aa91b509-98cc-477e-8b86-f10242a3b45e
 - collectionId: DIRECTORS
 - instanceId: ch_2018-12-21_zzoommgrouplimited__
 - status: ASSERTED
[Diagnostic] Claim ID: cbbc4d6c-2ebc-4447-b3cb-b916eb527ebd
 - collectionId: DIRECTORS
 - instanceId: ch_2023-10-05_smith_j
 - status: ASSERTED
[Diagnostic] Claim ID: b5077681-416d-497b-a3b3-bf7b30d4eca5
 - collectionId: DIRECTORS
 - instanceId: ch_2021-10-13_smith_j
 - status: ASSERTED
[Diagnostic] Claim ID: 4219d1a4-3746-4809-984a-c3bfc0a25988
 - collectionId: DIRECTORS
 - instanceId: ch_2025-03-07_warner_j
 - status: ASSERTED
[Diagnostic] Claim ID: 7682258e-dc73-4b03-bf4f-04cd91958b42
 - collectionId: DIRECTORS
 - instanceId: ch_2023-07-10_incecocorporateserviceslimited__
 - status: ASSERTED
[Diagnostic] Claim ID: b8d2530e-4733-43f1-bddb-8656eb216fa8
 - collectionId: DIRECTORS
 - instanceId: ch_2018-12-21_incegdcorporateserviceslimited__
 - status: ASSERTED
[Diagnostic] Claim ID: c4905a3d-f9d3-4481-b98c-e512c16d81c5
 - collectionId: DIRECTORS
 - instanceId: ch_2018-12-21_hare_m
 - status: ASSERTED
[Diagnostic] Claim ID: 50d8053b-63cd-4d00-bcb3-37e824b89667
 - collectionId: DIRECTORS
 - instanceId: ch_2018-12-21_zzoommgrouplimited__
 - status: ASSERTED
[Diagnostic] Claim ID: 5ef749b3-53ba-4729-88cb-3c6af5d6b13c
 - collectionId: DIRECTORS
 - instanceId: ch_2023-10-05_smith_j
 - status: ASSERTED
[Diagnostic] Claim ID: 027582f5-d90c-40b2-bd30-0b3c16f585d3
 - collectionId: DIRECTORS
 - instanceId: ch_2021-10-13_smith_j
 - status: ASSERTED
[Diagnostic] Claim ID: 49aa63a6-8656-42e7-ad64-1fb781d88060
 - collectionId: DIRECTORS
 - instanceId: ch_2025-03-07_warner_j
 - status: ASSERTED
[Diagnostic] Claim ID: 87b5d3d2-a53b-4bf5-9168-35b98603295e
 - collectionId: DIRECTORS
 - instanceId: ch_2023-07-10_incecocorporateserviceslimited__
 - status: ASSERTED
[Diagnostic] Claim ID: 6f6d8a74-c3eb-4fd1-a942-f5a2e89ea7ff
 - collectionId: DIRECTORS
 - instanceId: ch_2018-12-21_incegdcorporateserviceslimited__
 - status: ASSERTED
[Diagnostic] Claim ID: 0f264b04-3d43-48d4-97e2-3f5816deed35
 - collectionId: DIRECTORS
 - instanceId: ch_2018-12-21_hare_m
 - status: ASSERTED
[Diagnostic] Claim ID: 448da42b-31a9-4c4e-aec9-e6fed2698959
 - collectionId: DIRECTORS
 - instanceId: ch_2018-12-21_zzoommgrouplimited__
 - status: ASSERTED
[Diagnostic] Claim ID: 8099d408-8a0f-4b07-af3e-21b96eb9c19b
 - collectionId: DIRECTORS
 - instanceId: ch_2023-10-05_smith_j
 - status: ASSERTED
[Diagnostic] Claim ID: ac918ee1-bd4e-4e73-aaf1-66be52e7d8b8
 - collectionId: DIRECTORS
 - instanceId: ch_2021-10-13_smith_j
 - status: ASSERTED
[Diagnostic] Claim ID: c7c6ab26-5711-40bd-b810-4c2e39702ed1
 - collectionId: DIRECTORS
 - instanceId: ch_2025-03-07_warner_j
 - status: ASSERTED
[Diagnostic] Claim ID: ca27567b-0b4b-4cc5-b5b1-55ccfb9697a5
 - collectionId: DIRECTORS
 - instanceId: ch_2023-07-10_incecocorporateserviceslimited__
 - status: ASSERTED
[Diagnostic] Claim ID: 9f0170a1-cd91-4cdf-aac7-ec9da3843bcc
 - collectionId: DIRECTORS
 - instanceId: ch_2018-12-21_incegdcorporateserviceslimited__
 - status: ASSERTED
[Diagnostic] Claim ID: c629e0f7-df53-4629-9930-b183d532e910
 - collectionId: DIRECTORS
 - instanceId: ch_2018-12-21_hare_m
 - status: ASSERTED
[Diagnostic] Claim ID: f6457a91-30ea-4f16-b246-df95bde2a657
 - collectionId: DIRECTORS
 - instanceId: ch_2018-12-21_zzoommgrouplimited__
 - status: ASSERTED
[Diagnostic] Claim ID: 8e128d51-5a58-4b3e-8098-1eb7b57dce3a
 - collectionId: DIRECTORS
 - instanceId: poc_2025-07-18_davies_t
 - status: ASSERTED
[Diagnostic] Claim ID: d9b6376c-b25a-458e-89eb-dfb3a04fe55d
 - collectionId: DIRECTORS
 - instanceId: ch_2025-07-18_davies_i
 - status: ASSERTED
[Diagnostic] Claim ID: 7ef1c0d9-8cef-4e96-9a45-c29b162b1403
 - collectionId: DIRECTORS
 - instanceId: ch_2025-07-18_davies_t
 - status: ASSERTED
[Diagnostic] Claim ID: 2078e816-8281-4a68-8eef-e7610bab4d12
 - collectionId: DIRECTORS
 - instanceId: poc_2024-10-01_ahuja_v
 - status: ASSERTED
[Diagnostic] Claim ID: 5c974b16-26dd-4114-a60e-ffb7b8379955
 - collectionId: DIRECTORS
 - instanceId: ch_2023-10-05_smith_j
 - status: ASSERTED
[Diagnostic] Claim ID: b55deb50-0fd4-40ea-8f4a-66fd99b0719e
 - collectionId: DIRECTORS
 - instanceId: ch_2021-10-13_smith_j
 - status: ASSERTED
[Diagnostic] Claim ID: a51a7124-b728-4fb2-832d-2b30b41dfab9
 - collectionId: DIRECTORS
 - instanceId: ch_2025-03-07_warner_j
 - status: ASSERTED
[Diagnostic] Claim ID: 4a0c3eeb-d9b2-454e-b8ad-dfef028ef0c3
 - collectionId: DIRECTORS
 - instanceId: ch_2023-07-10_incecocorporateserviceslimited__
 - status: ASSERTED
[Diagnostic] Claim ID: b7e096f2-de3d-4de6-aa18-275ee20ae4dd
 - collectionId: DIRECTORS
 - instanceId: ch_2018-12-21_incegdcorporateserviceslimited__
 - status: ASSERTED
[Diagnostic] Claim ID: 77b0a502-d6c6-469d-aa61-bbc7290df41d
 - collectionId: DIRECTORS
 - instanceId: ch_2018-12-21_hare_m
 - status: ASSERTED
[Diagnostic] Claim ID: 4b2f5f1a-88b5-4361-af7d-d9248140e1eb
 - collectionId: DIRECTORS
 - instanceId: ch_2018-12-21_zzoommgrouplimited__
 - status: ASSERTED
[Diagnostic] Claim ID: e8cdb99c-1826-4bf3-8e22-3f92f331ffdd
 - collectionId: DIRECTORS
 - instanceId: ch_2018-12-21_hare_m
 - status: ASSERTED
[Diagnostic] Claim ID: ff4719a7-1712-42b3-a424-8a89e9eefabc
 - collectionId: DIRECTORS
 - instanceId: ch_2018-12-21_zzoommgrouplimited__
 - status: ASSERTED
[Diagnostic] Claim ID: 65dddcc4-0db2-46c9-a974-00ae30f8d690
 - collectionId: DIRECTORS
 - instanceId: ch_2023-10-05_smith_j
 - status: ASSERTED
[Diagnostic] Claim ID: f5947c12-5ea8-49c7-9ece-0d37a927471d
 - collectionId: DIRECTORS
 - instanceId: ch_2021-10-13_smith_j
 - status: ASSERTED
[Diagnostic] Claim ID: 6b5b7a2f-5561-424d-9a34-e4faa7f793b0
 - collectionId: DIRECTORS
 - instanceId: ch_2025-03-07_warner_j
 - status: ASSERTED
[Diagnostic] Claim ID: cc064c05-d0b0-4380-893c-2b9fe9d60977
 - collectionId: DIRECTORS
 - instanceId: ch_2023-07-10_incecocorporateserviceslimited__
 - status: ASSERTED
[Diagnostic] Claim ID: 2e08931a-248b-4b53-b700-b38bccceb8d5
 - collectionId: DIRECTORS
 - instanceId: ch_2018-12-21_incegdcorporateserviceslimited__
 - status: ASSERTED
[Diagnostic] Claim ID: 8856023e-9288-4c9e-9f45-e3645c8ef399
 - collectionId: DIRECTORS
 - instanceId: ch_2018-12-21_hare_m
 - status: ASSERTED
[Diagnostic] Claim ID: 4f106b1a-2abb-4849-baa3-a3b7fdeee383
 - collectionId: DIRECTORS
 - instanceId: ch_2018-12-21_zzoommgrouplimited__
 - status: ASSERTED
[Diagnostic] Claim ID: 938ee6cc-225b-4041-aa72-60695c03e622
 - collectionId: DIRECTORS
 - instanceId: ch_2023-10-05_smith_j
 - status: ASSERTED
[Diagnostic] Claim ID: b23707cc-227c-455c-a8e0-78730c70b00b
 - collectionId: DIRECTORS
 - instanceId: ch_2021-10-13_smith_j
 - status: ASSERTED
[Diagnostic] Claim ID: 64267ae2-7c3a-4f9f-8377-af68571b16c1
 - collectionId: DIRECTORS
 - instanceId: ch_2025-03-07_warner_j
 - status: ASSERTED
[Diagnostic] Claim ID: 4aa45444-0a80-407b-98ba-aae11abdba55
 - collectionId: DIRECTORS
 - instanceId: ch_2023-07-10_incecocorporateserviceslimited__
 - status: ASSERTED
[Diagnostic] Claim ID: 962da3e8-be96-42f0-870d-40ba6a37aa2a
 - collectionId: DIRECTORS
 - instanceId: ch_2018-12-21_incegdcorporateserviceslimited__
 - status: ASSERTED
[Diagnostic] Claim ID: 2ee1cb48-f47e-44df-a3ec-8f29293596da
 - collectionId: DIRECTORS
 - instanceId: ch_2023-10-05_smith_j
 - status: ASSERTED
[Diagnostic] Claim ID: 70462b04-4530-4f9a-ac52-3bddae517d5a
 - collectionId: DIRECTORS
 - instanceId: ch_2021-10-13_smith_j
 - status: ASSERTED
[Diagnostic] Claim ID: 93d01543-b353-4562-b0dd-18e775e2f07e
 - collectionId: DIRECTORS
 - instanceId: ch_2025-03-07_warner_j
 - status: ASSERTED
[Diagnostic] Claim ID: 331ad91c-8170-4ad9-93b5-fbe6ded10087
 - collectionId: DIRECTORS
 - instanceId: ch_2023-07-10_incecocorporateserviceslimited__
 - status: ASSERTED
[Diagnostic] Claim ID: 514002fc-f9c2-4abf-a13b-009f1b9eba6b
 - collectionId: DIRECTORS
 - instanceId: ch_2018-12-21_incegdcorporateserviceslimited__
 - status: ASSERTED
[Diagnostic] Claim ID: b0ec3189-49da-493c-a763-8bd2b296596c
 - collectionId: DIRECTORS
 - instanceId: ch_2018-12-21_hare_m
 - status: ASSERTED
[Diagnostic] Claim ID: ef3e97d0-2c74-4e1f-abcb-cddc3e015242
 - collectionId: DIRECTORS
 - instanceId: ch_2018-12-21_zzoommgrouplimited__
 - status: ASSERTED
[Diagnostic] Claim ID: b6803c6d-9e3a-4a22-9340-8d08d6dc63f4
 - collectionId: DIRECTORS
 - instanceId: ch_2023-10-05_smith_j
 - status: ASSERTED
[Diagnostic] Claim ID: 65cbb1e3-8ec0-459e-aeb5-868e75a56b4e
 - collectionId: DIRECTORS
 - instanceId: ch_2021-10-13_smith_j
 - status: ASSERTED
[Diagnostic] Claim ID: 8aaaa916-ddb9-488d-b177-860f33ce2a1c
 - collectionId: DIRECTORS
 - instanceId: ch_2025-03-07_warner_j
 - status: ASSERTED
[Diagnostic] Claim ID: 608be53e-f591-4d2b-a7bc-494f8b44047f
 - collectionId: DIRECTORS
 - instanceId: ch_2023-07-10_incecocorporateserviceslimited__
 - status: ASSERTED
[Diagnostic] Claim ID: 8a813f67-08ab-4eb4-905d-51845c2387a0
 - collectionId: DIRECTORS
 - instanceId: ch_2018-12-21_incegdcorporateserviceslimited__
 - status: ASSERTED
[Diagnostic] Claim ID: 7ff28f28-dab2-4e34-a83e-bef99f5ef214
 - collectionId: DIRECTORS
 - instanceId: ch_2018-12-21_hare_m
 - status: ASSERTED
[Diagnostic] Claim ID: f2964695-850d-4960-ae81-b1849570f8dc
 - collectionId: DIRECTORS
 - instanceId: ch_2018-12-21_zzoommgrouplimited__
 - status: ASSERTED
[Diagnostic] Claim ID: fcf034a2-ef34-4bbb-8c26-4527e2587389
 - collectionId: DIRECTORS
 - instanceId: ch_2023-10-05_smith_j
 - status: ASSERTED
[Diagnostic] Claim ID: 2d5d7f30-e4dc-4e56-ac64-70f4e62a3556
 - collectionId: DIRECTORS
 - instanceId: ch_2021-10-13_smith_j
 - status: ASSERTED
[Diagnostic] Claim ID: bf92fe45-869e-446a-bfdf-bd1eea1ad431
 - collectionId: DIRECTORS
 - instanceId: ch_2025-03-07_warner_j
 - status: ASSERTED
[Diagnostic] Claim ID: 6ee5fc41-215f-4417-95e8-a680d66dda99
 - collectionId: DIRECTORS
 - instanceId: ch_2018-12-21_incegdcorporateserviceslimited__
 - status: ASSERTED
[Diagnostic] Claim ID: 61e79bde-4f47-4ad4-b4f6-b6199c2ca5aa
 - collectionId: DIRECTORS
 - instanceId: ch_2018-12-21_hare_m
 - status: ASSERTED
[Diagnostic] Claim ID: 24461d4e-9fef-4105-ad17-1dc4bf333481
 - collectionId: DIRECTORS
 - instanceId: ch_2018-12-21_zzoommgrouplimited__
 - status: ASSERTED
[Diagnostic] Claim ID: 8ddca8d7-4a94-444b-9126-b1fe87400944
 - collectionId: DIRECTORS
 - instanceId: ch_2023-10-05_smith_j
 - status: ASSERTED
[Diagnostic] Claim ID: 91ece682-b616-440e-8c16-a924c26778fc
 - collectionId: DIRECTORS
 - instanceId: ch_2021-10-13_smith_j
 - status: ASSERTED
[Diagnostic] Claim ID: 097b4329-35f0-433a-9054-9de8add0074e
 - collectionId: DIRECTORS
 - instanceId: ch_2025-03-07_warner_j
 - status: ASSERTED
[Diagnostic] Claim ID: 07dfad83-d98b-4887-999d-5eb463057610
 - collectionId: DIRECTORS
 - instanceId: ch_2023-07-10_incecocorporateserviceslimited__
 - status: ASSERTED
[Diagnostic] Claim ID: 7cc6ca75-59e2-47ce-99ca-87e3ccc0c6b6
 - collectionId: DIRECTORS
 - instanceId: ch_2018-12-21_incegdcorporateserviceslimited__
 - status: ASSERTED
[Diagnostic] Claim ID: ff95c90f-3c86-4309-8ac0-188b3de75c52
 - collectionId: DIRECTORS
 - instanceId: ch_2018-12-21_hare_m
 - status: ASSERTED
[Diagnostic] Claim ID: 16e84183-dd48-4329-abb1-c364ca58cfc8
 - collectionId: DIRECTORS
 - instanceId: ch_2018-12-21_zzoommgrouplimited__
 - status: ASSERTED
[Diagnostic] Claim ID: 77e4ee69-db8f-432f-9a3b-e1c48360041c
 - collectionId: DIRECTORS
 - instanceId: ch_2023-10-05_smith_j
 - status: ASSERTED
[Diagnostic] Claim ID: 62f90de6-e00d-4a05-802b-36a17afdf53d
 - collectionId: DIRECTORS
 - instanceId: ch_2021-10-13_smith_j
 - status: ASSERTED
[Diagnostic] Claim ID: f13be9a8-9bf1-4520-8788-aead8b85d993
 - collectionId: DIRECTORS
 - instanceId: ch_2025-03-07_warner_j
 - status: ASSERTED
[Diagnostic] Claim ID: da5534c4-6f52-4e42-b7f5-dd58ac8fcd40
 - collectionId: DIRECTORS
 - instanceId: ch_2023-07-10_incecocorporateserviceslimited__
 - status: ASSERTED
[Diagnostic] Claim ID: d69e6087-ef09-4f92-b461-6459ab34e276
 - collectionId: DIRECTORS
 - instanceId: ch_2018-12-21_incegdcorporateserviceslimited__
 - status: ASSERTED
[Diagnostic] Claim ID: 7f77cc37-975d-4128-bff6-6002afca221f
 - collectionId: DIRECTORS
 - instanceId: ch_2018-12-21_hare_m
 - status: ASSERTED
[Diagnostic] Claim ID: 7f29d0e1-7958-432c-adaa-d68c21a13381
 - collectionId: DIRECTORS
 - instanceId: ch_2018-12-21_zzoommgrouplimited__
 - status: ASSERTED
[Diagnostic] Claim ID: 8d1af257-4811-49bf-b03c-6e3dcaf78891
 - collectionId: DIRECTORS
 - instanceId: ch_2023-07-10_incecocorporateserviceslimited__
 - status: ASSERTED
[Diagnostic] Claim ID: 99fe6c33-54f7-4b14-94d7-b5a35e1e744e
 - collectionId: DIRECTORS
 - instanceId: ch_2023-10-05_smith_j
 - status: ASSERTED
[Diagnostic] Claim ID: 2fe699ae-672c-4910-9537-07ca2103146b
 - collectionId: DIRECTORS
 - instanceId: ch_2021-10-13_smith_j
 - status: ASSERTED
[Diagnostic] Claim ID: 649e01dc-b8e8-47d1-bbd6-a07727198459
 - collectionId: DIRECTORS
 - instanceId: ch_2025-03-07_warner_j
 - status: ASSERTED
[Diagnostic] Claim ID: faaa9d3e-bc4f-460d-b9e2-7162c53995f3
 - collectionId: DIRECTORS
 - instanceId: ch_2023-07-10_incecocorporateserviceslimited__
 - status: ASSERTED
[Diagnostic] Claim ID: 75d7ce2f-525c-4539-b8d9-76f5d1c0e2c3
 - collectionId: DIRECTORS
 - instanceId: ch_2018-12-21_incegdcorporateserviceslimited__
 - status: ASSERTED
[Diagnostic] Claim ID: 5c025f8e-bb67-4fa4-9830-536635b73658
 - collectionId: DIRECTORS
 - instanceId: ch_2018-12-21_hare_m
 - status: ASSERTED
[Diagnostic] Claim ID: c3443231-5a14-4b23-9742-6d48247f83a7
 - collectionId: DIRECTORS
 - instanceId: ch_2018-12-21_zzoommgrouplimited__
 - status: ASSERTED
[Diagnostic] Claim ID: 08b23d21-6c7c-44f3-8702-d805b949ca29
 - collectionId: DIRECTORS
 - instanceId: ch_2023-10-05_smith_j
 - status: ASSERTED
[Diagnostic] Claim ID: 0b78ec48-c04b-40f9-b0cd-4c4281aa940b
 - collectionId: DIRECTORS
 - instanceId: ch_2021-10-13_smith_j
 - status: ASSERTED
[Diagnostic] Claim ID: e03e65b2-dd54-459f-8536-dd2f3f897ef0
 - collectionId: DIRECTORS
 - instanceId: ch_2025-03-07_warner_j
 - status: ASSERTED
[Diagnostic] Claim ID: 7a73cf40-2549-43ca-a58c-1ae94d703eef
 - collectionId: DIRECTORS
 - instanceId: ch_2023-07-10_incecocorporateserviceslimited__
 - status: ASSERTED
[Diagnostic] Claim ID: 56d4f857-534f-4d9c-ab88-3e6af33e7295
 - collectionId: DIRECTORS
 - instanceId: ch_2018-12-21_incegdcorporateserviceslimited__
 - status: ASSERTED
[Diagnostic] Claim ID: ddd55d2d-73ee-4e66-b602-97a96ed7a69e
 - collectionId: DIRECTORS
 - instanceId: ch_2018-12-21_hare_m
 - status: ASSERTED
[Diagnostic] Claim ID: 6a272c68-b887-48ab-86e7-757b297459da
 - collectionId: DIRECTORS
 - instanceId: ch_2018-12-21_zzoommgrouplimited__
 - status: ASSERTED
[Diagnostic] Claim ID: a07ea7a9-fc81-4b89-80f4-5c791a1724e9
 - collectionId: DIRECTORS
 - instanceId: ch_2023-10-05_smith_j
 - status: ASSERTED
[Diagnostic] Claim ID: 092bee6d-d55a-4d34-9fbb-00964c00d888
 - collectionId: DIRECTORS
 - instanceId: ch_2021-10-13_smith_j
 - status: ASSERTED
[Diagnostic] Claim ID: 70772ce3-5410-4b61-a9a1-ee89ca4078f4
 - collectionId: DIRECTORS
 - instanceId: ch_2025-03-07_warner_j
 - status: ASSERTED
[Diagnostic] Claim ID: ce001b51-3570-4582-9260-213bd2539b6c
 - collectionId: DIRECTORS
 - instanceId: ch_2023-07-10_incecocorporateserviceslimited__
 - status: ASSERTED
[Diagnostic] Claim ID: fd34c85e-380f-4896-a341-2d59e4dc6af3
 - collectionId: DIRECTORS
 - instanceId: ch_2018-12-21_incegdcorporateserviceslimited__
 - status: ASSERTED
[Diagnostic] Claim ID: 80bc1c01-cf30-40a1-b08b-b7dbbafff266
 - collectionId: DIRECTORS
 - instanceId: ch_2018-12-21_hare_m
 - status: ASSERTED
[Diagnostic] Claim ID: 9c00fa3d-6b17-41a7-bed6-bb7be6bf79b6
 - collectionId: DIRECTORS
 - instanceId: ch_2018-12-21_zzoommgrouplimited__
 - status: ASSERTED
[Diagnostic] Claim ID: 9952124e-383d-4d2c-8013-2adb0501d09b
 - collectionId: DIRECTORS
 - instanceId: ch_2023-10-05_smith_j
 - status: ASSERTED
[Diagnostic] Claim ID: a97125c4-6be3-4004-96d1-7423952ffaed
 - collectionId: DIRECTORS
 - instanceId: ch_2021-10-13_smith_j
 - status: ASSERTED
[Diagnostic] Claim ID: 87f60257-fed4-4f9a-b526-89a3ce6051fe
 - collectionId: DIRECTORS
 - instanceId: ch_2025-03-07_warner_j
 - status: ASSERTED
[Diagnostic] Claim ID: 88c99e4a-bf6b-4a31-8698-62435f3c5cec
 - collectionId: DIRECTORS
 - instanceId: ch_2023-07-10_incecocorporateserviceslimited__
 - status: ASSERTED
[Diagnostic] Claim ID: 9d8b7807-f7f2-45c3-9d3b-dbbd0de03c40
 - collectionId: DIRECTORS
 - instanceId: ch_2018-12-21_incegdcorporateserviceslimited__
 - status: ASSERTED
[Diagnostic] Claim ID: a114f9a4-4332-4e06-a8a5-b2c50bc317de
 - collectionId: DIRECTORS
 - instanceId: ch_2018-12-21_hare_m
 - status: ASSERTED
[Diagnostic] Claim ID: 964b9260-4b8d-474d-8388-2e7ad48e01e3
 - collectionId: DIRECTORS
 - instanceId: ch_2018-12-21_zzoommgrouplimited__
 - status: ASSERTED
[Diagnostic] Claim ID: e138d9b7-7073-4d70-b87d-0eb67dfd215c
 - collectionId: DIRECTORS
 - instanceId: ch_2023-10-05_smith_j
 - status: ASSERTED
[Diagnostic] Claim ID: 8dda7ea7-7d8f-4868-8a74-d953c09d076a
 - collectionId: DIRECTORS
 - instanceId: ch_2021-10-13_smith_j
 - status: ASSERTED
[Diagnostic] Claim ID: 7afe2425-cea8-41e7-8d82-30fa2f9375f0
 - collectionId: DIRECTORS
 - instanceId: ch_2025-03-07_warner_j
 - status: ASSERTED
[Diagnostic] Claim ID: 6f222450-ebfd-4992-b368-4303a21c7d9f
 - collectionId: DIRECTORS
 - instanceId: ch_2023-07-10_incecocorporateserviceslimited__
 - status: ASSERTED
[Diagnostic] Claim ID: c2ab29e9-d6c0-4fc0-a3b9-db151cacaa84
 - collectionId: DIRECTORS
 - instanceId: ch_2018-12-21_incegdcorporateserviceslimited__
 - status: ASSERTED
[Diagnostic] Claim ID: 1e0da1ec-6d70-469e-860f-da2d38b92f83
 - collectionId: DIRECTORS
 - instanceId: ch_2018-12-21_hare_m
 - status: ASSERTED
[Diagnostic] Claim ID: 8d69ca08-501e-4a9a-bfb9-cbc45ad26153
 - collectionId: DIRECTORS
 - instanceId: ch_2018-12-21_zzoommgrouplimited__
 - status: ASSERTED
[Diagnostic] Claim ID: 4b4d7b70-3f73-4f21-a0fc-9530d4c3c27d
 - collectionId: DIRECTORS
 - instanceId: poc_2016-03-30_triki_s
 - status: ASSERTED
[Diagnostic] Claim ID: 1fa2f310-613d-49d0-bf3a-422d9b49dac3
 - collectionId: DIRECTORS
 - instanceId: ch_2023-10-05_smith_j
 - status: ASSERTED
[Diagnostic] Claim ID: d8a6909f-5296-405f-acbf-6c7e028c6e4a
 - collectionId: DIRECTORS
 - instanceId: ch_2021-10-13_smith_j
 - status: ASSERTED
[Diagnostic] Claim ID: 19aa5a77-b210-41cb-ae50-8a7fa9b84753
 - collectionId: DIRECTORS
 - instanceId: ch_2025-03-07_warner_j
 - status: ASSERTED
[Diagnostic] Claim ID: c08c4339-34dc-4fec-b6d6-217470759709
 - collectionId: DIRECTORS
 - instanceId: ch_2023-07-10_incecocorporateserviceslimited__
 - status: ASSERTED
[Diagnostic] Claim ID: 0fa754c3-d645-4d2b-88c8-3ab7520a8b86
 - collectionId: DIRECTORS
 - instanceId: ch_2018-12-21_incegdcorporateserviceslimited__
 - status: ASSERTED
[Diagnostic] Claim ID: 95208f71-92a2-4c36-8710-64bf954a191d
 - collectionId: DIRECTORS
 - instanceId: poc_2026-05-27_bouwmeester_c
 - status: ASSERTED
[Diagnostic] Claim ID: 38f5cc41-f856-43ba-be16-961eedf2b984
 - collectionId: DIRECTORS
 - instanceId: poc_2026-04-30_harding_m
 - status: ASSERTED
[Diagnostic] Claim ID: 90d1fcbc-0915-475a-8721-97f71b48edf3
 - collectionId: DIRECTORS
 - instanceId: poc_2026-04-30_websper_c
 - status: ASSERTED
[Diagnostic] Claim ID: 2066c8a9-b809-4393-b4f5-664594ec1098
 - collectionId: DIRECTORS
 - instanceId: ch_2018-12-21_hare_m
 - status: ASSERTED
[Diagnostic] Claim ID: ca749124-36f0-4fc3-85c9-ee2dc79f3db6
 - collectionId: DIRECTORS
 - instanceId: ch_2018-12-21_zzoommgrouplimited__
 - status: ASSERTED
[Diagnostic] Claim ID: e55cf5d4-5bc9-4428-a1f9-f60bcbbd585d
 - collectionId: DIRECTORS
 - instanceId: ch_2018-12-21_hare_m
 - status: ASSERTED
[Diagnostic] Claim ID: ec43a2f8-aed3-4e04-a0b8-7c062782a310
 - collectionId: DIRECTORS
 - instanceId: ch_2018-12-21_zzoommgrouplimited__
 - status: ASSERTED
[Diagnostic] Claim ID: 5880a95e-0f72-4d76-a013-cb342e5f1700
 - collectionId: DIRECTORS
 - instanceId: ch_2023-10-05_smith_j
 - status: ASSERTED
[Diagnostic] Claim ID: 9f923166-c2ce-4da7-9b96-275ab7665906
 - collectionId: DIRECTORS
 - instanceId: ch_2021-10-13_smith_j
 - status: ASSERTED
[Diagnostic] Claim ID: 701a16e6-846a-4527-a751-92657c779683
 - collectionId: DIRECTORS
 - instanceId: ch_2025-03-07_warner_j
 - status: ASSERTED
[Diagnostic] Claim ID: 68f25cf3-de00-4e9f-ad86-d4da20d413b0
 - collectionId: DIRECTORS
 - instanceId: ch_2023-07-10_incecocorporateserviceslimited__
 - status: ASSERTED
[Diagnostic] Claim ID: 1b033e6a-a8a0-400e-9c4c-f10df6ff644f
 - collectionId: DIRECTORS
 - instanceId: ch_2018-12-21_incegdcorporateserviceslimited__
 - status: ASSERTED
[Diagnostic] Claim ID: 9be49830-7f1f-457c-a1a8-aa2bdcc50c2a
 - collectionId: DIRECTORS
 - instanceId: ch_2018-12-21_hare_m
 - status: ASSERTED
[Diagnostic] Claim ID: 0d99b423-bd36-4091-a466-5a7b55763d28
 - collectionId: DIRECTORS
 - instanceId: ch_2018-12-21_zzoommgrouplimited__
 - status: ASSERTED
[Diagnostic] Claim ID: 3f7fbf5d-78de-425d-a15a-a83207a6aae0
 - collectionId: DIRECTORS
 - instanceId: ch_2023-10-05_smith_j
 - status: ASSERTED
[Diagnostic] Claim ID: 423f2e2b-be04-4b7f-b053-b2ab8632be64
 - collectionId: DIRECTORS
 - instanceId: ch_2021-10-13_smith_j
 - status: ASSERTED
[Diagnostic] Claim ID: 73b75b0e-1318-48cb-ac75-a06fb9343edd
 - collectionId: DIRECTORS
 - instanceId: ch_2025-03-07_warner_j
 - status: ASSERTED
[Diagnostic] Claim ID: 3c7db7f3-b6d4-41b5-a684-77443f92fda3
 - collectionId: DIRECTORS
 - instanceId: ch_2023-07-10_incecocorporateserviceslimited__
 - status: ASSERTED
[Diagnostic] Claim ID: 379cb672-7d69-4f42-b725-3615ebf02381
 - collectionId: DIRECTORS
 - instanceId: ch_2018-12-21_incegdcorporateserviceslimited__
 - status: ASSERTED
[Diagnostic] Claim ID: 61d67286-3410-4ac3-b034-5598cae474a3
 - collectionId: DIRECTORS
 - instanceId: ch_2023-10-05_smith_j
 - status: ASSERTED
[Diagnostic] Claim ID: 0e773f65-8e25-4cfa-94e4-0c4c52141db5
 - collectionId: DIRECTORS
 - instanceId: ch_2021-10-13_smith_j
 - status: ASSERTED
[Diagnostic] Claim ID: 4ae55909-8237-48fd-bdc9-f07416a887a7
 - collectionId: DIRECTORS
 - instanceId: ch_2025-03-07_warner_j
 - status: ASSERTED
[Diagnostic] Claim ID: b2a07f6a-8f2a-4f34-bcc2-8492b914a82c
 - collectionId: DIRECTORS
 - instanceId: ch_2023-07-10_incecocorporateserviceslimited__
 - status: ASSERTED
[Diagnostic] Claim ID: 35c84da7-b6d1-4f3e-a1b8-247f60b887e8
 - collectionId: DIRECTORS
 - instanceId: ch_2018-12-21_incegdcorporateserviceslimited__
 - status: ASSERTED
[Diagnostic] Claim ID: 1739b93e-9b13-4d73-92c4-4226b0525562
 - collectionId: DIRECTORS
 - instanceId: ch_2018-12-21_hare_m
 - status: ASSERTED
[Diagnostic] Claim ID: 991392b9-7757-44b9-bed6-97b12c5762b1
 - collectionId: DIRECTORS
 - instanceId: ch_2018-12-21_zzoommgrouplimited__
 - status: ASSERTED
[Diagnostic] Claim ID: ec686c17-e111-419d-a2a1-3f2b518972c7
 - collectionId: DIRECTORS
 - instanceId: ch_2023-10-05_smith_j
 - status: ASSERTED
[Diagnostic] Claim ID: 44e89f59-7053-4d6d-a758-ccd88574bc61
 - collectionId: DIRECTORS
 - instanceId: ch_2021-10-13_smith_j
 - status: ASSERTED
[Diagnostic] Claim ID: 15dee43a-1082-41e2-ae5c-e2826c357268
 - collectionId: DIRECTORS
 - instanceId: ch_2025-03-07_warner_j
 - status: ASSERTED
[Diagnostic] Claim ID: 6cdd5d1f-b6ba-4eed-af68-c908858bd3fd
 - collectionId: DIRECTORS
 - instanceId: ch_2023-07-10_incecocorporateserviceslimited__
 - status: ASSERTED
[Diagnostic] Claim ID: a17e6809-6769-49d1-a641-5ef8ac3fa1d0
 - collectionId: DIRECTORS
 - instanceId: ch_2018-12-21_incegdcorporateserviceslimited__
 - status: ASSERTED
[Diagnostic] Claim ID: 4cb506a6-a060-4994-847e-38a11387de3c
 - collectionId: DIRECTORS
 - instanceId: ch_2018-12-21_hare_m
 - status: ASSERTED
[Diagnostic] Claim ID: fc1da137-e972-4fe3-a750-921c92edd600
 - collectionId: DIRECTORS
 - instanceId: ch_2018-12-21_zzoommgrouplimited__
 - status: ASSERTED
[Diagnostic] Claim ID: 9e8d591e-aee0-494a-aba5-1e37e847a929
 - collectionId: DIRECTORS
 - instanceId: ch_2023-10-05_smith_j
 - status: ASSERTED
[Diagnostic] Claim ID: 4d08ce2f-5af1-410a-a853-a06f46f7de7a
 - collectionId: DIRECTORS
 - instanceId: ch_2021-10-13_smith_j
 - status: ASSERTED
[Diagnostic] Claim ID: 04c2e2aa-3ac4-412e-916f-594cdedf78da
 - collectionId: DIRECTORS
 - instanceId: ch_2025-03-07_warner_j
 - status: ASSERTED
[Diagnostic] Claim ID: 5dc0c122-aaa6-40a6-85b0-3f91667ce42b
 - collectionId: DIRECTORS
 - instanceId: ch_2018-12-21_incegdcorporateserviceslimited__
 - status: ASSERTED
[Diagnostic] Claim ID: 058b1fb3-2190-44de-968c-cfc28645b3da
 - collectionId: DIRECTORS
 - instanceId: ch_2018-12-21_hare_m
 - status: ASSERTED
[Diagnostic] Claim ID: 0b730f00-a2c5-4d4e-89bd-6f009c532881
 - collectionId: DIRECTORS
 - instanceId: ch_2018-12-21_zzoommgrouplimited__
 - status: ASSERTED
[Diagnostic] Claim ID: b87855fe-fe07-4e7d-a96a-0da7e6a897e3
 - collectionId: DIRECTORS
 - instanceId: ch_2023-10-05_smith_j
 - status: ASSERTED
[Diagnostic] Claim ID: 093c4aec-6b9a-4f1f-a029-ec1e312a614a
 - collectionId: DIRECTORS
 - instanceId: ch_2021-10-13_smith_j
 - status: ASSERTED
[Diagnostic] Claim ID: f81c9456-8cc4-441b-bc33-f08ed31eff9b
 - collectionId: DIRECTORS
 - instanceId: ch_2025-03-07_warner_j
 - status: ASSERTED
[Diagnostic] Claim ID: b61ff8bb-ec9d-42d3-add1-bee5cee0f97b
 - collectionId: DIRECTORS
 - instanceId: ch_2023-07-10_incecocorporateserviceslimited__
 - status: ASSERTED
[Diagnostic] Claim ID: 45c57715-ce21-411b-9fc9-429c3103045c
 - collectionId: DIRECTORS
 - instanceId: ch_2018-12-21_incegdcorporateserviceslimited__
 - status: ASSERTED
[Diagnostic] Claim ID: 5af9e12d-c61b-4943-ae75-ed462df585fd
 - collectionId: DIRECTORS
 - instanceId: ch_2018-12-21_hare_m
 - status: ASSERTED
[Diagnostic] Claim ID: 415bf722-668d-4a2c-9f54-d3d9684a7997
 - collectionId: DIRECTORS
 - instanceId: ch_2018-12-21_zzoommgrouplimited__
 - status: ASSERTED
[Diagnostic] Claim ID: 534e37ce-b033-428d-8c1d-94c515a1725e
 - collectionId: DIRECTORS
 - instanceId: ch_2023-10-05_smith_j
 - status: ASSERTED
[Diagnostic] Claim ID: 9c625a9f-5662-41a5-8153-fc719174f00a
 - collectionId: DIRECTORS
 - instanceId: ch_2021-10-13_smith_j
 - status: ASSERTED
[Diagnostic] Claim ID: a1ffdc55-5764-490d-81c7-285fbe9869c9
 - collectionId: DIRECTORS
 - instanceId: ch_2025-03-07_warner_j
 - status: ASSERTED
[Diagnostic] Claim ID: 49d7255d-8270-4f89-9463-011f374db836
 - collectionId: DIRECTORS
 - instanceId: ch_2023-07-10_incecocorporateserviceslimited__
 - status: ASSERTED
[Diagnostic] Claim ID: 747142ee-03a0-4ac0-97b6-ae8a1c483667
 - collectionId: DIRECTORS
 - instanceId: ch_2018-12-21_incegdcorporateserviceslimited__
 - status: ASSERTED
[Diagnostic] Claim ID: 9776e789-268c-42e3-ad7f-91dab0d30bcf
 - collectionId: DIRECTORS
 - instanceId: ch_2018-12-21_hare_m
 - status: ASSERTED
[Diagnostic] Claim ID: 45f713c7-78d8-464c-af17-9ffadff034fe
 - collectionId: DIRECTORS
 - instanceId: ch_2018-12-21_zzoommgrouplimited__
 - status: ASSERTED
[Diagnostic] Claim ID: fc1626ce-48ca-4e31-b4bc-717700b0ced2
 - collectionId: DIRECTORS
 - instanceId: ch_2023-07-10_incecocorporateserviceslimited__
 - status: ASSERTED
[Diagnostic] Claim ID: 66a77ef6-6291-4aaa-bc10-52239b969332
 - collectionId: DIRECTORS
 - instanceId: ch_2023-10-05_smith_j
 - status: ASSERTED
[Diagnostic] Claim ID: c9755419-b21d-450b-94f3-4d2c4b97d73e
 - collectionId: DIRECTORS
 - instanceId: ch_2023-10-05_smith_j
 - status: ASSERTED
[Diagnostic] Claim ID: e3104282-32be-4d4b-9dff-46c01954fe13
 - collectionId: DIRECTORS
 - instanceId: ch_2021-10-13_smith_j
 - status: ASSERTED
[Diagnostic] Claim ID: c58925c5-077f-4adc-9a92-f709306d1811
 - collectionId: DIRECTORS
 - instanceId: ch_2025-03-07_warner_j
 - status: ASSERTED
[Diagnostic] Claim ID: 81cf7062-19e5-47a0-9e8d-daae62b686c6
 - collectionId: DIRECTORS
 - instanceId: ch_2018-12-21_hare_m
 - status: ASSERTED
[Diagnostic] Claim ID: c48ee874-4f6e-41d5-9865-c31cc0dd1c74
 - collectionId: DIRECTORS
 - instanceId: ch_2018-12-21_hare_m
 - status: ASSERTED
[Diagnostic] Claim ID: a4569ef3-d26f-43ef-8a3b-c5ceb8536692
 - collectionId: DIRECTORS
 - instanceId: ch_2023-10-05_smith_j
 - status: ASSERTED
[Diagnostic] Claim ID: 91e00f83-f02f-43e4-99d0-129853a6f764
 - collectionId: DIRECTORS
 - instanceId: ch_2021-10-13_smith_j
 - status: ASSERTED
[Diagnostic] Claim ID: 2af53365-ca35-41e2-ba84-ff33d7711c8f
 - collectionId: DIRECTORS
 - instanceId: ch_2025-03-07_warner_j
 - status: ASSERTED
[Diagnostic] Claim ID: 58f1b609-a10a-47c8-a83f-369580db04e6
 - collectionId: DIRECTORS
 - instanceId: ch_2018-12-21_hare_m
 - status: ASSERTED
[Diagnostic] Claim ID: ec75ebdc-300a-417c-8bf5-2c2eb40af4ad
 - collectionId: DIRECTORS
 - instanceId: ch_2023-10-05_smith_j
 - status: ASSERTED
[Diagnostic] Claim ID: bf50c9da-02ac-4d33-9c79-13ae8f816027
 - collectionId: DIRECTORS
 - instanceId: ch_2021-10-13_smith_j
 - status: ASSERTED
[Diagnostic] Claim ID: 5aa8bc54-1483-4684-8882-170036423b14
 - collectionId: DIRECTORS
 - instanceId: ch_2025-03-07_warner_j
 - status: ASSERTED
[Diagnostic] Claim ID: 04af283b-6171-438b-85d4-e7cea81407b0
 - collectionId: DIRECTORS
 - instanceId: ch_2023-10-05_smith_j
 - status: ASSERTED
[Diagnostic] Claim ID: 8800cabf-9bf4-490c-8f04-4d403b0e1817
 - collectionId: DIRECTORS
 - instanceId: ch_2021-10-13_smith_j
 - status: ASSERTED
[Diagnostic] Claim ID: 561e6d21-cef8-4bfb-b988-66251e7ddb53
 - collectionId: DIRECTORS
 - instanceId: ch_2025-03-07_warner_j
 - status: ASSERTED
[Diagnostic] Claim ID: 32232ce2-4bda-4cee-a76b-3e1fa0f2ab32
 - collectionId: DIRECTORS
 - instanceId: ch_2018-12-21_hare_m
 - status: ASSERTED
[Diagnostic] Claim ID: 4fbf6660-a0c8-4eb8-9212-cfbb06367c6d
 - collectionId: DIRECTORS
 - instanceId: ch_2023-10-05_smith_j
 - status: ASSERTED
[Diagnostic] Claim ID: 084678e7-5a11-46f0-96cc-7dc02a0f9bec
 - collectionId: DIRECTORS
 - instanceId: ch_2021-10-13_smith_j
 - status: ASSERTED
[Diagnostic] Claim ID: 20c473d2-02ef-4875-8606-4faf12774070
 - collectionId: DIRECTORS
 - instanceId: ch_2025-03-07_warner_j
 - status: ASSERTED
[Diagnostic] Claim ID: 1216f365-5c0a-461e-9af8-3a8cb9cb3de6
 - collectionId: DIRECTORS
 - instanceId: ch_2018-12-21_hare_m
 - status: ASSERTED
[Diagnostic] Claim ID: 77bd0ad8-8281-464e-a123-4aa55c29c21d
 - collectionId: DIRECTORS
 - instanceId: ch_2023-10-05_smith_j
 - status: ASSERTED
[Diagnostic] Claim ID: 904fc6c7-b890-459f-af15-a45d43fb0ffd
 - collectionId: DIRECTORS
 - instanceId: ch_2023-10-05_smith_j
 - status: ASSERTED
[Diagnostic] Claim ID: 8a63fc4f-1821-439a-ab3b-dfbc2e7c5867
 - collectionId: DIRECTORS
 - instanceId: ch_2021-10-13_smith_j
 - status: ASSERTED
[Diagnostic] Claim ID: f5336099-dfce-46a4-99f2-01ebd5fa819a
 - collectionId: DIRECTORS
 - instanceId: ch_2025-03-07_warner_j
 - status: ASSERTED
[Diagnostic] Claim ID: 53a8787c-04cf-487e-bb42-90bd57b2bc4d
 - collectionId: DIRECTORS
 - instanceId: ch_2018-12-21_hare_m
 - status: ASSERTED
[Diagnostic] Claim ID: facd29dd-8e49-4ab9-9928-a9ab1d6f5e5f
 - collectionId: DIRECTORS
 - instanceId: ch_2023-10-05_smith_j
 - status: ASSERTED
[Diagnostic] Claim ID: b69099fb-914d-4358-a1c2-8c48fddbec42
 - collectionId: DIRECTORS
 - instanceId: ch_2021-10-13_smith_j
 - status: ASSERTED
[Diagnostic] Claim ID: 3bb37ce1-7ba1-4da3-abfd-53a131f04902
 - collectionId: DIRECTORS
 - instanceId: ch_2025-03-07_warner_j
 - status: ASSERTED
[Diagnostic] Claim ID: a8eff117-38bf-4dfe-a9dc-296841a1ec12
 - collectionId: DIRECTORS
 - instanceId: ch_2018-12-21_hare_m
 - status: ASSERTED
[Diagnostic] Claim ID: d293b633-4e82-4017-bbca-37f41634c116
 - collectionId: DIRECTORS
 - instanceId: ch_2023-10-05_smith_j
 - status: ASSERTED
[Diagnostic] Claim ID: 8353abba-51be-4b13-921a-506969c30f4e
 - collectionId: DIRECTORS
 - instanceId: ch_2021-10-13_smith_j
 - status: ASSERTED
[Diagnostic] Claim ID: 214a2fc2-5c27-44ab-aa6d-9e14c72064d1
 - collectionId: DIRECTORS
 - instanceId: ch_2025-03-07_warner_j
 - status: ASSERTED
[Diagnostic] Claim ID: 4aa03b61-b5a7-4824-8c23-9935ea20fb49
 - collectionId: DIRECTORS
 - instanceId: ch_2018-12-21_hare_m
 - status: ASSERTED
[Diagnostic] Claim ID: 2f20114e-3ed4-4d5b-87a5-f693e11b2b8c
 - collectionId: DIRECTORS
 - instanceId: ch_2021-10-13_smith_j
 - status: ASSERTED
[Diagnostic] Claim ID: f88bfc00-225c-459f-9b94-7f58918e6093
 - collectionId: DIRECTORS
 - instanceId: ch_2023-10-05_smith_j
 - status: ASSERTED
[Diagnostic] Claim ID: cfc2a655-6740-451c-8bbc-17505fef9a1d
 - collectionId: DIRECTORS
 - instanceId: ch_2021-10-13_smith_j
 - status: ASSERTED
[Diagnostic] Claim ID: 611f05db-dae3-4d04-886d-2e7f2357351d
 - collectionId: DIRECTORS
 - instanceId: ch_2025-03-07_warner_j
 - status: ASSERTED
[Diagnostic] Claim ID: 0f4944f3-505a-44a6-b378-78a349438efa
 - collectionId: DIRECTORS
 - instanceId: ch_2018-12-21_hare_m
 - status: ASSERTED
[Diagnostic] Claim ID: a02b9aee-5b99-4be6-a2a7-79d16b31c53b
 - collectionId: DIRECTORS
 - instanceId: ch_2023-10-05_smith_j
 - status: ASSERTED
[Diagnostic] Claim ID: d08707ba-5a8f-4375-bc00-0b7d3e8cdad8
 - collectionId: DIRECTORS
 - instanceId: ch_2021-10-13_smith_j
 - status: ASSERTED
[Diagnostic] Claim ID: 1de18bb1-aa32-45e8-b486-7e5be0fa9933
 - collectionId: DIRECTORS
 - instanceId: ch_2025-03-07_warner_j
 - status: ASSERTED
[Diagnostic] Claim ID: 252cef4b-678a-436f-9a0f-4de65d878bbb
 - collectionId: DIRECTORS
 - instanceId: ch_2018-12-21_hare_m
 - status: ASSERTED
[Diagnostic] Claim ID: e6eef5fa-c194-45c7-81f5-a14eb7c8961b
 - collectionId: DIRECTORS
 - instanceId: ch_2023-10-05_smith_j
 - status: ASSERTED
[Diagnostic] Claim ID: 41565fe9-bcfa-4588-93b4-dfaead806be3
 - collectionId: DIRECTORS
 - instanceId: ch_2021-10-13_smith_j
 - status: ASSERTED
[Diagnostic] Claim ID: a9c381fb-4e93-42ce-b00f-515c168473e5
 - collectionId: DIRECTORS
 - instanceId: ch_2025-03-07_warner_j
 - status: ASSERTED
[Diagnostic] Claim ID: 829b4514-a488-447c-a44c-dc66d7f254bd
 - collectionId: DIRECTORS
 - instanceId: ch_2018-12-21_hare_m
 - status: ASSERTED
[Diagnostic] Claim ID: 9499878a-56b8-4ee3-861b-89458ff4b17a
 - collectionId: DIRECTORS
 - instanceId: ch_2025-03-07_warner_j
 - status: ASSERTED
[Diagnostic] Claim ID: 47f16bd1-ef82-49dc-9dab-2bed7022a34e
 - collectionId: DIRECTORS
 - instanceId: ch_2023-10-05_smith_j
 - status: ASSERTED
[Diagnostic] Claim ID: c995034c-18bb-479e-90df-ae2c3e4a15a5
 - collectionId: DIRECTORS
 - instanceId: ch_2021-10-13_smith_j
 - status: ASSERTED
[Diagnostic] Claim ID: 062ffb60-48ec-4f42-b341-a00e45eb8169
 - collectionId: DIRECTORS
 - instanceId: ch_2025-03-07_warner_j
 - status: ASSERTED
[Diagnostic] Claim ID: dbc6bf09-533d-443b-86b3-4f378902a56c
 - collectionId: DIRECTORS
 - instanceId: ch_2018-12-21_hare_m
 - status: ASSERTED
[Diagnostic] Claim ID: aa512dab-51b1-418e-939c-9e909b22755b
 - collectionId: DIRECTORS
 - instanceId: ch_2021-10-13_smith_j
 - status: ASSERTED
[Diagnostic] Claim ID: 5d686f57-9df0-483d-b5a3-10ebeca9e405
 - collectionId: DIRECTORS
 - instanceId: ch_2023-10-05_smith_j
 - status: ASSERTED
[Diagnostic] Claim ID: c333ddf6-4445-451f-a5d7-05c9f033d213
 - collectionId: DIRECTORS
 - instanceId: ch_2021-10-13_smith_j
 - status: ASSERTED
[Diagnostic] Claim ID: 603cfc85-0afb-45df-b29f-8a9b51d3df71
 - collectionId: DIRECTORS
 - instanceId: ch_2025-03-07_warner_j
 - status: ASSERTED
[Diagnostic] Claim ID: 14b159ef-a409-400f-889e-f59157814243
 - collectionId: DIRECTORS
 - instanceId: ch_2018-12-21_hare_m
 - status: ASSERTED
[Diagnostic] Claim ID: 4826d3e7-a6c1-4f21-9bea-4a7b6ded6957
 - collectionId: DIRECTORS
 - instanceId: ch_2018-12-21_incegdcorporateserviceslimited__
 - status: ASSERTED
[Diagnostic] Claim ID: 394e4b4e-dc9c-4488-8ba8-e821c5fd91c2
 - collectionId: DIRECTORS
 - instanceId: ch_2025-03-07_warner_j
 - status: ASSERTED
[Diagnostic] Claim ID: 169ed4a8-03cd-4cd9-aa8b-68a4351534ca
 - collectionId: DIRECTORS
 - instanceId: ch_2023-07-10_incecocorporateserviceslimited__
 - status: ASSERTED
[Diagnostic] Claim ID: 47612dab-66e4-4ecb-b98b-34180add595d
 - collectionId: DIRECTORS
 - instanceId: ch_2023-07-10_incecocorporateserviceslimited__
 - status: ASSERTED
[Diagnostic] Claim ID: 3d0db1df-3069-44cb-b87d-e0387035a831
 - collectionId: DIRECTORS
 - instanceId: ch_2018-12-21_incegdcorporateserviceslimited__
 - status: ASSERTED
[Diagnostic] Claim ID: 32b42aa8-eb34-411f-a979-ce9dd8b50418
 - collectionId: DIRECTORS
 - instanceId: ch_2018-12-21_hare_m
 - status: ASSERTED
[Diagnostic] Claim ID: 9f294184-de56-4e13-a18e-2ef4f80fe8a2
 - collectionId: DIRECTORS
 - instanceId: poc_2021-10-13_smith_j
 - status: ASSERTED
[Diagnostic] Claim ID: b036ced9-3895-490c-bc14-e95141f2db75
 - collectionId: DIRECTORS
 - instanceId: poc_2025-03-07_warner_j
 - status: ASSERTED
[Diagnostic] Claim ID: 9c514254-3e7f-4e55-83f3-a64169a12570
 - collectionId: DIRECTORS
 - instanceId: ch_2023-10-05_smith_j
 - status: ASSERTED
[Diagnostic] Claim ID: e035315c-f02c-450e-89e9-547707c48da2
 - collectionId: DIRECTORS
 - instanceId: ch_2021-10-13_smith_j
 - status: ASSERTED
[Diagnostic] Claim ID: 77365b62-864b-4e9d-b381-d5dc2d1f5444
 - collectionId: DIRECTORS
 - instanceId: ch_2025-03-07_warner_j
 - status: ASSERTED
[Diagnostic] Claim ID: a2a2e24c-50e3-440f-aaf0-7dd2f66d23d7
 - collectionId: DIRECTORS
 - instanceId: ch_2023-07-10_incecocorporateserviceslimited__
 - status: ASSERTED
[Diagnostic] Claim ID: 014bdbbc-ccf0-4fd5-b00f-7158fb47cbd4
 - collectionId: DIRECTORS
 - instanceId: ch_2018-12-21_incegdcorporateserviceslimited__
 - status: ASSERTED
[Diagnostic] Claim ID: 92df4b38-9914-44c8-b821-16848f001085
 - collectionId: DIRECTORS
 - instanceId: ch_2018-12-21_hare_m
 - status: ASSERTED
[Diagnostic] Claim ID: f2a9862b-5c23-4d96-9850-d07bada4c343
 - collectionId: DIRECTORS
 - instanceId: ch_2018-12-21_zzoommgrouplimited__
 - status: ASSERTED
[Diagnostic] Claim ID: 750aed2d-d2db-49f7-b5fb-2a8d643dd88c
 - collectionId: DIRECTORS
 - instanceId: ch_2018-12-21_hare_m
 - status: ASSERTED
[Diagnostic] Claim ID: a25929e4-1d30-4803-ba16-1c9e952b0e8f
 - collectionId: DIRECTORS
 - instanceId: ch_2018-12-21_zzoommgrouplimited__
 - status: ASSERTED
[Diagnostic] Claim ID: 4cf83aab-8c3b-4a01-b68a-764c5e03f7e7
 - collectionId: DIRECTORS
 - instanceId: ch_2023-10-05_smith_j
 - status: ASSERTED
[Diagnostic] Claim ID: 27658a37-3e58-4aba-b085-72beac5ac3cb
 - collectionId: DIRECTORS
 - instanceId: ch_2021-10-13_smith_j
 - status: ASSERTED
[Diagnostic] Claim ID: 762c42db-4bfc-4f3e-8102-27a1aa2ef199
 - collectionId: DIRECTORS
 - instanceId: ch_2025-03-07_warner_j
 - status: ASSERTED
[Diagnostic] Claim ID: c773cf15-30e0-4028-85ca-a7271bdc91f2
 - collectionId: DIRECTORS
 - instanceId: ch_2023-07-10_incecocorporateserviceslimited__
 - status: ASSERTED
[Diagnostic] Claim ID: 9d3d1170-c27a-49de-8002-cdae0834a945
 - collectionId: DIRECTORS
 - instanceId: ch_2018-12-21_incegdcorporateserviceslimited__
 - status: ASSERTED
[Diagnostic] Claim ID: 146ccd16-006f-467c-919f-198780938771
 - collectionId: DIRECTORS
 - instanceId: ch_2018-12-21_hare_m
 - status: ASSERTED
[Diagnostic] Claim ID: eecb2137-b9d3-4e4b-9977-c65bfa5150c4
 - collectionId: DIRECTORS
 - instanceId: ch_2018-12-21_zzoommgrouplimited__
 - status: ASSERTED
[Diagnostic] Claim ID: a553ddcf-266c-4cce-961b-5dfee71b7e4c
 - collectionId: DIRECTORS
 - instanceId: ch_2023-10-05_smith_j
 - status: ASSERTED
[Diagnostic] Claim ID: 3a4579dc-ea36-44a2-b5f4-8277deb4c75b
 - collectionId: DIRECTORS
 - instanceId: ch_2021-10-13_smith_j
 - status: ASSERTED
[Diagnostic] Claim ID: a41a0c09-4bc4-48e5-afa5-61decd60ded6
 - collectionId: DIRECTORS
 - instanceId: ch_2023-10-05_smith_j
 - status: ASSERTED
[Diagnostic] Claim ID: 04bf6022-9c65-4f2c-adda-aff78591b7f0
 - collectionId: DIRECTORS
 - instanceId: ch_2021-10-13_smith_j
 - status: ASSERTED
[Diagnostic] Claim ID: 6d931287-3f40-480d-894e-cb50687bcdd1
 - collectionId: DIRECTORS
 - instanceId: ch_2025-03-07_warner_j
 - status: ASSERTED
[Diagnostic] Claim ID: e988976b-d27b-412c-9838-b0d45fa91b7a
 - collectionId: DIRECTORS
 - instanceId: ch_2023-07-10_incecocorporateserviceslimited__
 - status: ASSERTED
[Diagnostic] Claim ID: f43227a5-9fb9-4e56-b3ae-968f02ae5530
 - collectionId: DIRECTORS
 - instanceId: ch_2018-12-21_incegdcorporateserviceslimited__
 - status: ASSERTED
[Diagnostic] Claim ID: d7a46672-d265-4e52-8359-81801d22ce70
 - collectionId: DIRECTORS
 - instanceId: ch_2018-12-21_hare_m
 - status: ASSERTED
[Diagnostic] Claim ID: 48c34928-e23d-48c5-b3de-6146a103838d
 - collectionId: DIRECTORS
 - instanceId: ch_2018-12-21_zzoommgrouplimited__
 - status: ASSERTED
[Diagnostic] Claim ID: 91e768de-86b6-427b-8d90-210d1acb6970
 - collectionId: DIRECTORS
 - instanceId: ch_2018-12-21_zzoommgrouplimited__
 - status: ASSERTED
[Diagnostic] Claim ID: 1fa35919-052e-462b-8c67-e120ad3174b4
 - collectionId: DIRECTORS
 - instanceId: ch_2023-10-05_smith_j
 - status: ASSERTED
[Diagnostic] Claim ID: 400c04cf-eee4-403e-bd8f-0509e033b180
 - collectionId: DIRECTORS
 - instanceId: ch_2021-10-13_smith_j
 - status: ASSERTED
[Diagnostic] Claim ID: 0fe1b0ea-b8b2-407b-b6f2-01fb2f4a4dc6
 - collectionId: DIRECTORS
 - instanceId: ch_2025-03-07_warner_j
 - status: ASSERTED
[Diagnostic] Claim ID: 3e47e594-d31d-42c2-b8bc-ca45c60d811b
 - collectionId: DIRECTORS
 - instanceId: ch_2018-12-21_incegdcorporateserviceslimited__
 - status: ASSERTED
[Diagnostic] Claim ID: 3e0aa178-2f50-4382-86a6-023c26f7eb86
 - collectionId: DIRECTORS
 - instanceId: ch_2018-12-21_hare_m
 - status: ASSERTED
[Diagnostic] Claim ID: f2baf742-dfce-4e22-a12f-eabbe0a44737
 - collectionId: DIRECTORS
 - instanceId: ch_2018-12-21_zzoommgrouplimited__
 - status: ASSERTED
[Diagnostic] Claim ID: 4a58ea7e-7afc-4e9c-942c-d8dd0d9219bd
 - collectionId: DIRECTORS
 - instanceId: ch_2023-10-05_smith_j
 - status: ASSERTED
[Diagnostic] Claim ID: 68ac3e7a-22f2-46aa-a918-8e9951c34c1d
 - collectionId: DIRECTORS
 - instanceId: ch_2021-10-13_smith_j
 - status: ASSERTED
[Diagnostic] Claim ID: 9b4c281c-ca56-4947-bdfa-5d18b4b3dd11
 - collectionId: DIRECTORS
 - instanceId: ch_2025-03-07_warner_j
 - status: ASSERTED
[Diagnostic] Claim ID: 29c224be-a8b8-4a82-91a3-411cf09f01c5
 - collectionId: DIRECTORS
 - instanceId: ch_2023-07-10_incecocorporateserviceslimited__
 - status: ASSERTED
[Diagnostic] Claim ID: 1e8c501d-aa82-4b9d-8101-6cc0b25158bd
 - collectionId: DIRECTORS
 - instanceId: ch_2018-12-21_incegdcorporateserviceslimited__
 - status: ASSERTED
[Diagnostic] Claim ID: d3e95383-933d-43fa-b452-f160bee3d657
 - collectionId: DIRECTORS
 - instanceId: ch_2018-12-21_hare_m
 - status: ASSERTED
[Diagnostic] Claim ID: 357c84c9-b670-48cb-b474-cfa55cbd2c86
 - collectionId: DIRECTORS
 - instanceId: ch_2018-12-21_zzoommgrouplimited__
 - status: ASSERTED
[Diagnostic] Claim ID: 7a6f37d1-05ff-43fe-b625-41f5a89ed2a1
 - collectionId: DIRECTORS
 - instanceId: ch_2023-10-05_smith_j
 - status: ASSERTED
[Diagnostic] Claim ID: 43ac1769-1124-4e6c-aafc-67f5e6cd9094
 - collectionId: DIRECTORS
 - instanceId: ch_2021-10-13_smith_j
 - status: ASSERTED
[Diagnostic] Claim ID: ee0347fa-3314-4dba-bfde-8e2ffda933e7
 - collectionId: DIRECTORS
 - instanceId: ch_2025-03-07_warner_j
 - status: ASSERTED
[Diagnostic] Claim ID: 40a2ac8c-cf4e-4bc8-97a1-6f30f3cb867c
 - collectionId: DIRECTORS
 - instanceId: ch_2023-07-10_incecocorporateserviceslimited__
 - status: ASSERTED
[Diagnostic] Claim ID: 41d2c6d7-e294-4a3f-91ad-d021acdfaec6
 - collectionId: DIRECTORS
 - instanceId: ch_2018-12-21_incegdcorporateserviceslimited__
 - status: ASSERTED
[Diagnostic] Claim ID: 1eceffb2-1631-4819-8db7-25f834047b3e
 - collectionId: DIRECTORS
 - instanceId: ch_2018-12-21_hare_m
 - status: ASSERTED
[Diagnostic] Claim ID: 5bd9db5a-25de-4b35-a5af-a1872cc56f75
 - collectionId: DIRECTORS
 - instanceId: ch_2018-12-21_zzoommgrouplimited__
 - status: ASSERTED
[Diagnostic] Claim ID: cdf6bf22-6e35-46b3-8b17-648bf680f072
 - collectionId: DIRECTORS
 - instanceId: ch_2023-07-10_incecocorporateserviceslimited__
 - status: ASSERTED
[Diagnostic] Claim ID: 5e4f3d6d-ad3b-4b38-ae70-aabd6b1d7ba9
 - collectionId: DIRECTORS
 - instanceId: ch_2023-10-05_smith_j
 - status: ASSERTED
[Diagnostic] Claim ID: 9254b25c-172e-4a40-ae97-b0532cd7360c
 - collectionId: DIRECTORS
 - instanceId: ch_2021-10-13_smith_j
 - status: ASSERTED
[Diagnostic] Claim ID: 410a3819-77be-4962-b433-d963b154330c
 - collectionId: DIRECTORS
 - instanceId: ch_2025-03-07_warner_j
 - status: ASSERTED
[Diagnostic] Claim ID: ce8f2a1a-af2a-45d9-8fba-3c42a951e3cd
 - collectionId: DIRECTORS
 - instanceId: ch_2023-07-10_incecocorporateserviceslimited__
 - status: ASSERTED
[Diagnostic] Claim ID: 4ad3a091-7270-49f3-a125-7bf33cd5c04e
 - collectionId: DIRECTORS
 - instanceId: ch_2018-12-21_incegdcorporateserviceslimited__
 - status: ASSERTED
[Diagnostic] Claim ID: 136385a2-ac36-4534-af57-1d9ed1af48d2
 - collectionId: DIRECTORS
 - instanceId: ch_2018-12-21_hare_m
 - status: ASSERTED
[Diagnostic] Claim ID: f4fd1646-c33c-485b-8ad1-5879c0d75749
 - collectionId: DIRECTORS
 - instanceId: ch_2018-12-21_zzoommgrouplimited__
 - status: ASSERTED
[Diagnostic] Claim ID: eb2d8398-3004-416a-9edb-5e6f9e7fbb5d
 - collectionId: DIRECTORS
 - instanceId: ch_2023-10-05_smith_j
 - status: ASSERTED
[Diagnostic] Claim ID: 7542827c-b675-4c40-ba73-6cadabce3edf
 - collectionId: DIRECTORS
 - instanceId: ch_2021-10-13_smith_j
 - status: ASSERTED
[Diagnostic] Claim ID: 4ced0b10-471a-4201-a555-37d3e0fd7959
 - collectionId: DIRECTORS
 - instanceId: ch_2025-03-07_warner_j
 - status: ASSERTED
[Diagnostic] Claim ID: b5cc35c0-bc6a-4ace-b19d-96353183e775
 - collectionId: DIRECTORS
 - instanceId: ch_2023-07-10_incecocorporateserviceslimited__
 - status: ASSERTED
[Diagnostic] Claim ID: 01426324-0d06-45d5-a384-e224e67b8702
 - collectionId: DIRECTORS
 - instanceId: ch_2018-12-21_incegdcorporateserviceslimited__
 - status: ASSERTED
[Diagnostic] Claim ID: 0cc59b0c-d9f9-48a2-9d46-2dac09edf398
 - collectionId: DIRECTORS
 - instanceId: ch_2018-12-21_hare_m
 - status: ASSERTED
[Diagnostic] Claim ID: a3655031-0af2-44ef-ad43-4698d9719dc2
 - collectionId: DIRECTORS
 - instanceId: ch_2018-12-21_zzoommgrouplimited__
 - status: ASSERTED
[Diagnostic] Claim ID: 2b2e0dec-27ea-44db-a2f9-6030f58c4a8b
 - collectionId: DIRECTORS
 - instanceId: ch_2023-10-05_smith_j
 - status: ASSERTED
[Diagnostic] Claim ID: 6c52c4ec-8d25-43a3-8314-9c1d81fb3f62
 - collectionId: DIRECTORS
 - instanceId: ch_2021-10-13_smith_j
 - status: ASSERTED
[Diagnostic] Claim ID: eeee03e7-1f4b-4f3e-ac94-3dd9f759c4f6
 - collectionId: DIRECTORS
 - instanceId: ch_2025-03-07_warner_j
 - status: ASSERTED
[Diagnostic] Claim ID: 994f4f0a-145c-4297-9b62-c98f3c3cae47
 - collectionId: DIRECTORS
 - instanceId: ch_2023-07-10_incecocorporateserviceslimited__
 - status: ASSERTED
[Diagnostic] Claim ID: ea555610-bf14-4ac1-9653-9f3959e77e6d
 - collectionId: DIRECTORS
 - instanceId: ch_2018-12-21_incegdcorporateserviceslimited__
 - status: ASSERTED
[Diagnostic] Claim ID: bad96408-49f0-456e-9f8f-0fb091b4bc71
 - collectionId: DIRECTORS
 - instanceId: ch_2018-12-21_hare_m
 - status: ASSERTED
[Diagnostic] Claim ID: 4b2bb37e-077d-4499-ae8f-fcadacf87b97
 - collectionId: DIRECTORS
 - instanceId: ch_2018-12-21_zzoommgrouplimited__
 - status: ASSERTED
[Diagnostic] Claim ID: ae0e92b9-801b-4e02-94b8-90327e8ceb60
 - collectionId: DIRECTORS
 - instanceId: ch_2023-10-05_smith_j
 - status: ASSERTED
[Diagnostic] Claim ID: f4bb1981-4dd4-4614-aae5-d02bb09a38c0
 - collectionId: DIRECTORS
 - instanceId: ch_2021-10-13_smith_j
 - status: ASSERTED
[Diagnostic] Claim ID: 8205a785-3abf-4f3d-bfce-7bceed9aba12
 - collectionId: DIRECTORS
 - instanceId: ch_2025-03-07_warner_j
 - status: ASSERTED
[Diagnostic] Claim ID: 7d95078d-b322-4595-85b1-94f6a43982f8
 - collectionId: DIRECTORS
 - instanceId: ch_2023-07-10_incecocorporateserviceslimited__
 - status: ASSERTED
[Diagnostic] Claim ID: 18ec6074-01bd-4e9c-97f4-9cae570ca9f0
 - collectionId: DIRECTORS
 - instanceId: ch_2018-12-21_incegdcorporateserviceslimited__
 - status: ASSERTED
[Diagnostic] Claim ID: 3ff8a06c-e8da-4fd7-8961-e50dcf529d17
 - collectionId: DIRECTORS
 - instanceId: ch_2018-12-21_hare_m
 - status: ASSERTED
[Diagnostic] Claim ID: f5474077-dbb4-4115-9286-6403f57e765e
 - collectionId: DIRECTORS
 - instanceId: ch_2018-12-21_zzoommgrouplimited__
 - status: ASSERTED
[Diagnostic] Claim ID: 84ee00ba-4fe8-4ed0-9285-37cb52d3a61e
 - collectionId: DIRECTORS
 - instanceId: ch_2023-10-05_smith_j
 - status: ASSERTED
[Diagnostic] Claim ID: 35e5f138-3d23-4d4a-86e3-149b040e698f
 - collectionId: DIRECTORS
 - instanceId: ch_2021-10-13_smith_j
 - status: ASSERTED
[Diagnostic] Claim ID: 30149623-fb47-478b-8ac9-584c1e583735
 - collectionId: DIRECTORS
 - instanceId: ch_2025-03-07_warner_j
 - status: ASSERTED
[Diagnostic] Claim ID: e44c85c6-b927-46a5-a469-01476738583d
 - collectionId: DIRECTORS
 - instanceId: ch_2023-07-10_incecocorporateserviceslimited__
 - status: ASSERTED
[Diagnostic] Claim ID: 542e0c2f-59b9-4b80-a387-aba805c2dac9
 - collectionId: DIRECTORS
 - instanceId: ch_2018-12-21_incegdcorporateserviceslimited__
 - status: ASSERTED
[Diagnostic] Claim ID: 8fd3fe4b-1f52-4bf7-b8ae-5486076c5daf
 - collectionId: DIRECTORS
 - instanceId: ch_2018-12-21_hare_m
 - status: ASSERTED
[Diagnostic] Claim ID: 35939d7d-6768-4e64-952b-da06b876e8f8
 - collectionId: DIRECTORS
 - instanceId: ch_2018-12-21_zzoommgrouplimited__
 - status: ASSERTED
[Diagnostic] Claim ID: a22e1794-caa5-478c-bea5-4aaa9137c708
 - collectionId: DIRECTORS
 - instanceId: ch_2023-10-05_smith_j
 - status: ASSERTED
[Diagnostic] Claim ID: 3aecd82d-60e1-4d2f-b3c2-1cedb18d325e
 - collectionId: DIRECTORS
 - instanceId: ch_2021-10-13_smith_j
 - status: ASSERTED
[Diagnostic] Claim ID: 37af77ad-4e65-4127-ab33-67dc1d2cee78
 - collectionId: DIRECTORS
 - instanceId: ch_2025-03-07_warner_j
 - status: ASSERTED
[Diagnostic] Claim ID: 6b07e311-39b9-4e23-a0dd-29e1c89aa1f9
 - collectionId: DIRECTORS
 - instanceId: ch_2023-07-10_incecocorporateserviceslimited__
 - status: ASSERTED
[Diagnostic] Claim ID: 64714cf3-0283-44b5-88e3-1233363cd07e
 - collectionId: DIRECTORS
 - instanceId: ch_2018-12-21_incegdcorporateserviceslimited__
 - status: ASSERTED
[Diagnostic] Claim ID: bd66c2dd-727d-4a29-8b94-71e0337018c4
 - collectionId: DIRECTORS
 - instanceId: ch_2018-12-21_hare_m
 - status: ASSERTED
[Diagnostic] Claim ID: fee53803-43eb-4d5f-bd31-0c2a420a9ac8
 - collectionId: DIRECTORS
 - instanceId: ch_2018-12-21_zzoommgrouplimited__
 - status: ASSERTED
[Diagnostic] Claim ID: db4f7ccb-b0ee-46f8-ba5a-a966155b56d1
 - collectionId: DIRECTORS
 - instanceId: ch_2018-12-21_hare_m
 - status: ASSERTED
[Diagnostic] Claim ID: 6145086e-f2ad-443d-b6f7-88075b273fca
 - collectionId: DIRECTORS
 - instanceId: ch_2018-12-21_zzoommgrouplimited__
 - status: ASSERTED
[Diagnostic] Claim ID: eb108c1f-bea8-4498-a63d-17eefc18726b
 - collectionId: DIRECTORS
 - instanceId: ch_2023-10-05_smith_j
 - status: ASSERTED
[Diagnostic] Claim ID: 75948b49-9d87-4a7f-be84-a5b2c1ed3c80
 - collectionId: DIRECTORS
 - instanceId: ch_2021-10-13_smith_j
 - status: ASSERTED
[Diagnostic] Claim ID: aed2061b-80bf-4bb2-bce7-620f3208e51c
 - collectionId: DIRECTORS
 - instanceId: ch_2025-03-07_warner_j
 - status: ASSERTED
[Diagnostic] Claim ID: 588b7704-5402-4895-8dc9-dca45d3eb799
 - collectionId: DIRECTORS
 - instanceId: ch_2023-07-10_incecocorporateserviceslimited__
 - status: ASSERTED
[Diagnostic] Claim ID: 4c7c6f83-b97a-4bb6-aaf8-84a03711d3b2
 - collectionId: DIRECTORS
 - instanceId: ch_2018-12-21_incegdcorporateserviceslimited__
 - status: ASSERTED
[Diagnostic] Claim ID: 98769337-33be-4524-84d3-6fb3df257a96
 - collectionId: DIRECTORS
 - instanceId: ch_2018-12-21_hare_m
 - status: ASSERTED
[Diagnostic] Claim ID: 7d9fd7d6-d9ca-4eb2-b9cc-e3ab615236e4
 - collectionId: DIRECTORS
 - instanceId: ch_2018-12-21_zzoommgrouplimited__
 - status: ASSERTED
[Diagnostic] Claim ID: 4a2ab9c6-4b29-49fa-8e34-8f1945e8b260
 - collectionId: DIRECTORS
 - instanceId: ch_2023-10-05_smith_j
 - status: ASSERTED
[Diagnostic] Claim ID: 97781cba-1d37-42b6-8704-d55f3ec2a992
 - collectionId: DIRECTORS
 - instanceId: ch_2021-10-13_smith_j
 - status: ASSERTED
[Diagnostic] Claim ID: ea7d2a42-f6f6-4b70-9071-72a046b78dbf
 - collectionId: DIRECTORS
 - instanceId: ch_2025-03-07_warner_j
 - status: ASSERTED
[Diagnostic] Claim ID: beade695-fc29-43ce-93ec-b0d1132dd2d3
 - collectionId: DIRECTORS
 - instanceId: ch_2023-07-10_incecocorporateserviceslimited__
 - status: ASSERTED
[Diagnostic] Claim ID: 9c7dbfb8-77fc-4ee5-9d99-209fca6f1179
 - collectionId: DIRECTORS
 - instanceId: ch_2018-12-21_incegdcorporateserviceslimited__
 - status: ASSERTED
[Diagnostic] Claim ID: afceaea5-05ad-4803-9b37-b0c65da8e977
 - collectionId: DIRECTORS
 - instanceId: ch_2023-10-05_smith_j
 - status: ASSERTED
[Diagnostic] Claim ID: 5f6b8055-ee82-4b9e-b3cb-54279e6d2f8d
 - collectionId: DIRECTORS
 - instanceId: ch_2021-10-13_smith_j
 - status: ASSERTED
[Diagnostic] Claim ID: 2363a301-0a9f-4c3e-b5ed-b578a7ffbdf2
 - collectionId: DIRECTORS
 - instanceId: ch_2025-03-07_warner_j
 - status: ASSERTED
[Diagnostic] Claim ID: 1c57a771-e7b0-4cd3-8fac-0eb9a8a132af
 - collectionId: DIRECTORS
 - instanceId: ch_2023-07-10_incecocorporateserviceslimited__
 - status: ASSERTED
[Diagnostic] Claim ID: bddac18c-685f-4b36-8f8f-e839e9fd5f18
 - collectionId: DIRECTORS
 - instanceId: ch_2018-12-21_incegdcorporateserviceslimited__
 - status: ASSERTED
[Diagnostic] Claim ID: a24ac729-e586-4a05-a4a5-9860c58e41c5
 - collectionId: DIRECTORS
 - instanceId: ch_2018-12-21_hare_m
 - status: ASSERTED
[Diagnostic] Claim ID: 9ce2c0b7-7bd2-4a99-88b9-b6a1b82f67be
 - collectionId: DIRECTORS
 - instanceId: ch_2018-12-21_zzoommgrouplimited__
 - status: ASSERTED
[Diagnostic] Claim ID: 177bedf3-2041-43f8-a25b-8560df44ba5c
 - collectionId: DIRECTORS
 - instanceId: ch_2023-10-05_smith_j
 - status: ASSERTED
[Diagnostic] Claim ID: f4d89d4d-f97d-4fce-aba7-61d300b85979
 - collectionId: DIRECTORS
 - instanceId: ch_2021-10-13_smith_j
 - status: ASSERTED
[Diagnostic] Claim ID: 6743c737-50cf-41b2-9253-25f7685d9c36
 - collectionId: DIRECTORS
 - instanceId: ch_2025-03-07_warner_j
 - status: ASSERTED
[Diagnostic] Claim ID: 91d74400-8c34-43f1-ade4-5f2d2b56b7a8
 - collectionId: DIRECTORS
 - instanceId: ch_2023-07-10_incecocorporateserviceslimited__
 - status: ASSERTED
[Diagnostic] Claim ID: c2385fbb-b29b-43cd-8566-671137bc9830
 - collectionId: DIRECTORS
 - instanceId: ch_2018-12-21_incegdcorporateserviceslimited__
 - status: ASSERTED
[Diagnostic] Claim ID: 77332703-655d-4970-8efe-55e78a2a7ba3
 - collectionId: DIRECTORS
 - instanceId: ch_2018-12-21_hare_m
 - status: ASSERTED
[Diagnostic] Claim ID: 0c749397-231e-4c14-9464-ff69d1bd6b1b
 - collectionId: DIRECTORS
 - instanceId: ch_2018-12-21_zzoommgrouplimited__
 - status: ASSERTED
[Diagnostic] Claim ID: 80f4af83-81da-48f5-a797-01bd03b33b43
 - collectionId: DIRECTORS
 - instanceId: ch_2023-10-05_smith_j
 - status: ASSERTED
[Diagnostic] Claim ID: c6e7b628-a536-4044-b021-37bb68e91e22
 - collectionId: DIRECTORS
 - instanceId: ch_2021-10-13_smith_j
 - status: ASSERTED
[Diagnostic] Claim ID: eaf39163-99d1-4147-8f45-c3573c71822e
 - collectionId: DIRECTORS
 - instanceId: ch_2025-03-07_warner_j
 - status: ASSERTED
[Diagnostic] Claim ID: 3b43a9de-7bf0-4f72-a80d-baadaba0976b
 - collectionId: DIRECTORS
 - instanceId: ch_2018-12-21_incegdcorporateserviceslimited__
 - status: ASSERTED
[Diagnostic] Claim ID: b8e35b1b-477c-445c-91c7-56bb144af32d
 - collectionId: DIRECTORS
 - instanceId: ch_2018-12-21_hare_m
 - status: ASSERTED
[Diagnostic] Claim ID: 959b0888-34b2-495e-97c3-2266dbdd9fd5
 - collectionId: DIRECTORS
 - instanceId: ch_2018-12-21_zzoommgrouplimited__
 - status: ASSERTED
[Diagnostic] Claim ID: da22b421-2066-44e5-8639-1260674ba87c
 - collectionId: DIRECTORS
 - instanceId: ch_2023-10-05_smith_j
 - status: ASSERTED
[Diagnostic] Claim ID: 5e9ce5ae-c479-44d4-affc-659b2c6912ee
 - collectionId: DIRECTORS
 - instanceId: ch_2021-10-13_smith_j
 - status: ASSERTED
[Diagnostic] Claim ID: d4422d6c-cdef-4720-847c-dc269c18a204
 - collectionId: DIRECTORS
 - instanceId: ch_2025-03-07_warner_j
 - status: ASSERTED
[Diagnostic] Claim ID: 09935c7f-aa61-4cdd-bb16-61a8beb4b4c7
 - collectionId: DIRECTORS
 - instanceId: ch_2023-07-10_incecocorporateserviceslimited__
 - status: ASSERTED
[Diagnostic] Claim ID: d923876c-3520-4360-88a3-62893bcdd28d
 - collectionId: DIRECTORS
 - instanceId: ch_2018-12-21_incegdcorporateserviceslimited__
 - status: ASSERTED
[Diagnostic] Claim ID: 6a7cb77c-54c6-46d3-ad9a-9c1f65ce4639
 - collectionId: DIRECTORS
 - instanceId: ch_2018-12-21_hare_m
 - status: ASSERTED
[Diagnostic] Claim ID: 28a7f94d-a524-4c40-8567-9fdc2234405a
 - collectionId: DIRECTORS
 - instanceId: ch_2018-12-21_zzoommgrouplimited__
 - status: ASSERTED
[Diagnostic] Claim ID: f71374d7-bb12-44f6-8b5f-f1d2af902ce8
 - collectionId: DIRECTORS
 - instanceId: ch_2023-10-05_smith_j
 - status: ASSERTED
[Diagnostic] Claim ID: 5eebc188-7896-494a-b6ca-a99acc668998
 - collectionId: DIRECTORS
 - instanceId: ch_2021-10-13_smith_j
 - status: ASSERTED
[Diagnostic] Claim ID: 9bcd669e-422b-4e2a-aee9-85e99f696d74
 - collectionId: DIRECTORS
 - instanceId: ch_2025-03-07_warner_j
 - status: ASSERTED
[Diagnostic] Claim ID: 74c1c1c5-50c0-42fa-9268-97dfa25eb608
 - collectionId: DIRECTORS
 - instanceId: ch_2023-07-10_incecocorporateserviceslimited__
 - status: ASSERTED
[Diagnostic] Claim ID: 3625e67c-655f-40a1-9847-e7fd1ecd3908
 - collectionId: DIRECTORS
 - instanceId: ch_2018-12-21_incegdcorporateserviceslimited__
 - status: ASSERTED
[Diagnostic] Claim ID: 377489a5-d935-4905-8aff-5f70b3644210
 - collectionId: DIRECTORS
 - instanceId: ch_2018-12-21_hare_m
 - status: ASSERTED
[Diagnostic] Claim ID: 3be44d4b-d089-4219-8b50-464996e4e1b0
 - collectionId: DIRECTORS
 - instanceId: ch_2018-12-21_zzoommgrouplimited__
 - status: ASSERTED
[Diagnostic] Claim ID: e4f23c64-5b87-40f0-885c-c2ab1a554a76
 - collectionId: DIRECTORS
 - instanceId: ch_2023-07-10_incecocorporateserviceslimited__
 - status: ASSERTED
[Diagnostic] Claim ID: 6f5e9529-2e4d-4ff0-8886-cf43a248a044
 - collectionId: DIRECTORS
 - instanceId: ch_2023-10-05_smith_j
 - status: ASSERTED
[Diagnostic] Claim ID: cadfbf6e-cc99-4540-a4bb-4ba66b3d841f
 - collectionId: DIRECTORS
 - instanceId: ch_2021-10-13_smith_j
 - status: ASSERTED
[Diagnostic] Claim ID: d32d58c8-239e-40bd-b248-4f4a0edf7001
 - collectionId: DIRECTORS
 - instanceId: ch_2025-03-07_warner_j
 - status: ASSERTED
[Diagnostic] Claim ID: 2ba95e92-4476-4714-8adc-c561155c2a80
 - collectionId: DIRECTORS
 - instanceId: ch_2023-07-10_incecocorporateserviceslimited__
 - status: ASSERTED
[Diagnostic] Claim ID: cf536dcb-4c47-440b-bcfd-cb807f5d8126
 - collectionId: DIRECTORS
 - instanceId: ch_2018-12-21_incegdcorporateserviceslimited__
 - status: ASSERTED
[Diagnostic] Claim ID: e0f7bd72-9e90-482b-8e90-fb7e1cb82621
 - collectionId: DIRECTORS
 - instanceId: ch_2018-12-21_hare_m
 - status: ASSERTED
[Diagnostic] Claim ID: 8e2ee9ec-fa0e-4403-a8d6-a55178732b6e
 - collectionId: DIRECTORS
 - instanceId: ch_2018-12-21_zzoommgrouplimited__
 - status: ASSERTED
[Diagnostic] Claim ID: e393b62a-b885-450a-96b3-b5be1a259f2f
 - collectionId: DIRECTORS
 - instanceId: ch_2023-10-05_smith_j
 - status: ASSERTED
[Diagnostic] Claim ID: c8572e57-41e5-4fb5-aba7-b563a0ac634e
 - collectionId: DIRECTORS
 - instanceId: ch_2021-10-13_smith_j
 - status: ASSERTED
[Diagnostic] Claim ID: 6de286cb-fb9c-4dc9-873c-923484110215
 - collectionId: DIRECTORS
 - instanceId: ch_2025-03-07_warner_j
 - status: ASSERTED
[Diagnostic] Claim ID: 0e5075a6-dbde-409b-b5cb-71b3e8da830c
 - collectionId: DIRECTORS
 - instanceId: ch_2023-07-10_incecocorporateserviceslimited__
 - status: ASSERTED
[Diagnostic] Claim ID: 41e38eff-bf3b-4de6-9bd4-5d7da3aa6d05
 - collectionId: DIRECTORS
 - instanceId: ch_2018-12-21_incegdcorporateserviceslimited__
 - status: ASSERTED
[Diagnostic] Claim ID: 0b981a38-0fe8-4575-8bc7-9512cdc0ef19
 - collectionId: DIRECTORS
 - instanceId: ch_2018-12-21_hare_m
 - status: ASSERTED
[Diagnostic] Claim ID: 9f9524a3-7ce1-4375-aae5-58aa977b4cd9
 - collectionId: DIRECTORS
 - instanceId: ch_2018-12-21_zzoommgrouplimited__
 - status: ASSERTED
[Diagnostic] Claim ID: ec644e04-cd92-4874-b244-72adca223ccb
 - collectionId: DIRECTORS
 - instanceId: ch_2023-10-05_smith_j
 - status: ASSERTED
[Diagnostic] Claim ID: 76bc9b8b-56bf-40d8-90ab-836d6592e399
 - collectionId: DIRECTORS
 - instanceId: ch_2021-10-13_smith_j
 - status: ASSERTED
[Diagnostic] Claim ID: 3c8059e2-90c3-4793-af4a-b9be92d5f96d
 - collectionId: DIRECTORS
 - instanceId: ch_2025-03-07_warner_j
 - status: ASSERTED
[Diagnostic] Claim ID: ec6d893a-05fd-42c5-8b0d-de4fddf79b76
 - collectionId: DIRECTORS
 - instanceId: ch_2023-07-10_incecocorporateserviceslimited__
 - status: ASSERTED
[Diagnostic] Claim ID: af3cc301-b417-45e0-9567-b31e6a6f27fb
 - collectionId: DIRECTORS
 - instanceId: ch_2018-12-21_incegdcorporateserviceslimited__
 - status: ASSERTED
[Diagnostic] Claim ID: 0f19533e-97bd-4622-8688-ea567e26b6f3
 - collectionId: DIRECTORS
 - instanceId: ch_2018-12-21_hare_m
 - status: ASSERTED
[Diagnostic] Claim ID: e216f8ad-7f33-469c-9f42-83274fa5fa63
 - collectionId: DIRECTORS
 - instanceId: ch_2018-12-21_zzoommgrouplimited__
 - status: ASSERTED
[Diagnostic] Claim ID: 2cb49bee-9f63-4512-95ed-98dc58c17c4c
 - collectionId: DIRECTORS
 - instanceId: ch_2023-10-05_smith_j
 - status: ASSERTED
[Diagnostic] Claim ID: ffc50e66-ed4a-45d4-92a7-e239eff92bd6
 - collectionId: DIRECTORS
 - instanceId: ch_2021-10-13_smith_j
 - status: ASSERTED
[Diagnostic] Claim ID: 1202b8cf-d297-4806-b812-2f3cf7ae6674
 - collectionId: DIRECTORS
 - instanceId: ch_2025-03-07_warner_j
 - status: ASSERTED
[Diagnostic] Claim ID: ba8dee46-1d7e-4aae-85ef-cff680602ccd
 - collectionId: DIRECTORS
 - instanceId: ch_2023-07-10_incecocorporateserviceslimited__
 - status: ASSERTED
[Diagnostic] Claim ID: eb66e4af-ed95-4383-9939-68cb153d61cc
 - collectionId: DIRECTORS
 - instanceId: ch_2018-12-21_incegdcorporateserviceslimited__
 - status: ASSERTED
[Diagnostic] Claim ID: 712ebf04-bfb9-41ac-b33b-2679a03842f3
 - collectionId: DIRECTORS
 - instanceId: ch_2018-12-21_hare_m
 - status: ASSERTED
[Diagnostic] Claim ID: 1eb60af1-9346-4e77-9218-4742deca9118
 - collectionId: DIRECTORS
 - instanceId: ch_2018-12-21_zzoommgrouplimited__
 - status: ASSERTED
[Diagnostic] Claim ID: afc88d6e-9e0c-4164-8a69-ef7cacd2e0b2
 - collectionId: DIRECTORS
 - instanceId: ch_2023-10-05_smith_j
 - status: ASSERTED
[Diagnostic] Claim ID: 2b6fd070-dc1f-40ac-bb03-b03069c41c94
 - collectionId: DIRECTORS
 - instanceId: ch_2021-10-13_smith_j
 - status: ASSERTED
[Diagnostic] Claim ID: 0c00e730-34b9-42da-b3eb-e88351d8fafd
 - collectionId: DIRECTORS
 - instanceId: ch_2025-03-07_warner_j
 - status: ASSERTED
[Diagnostic] Claim ID: 809ae951-3007-4c01-a2c4-cab2a74e3715
 - collectionId: DIRECTORS
 - instanceId: ch_2023-07-10_incecocorporateserviceslimited__
 - status: ASSERTED
[Diagnostic] Claim ID: db70ce91-9478-4264-a676-b0f426b0ee63
 - collectionId: DIRECTORS
 - instanceId: ch_2018-12-21_incegdcorporateserviceslimited__
 - status: ASSERTED
[Diagnostic] Claim ID: ba896372-95a4-4f7f-90cc-f733f730bb78
 - collectionId: DIRECTORS
 - instanceId: ch_2018-12-21_hare_m
 - status: ASSERTED
[Diagnostic] Claim ID: d9029c00-7853-4150-af21-d562bfc98e67
 - collectionId: DIRECTORS
 - instanceId: ch_2018-12-21_zzoommgrouplimited__
 - status: ASSERTED
[Diagnostic] Claim ID: 909c360c-ff98-4a83-8868-5b83bdd4d648
 - collectionId: DIRECTORS
 - instanceId: ch_2023-10-05_smith_j
 - status: ASSERTED
[Diagnostic] Claim ID: 3837ede9-4e03-470d-bb92-c66b2845a1d6
 - collectionId: DIRECTORS
 - instanceId: ch_2021-10-13_smith_j
 - status: ASSERTED
[Diagnostic] Claim ID: f9bc0cdf-8ce3-43f9-af65-1632a2c42757
 - collectionId: DIRECTORS
 - instanceId: ch_2025-03-07_warner_j
 - status: ASSERTED
[Diagnostic] Claim ID: 1521eb2c-6395-4357-8361-8bdd8686fe64
 - collectionId: DIRECTORS
 - instanceId: ch_2023-07-10_incecocorporateserviceslimited__
 - status: ASSERTED
[Diagnostic] Claim ID: 101212a1-163b-41e5-9cda-06649f84fc9d
 - collectionId: DIRECTORS
 - instanceId: ch_2018-12-21_incegdcorporateserviceslimited__
 - status: ASSERTED
[Diagnostic] Claim ID: c8d5f0ad-bfc0-4506-8024-fa6945b097dd
 - collectionId: DIRECTORS
 - instanceId: ch_2018-12-21_hare_m
 - status: ASSERTED
[Diagnostic] Claim ID: 917fbb97-19fe-419a-b1cd-fbd38226053e
 - collectionId: DIRECTORS
 - instanceId: ch_2018-12-21_zzoommgrouplimited__
 - status: ASSERTED
[Diagnostic] Claim ID: a1d60e19-694e-4699-83b8-fcca18bcdd06
 - collectionId: DIRECTORS
 - instanceId: ch_2018-12-21_hare_m
 - status: ASSERTED
[Diagnostic] Claim ID: 276792f9-0322-4f78-9afa-e300907d6c0c
 - collectionId: DIRECTORS
 - instanceId: ch_2018-12-21_zzoommgrouplimited__
 - status: ASSERTED
[Diagnostic] Claim ID: a8c0b3e2-b70c-4e5e-8777-cd6a57e19262
 - collectionId: DIRECTORS
 - instanceId: ch_2023-10-05_smith_j
 - status: ASSERTED
[Diagnostic] Claim ID: 9efe3689-6325-4b03-8d52-d47fa540dfbf
 - collectionId: DIRECTORS
 - instanceId: ch_2021-10-13_smith_j
 - status: ASSERTED
[Diagnostic] Claim ID: 6f32dc70-5ed5-4178-b524-4355f869c3c7
 - collectionId: DIRECTORS
 - instanceId: ch_2025-03-07_warner_j
 - status: ASSERTED
[Diagnostic] Claim ID: f0d79cee-5218-47ed-969b-e2e0902d7845
 - collectionId: DIRECTORS
 - instanceId: ch_2023-07-10_incecocorporateserviceslimited__
 - status: ASSERTED
[Diagnostic] Claim ID: a98731c0-4f5e-4614-a043-ff0e1e2a4835
 - collectionId: DIRECTORS
 - instanceId: ch_2018-12-21_incegdcorporateserviceslimited__
 - status: ASSERTED
[Diagnostic] Claim ID: 752c948e-2ad0-4292-8994-7dfbfb0f186d
 - collectionId: DIRECTORS
 - instanceId: ch_2025-03-07_warner_j
 - status: ASSERTED
[Diagnostic] Claim ID: c2a84054-fb20-4274-9288-d5790dbb0c44
 - collectionId: DIRECTORS
 - instanceId: ch_2018-12-21_hare_m
 - status: ASSERTED
[Diagnostic] Claim ID: 92096366-b7c6-4cf6-a45d-b004561a7b54
 - collectionId: DIRECTORS
 - instanceId: ch_2018-12-21_zzoommgrouplimited__
 - status: ASSERTED
[Diagnostic] Claim ID: 10c60b36-2e9a-4e08-bc44-60d44b50fb47
 - collectionId: DIRECTORS
 - instanceId: ch_2023-10-05_smith_j
 - status: ASSERTED
[Diagnostic] Claim ID: 5ac22a78-d098-4309-9fc3-6f3ab0a86ee0
 - collectionId: DIRECTORS
 - instanceId: ch_2021-10-13_smith_j
 - status: ASSERTED
[Diagnostic] Claim ID: cd547e2e-a700-4394-bb75-0d6f4a56fa85
 - collectionId: DIRECTORS
 - instanceId: ch_2025-03-07_warner_j
 - status: ASSERTED
[Diagnostic] Claim ID: 215d7d0e-3041-4cf1-ac05-750b258abadb
 - collectionId: DIRECTORS
 - instanceId: ch_2023-07-10_incecocorporateserviceslimited__
 - status: ASSERTED
[Diagnostic] Claim ID: a08293b7-9907-4078-b02b-678827427377
 - collectionId: DIRECTORS
 - instanceId: ch_2018-12-21_incegdcorporateserviceslimited__
 - status: ASSERTED
[Diagnostic] Claim ID: c732be00-43b3-4c9c-87ba-865a04db07e1
 - collectionId: DIRECTORS
 - instanceId: ch_2023-10-05_smith_j
 - status: ASSERTED
[Diagnostic] Claim ID: b59a108b-8cc5-4c58-af43-fad3a321b641
 - collectionId: DIRECTORS
 - instanceId: ch_2021-10-13_smith_j
 - status: ASSERTED
[Diagnostic] Claim ID: 21201398-d4cc-453a-92d0-1b02745006f3
 - collectionId: DIRECTORS
 - instanceId: ch_2025-03-07_warner_j
 - status: ASSERTED
[Diagnostic] Claim ID: d0dab56e-a19d-43e5-877c-6216eba7616d
 - collectionId: DIRECTORS
 - instanceId: ch_2023-07-10_incecocorporateserviceslimited__
 - status: ASSERTED
[Diagnostic] Claim ID: 0a5abe7d-a1f7-44df-9865-364d75eca3aa
 - collectionId: DIRECTORS
 - instanceId: ch_2018-12-21_incegdcorporateserviceslimited__
 - status: ASSERTED
[Diagnostic] Claim ID: 29ac45e7-9245-44fa-9859-c9415442d9bb
 - collectionId: DIRECTORS
 - instanceId: ch_2018-12-21_hare_m
 - status: ASSERTED
[Diagnostic] Claim ID: b3371553-861d-4cba-905e-863426defedd
 - collectionId: DIRECTORS
 - instanceId: ch_2018-12-21_zzoommgrouplimited__
 - status: ASSERTED
[Diagnostic] Claim ID: 692adbbd-9644-439a-a8e5-02ba928aa98c
 - collectionId: DIRECTORS
 - instanceId: ch_2023-10-05_smith_j
 - status: ASSERTED
[Diagnostic] Claim ID: 0bb7bde0-9bfd-403f-a03c-a3fe4d2fa412
 - collectionId: DIRECTORS
 - instanceId: ch_2021-10-13_smith_j
 - status: ASSERTED
[Diagnostic] Claim ID: 86fe7984-aed0-4117-bf7d-11e2b47edf04
 - collectionId: DIRECTORS
 - instanceId: ch_2025-03-07_warner_j
 - status: ASSERTED
[Diagnostic] Claim ID: 43f192e6-c337-40a4-864b-4831ebbba2ee
 - collectionId: DIRECTORS
 - instanceId: ch_2023-07-10_incecocorporateserviceslimited__
 - status: ASSERTED
[Diagnostic] Claim ID: ec30eb21-910c-4443-a0ff-d5c608a05ff9
 - collectionId: DIRECTORS
 - instanceId: ch_2018-12-21_incegdcorporateserviceslimited__
 - status: ASSERTED
[Diagnostic] Claim ID: 67daa33f-69c8-476e-b1c3-6aec0a0bc93e
 - collectionId: DIRECTORS
 - instanceId: ch_2018-12-21_hare_m
 - status: ASSERTED
[Diagnostic] Claim ID: f51c8845-2aab-47a9-a5b1-f9546e76d84e
 - collectionId: DIRECTORS
 - instanceId: ch_2018-12-21_zzoommgrouplimited__
 - status: ASSERTED
[Diagnostic] Claim ID: dfe6208a-759b-494c-b54a-5d5af8b33a3d
 - collectionId: DIRECTORS
 - instanceId: ch_2023-10-05_smith_j
 - status: ASSERTED
[Diagnostic] Claim ID: 1c3ebee1-183f-4379-af7c-a8ac7823982c
 - collectionId: DIRECTORS
 - instanceId: ch_2021-10-13_smith_j
 - status: ASSERTED
[Diagnostic] Claim ID: c11d087e-c579-4fe5-a111-0f8b66f67d1d
 - collectionId: DIRECTORS
 - instanceId: ch_2025-03-07_warner_j
 - status: ASSERTED
[Diagnostic] Claim ID: 32aaa221-b13f-4267-9b19-798a81e5e7bf
 - collectionId: DIRECTORS
 - instanceId: ch_2018-12-21_incegdcorporateserviceslimited__
 - status: ASSERTED
[Diagnostic] Claim ID: 0ecc06b4-9944-40c6-86d6-36596726cfd5
 - collectionId: DIRECTORS
 - instanceId: ch_2018-12-21_hare_m
 - status: ASSERTED
[Diagnostic] Claim ID: 2fb124e5-8caf-43b1-8fce-5b247ff8fa26
 - collectionId: DIRECTORS
 - instanceId: ch_2018-12-21_zzoommgrouplimited__
 - status: ASSERTED
[Diagnostic] Claim ID: 4fd817e0-9718-4c7a-9f66-0a872b4f1c3b
 - collectionId: DIRECTORS
 - instanceId: ch_2023-10-05_smith_j
 - status: ASSERTED
[Diagnostic] Claim ID: 90bcc0ec-5bcd-40f7-b4d5-ea16464cb2ac
 - collectionId: DIRECTORS
 - instanceId: ch_2021-10-13_smith_j
 - status: ASSERTED
[Diagnostic] Claim ID: c98363fd-2818-4e1c-8e26-3d4357eacb1a
 - collectionId: DIRECTORS
 - instanceId: ch_2025-03-07_warner_j
 - status: ASSERTED
[Diagnostic] Claim ID: 2f52e2ef-897a-4103-b735-6672c38877b2
 - collectionId: DIRECTORS
 - instanceId: ch_2023-07-10_incecocorporateserviceslimited__
 - status: ASSERTED
[Diagnostic] Claim ID: 4b871656-86b6-47f2-8aec-ca6bf56bdac2
 - collectionId: DIRECTORS
 - instanceId: ch_2018-12-21_incegdcorporateserviceslimited__
 - status: ASSERTED
[Diagnostic] Claim ID: 4f4fa7e3-4e53-4293-8208-b34a8589b6d9
 - collectionId: DIRECTORS
 - instanceId: ch_2018-12-21_hare_m
 - status: ASSERTED
[Diagnostic] Claim ID: ba375bba-7ee9-41a5-85d6-e1cb59530a6a
 - collectionId: DIRECTORS
 - instanceId: ch_2018-12-21_zzoommgrouplimited__
 - status: ASSERTED
[Diagnostic] Claim ID: c7a60437-dbd1-4b2e-b81f-27d4507bf794
 - collectionId: DIRECTORS
 - instanceId: ch_2023-10-05_smith_j
 - status: ASSERTED
[Diagnostic] Claim ID: 2bda382f-5353-40cc-9c61-7aad55fb26dc
 - collectionId: DIRECTORS
 - instanceId: ch_2021-10-13_smith_j
 - status: ASSERTED
[Diagnostic] Claim ID: e7c47caf-c3f9-409c-9f00-20e24c5d8c5b
 - collectionId: DIRECTORS
 - instanceId: ch_2025-03-07_warner_j
 - status: ASSERTED
[Diagnostic] Claim ID: 45838e74-c737-4162-a0a6-849a1b326e07
 - collectionId: DIRECTORS
 - instanceId: ch_2023-07-10_incecocorporateserviceslimited__
 - status: ASSERTED
[Diagnostic] Claim ID: 74251b72-0719-4dbe-99d9-1ba9c5aeb632
 - collectionId: DIRECTORS
 - instanceId: ch_2018-12-21_incegdcorporateserviceslimited__
 - status: ASSERTED
[Diagnostic] Claim ID: ba0d2ebc-171b-4a3c-b8d3-fb68421d676c
 - collectionId: DIRECTORS
 - instanceId: ch_2018-12-21_hare_m
 - status: ASSERTED
[Diagnostic] Claim ID: 7e0a30a1-4790-4fca-a8af-56d6393bd9aa
 - collectionId: DIRECTORS
 - instanceId: ch_2018-12-21_zzoommgrouplimited__
 - status: ASSERTED
[Diagnostic] Claim ID: 993688fa-3a84-497a-9693-0deeeef3d61d
 - collectionId: DIRECTORS
 - instanceId: ch_2023-07-10_incecocorporateserviceslimited__
 - status: ASSERTED
[Diagnostic] Claim ID: c05a4e5f-fc5f-43ab-aa22-6f7da428e310
 - collectionId: DIRECTORS
 - instanceId: ch_2023-10-05_smith_j
 - status: ASSERTED
[Diagnostic] Claim ID: fb1dc09f-ff8b-48d4-8d1d-c1a582086d74
 - collectionId: DIRECTORS
 - instanceId: ch_2021-10-13_smith_j
 - status: ASSERTED
[Diagnostic] Claim ID: df1c78e0-b0aa-4bf3-8f87-43d08e3cdf3a
 - collectionId: DIRECTORS
 - instanceId: ch_2025-03-07_warner_j
 - status: ASSERTED
[Diagnostic] Claim ID: 19b43b92-f6b8-4545-9b9d-38da02374f3a
 - collectionId: DIRECTORS
 - instanceId: ch_2023-07-10_incecocorporateserviceslimited__
 - status: ASSERTED
[Diagnostic] Claim ID: 5d175521-3ee2-40d9-b4b6-213478aec8e3
 - collectionId: DIRECTORS
 - instanceId: ch_2018-12-21_incegdcorporateserviceslimited__
 - status: ASSERTED
[Diagnostic] Claim ID: 8848c002-9454-4bc2-b4b9-2cdc2ff42f32
 - collectionId: DIRECTORS
 - instanceId: ch_2018-12-21_hare_m
 - status: ASSERTED
[Diagnostic] Claim ID: 93149c1e-514e-4f09-a381-5a0b860a5170
 - collectionId: DIRECTORS
 - instanceId: ch_2018-12-21_zzoommgrouplimited__
 - status: ASSERTED
[Diagnostic] Claim ID: 8e2120b5-f71d-4a33-97d5-c016bfc20572
 - collectionId: DIRECTORS
 - instanceId: ch_2023-10-05_smith_j
 - status: ASSERTED
[Diagnostic] Claim ID: 5e02d857-2cbc-44b2-971e-1c849fa8e06e
 - collectionId: DIRECTORS
 - instanceId: ch_2021-10-13_smith_j
 - status: ASSERTED
[Diagnostic] Claim ID: fb50b6ff-d224-4317-9abf-7b27b15da844
 - collectionId: DIRECTORS
 - instanceId: ch_2025-03-07_warner_j
 - status: ASSERTED
[Diagnostic] Claim ID: ba7a5d7b-49b2-4a2f-82ab-1f1b9793a8fb
 - collectionId: DIRECTORS
 - instanceId: ch_2023-07-10_incecocorporateserviceslimited__
 - status: ASSERTED
[Diagnostic] Claim ID: 50f9bcd5-3c87-4b41-b9d0-826f0afb8ea4
 - collectionId: DIRECTORS
 - instanceId: ch_2018-12-21_incegdcorporateserviceslimited__
 - status: ASSERTED
[Diagnostic] Claim ID: 2d6cf8c0-01b5-43ca-8626-538aa6bb6b41
 - collectionId: DIRECTORS
 - instanceId: ch_2018-12-21_hare_m
 - status: ASSERTED
[Diagnostic] Claim ID: 0f46750d-9ab2-40b9-86e8-86ee9f9f37b2
 - collectionId: DIRECTORS
 - instanceId: ch_2018-12-21_zzoommgrouplimited__
 - status: ASSERTED
[Diagnostic] Claim ID: b9a6f3fd-5165-4a40-a588-4b87e0133614
 - collectionId: DIRECTORS
 - instanceId: ch_2023-10-05_smith_j
 - status: ASSERTED
[Diagnostic] Claim ID: eeada4b2-a509-45d1-b48c-9e5bec6e6663
 - collectionId: DIRECTORS
 - instanceId: ch_2021-10-13_smith_j
 - status: ASSERTED
[Diagnostic] Claim ID: 7ae1bcea-c1fb-485c-afc6-f1f4f37784d5
 - collectionId: DIRECTORS
 - instanceId: ch_2025-03-07_warner_j
 - status: ASSERTED
[Diagnostic] Claim ID: 924b578a-06ff-4093-b91d-c6a62218b25d
 - collectionId: DIRECTORS
 - instanceId: ch_2023-07-10_incecocorporateserviceslimited__
 - status: ASSERTED
[Diagnostic] Claim ID: 11bbbb0f-aa88-4ea3-9608-73e300535762
 - collectionId: DIRECTORS
 - instanceId: ch_2018-12-21_incegdcorporateserviceslimited__
 - status: ASSERTED
[Diagnostic] Claim ID: c7370acb-b0d7-450b-b0a1-1a99c08c053b
 - collectionId: DIRECTORS
 - instanceId: ch_2018-12-21_hare_m
 - status: ASSERTED
[Diagnostic] Claim ID: 897368c4-578b-49e0-bf85-e7890aeedc7a
 - collectionId: DIRECTORS
 - instanceId: ch_2018-12-21_zzoommgrouplimited__
 - status: ASSERTED
[Diagnostic] Claim ID: 7b1efb33-a64d-4388-aaaa-41aa8943b9fb
 - collectionId: DIRECTORS
 - instanceId: ch_2023-10-05_smith_j
 - status: ASSERTED
[Diagnostic] Claim ID: 90b805d8-6756-4170-a164-e23aa0e4417c
 - collectionId: DIRECTORS
 - instanceId: ch_2021-10-13_smith_j
 - status: ASSERTED
[Diagnostic] Claim ID: 16b70597-c513-4528-9174-a83138595393
 - collectionId: DIRECTORS
 - instanceId: ch_2025-03-07_warner_j
 - status: ASSERTED
[Diagnostic] Claim ID: 64ea6f86-3c55-4328-a1c3-ae0630a0ac25
 - collectionId: DIRECTORS
 - instanceId: ch_2023-07-10_incecocorporateserviceslimited__
 - status: ASSERTED
[Diagnostic] Claim ID: b4aa441d-8e60-4cba-aef9-6ae6e26adad1
 - collectionId: DIRECTORS
 - instanceId: ch_2018-12-21_incegdcorporateserviceslimited__
 - status: ASSERTED
[Diagnostic] Claim ID: 6bb6d19d-0645-43bc-9b03-5aa0e5c0978f
 - collectionId: DIRECTORS
 - instanceId: ch_2018-12-21_hare_m
 - status: ASSERTED
[Diagnostic] Claim ID: bc113440-e560-4a1f-9827-25ceda825e31
 - collectionId: DIRECTORS
 - instanceId: ch_2018-12-21_zzoommgrouplimited__
 - status: ASSERTED
[Diagnostic] Claim ID: 37a023fd-6a07-4009-b8df-2e89f41f7095
 - collectionId: DIRECTORS
 - instanceId: ch_2023-10-05_smith_j
 - status: ASSERTED
[Diagnostic] Claim ID: 1db3d2ea-99d0-4dec-b1e4-14f8b2d03aa3
 - collectionId: DIRECTORS
 - instanceId: ch_2021-10-13_smith_j
 - status: ASSERTED
[Diagnostic] Claim ID: 3987c581-9380-4526-a159-8c94823357a4
 - collectionId: DIRECTORS
 - instanceId: ch_2025-03-07_warner_j
 - status: ASSERTED
[Diagnostic] Claim ID: 5f6d4718-4f7c-42a7-8684-041a147d7994
 - collectionId: DIRECTORS
 - instanceId: ch_2023-07-10_incecocorporateserviceslimited__
 - status: ASSERTED
[Diagnostic] Claim ID: ed9bcde1-fe25-4ef9-ada4-f6148fd029cf
 - collectionId: DIRECTORS
 - instanceId: ch_2018-12-21_incegdcorporateserviceslimited__
 - status: ASSERTED
[Diagnostic] Claim ID: ebad4afa-2aaf-42ee-bf5a-6ebdf07cbf4c
 - collectionId: DIRECTORS
 - instanceId: ch_2018-12-21_hare_m
 - status: ASSERTED
[Diagnostic] Claim ID: 859fb493-26f3-4b26-8609-1c4a03d7fd96
 - collectionId: DIRECTORS
 - instanceId: ch_2018-12-21_zzoommgrouplimited__
 - status: ASSERTED
[Diagnostic] Claim ID: 344356d4-643e-4042-a17c-556135bc21b0
 - collectionId: DIRECTORS
 - instanceId: ch_2024-08-12_jones_i
 - status: ASSERTED
[Diagnostic] Claim ID: 255bdcb8-5905-4539-8957-59a091eef38b
 - collectionId: DIRECTORS
 - instanceId: ch_2024-10-01_ahuja_v
 - status: ASSERTED
[Diagnostic] Claim ID: 13aecd5b-afd8-436c-918e-db081e9848cd
 - collectionId: DIRECTORS
 - instanceId: ch_2019-09-01_asquith_j
 - status: ASSERTED
[Diagnostic] Claim ID: c484e523-c6c5-477b-b859-d306717ef412
 - collectionId: DIRECTORS
 - instanceId: ch_2024-10-01_bickerstaffe_k
 - status: ASSERTED
[Diagnostic] Claim ID: aeb46753-7180-4959-9190-2f71fbc8e2a9
 - collectionId: DIRECTORS
 - instanceId: ch_2025-07-21_boylan_s
 - status: ASSERTED
[Diagnostic] Claim ID: cf46ade6-5e78-45bd-9a61-e947dd05cba7
 - collectionId: DIRECTORS
 - instanceId: ch_2016-07-04_devine_j
 - status: ASSERTED
[Diagnostic] Claim ID: 1bb9fe53-210c-4fe7-9517-ef8a4b01167e
 - collectionId: DIRECTORS
 - instanceId: ch_2021-09-01_grove_h
 - status: ASSERTED
[Diagnostic] Claim ID: 3bb6794e-94bf-47c4-809b-ef7c3afa45f0
 - collectionId: DIRECTORS
 - instanceId: ch_2018-08-01_raffaeli_c
 - status: ASSERTED
[Diagnostic] Claim ID: 927f033e-90b4-4257-ac44-820d0789e036
 - collectionId: DIRECTORS
 - instanceId: ch_2023-10-23_windsor_j
 - status: ASSERTED
[Diagnostic] Claim ID: d73bfd6e-23d4-4bf1-8864-be6043f971f5
 - collectionId: DIRECTORS
 - instanceId: ch_2022-10-03_baddeley_j
 - status: ASSERTED
[Diagnostic] Claim ID: e5d3ac43-2989-49a1-b78e-83ca3be234fc
 - collectionId: DIRECTORS
 - instanceId: ch_2014-10-31_gilmour_k
 - status: ASSERTED
[Diagnostic] Claim ID: 4b8fff4e-b26f-40c4-83a0-867cf92e3870
 - collectionId: DIRECTORS
 - instanceId: ch_2024-05-17_mckenna_p
 - status: ASSERTED
[Diagnostic] Claim ID: c50e7190-281a-4121-8dd7-ba2e25a27878
 - collectionId: DIRECTORS
 - instanceId: ch_2006-03-30_wood_m
 - status: ASSERTED
[Diagnostic] Claim ID: d7e7c35b-c323-4846-8fcb-2e98d45173b7
 - collectionId: DIRECTORS
 - instanceId: ch_2017-08-14_afrosenborg_j
 - status: ASSERTED
[Diagnostic] Claim ID: cd6d80d1-b04c-4df8-9929-3ee4e136611f
 - collectionId: DIRECTORS
 - instanceId: ch_2006-03-30_atkinson_m
 - status: ASSERTED
[Diagnostic] Claim ID: 7929814c-e2fd-4308-a8c9-f5cf90e9ec7f
 - collectionId: DIRECTORS
 - instanceId: ch_2020-07-01_bird_s
 - status: ASSERTED
[Diagnostic] Claim ID: d8c49995-ed15-41ad-bccb-879ce68cf195
 - collectionId: DIRECTORS
 - instanceId: ch_2006-03-30_blackwell_n
 - status: ASSERTED
[Diagnostic] Claim ID: ce192cec-2591-4cdd-8cd4-510032a745c6
 - collectionId: DIRECTORS
 - instanceId: ch_2022-01-04_bradley_c
 - status: ASSERTED
[Diagnostic] Claim ID: a45228b9-02d5-43f4-979a-2ff7c4cbc821
 - collectionId: DIRECTORS
 - instanceId: ch_2019-06-01_bruce_s
 - status: ASSERTED
[Diagnostic] Claim ID: 9ffd7d95-bcec-4dac-a3da-74b66dd7cdbe
 - collectionId: DIRECTORS
 - instanceId: ch_2008-01-01_buchan_c
 - status: ASSERTED
[Diagnostic] Claim ID: d2fa0fba-bad2-4f08-b8f4-71c80c7ed35b
 - collectionId: DIRECTORS
 - instanceId: ch_2017-08-14_chakraverty_j
 - status: ASSERTED
[Diagnostic] Claim ID: 64def2b0-bd8a-4a7e-ae4c-c4daa5ec1a31
 - collectionId: DIRECTORS
 - instanceId: ch_2015-11-01_clark_c
 - status: ASSERTED
[Diagnostic] Claim ID: 1b563968-1c0d-41c3-a058-65c58a09176f
 - collectionId: DIRECTORS
 - instanceId: ch_2006-03-30_crombie_a
 - status: ASSERTED
[Diagnostic] Claim ID: 5085bce6-f9f5-47f2-8a9a-4adf65bb8b9f
 - collectionId: DIRECTORS
 - instanceId: ch_2011-10-20_danon_p
 - status: ASSERTED
[Diagnostic] Claim ID: 5118177e-ed7b-4db0-a2d7-333478fa7b09
 - collectionId: DIRECTORS
 - instanceId: ch_2018-11-01_flint_d
 - status: ASSERTED
[Diagnostic] Claim ID: 8b7b8d89-05d0-4fd6-a44e-759ac2c20f3b
 - collectionId: DIRECTORS
 - instanceId: ch_2024-10-01_ahuja_v
 - status: ASSERTED
[Diagnostic] Claim ID: 7b8be5bb-885f-4e07-8a1d-273cf712b1d5
 - collectionId: DIRECTORS
 - instanceId: ch_2017-08-14_fusenig_g
 - status: ASSERTED
[Diagnostic] Claim ID: fdff2302-423a-49dc-9ad6-3ec10d3262df
 - collectionId: DIRECTORS
 - instanceId: ch_2015-11-01_gee_m
 - status: ASSERTED
[Diagnostic] Claim ID: cc1bb7fa-4bef-4dd6-b46e-77304d05a5ca
 - collectionId: DIRECTORS
 - instanceId: ch_2017-08-14_gilbert_m
 - status: ASSERTED
[Diagnostic] Claim ID: 87f7967c-5f52-4331-a5e4-4b47c18ce912
 - collectionId: DIRECTORS
 - instanceId: ch_unknown_gillies_c
 - status: ASSERTED
[Diagnostic] Claim ID: 2fc673b9-e408-494e-bc18-e892302f33aa
 - collectionId: DIRECTORS
 - instanceId: ch_2009-11-01_grigson_d
 - status: ASSERTED
[Diagnostic] Claim ID: 9c2b90a6-1928-44f7-8af7-1a7ccc6c1324
 - collectionId: DIRECTORS
 - instanceId: ch_2006-03-30_grimstone_g
 - status: ASSERTED
[Diagnostic] Claim ID: f083a2ea-2a9c-4b97-8216-72e964c11f81
 - collectionId: DIRECTORS
 - instanceId: ch_2012-07-20_harwerth_e
 - status: ASSERTED
[Diagnostic] Claim ID: 6b25c7fd-1548-4da8-839f-414a573335d6
 - collectionId: DIRECTORS
 - instanceId: ch_2014-10-15_hudson_i
 - status: ASSERTED
[Diagnostic] Claim ID: f4fba882-966a-4d05-a504-77a57aabb938
 - collectionId: DIRECTORS
 - instanceId: ch_2010-05-14_hunt_j
 - status: ASSERTED
[Diagnostic] Claim ID: 98637404-361e-4e62-9b10-8acc83b5d9e2
 - collectionId: DIRECTORS
 - instanceId: ch_2024-08-12_jones_i
 - status: ASSERTED
[Diagnostic] Claim ID: dcb98fde-2c6b-492a-8279-4e50699c98e9
 - collectionId: DIRECTORS
 - instanceId: ch_2024-10-01_ahuja_v
 - status: ASSERTED
[Diagnostic] Claim ID: 0d3f4183-1886-47bf-ba3c-d3802c2ddfa7
 - collectionId: DIRECTORS
 - instanceId: ch_2019-09-01_asquith_j
 - status: ASSERTED
[Diagnostic] Claim ID: 28159f8b-738b-4479-9224-8dee786db48b
 - collectionId: DIRECTORS
 - instanceId: ch_2024-10-01_bickerstaffe_k
 - status: ASSERTED
[Diagnostic] Claim ID: f0a41132-a55d-4fbd-b9ea-193809a62e97
 - collectionId: DIRECTORS
 - instanceId: ch_2025-07-21_boylan_s
 - status: ASSERTED
[Diagnostic] Claim ID: 6e61d666-fec9-4568-aa1e-c3efb14fecc6
 - collectionId: DIRECTORS
 - instanceId: ch_2016-07-04_devine_j
 - status: ASSERTED
[Diagnostic] Claim ID: eae782c4-c7b3-4e35-9c93-9b38e4f25e04
 - collectionId: DIRECTORS
 - instanceId: ch_2021-09-01_grove_h
 - status: ASSERTED
[Diagnostic] Claim ID: 894af9e5-72be-4789-b487-5bf555b53c54
 - collectionId: DIRECTORS
 - instanceId: ch_2018-08-01_raffaeli_c
 - status: ASSERTED
[Diagnostic] Claim ID: c5285914-da6e-4db4-998a-56f6e397b5b2
 - collectionId: DIRECTORS
 - instanceId: ch_2023-10-23_windsor_j
 - status: ASSERTED
[Diagnostic] Claim ID: 8b0a3ac5-3a61-4a22-842f-5461bc530b03
 - collectionId: DIRECTORS
 - instanceId: ch_2022-10-03_baddeley_j
 - status: ASSERTED
[Diagnostic] Claim ID: 5d129db7-b3d0-4712-a02e-f571cfbcaa5c
 - collectionId: DIRECTORS
 - instanceId: ch_2014-10-31_gilmour_k
 - status: ASSERTED
[Diagnostic] Claim ID: 33b2f592-fd42-4be9-98eb-da7ff81d3651
 - collectionId: DIRECTORS
 - instanceId: ch_2024-05-17_mckenna_p
 - status: ASSERTED
[Diagnostic] Claim ID: f83c990f-bd08-4673-8342-0ab6396716c8
 - collectionId: DIRECTORS
 - instanceId: ch_2006-03-30_wood_m
 - status: ASSERTED
[Diagnostic] Claim ID: 0195fc6f-9e1c-42a9-b472-3af9930c7064
 - collectionId: DIRECTORS
 - instanceId: ch_2017-08-14_afrosenborg_j
 - status: ASSERTED
[Diagnostic] Claim ID: 8deea69c-9f5b-4a43-95bc-bb525bd6fc89
 - collectionId: DIRECTORS
 - instanceId: ch_2006-03-30_atkinson_m
 - status: ASSERTED
[Diagnostic] Claim ID: 03cc6220-2798-4305-b46d-58fb6c36590b
 - collectionId: DIRECTORS
 - instanceId: ch_2020-07-01_bird_s
 - status: ASSERTED
[Diagnostic] Claim ID: 061b57cf-5f2e-4497-9e46-ed2721e109a5
 - collectionId: DIRECTORS
 - instanceId: ch_2006-03-30_blackwell_n
 - status: ASSERTED
[Diagnostic] Claim ID: 4fa21573-344c-43e1-b3d7-af3ab6ce0951
 - collectionId: DIRECTORS
 - instanceId: ch_2022-01-04_bradley_c
 - status: ASSERTED
[Diagnostic] Claim ID: dd168df6-b9e9-4a8d-9b01-9b598aff700b
 - collectionId: DIRECTORS
 - instanceId: ch_2019-06-01_bruce_s
 - status: ASSERTED
[Diagnostic] Claim ID: 10ce9266-d4e0-48b1-b8e3-ab01609509f6
 - collectionId: DIRECTORS
 - instanceId: ch_2008-01-01_buchan_c
 - status: ASSERTED
[Diagnostic] Claim ID: 7455627d-ccfe-440b-be13-e8e5648a1f28
 - collectionId: DIRECTORS
 - instanceId: ch_2017-08-14_chakraverty_j
 - status: ASSERTED
[Diagnostic] Claim ID: 31e370df-b7fd-4644-b633-a82a0dadab26
 - collectionId: DIRECTORS
 - instanceId: ch_2015-11-01_clark_c
 - status: ASSERTED
[Diagnostic] Claim ID: 4ac9d8cc-f929-4ba8-9dc9-fe406a58c341
 - collectionId: DIRECTORS
 - instanceId: ch_2006-03-30_crombie_a
 - status: ASSERTED
[Diagnostic] Claim ID: 26438acc-b6d8-42b5-88a5-856fe0f4489c
 - collectionId: DIRECTORS
 - instanceId: ch_2011-10-20_danon_p
 - status: ASSERTED
[Diagnostic] Claim ID: 4c237826-ee1d-49d5-a225-9f4d0e824aac
 - collectionId: DIRECTORS
 - instanceId: ch_2018-11-01_flint_d
 - status: ASSERTED
[Diagnostic] Claim ID: f637a90f-9a04-4c52-a8b4-99196d1d6086
 - collectionId: DIRECTORS
 - instanceId: ch_2017-08-14_fusenig_g
 - status: ASSERTED
[Diagnostic] Claim ID: 661cccc9-19c5-4297-af7a-35ad46bcbc10
 - collectionId: DIRECTORS
 - instanceId: ch_2015-11-01_gee_m
 - status: ASSERTED
[Diagnostic] Claim ID: 93c8102d-6181-4c08-9a45-3f1846a65710
 - collectionId: DIRECTORS
 - instanceId: ch_2017-08-14_gilbert_m
 - status: ASSERTED
[Diagnostic] Claim ID: bb506690-62e7-4982-a1f7-3e3e65515e2f
 - collectionId: DIRECTORS
 - instanceId: ch_unknown_gillies_c
 - status: ASSERTED
[Diagnostic] Claim ID: befd6d2d-475e-4e59-8847-a1fb681a0c4b
 - collectionId: DIRECTORS
 - instanceId: ch_2009-11-01_grigson_d
 - status: ASSERTED
[Diagnostic] Claim ID: 700e803e-0ed1-49dc-b1d4-8f750129a7b0
 - collectionId: DIRECTORS
 - instanceId: ch_2006-03-30_grimstone_g
 - status: ASSERTED
[Diagnostic] Claim ID: a2c50f2f-223a-46e6-83c3-ba2c33e4a279
 - collectionId: DIRECTORS
 - instanceId: ch_2012-07-20_harwerth_e
 - status: ASSERTED
[Diagnostic] Claim ID: 7386f024-cf77-4182-a00f-67f15733205f
 - collectionId: DIRECTORS
 - instanceId: ch_2014-10-15_hudson_i
 - status: ASSERTED
[Diagnostic] Claim ID: cd696c53-13f7-449e-bfbf-1a05d5549559
 - collectionId: DIRECTORS
 - instanceId: ch_2010-05-14_hunt_j
 - status: ASSERTED
[Diagnostic] Claim ID: 787e2320-7a64-4287-8a8f-0f6daa64e49b
 - collectionId: DIRECTORS
 - instanceId: ch_2024-10-01_bickerstaffe_k
 - status: ASSERTED
[Diagnostic] Claim ID: a912781d-168b-40ae-bc2b-1bdb4c359d08
 - collectionId: DIRECTORS
 - instanceId: ch_2025-07-21_boylan_s
 - status: ASSERTED
[Diagnostic] Claim ID: 8f16ab76-e810-4359-a5eb-a6408af605f1
 - collectionId: DIRECTORS
 - instanceId: ch_2016-07-04_devine_j
 - status: ASSERTED
[Diagnostic] Claim ID: 6444cb27-bded-4001-a9c7-ee0a221549a0
 - collectionId: DIRECTORS
 - instanceId: ch_2021-09-01_grove_h
 - status: ASSERTED
[Diagnostic] Claim ID: 368bbc58-af2c-447a-aeee-1cc48b4a1c22
 - collectionId: DIRECTORS
 - instanceId: ch_2018-08-01_raffaeli_c
 - status: ASSERTED
[Diagnostic] Claim ID: f17f6ff9-5f7c-4a8b-8b89-fee9f5135812
 - collectionId: DIRECTORS
 - instanceId: ch_2023-10-23_windsor_j
 - status: ASSERTED
[Diagnostic] Claim ID: 2113b6c1-d25a-4873-bd9f-25b238ddc62b
 - collectionId: DIRECTORS
 - instanceId: ch_2022-10-03_baddeley_j
 - status: ASSERTED
[Diagnostic] Claim ID: d03810db-03bd-49a4-9561-dd811cac8e87
 - collectionId: DIRECTORS
 - instanceId: ch_2014-10-31_gilmour_k
 - status: ASSERTED
[Diagnostic] Claim ID: 1353ed00-e590-443a-84d3-cd6f7f0801cb
 - collectionId: DIRECTORS
 - instanceId: ch_2024-05-17_mckenna_p
 - status: ASSERTED
[Diagnostic] Claim ID: 854c0a40-323d-4485-a3d7-164c49d4c1e1
 - collectionId: DIRECTORS
 - instanceId: ch_2006-03-30_wood_m
 - status: ASSERTED
[Diagnostic] Claim ID: 81da4d00-370a-4673-8e33-17a4b12c08bd
 - collectionId: DIRECTORS
 - instanceId: ch_2017-08-14_afrosenborg_j
 - status: ASSERTED
[Diagnostic] Claim ID: 96659ea0-53cb-4197-b3c0-748a3f743390
 - collectionId: DIRECTORS
 - instanceId: ch_2006-03-30_atkinson_m
 - status: ASSERTED
[Diagnostic] Claim ID: 916115d1-f0ed-443a-9b31-14723c32ee72
 - collectionId: DIRECTORS
 - instanceId: ch_2020-07-01_bird_s
 - status: ASSERTED
[Diagnostic] Claim ID: b528c3f4-0484-42ff-bec7-4b10bb5ec760
 - collectionId: DIRECTORS
 - instanceId: ch_2006-03-30_blackwell_n
 - status: ASSERTED
[Diagnostic] Claim ID: 024d7c38-aff8-4a04-af26-e8fd97c57915
 - collectionId: DIRECTORS
 - instanceId: ch_2022-01-04_bradley_c
 - status: ASSERTED
[Diagnostic] Claim ID: 951866a0-651f-4fe4-8d11-92085386e498
 - collectionId: DIRECTORS
 - instanceId: ch_2019-06-01_bruce_s
 - status: ASSERTED
[Diagnostic] Claim ID: ede8e6d1-102b-4e2a-b624-6c22da288c0a
 - collectionId: DIRECTORS
 - instanceId: ch_2008-01-01_buchan_c
 - status: ASSERTED
[Diagnostic] Claim ID: 24cb4bbd-95f3-46ed-b93d-34018bccac4e
 - collectionId: DIRECTORS
 - instanceId: ch_2017-08-14_chakraverty_j
 - status: ASSERTED
[Diagnostic] Claim ID: add32c45-f4c2-48cd-a20c-14b9b647c6d1
 - collectionId: DIRECTORS
 - instanceId: ch_2015-11-01_clark_c
 - status: ASSERTED
[Diagnostic] Claim ID: 68fc68c8-83e0-4200-92c6-6462e8349c9c
 - collectionId: DIRECTORS
 - instanceId: ch_2006-03-30_crombie_a
 - status: ASSERTED
[Diagnostic] Claim ID: 04f340ab-aa32-49ad-a1d0-4a91ec76ff63
 - collectionId: DIRECTORS
 - instanceId: ch_2011-10-20_danon_p
 - status: ASSERTED
[Diagnostic] Claim ID: fac5af71-1173-47a8-a93c-f71575d623a3
 - collectionId: DIRECTORS
 - instanceId: ch_2018-11-01_flint_d
 - status: ASSERTED
[Diagnostic] Claim ID: c35aa504-de2b-4493-923e-2c60c5ce046f
 - collectionId: DIRECTORS
 - instanceId: ch_2017-08-14_fusenig_g
 - status: ASSERTED
[Diagnostic] Claim ID: eecb9326-09c9-48f1-b39e-ed3b6e4fc216
 - collectionId: DIRECTORS
 - instanceId: ch_2015-11-01_gee_m
 - status: ASSERTED
[Diagnostic] Claim ID: b16fe361-82ed-4188-91fc-8842e3b6b1b5
 - collectionId: DIRECTORS
 - instanceId: ch_2017-08-14_gilbert_m
 - status: ASSERTED
[Diagnostic] Claim ID: 68cc5c98-a06e-41e8-909a-afd53eac2d42
 - collectionId: DIRECTORS
 - instanceId: ch_unknown_gillies_c
 - status: ASSERTED
[Diagnostic] Claim ID: d4bfaacc-35d5-4a41-b9da-6299d40be80e
 - collectionId: DIRECTORS
 - instanceId: ch_2009-11-01_grigson_d
 - status: ASSERTED
[Diagnostic] Claim ID: 11816897-1eac-4a42-acc4-5f973e745c7b
 - collectionId: DIRECTORS
 - instanceId: ch_2006-03-30_grimstone_g
 - status: ASSERTED
[Diagnostic] Claim ID: dfc06788-46f3-4412-bbf0-fad3bbc50dd0
 - collectionId: DIRECTORS
 - instanceId: ch_2012-07-20_harwerth_e
 - status: ASSERTED
[Diagnostic] Claim ID: 3082d281-4fb4-4e41-8727-88a87909af27
 - collectionId: DIRECTORS
 - instanceId: ch_2014-10-15_hudson_i
 - status: ASSERTED
[Diagnostic] Claim ID: 13299a74-2424-4977-b932-45d697e918e1
 - collectionId: DIRECTORS
 - instanceId: ch_2010-05-14_hunt_j
 - status: ASSERTED
[Diagnostic] Claim ID: 825a7010-2397-4a7d-bd8f-1b479f14f4b4
 - collectionId: DIRECTORS
 - instanceId: ch_2024-08-12_jones_i
 - status: ASSERTED
[Diagnostic] Claim ID: 219a7b2e-1639-4e05-aa5c-8a2b9c7cf1ee
 - collectionId: DIRECTORS
 - instanceId: ch_2024-10-01_ahuja_v
 - status: ASSERTED
[Diagnostic] Claim ID: 4c9f4e47-5d20-4655-802f-4c08dde8bb4c
 - collectionId: DIRECTORS
 - instanceId: ch_2019-09-01_asquith_j
 - status: ASSERTED
[Diagnostic] Claim ID: 84475219-0425-4ae8-b1a5-8c3b5558fbd6
 - collectionId: DIRECTORS
 - instanceId: ch_2024-10-01_bickerstaffe_k
 - status: ASSERTED
[Diagnostic] Claim ID: ffa1a9e4-5ec7-4ec5-9171-b780df15a4c2
 - collectionId: DIRECTORS
 - instanceId: ch_2025-07-21_boylan_s
 - status: ASSERTED
[Diagnostic] Claim ID: 51ec7057-0854-451b-9f1b-d57a98e36463
 - collectionId: DIRECTORS
 - instanceId: ch_2016-07-04_devine_j
 - status: ASSERTED
[Diagnostic] Claim ID: cf2a7d5e-ea54-4b4b-8873-8570327622a7
 - collectionId: DIRECTORS
 - instanceId: ch_2021-09-01_grove_h
 - status: ASSERTED
[Diagnostic] Claim ID: a67eb138-5a6a-4797-9cd3-0642790c9cff
 - collectionId: DIRECTORS
 - instanceId: ch_2018-08-01_raffaeli_c
 - status: ASSERTED
[Diagnostic] Claim ID: d66a324f-203b-490f-842a-f45f717eb639
 - collectionId: DIRECTORS
 - instanceId: ch_2023-10-23_windsor_j
 - status: ASSERTED
[Diagnostic] Claim ID: 0abdbea5-fb6a-434f-b50e-133abd7ba8c5
 - collectionId: DIRECTORS
 - instanceId: ch_2022-10-03_baddeley_j
 - status: ASSERTED
[Diagnostic] Claim ID: b8392b70-5f1b-4939-907a-c0b55278cfb6
 - collectionId: DIRECTORS
 - instanceId: ch_2014-10-31_gilmour_k
 - status: ASSERTED
[Diagnostic] Claim ID: 4775e7be-84da-4abf-8c4b-dd460be0130b
 - collectionId: DIRECTORS
 - instanceId: ch_2024-05-17_mckenna_p
 - status: ASSERTED
[Diagnostic] Claim ID: c9e89d2a-78c2-4504-8c7c-68aa4e7c5076
 - collectionId: DIRECTORS
 - instanceId: ch_2006-03-30_wood_m
 - status: ASSERTED
[Diagnostic] Claim ID: a1416314-fc0a-4c1c-ba2d-2d4143e97099
 - collectionId: DIRECTORS
 - instanceId: ch_2017-08-14_afrosenborg_j
 - status: ASSERTED
[Diagnostic] Claim ID: 5ed22c5c-cdda-4487-aea8-d73979507ff0
 - collectionId: DIRECTORS
 - instanceId: ch_2006-03-30_atkinson_m
 - status: ASSERTED
[Diagnostic] Claim ID: 958c57dd-0c25-4f4a-b4d4-061e7e3989bc
 - collectionId: DIRECTORS
 - instanceId: ch_2020-07-01_bird_s
 - status: ASSERTED
[Diagnostic] Claim ID: dbb49de6-826a-4416-bd34-49a750ca558f
 - collectionId: DIRECTORS
 - instanceId: ch_2006-03-30_blackwell_n
 - status: ASSERTED
[Diagnostic] Claim ID: 6369e2f1-bd0b-4d7d-92da-ad393f0e8dd1
 - collectionId: DIRECTORS
 - instanceId: ch_2022-01-04_bradley_c
 - status: ASSERTED
[Diagnostic] Claim ID: 82273eef-b9ec-427a-b972-a607fe63ba6c
 - collectionId: DIRECTORS
 - instanceId: ch_2019-06-01_bruce_s
 - status: ASSERTED
[Diagnostic] Claim ID: a0f7ac6f-0282-43df-9cb9-9d20019a53e1
 - collectionId: DIRECTORS
 - instanceId: ch_2008-01-01_buchan_c
 - status: ASSERTED
[Diagnostic] Claim ID: c0627cb7-fdb8-4432-b51d-1c4387a5fb9a
 - collectionId: DIRECTORS
 - instanceId: ch_2017-08-14_chakraverty_j
 - status: ASSERTED
[Diagnostic] Claim ID: cb690ba0-5bdb-4a35-9dc7-105655feb90d
 - collectionId: DIRECTORS
 - instanceId: ch_2015-11-01_clark_c
 - status: ASSERTED
[Diagnostic] Claim ID: c0762d87-dd5c-42cc-b8ce-47f0a3180732
 - collectionId: DIRECTORS
 - instanceId: ch_2006-03-30_crombie_a
 - status: ASSERTED
[Diagnostic] Claim ID: 78c3348c-7d53-4278-9f38-ff8f876d321b
 - collectionId: DIRECTORS
 - instanceId: ch_2011-10-20_danon_p
 - status: ASSERTED
[Diagnostic] Claim ID: df4e9475-9e67-4e46-b925-8702b8127cdb
 - collectionId: DIRECTORS
 - instanceId: ch_2018-11-01_flint_d
 - status: ASSERTED
[Diagnostic] Claim ID: 34acc34d-aa44-4f96-b268-32e11f5c5e7f
 - collectionId: DIRECTORS
 - instanceId: ch_2017-08-14_fusenig_g
 - status: ASSERTED
[Diagnostic] Claim ID: 9967cfcc-8e10-4d80-8a86-4f3c3785849d
 - collectionId: DIRECTORS
 - instanceId: ch_2015-11-01_gee_m
 - status: ASSERTED
[Diagnostic] Claim ID: c57fb307-39f9-48c3-86bf-641b2e279db5
 - collectionId: DIRECTORS
 - instanceId: ch_2017-08-14_gilbert_m
 - status: ASSERTED
[Diagnostic] Claim ID: bbb578c4-6f9d-4548-9679-5aa5ae756b4c
 - collectionId: DIRECTORS
 - instanceId: ch_unknown_gillies_c
 - status: ASSERTED
[Diagnostic] Claim ID: 6a45a6f6-6e18-4f7c-a426-3f0582771c5d
 - collectionId: DIRECTORS
 - instanceId: ch_2009-11-01_grigson_d
 - status: ASSERTED
[Diagnostic] Claim ID: dc9b3609-7e0d-406e-bd20-0a519353d361
 - collectionId: DIRECTORS
 - instanceId: ch_2006-03-30_grimstone_g
 - status: ASSERTED
[Diagnostic] Claim ID: 4323e9d2-d89f-4c7d-8f0d-7dc7d68f081c
 - collectionId: DIRECTORS
 - instanceId: ch_2012-07-20_harwerth_e
 - status: ASSERTED
[Diagnostic] Claim ID: f605b290-5190-433e-a777-a29310495245
 - collectionId: DIRECTORS
 - instanceId: ch_2014-10-15_hudson_i
 - status: ASSERTED
[Diagnostic] Claim ID: d56ff53c-e167-4d7a-a52f-24808fe1a548
 - collectionId: DIRECTORS
 - instanceId: ch_2010-05-14_hunt_j
 - status: ASSERTED
[Diagnostic] Claim ID: 5f225287-8c24-4ded-a946-b44d71635cd3
 - collectionId: DIRECTORS
 - instanceId: ch_2024-08-12_jones_i
 - status: ASSERTED
[Diagnostic] Claim ID: c68faaa7-5bd8-45bf-a5c6-a55f78a34795
 - collectionId: DIRECTORS
 - instanceId: ch_2024-10-01_ahuja_v
 - status: ASSERTED
[Diagnostic] Claim ID: d3aa39b0-bc32-426a-9412-e1aa6923a41c
 - collectionId: DIRECTORS
 - instanceId: ch_2019-09-01_asquith_j
 - status: ASSERTED
[Diagnostic] Claim ID: 707a074a-4fdd-46c8-ba26-caf311872a18
 - collectionId: DIRECTORS
 - instanceId: ch_2024-10-01_bickerstaffe_k
 - status: ASSERTED
[Diagnostic] Claim ID: 8ba0b488-196b-41bb-9dd6-5e350e96d289
 - collectionId: DIRECTORS
 - instanceId: ch_2025-07-21_boylan_s
 - status: ASSERTED
[Diagnostic] Claim ID: 10dec8cf-3e4e-4b16-bcbf-cf5eb0fccf17
 - collectionId: DIRECTORS
 - instanceId: ch_2016-07-04_devine_j
 - status: ASSERTED
[Diagnostic] Claim ID: 1569003d-06b1-4eb2-8036-fd8f10c2796b
 - collectionId: DIRECTORS
 - instanceId: ch_2021-09-01_grove_h
 - status: ASSERTED
[Diagnostic] Claim ID: 7f50f611-989f-40e7-81d1-a68fd80ebf00
 - collectionId: DIRECTORS
 - instanceId: ch_2018-08-01_raffaeli_c
 - status: ASSERTED
[Diagnostic] Claim ID: 900038a6-2a7f-40bd-8c2c-5f8bd4d7e1ed
 - collectionId: DIRECTORS
 - instanceId: ch_2023-10-23_windsor_j
 - status: ASSERTED
[Diagnostic] Claim ID: d251ee08-84b2-4e3f-831a-b73823a7878c
 - collectionId: DIRECTORS
 - instanceId: ch_2022-10-03_baddeley_j
 - status: ASSERTED
[Diagnostic] Claim ID: a74a7c31-13e9-42dc-93f0-d52b9585ad2b
 - collectionId: DIRECTORS
 - instanceId: ch_2014-10-31_gilmour_k
 - status: ASSERTED
[Diagnostic] Claim ID: d6072053-0816-4ef1-a7ae-062ff446f57b
 - collectionId: DIRECTORS
 - instanceId: ch_2024-05-17_mckenna_p
 - status: ASSERTED
[Diagnostic] Claim ID: 8a8d30d5-bcd3-4983-99f3-0c710b84354c
 - collectionId: DIRECTORS
 - instanceId: ch_2006-03-30_wood_m
 - status: ASSERTED
[Diagnostic] Claim ID: 331c09f8-1c92-48ab-9869-7aa9fe737df5
 - collectionId: DIRECTORS
 - instanceId: ch_2017-08-14_afrosenborg_j
 - status: ASSERTED
[Diagnostic] Claim ID: e580be1d-5c55-4a88-9270-71749019a3e9
 - collectionId: DIRECTORS
 - instanceId: ch_2006-03-30_atkinson_m
 - status: ASSERTED
[Diagnostic] Claim ID: c4b91577-0b09-4812-b654-0c6afb5ba57a
 - collectionId: DIRECTORS
 - instanceId: ch_2020-07-01_bird_s
 - status: ASSERTED
[Diagnostic] Claim ID: 2432410a-5538-44eb-a8c5-9f37110d65d0
 - collectionId: DIRECTORS
 - instanceId: ch_2006-03-30_blackwell_n
 - status: ASSERTED
[Diagnostic] Claim ID: 25448a18-91ed-4701-9adf-1e7b42883a06
 - collectionId: DIRECTORS
 - instanceId: ch_2022-01-04_bradley_c
 - status: ASSERTED
[Diagnostic] Claim ID: 428a7d23-a693-4af4-96b7-2217868fdd0c
 - collectionId: DIRECTORS
 - instanceId: ch_2019-06-01_bruce_s
 - status: ASSERTED
[Diagnostic] Claim ID: 42894a84-6ad2-4793-94fa-4950863c8d85
 - collectionId: DIRECTORS
 - instanceId: ch_2008-01-01_buchan_c
 - status: ASSERTED
[Diagnostic] Claim ID: 7300ecb5-d3ec-41a0-bc45-7f76b45bf6bd
 - collectionId: DIRECTORS
 - instanceId: ch_2017-08-14_chakraverty_j
 - status: ASSERTED
[Diagnostic] Claim ID: b2d038cb-0d5c-4cb9-b282-25d4c00499be
 - collectionId: DIRECTORS
 - instanceId: ch_2015-11-01_clark_c
 - status: ASSERTED
[Diagnostic] Claim ID: aa375d8e-ba5e-488e-92eb-809d4ac7123b
 - collectionId: DIRECTORS
 - instanceId: ch_2006-03-30_crombie_a
 - status: ASSERTED
[Diagnostic] Claim ID: 5d817308-7bda-42f3-ad9f-0c45d2dbb41a
 - collectionId: DIRECTORS
 - instanceId: ch_2011-10-20_danon_p
 - status: ASSERTED
[Diagnostic] Claim ID: f22da243-7888-4a67-9e1a-7230b5e75dd8
 - collectionId: DIRECTORS
 - instanceId: ch_2018-11-01_flint_d
 - status: ASSERTED
[Diagnostic] Claim ID: 8d7f0c0d-d629-49bd-940b-1e69963d33b0
 - collectionId: DIRECTORS
 - instanceId: ch_2017-08-14_fusenig_g
 - status: ASSERTED
[Diagnostic] Claim ID: 97d85a59-00f3-442f-9517-b70c353b98ba
 - collectionId: DIRECTORS
 - instanceId: ch_2015-11-01_gee_m
 - status: ASSERTED
[Diagnostic] Claim ID: d909a28f-4956-4251-906a-b7720aedad09
 - collectionId: DIRECTORS
 - instanceId: ch_2017-08-14_gilbert_m
 - status: ASSERTED
[Diagnostic] Claim ID: 96afa9c1-2936-41cf-b363-f0e04d3aefaa
 - collectionId: DIRECTORS
 - instanceId: ch_unknown_gillies_c
 - status: ASSERTED
[Diagnostic] Claim ID: efe2964a-5d41-46cc-a668-c81a7f7842d6
 - collectionId: DIRECTORS
 - instanceId: ch_2009-11-01_grigson_d
 - status: ASSERTED
[Diagnostic] Claim ID: 95e31410-af89-431e-99ac-7ec7ce47ccbc
 - collectionId: DIRECTORS
 - instanceId: ch_2006-03-30_grimstone_g
 - status: ASSERTED
[Diagnostic] Claim ID: 2bbc3fd9-3534-4619-9758-b69ef0681a2e
 - collectionId: DIRECTORS
 - instanceId: ch_2012-07-20_harwerth_e
 - status: ASSERTED
[Diagnostic] Claim ID: fa9d61ed-a5d5-430e-a37b-752c9a8ffa59
 - collectionId: DIRECTORS
 - instanceId: ch_2014-10-15_hudson_i
 - status: ASSERTED
[Diagnostic] Claim ID: 29aaba73-5cfe-446d-92fe-d137704b48bd
 - collectionId: DIRECTORS
 - instanceId: ch_2010-05-14_hunt_j
 - status: ASSERTED
[Diagnostic] Claim ID: 88c55425-05f1-4d6c-8f6e-f1b933926302
 - collectionId: DIRECTORS
 - instanceId: ch_2024-08-12_jones_i
 - status: ASSERTED
[Diagnostic] Claim ID: cd35b0a0-7475-433e-99b4-5cc753b35940
 - collectionId: DIRECTORS
 - instanceId: ch_2024-10-01_ahuja_v
 - status: ASSERTED
[Diagnostic] Claim ID: 8c1dfd1a-8fcc-4397-9113-061ed1e3b89f
 - collectionId: DIRECTORS
 - instanceId: ch_2019-09-01_asquith_j
 - status: ASSERTED
[Diagnostic] Claim ID: 7c34d784-4ac4-4e18-9056-aed876ff0cc8
 - collectionId: DIRECTORS
 - instanceId: ch_2024-10-01_bickerstaffe_k
 - status: ASSERTED
[Diagnostic] Claim ID: 2dca68be-c82d-4050-8cbf-1e785d6c0486
 - collectionId: DIRECTORS
 - instanceId: ch_2025-07-21_boylan_s
 - status: ASSERTED
[Diagnostic] Claim ID: a3d681cf-a3d4-462f-a6f2-23eb82fd3b0c
 - collectionId: DIRECTORS
 - instanceId: ch_2016-07-04_devine_j
 - status: ASSERTED
[Diagnostic] Claim ID: 23562535-b192-4203-9b9b-b7e9897ead79
 - collectionId: DIRECTORS
 - instanceId: ch_2021-09-01_grove_h
 - status: ASSERTED
[Diagnostic] Claim ID: 30643a05-f9b0-4684-b992-8c4895d77139
 - collectionId: DIRECTORS
 - instanceId: ch_2026-06-03_kitts_a
 - status: ASSERTED
[Diagnostic] Claim ID: 967fb244-f905-48b7-b95d-5bfd1d973b54
 - collectionId: DIRECTORS
 - instanceId: ch_2026-06-03_lacaille_r
 - status: ASSERTED
[Diagnostic] Claim ID: 7e45b4db-bcaa-47e3-b5eb-994648c348b7
 - collectionId: DIRECTORS
 - instanceId: ch_2018-08-01_raffaeli_c
 - status: ASSERTED
[Diagnostic] Claim ID: 12d1fbcc-2ab7-4f98-aa58-fb3c4aa4c5b3
 - collectionId: DIRECTORS
 - instanceId: ch_2024-10-01_ahuja_v
 - status: ASSERTED
[Diagnostic] Claim ID: ac1466c0-416b-47cd-951f-997341489b51
 - collectionId: DIRECTORS
 - instanceId: ch_2023-10-23_windsor_j
 - status: ASSERTED
[Diagnostic] Claim ID: bc99d28e-2225-4c62-9f12-4b84fe8d4da7
 - collectionId: DIRECTORS
 - instanceId: ch_2022-10-03_baddeley_j
 - status: ASSERTED
[Diagnostic] Claim ID: b910ea0c-6995-4a5b-a543-e9e1e35f39f8
 - collectionId: DIRECTORS
 - instanceId: ch_2014-10-31_gilmour_k
 - status: ASSERTED
[Diagnostic] Claim ID: 1575677a-0737-4007-89d2-40053d231af6
 - collectionId: DIRECTORS
 - instanceId: ch_2024-05-17_mckenna_p
 - status: ASSERTED
[Diagnostic] Claim ID: baec9004-0ff9-4df6-9b34-603df34f7f5b
 - collectionId: DIRECTORS
 - instanceId: ch_2006-03-30_wood_m
 - status: ASSERTED
[Diagnostic] Claim ID: 1d83e545-9709-4a37-9125-7ab6777da2e8
 - collectionId: DIRECTORS
 - instanceId: ch_2017-08-14_afrosenborg_j
 - status: ASSERTED
[Diagnostic] Claim ID: 33834cbb-7b50-4d56-ad54-41d44c2705bb
 - collectionId: DIRECTORS
 - instanceId: ch_2006-03-30_atkinson_m
 - status: ASSERTED
[Diagnostic] Claim ID: d67722a2-27ec-43b7-9bb2-c1d76a13fcfb
 - collectionId: DIRECTORS
 - instanceId: ch_2020-07-01_bird_s
 - status: ASSERTED
[Diagnostic] Claim ID: 264d179f-857f-43d4-b6ca-408a449a6773
 - collectionId: DIRECTORS
 - instanceId: ch_2006-03-30_blackwell_n
 - status: ASSERTED
[Diagnostic] Claim ID: 7f03dad2-d463-42ab-ab1e-fceb83fe60ec
 - collectionId: DIRECTORS
 - instanceId: ch_2022-01-04_bradley_c
 - status: ASSERTED
[Diagnostic] Claim ID: d1e0a5d6-cea7-41bd-a3e2-fd858d16fc04
 - collectionId: DIRECTORS
 - instanceId: ch_2019-06-01_bruce_s
 - status: ASSERTED
[Diagnostic] Claim ID: cf802c3f-9e06-475b-b769-aa04e75e6d17
 - collectionId: DIRECTORS
 - instanceId: ch_2008-01-01_buchan_c
 - status: ASSERTED
[Diagnostic] Claim ID: 73e84d20-39c3-4475-bc0d-765790acf191
 - collectionId: DIRECTORS
 - instanceId: ch_2017-08-14_chakraverty_j
 - status: ASSERTED
[Diagnostic] Claim ID: 52c81b1d-91e2-4b12-b172-34de7ccb9a6c
 - collectionId: DIRECTORS
 - instanceId: ch_2015-11-01_clark_c
 - status: ASSERTED
[Diagnostic] Claim ID: f16efaf4-c91e-42ff-a347-b8f85f22683b
 - collectionId: DIRECTORS
 - instanceId: ch_2006-03-30_crombie_a
 - status: ASSERTED
[Diagnostic] Claim ID: c9239566-a2ff-4019-a283-4f3516ebd91e
 - collectionId: DIRECTORS
 - instanceId: ch_2011-10-20_danon_p
 - status: ASSERTED
[Diagnostic] Claim ID: 7c19890e-69e1-48f8-a280-c44e7d87b761
 - collectionId: DIRECTORS
 - instanceId: ch_2018-11-01_flint_d
 - status: ASSERTED
[Diagnostic] Claim ID: c05271d9-d52e-4e43-96e5-fe2de13b2372
 - collectionId: DIRECTORS
 - instanceId: ch_2017-08-14_fusenig_g
 - status: ASSERTED
[Diagnostic] Claim ID: 64fd6f5a-c1bd-44a7-a185-32021a7ac2db
 - collectionId: DIRECTORS
 - instanceId: ch_2015-11-01_gee_m
 - status: ASSERTED
[Diagnostic] Claim ID: ba8830cd-9896-46c4-ba2e-2590f7084e35
 - collectionId: DIRECTORS
 - instanceId: ch_2017-08-14_gilbert_m
 - status: ASSERTED
[Diagnostic] Claim ID: 292a4ed4-9a9c-45fe-a2ce-9bf9ef9adfea
 - collectionId: DIRECTORS
 - instanceId: ch_unknown_gillies_c
 - status: ASSERTED
[Diagnostic] Claim ID: 695af17e-4d22-4277-9586-5354df90bbf0
 - collectionId: DIRECTORS
 - instanceId: ch_2009-11-01_grigson_d
 - status: ASSERTED
[Diagnostic] Claim ID: 0e31244e-3cb9-4000-8d5b-00b9d4c8e342
 - collectionId: DIRECTORS
 - instanceId: ch_2006-03-30_grimstone_g
 - status: ASSERTED
[Diagnostic] Claim ID: b4b7667a-c9b0-4024-a024-96f806b8db2c
 - collectionId: DIRECTORS
 - instanceId: ch_2012-07-20_harwerth_e
 - status: ASSERTED
[Diagnostic] Claim ID: c02a1d2f-dae2-45e4-a51e-9a4150fa3470
 - collectionId: DIRECTORS
 - instanceId: ch_2026-06-03_lacaille_r
 - status: ASSERTED
[Diagnostic] Claim ID: 218fdc0c-7818-4471-9607-5fffe64df499
 - collectionId: DIRECTORS
 - instanceId: ch_2024-08-12_jones_i
 - status: ASSERTED
[Diagnostic] Claim ID: a1d00dba-71fb-44e6-8a29-6f9a8ff0f69f
 - collectionId: DIRECTORS
 - instanceId: ch_2024-10-01_ahuja_v
 - status: ASSERTED
[Diagnostic] Claim ID: 4290da61-cdeb-4e79-9a5f-7b9a1d4fd503
 - collectionId: DIRECTORS
 - instanceId: ch_2019-09-01_asquith_j
 - status: ASSERTED
[Diagnostic] Claim ID: 6b1ebab3-6264-4cac-afe3-1fe141136b5a
 - collectionId: DIRECTORS
 - instanceId: ch_2024-10-01_bickerstaffe_k
 - status: ASSERTED
[Diagnostic] Claim ID: 2c2394a9-ffec-416a-bc92-6aee24f06a48
 - collectionId: DIRECTORS
 - instanceId: ch_2025-07-21_boylan_s
 - status: ASSERTED
[Diagnostic] Claim ID: a6d97f11-36d2-4207-8430-794049f6d007
 - collectionId: DIRECTORS
 - instanceId: ch_2016-07-04_devine_j
 - status: ASSERTED
[Diagnostic] Claim ID: 99059cb1-6b39-45f3-ac7f-ac869ed6b2e1
 - collectionId: DIRECTORS
 - instanceId: ch_2021-09-01_grove_h
 - status: ASSERTED
[Diagnostic] Claim ID: 5b9a1c18-d15a-4716-b038-6df9dd589867
 - collectionId: DIRECTORS
 - instanceId: ch_2026-06-03_kitts_a
 - status: ASSERTED
[Diagnostic] Claim ID: 1e24e037-9242-444b-a6e3-7641951ded6f
 - collectionId: DIRECTORS
 - instanceId: ch_2018-11-01_flint_d
 - status: ASSERTED
[Diagnostic] Claim ID: 9470bbc6-a7d3-4ca4-9e72-920730c195ff
 - collectionId: DIRECTORS
 - instanceId: ch_2018-08-01_raffaeli_c
 - status: ASSERTED
[Diagnostic] Claim ID: f83c50e3-245a-4d4d-9615-0448b6dbd433
 - collectionId: DIRECTORS
 - instanceId: ch_2023-10-23_windsor_j
 - status: ASSERTED
[Diagnostic] Claim ID: 5ac656ef-e023-4c7e-9858-22dde85aef56
 - collectionId: DIRECTORS
 - instanceId: ch_2022-10-03_baddeley_j
 - status: ASSERTED
[Diagnostic] Claim ID: 90138780-ca5e-4aa6-8425-54e38ab95e76
 - collectionId: DIRECTORS
 - instanceId: ch_2014-10-31_gilmour_k
 - status: ASSERTED
[Diagnostic] Claim ID: b4ba707c-08f9-4d80-afb6-7a7a9b4bffd8
 - collectionId: DIRECTORS
 - instanceId: ch_2024-05-17_mckenna_p
 - status: ASSERTED
[Diagnostic] Claim ID: 40c2debf-b8c6-44c1-b348-9c4660386fa4
 - collectionId: DIRECTORS
 - instanceId: ch_2006-03-30_wood_m
 - status: ASSERTED
[Diagnostic] Claim ID: ca5c1679-4793-43f0-a6dd-005dc8030b79
 - collectionId: DIRECTORS
 - instanceId: ch_2017-08-14_afrosenborg_j
 - status: ASSERTED
[Diagnostic] Claim ID: bc14c195-c6e0-4577-b789-8ed2b94b24b6
 - collectionId: DIRECTORS
 - instanceId: ch_2006-03-30_atkinson_m
 - status: ASSERTED
[Diagnostic] Claim ID: 02c7bea2-2693-41fb-a5cf-ce8935e4528c
 - collectionId: DIRECTORS
 - instanceId: ch_2020-07-01_bird_s
 - status: ASSERTED
[Diagnostic] Claim ID: c538bee3-82c8-4264-b264-cc6876c20228
 - collectionId: DIRECTORS
 - instanceId: ch_2006-03-30_blackwell_n
 - status: ASSERTED
[Diagnostic] Claim ID: b421cf4d-a081-465b-9806-3eb8c4cde12f
 - collectionId: DIRECTORS
 - instanceId: ch_2022-01-04_bradley_c
 - status: ASSERTED
[Diagnostic] Claim ID: 764f2f59-83c7-4bca-83df-068bb316ad2e
 - collectionId: DIRECTORS
 - instanceId: ch_2019-06-01_bruce_s
 - status: ASSERTED
[Diagnostic] Claim ID: b173aaa7-8f23-48c9-9493-0a862a3665ff
 - collectionId: DIRECTORS
 - instanceId: ch_2008-01-01_buchan_c
 - status: ASSERTED
[Diagnostic] Claim ID: dd516088-7463-417a-98bd-c4fac7da3d5a
 - collectionId: DIRECTORS
 - instanceId: ch_2017-08-14_chakraverty_j
 - status: ASSERTED
[Diagnostic] Claim ID: 0c4d5619-06ef-41fa-b51a-5f5ebad10579
 - collectionId: DIRECTORS
 - instanceId: ch_2015-11-01_clark_c
 - status: ASSERTED
[Diagnostic] Claim ID: 286d7c9f-8d76-450c-b888-365f1de21cec
 - collectionId: DIRECTORS
 - instanceId: ch_2006-03-30_crombie_a
 - status: ASSERTED
[Diagnostic] Claim ID: 2203e543-e07e-411c-aa2f-0672d908bef5
 - collectionId: DIRECTORS
 - instanceId: ch_2011-10-20_danon_p
 - status: ASSERTED
[Diagnostic] Claim ID: b8f59727-508a-410c-bb0b-d39777ca7c12
 - collectionId: DIRECTORS
 - instanceId: ch_2018-11-01_flint_d
 - status: ASSERTED
[Diagnostic] Claim ID: 6ea10701-12a0-4de6-bcf8-4cf73eb678e3
 - collectionId: DIRECTORS
 - instanceId: ch_2017-08-14_fusenig_g
 - status: ASSERTED
[Diagnostic] Claim ID: 07e52123-969b-468c-8fab-6df3c18928d0
 - collectionId: DIRECTORS
 - instanceId: ch_2015-11-01_gee_m
 - status: ASSERTED
[Diagnostic] Claim ID: 21b1dd33-80b3-4b18-85e4-8f8c792683a9
 - collectionId: DIRECTORS
 - instanceId: ch_2017-08-14_gilbert_m
 - status: ASSERTED
[Diagnostic] Claim ID: 8d8c39db-7833-4b6a-a1a6-f76b79396ea2
 - collectionId: DIRECTORS
 - instanceId: ch_unknown_gillies_c
 - status: ASSERTED
[Diagnostic] Claim ID: 5770bba5-8e85-4665-8256-1dc0116b7780
 - collectionId: DIRECTORS
 - instanceId: ch_2009-11-01_grigson_d
 - status: ASSERTED
[Diagnostic] Claim ID: 956a0d03-ec15-4871-ba67-7f96c6d08dc1
 - collectionId: DIRECTORS
 - instanceId: ch_2006-03-30_grimstone_g
 - status: ASSERTED
[Diagnostic] Claim ID: c1499416-4b6c-44b8-9bc8-38d221e4f184
 - collectionId: DIRECTORS
 - instanceId: ch_2012-07-20_harwerth_e
 - status: ASSERTED
[Diagnostic] Claim ID: 49004588-7513-407e-817a-807a3db35bc9
 - collectionId: DIRECTORS
 - instanceId: ch_2024-08-12_jones_i
 - status: ASSERTED
[Diagnostic] Claim ID: af42932d-25bb-49a8-bcf0-8545bee97ef8
 - collectionId: DIRECTORS
 - instanceId: ch_2024-10-01_ahuja_v
 - status: ASSERTED
[Diagnostic] Claim ID: aa8c721e-1d0c-461d-915b-152cb5adc1d9
 - collectionId: DIRECTORS
 - instanceId: ch_2019-09-01_asquith_j
 - status: ASSERTED
[Diagnostic] Claim ID: c97cd824-80d5-4202-b129-3c7bb1f0c6f5
 - collectionId: DIRECTORS
 - instanceId: ch_2024-10-01_bickerstaffe_k
 - status: ASSERTED
[Diagnostic] Claim ID: 78fafc42-b163-4f54-94d9-53992ac0f535
 - collectionId: DIRECTORS
 - instanceId: ch_2025-07-21_boylan_s
 - status: ASSERTED
[Diagnostic] Claim ID: 862c2d19-a21e-416e-b9ad-d45e3eff3d46
 - collectionId: DIRECTORS
 - instanceId: ch_2016-07-04_devine_j
 - status: ASSERTED
[Diagnostic] Claim ID: c6d15daf-7ebe-45b4-8cf3-6430c76b8704
 - collectionId: DIRECTORS
 - instanceId: ch_2021-09-01_grove_h
 - status: ASSERTED
[Diagnostic] Claim ID: 7355872c-e2dc-439a-b181-491850f4feef
 - collectionId: DIRECTORS
 - instanceId: ch_2026-06-03_kitts_a
 - status: ASSERTED
[Diagnostic] Claim ID: fa12e87f-cb38-426b-b790-276a054fe684
 - collectionId: DIRECTORS
 - instanceId: ch_2026-06-03_lacaille_r
 - status: ASSERTED
[Diagnostic] Claim ID: 694866ab-d931-4e71-88cb-9a2d3ec8cf96
 - collectionId: DIRECTORS
 - instanceId: ch_2018-08-01_raffaeli_c
 - status: ASSERTED
[Diagnostic] Claim ID: 7d2223bb-2670-4211-95f0-48fd0ab782a5
 - collectionId: DIRECTORS
 - instanceId: ch_2023-10-23_windsor_j
 - status: ASSERTED
[Diagnostic] Claim ID: ef147d00-2da5-4851-b2e1-d83d5e1334e8
 - collectionId: DIRECTORS
 - instanceId: ch_2022-10-03_baddeley_j
 - status: ASSERTED
[Diagnostic] Claim ID: af9294b6-1702-4770-b8d4-8082287094ca
 - collectionId: DIRECTORS
 - instanceId: ch_2014-10-31_gilmour_k
 - status: ASSERTED
[Diagnostic] Claim ID: 097e7088-9d1b-4e4c-bf08-1fefa9f40937
 - collectionId: DIRECTORS
 - instanceId: ch_2024-05-17_mckenna_p
 - status: ASSERTED
[Diagnostic] Claim ID: c295eff1-238f-4828-8821-96c16e513415
 - collectionId: DIRECTORS
 - instanceId: ch_2006-03-30_wood_m
 - status: ASSERTED
[Diagnostic] Claim ID: 790c67ed-9e8e-4e07-9295-209b6bd5e9b1
 - collectionId: DIRECTORS
 - instanceId: ch_2017-08-14_afrosenborg_j
 - status: ASSERTED
[Diagnostic] Claim ID: 26b616c3-d1ed-4081-8423-3bebe28a7a5d
 - collectionId: DIRECTORS
 - instanceId: ch_2006-03-30_atkinson_m
 - status: ASSERTED
[Diagnostic] Claim ID: 27601d18-1d84-48f3-9154-84e9758b319a
 - collectionId: DIRECTORS
 - instanceId: ch_2020-07-01_bird_s
 - status: ASSERTED
[Diagnostic] Claim ID: 74241c07-081c-4121-a448-621a602a9054
 - collectionId: DIRECTORS
 - instanceId: ch_2006-03-30_blackwell_n
 - status: ASSERTED
[Diagnostic] Claim ID: 2ea34c38-a67b-4b7d-a75f-92ed0d74f496
 - collectionId: DIRECTORS
 - instanceId: ch_2022-01-04_bradley_c
 - status: ASSERTED
[Diagnostic] Claim ID: b95898dc-5100-43a9-b0dd-cd2240010a1c
 - collectionId: DIRECTORS
 - instanceId: ch_2019-06-01_bruce_s
 - status: ASSERTED
[Diagnostic] Claim ID: a5689dfc-a18c-4533-a0aa-dedd9007ca40
 - collectionId: DIRECTORS
 - instanceId: ch_2008-01-01_buchan_c
 - status: ASSERTED
[Diagnostic] Claim ID: 310c9b22-5fc4-47a7-b7c0-54c8aa05910e
 - collectionId: DIRECTORS
 - instanceId: ch_2017-08-14_chakraverty_j
 - status: ASSERTED
[Diagnostic] Claim ID: 25c98b09-849f-4cf1-9c1e-50ff361057cf
 - collectionId: DIRECTORS
 - instanceId: ch_2015-11-01_clark_c
 - status: ASSERTED
[Diagnostic] Claim ID: fed82e0f-83a0-4977-bfaa-1148587b2b30
 - collectionId: DIRECTORS
 - instanceId: ch_2006-03-30_crombie_a
 - status: ASSERTED
[Diagnostic] Claim ID: ad53dd20-d18a-4037-ac53-ccd9482976e0
 - collectionId: DIRECTORS
 - instanceId: ch_2011-10-20_danon_p
 - status: ASSERTED
[Diagnostic] Claim ID: 807af87c-1fa1-4ef7-b645-cdb86446b065
 - collectionId: DIRECTORS
 - instanceId: ch_2018-11-01_flint_d
 - status: ASSERTED
[Diagnostic] Claim ID: aa6dd59f-e1e5-47f4-b838-c56b01790eee
 - collectionId: DIRECTORS
 - instanceId: ch_2017-08-14_fusenig_g
 - status: ASSERTED
[Diagnostic] Claim ID: e10f9520-d4e5-46ff-a01f-f04130278de0
 - collectionId: DIRECTORS
 - instanceId: ch_2023-10-05_smith_j
 - status: ASSERTED
[Diagnostic] Claim ID: 6f1b51fd-5210-403c-ae6f-05be0044bb54
 - collectionId: DIRECTORS
 - instanceId: ch_2015-11-01_gee_m
 - status: ASSERTED
[Diagnostic] Claim ID: b1165f6c-1518-472a-a22b-3387f6538637
 - collectionId: DIRECTORS
 - instanceId: ch_2017-08-14_gilbert_m
 - status: ASSERTED
[Diagnostic] Claim ID: 6280e132-744e-4b70-a036-94a690232261
 - collectionId: DIRECTORS
 - instanceId: ch_unknown_gillies_c
 - status: ASSERTED
[Diagnostic] Claim ID: 33e2f68f-91e7-4833-9b75-6835a92d81f2
 - collectionId: DIRECTORS
 - instanceId: ch_2009-11-01_grigson_d
 - status: ASSERTED
[Diagnostic] Claim ID: bd34258c-9462-4e5e-ad39-0dfc8a472efd
 - collectionId: DIRECTORS
 - instanceId: ch_2006-03-30_grimstone_g
 - status: ASSERTED
[Diagnostic] Claim ID: 35a933f5-328c-404f-9be3-063606706e31
 - collectionId: DIRECTORS
 - instanceId: ch_2012-07-20_harwerth_e
 - status: ASSERTED
[Diagnostic] Claim ID: 5a7e5244-c822-4206-adc2-8a9667e0f25e
 - collectionId: DIRECTORS
 - instanceId: ch_2017-08-14_afrosenborg_j
 - status: ASSERTED
[Diagnostic] Claim ID: ae70bd9b-c616-45b1-9e2b-08151d9c0ed2
 - collectionId: DIRECTORS
 - instanceId: ch_2024-08-12_jones_i
 - status: ASSERTED
[Diagnostic] Claim ID: c96d8edd-90ad-41da-bf99-8ed14b4492b5
 - collectionId: DIRECTORS
 - instanceId: ch_2024-10-01_ahuja_v
 - status: ASSERTED
[Diagnostic] Claim ID: 243ba1e0-3ed5-4704-8117-b372208a3371
 - collectionId: DIRECTORS
 - instanceId: ch_2019-09-01_asquith_j
 - status: ASSERTED
[Diagnostic] Claim ID: 8b6ff477-4076-4258-b9ea-a5118758ab67
 - collectionId: DIRECTORS
 - instanceId: ch_2024-10-01_bickerstaffe_k
 - status: ASSERTED
[Diagnostic] Claim ID: 5f01b737-2437-4ed4-b408-963c9abbb822
 - collectionId: DIRECTORS
 - instanceId: ch_2025-07-21_boylan_s
 - status: ASSERTED
[Diagnostic] Claim ID: 808425f8-799c-48ab-bb1c-77354f571c6f
 - collectionId: DIRECTORS
 - instanceId: ch_2016-07-04_devine_j
 - status: ASSERTED
[Diagnostic] Claim ID: b2e5b9e3-3e35-4250-a51a-8bd5ac2f6a77
 - collectionId: DIRECTORS
 - instanceId: ch_2021-09-01_grove_h
 - status: ASSERTED
[Diagnostic] Claim ID: 2a5845a3-b201-413a-aa1a-71e958c4b3d3
 - collectionId: DIRECTORS
 - instanceId: ch_2026-06-03_kitts_a
 - status: ASSERTED
[Diagnostic] Claim ID: 8fcc3ad3-32b7-4757-8bac-76095fadb92c
 - collectionId: DIRECTORS
 - instanceId: ch_2026-06-03_lacaille_r
 - status: ASSERTED
[Diagnostic] Claim ID: 818767d4-9fe6-40c4-8ee0-b48e6dcb21a3
 - collectionId: DIRECTORS
 - instanceId: ch_2018-08-01_raffaeli_c
 - status: ASSERTED
[Diagnostic] Claim ID: 5021b905-7a43-4e11-9a0f-63bbd0297fad
 - collectionId: DIRECTORS
 - instanceId: ch_2023-10-23_windsor_j
 - status: ASSERTED
[Diagnostic] Claim ID: 4aaba2ee-d808-4c2e-81a7-3f45d19a8b7d
 - collectionId: DIRECTORS
 - instanceId: ch_2022-10-03_baddeley_j
 - status: ASSERTED
[Diagnostic] Claim ID: 0f4ce4b4-da51-401a-b294-3d8717a3fb46
 - collectionId: DIRECTORS
 - instanceId: ch_2014-10-31_gilmour_k
 - status: ASSERTED
[Diagnostic] Claim ID: ca93b722-28c9-44ab-9643-5f970d0fa469
 - collectionId: DIRECTORS
 - instanceId: ch_2024-05-17_mckenna_p
 - status: ASSERTED
[Diagnostic] Claim ID: 752c460c-83c4-4c1c-8e33-62dc2877d47e
 - collectionId: DIRECTORS
 - instanceId: ch_2006-03-30_wood_m
 - status: ASSERTED
[Diagnostic] Claim ID: c6e342da-e26d-41b4-b4e2-60cf22ce1290
 - collectionId: DIRECTORS
 - instanceId: ch_2006-03-30_atkinson_m
 - status: ASSERTED
[Diagnostic] Claim ID: 10b83f4e-17a3-4077-9631-cd773b0b5a1b
 - collectionId: DIRECTORS
 - instanceId: ch_2020-07-01_bird_s
 - status: ASSERTED
[Diagnostic] Claim ID: afbab198-79cd-44fb-894c-a4e29124d011
 - collectionId: DIRECTORS
 - instanceId: ch_2006-03-30_blackwell_n
 - status: ASSERTED
[Diagnostic] Claim ID: 0a4d5bff-ebd2-4b62-a6da-5cc697ce88fe
 - collectionId: DIRECTORS
 - instanceId: ch_2022-01-04_bradley_c
 - status: ASSERTED
[Diagnostic] Claim ID: ae837398-f6bd-4d4c-b3ef-070ccea37ef3
 - collectionId: DIRECTORS
 - instanceId: ch_2019-06-01_bruce_s
 - status: ASSERTED
[Diagnostic] Claim ID: d166bd4c-2591-4dc2-9346-51406f8c29fa
 - collectionId: DIRECTORS
 - instanceId: ch_2008-01-01_buchan_c
 - status: ASSERTED
[Diagnostic] Claim ID: 927dcafd-9812-4de5-8633-3705b0fe6321
 - collectionId: DIRECTORS
 - instanceId: ch_2017-08-14_chakraverty_j
 - status: ASSERTED
[Diagnostic] Claim ID: 3802504e-9cc8-4bcf-a7fa-3e5a658786d9
 - collectionId: DIRECTORS
 - instanceId: ch_2015-11-01_clark_c
 - status: ASSERTED
[Diagnostic] Claim ID: 32647d66-d83b-462b-82ca-46e023592c4b
 - collectionId: DIRECTORS
 - instanceId: ch_2006-03-30_crombie_a
 - status: ASSERTED
[Diagnostic] Claim ID: 08e34edb-ce91-40ca-bfe7-d0d1ed24dba8
 - collectionId: DIRECTORS
 - instanceId: ch_2011-10-20_danon_p
 - status: ASSERTED
[Diagnostic] Claim ID: ca311598-63ac-462a-8fef-8159beaf026b
 - collectionId: DIRECTORS
 - instanceId: ch_2018-11-01_flint_d
 - status: ASSERTED
[Diagnostic] Claim ID: 211e812e-6922-4634-98c9-95998e8e178a
 - collectionId: DIRECTORS
 - instanceId: ch_2017-08-14_fusenig_g
 - status: ASSERTED
[Diagnostic] Claim ID: 5f6a7ec6-bea1-4c7e-9089-44c8c525c96d
 - collectionId: DIRECTORS
 - instanceId: ch_2015-11-01_gee_m
 - status: ASSERTED
[Diagnostic] Claim ID: 9ef27dbf-e5a2-413e-a25e-5ab4ca4c5ee3
 - collectionId: DIRECTORS
 - instanceId: ch_2017-08-14_gilbert_m
 - status: ASSERTED
[Diagnostic] Claim ID: 6d81cd9e-d736-4194-a796-10e3528dd8aa
 - collectionId: DIRECTORS
 - instanceId: ch_unknown_gillies_c
 - status: ASSERTED
[Diagnostic] Claim ID: ba051336-0321-469e-bc66-7c67a6999496
 - collectionId: DIRECTORS
 - instanceId: ch_2009-11-01_grigson_d
 - status: ASSERTED
[Diagnostic] Claim ID: ec0e65cd-148f-4977-9823-ac59968be10d
 - collectionId: DIRECTORS
 - instanceId: ch_2006-03-30_grimstone_g
 - status: ASSERTED
[Diagnostic] Claim ID: 7d28c223-3656-45ae-bb11-d48cceda63c1
 - collectionId: DIRECTORS
 - instanceId: ch_2012-07-20_harwerth_e
 - status: ASSERTED
[Diagnostic] Claim ID: 3c5a7714-aa3e-4a86-a194-669347344362
 - collectionId: DIRECTORS
 - instanceId: poc_2019-09-01_asquith_j
 - status: ASSERTED
[Diagnostic] Claim ID: 78621532-61c8-475a-8150-4df6e6806915
 - collectionId: DIRECTORS
 - instanceId: ch_2017-08-14_fusenig_g
 - status: ASSERTED
[Diagnostic] Claim ID: 04b4c755-1fbe-4788-9e23-065a639792e0
 - collectionId: DIRECTORS
 - instanceId: ch_2015-11-01_gee_m
 - status: ASSERTED
[Diagnostic] Claim ID: 338b9fcb-7c40-43f5-989e-baade0f839eb
 - collectionId: DIRECTORS
 - instanceId: ch_2017-08-14_gilbert_m
 - status: ASSERTED
[Diagnostic] Claim ID: f76b7d54-3b10-4ca0-be4e-9c0c7c7455d2
 - collectionId: DIRECTORS
 - instanceId: poc_2024-10-01_bickerstaffe_k
 - status: ASSERTED
[Diagnostic] Claim ID: b2d60d41-5d1c-4ada-ba4e-2040164b3cca
 - collectionId: DIRECTORS
 - instanceId: poc_2025-07-21_boylan_s
 - status: ASSERTED
[Diagnostic] Claim ID: 8de1b2dd-6530-4c68-a932-5ec67ba3c075
 - collectionId: DIRECTORS
 - instanceId: poc_2016-07-04_devine_j
 - status: ASSERTED
[Diagnostic] Claim ID: ac1ec76d-c937-41f3-a42d-2baff72306e1
 - collectionId: DIRECTORS
 - instanceId: poc_2021-09-01_grove_h
 - status: ASSERTED
[Diagnostic] Claim ID: 562b314a-fe48-4249-8172-e0edfe43ee11
 - collectionId: DIRECTORS
 - instanceId: poc_2026-06-03_kitts_a
 - status: ASSERTED
[Diagnostic] Claim ID: 79c26415-326f-4f1d-bed7-c0ba1d6b9192
 - collectionId: DIRECTORS
 - instanceId: poc_2026-06-03_lacaille_r
 - status: ASSERTED
[Diagnostic] Claim ID: baba2f3d-2599-428b-bdc1-8e8db21914ef
 - collectionId: DIRECTORS
 - instanceId: ch_2006-03-30_grimstone_g
 - status: ASSERTED
[Diagnostic] Claim ID: 30ea18be-db0c-468a-8f7c-549c662a1efd
 - collectionId: DIRECTORS
 - instanceId: ch_2012-07-20_harwerth_e
 - status: ASSERTED
[Diagnostic] Claim ID: 8322864e-b00e-4fe5-83c8-d79aa7a67c08
 - collectionId: DIRECTORS
 - instanceId: ch_2014-10-15_hudson_i
 - status: ASSERTED
[Diagnostic] Claim ID: e6333c76-eef1-4381-800e-3533d4dac3db
 - collectionId: DIRECTORS
 - instanceId: ch_2010-05-14_hunt_j
 - status: ASSERTED
[Diagnostic] Claim ID: 8181b291-c085-4ff1-8e43-530f766f42b7
 - collectionId: DIRECTORS
 - instanceId: ch_unknown_gillies_c
 - status: ASSERTED
[Diagnostic] Claim ID: 095f84bb-8fba-4661-98b8-99a79d8d9bcd
 - collectionId: DIRECTORS
 - instanceId: ch_2009-11-01_grigson_d
 - status: ASSERTED
[Diagnostic] Claim ID: db6448ba-beab-4d5f-9c6b-dfcb56f96355
 - collectionId: DIRECTORS
 - instanceId: ch_2024-08-12_jones_i
 - status: ASSERTED
[Diagnostic] Claim ID: a4171446-7141-40af-9710-a9a76330711d
 - collectionId: DIRECTORS
 - instanceId: poc_2018-08-01_raffaeli_c
 - status: ASSERTED
[Diagnostic] Claim ID: f1c40a10-a5bc-4ccd-b83a-c6349013f1a3
 - collectionId: DIRECTORS
 - instanceId: poc_2023-10-23_windsor_j
 - status: ASSERTED
[Diagnostic] Claim ID: 3c4fe9ba-2d23-462b-bd82-19d46c9e4eec
 - collectionId: DIRECTORS
 - instanceId: ch_2024-08-12_jones_i
 - status: ASSERTED
[Diagnostic] Claim ID: 526d21eb-c0f0-427c-843e-9bd6e82d4ffd
 - collectionId: DIRECTORS
 - instanceId: ch_2024-10-01_ahuja_v
 - status: ASSERTED
[Diagnostic] Claim ID: 7a5fc9f2-38c5-45ad-8e8b-bbe1cf85538b
 - collectionId: DIRECTORS
 - instanceId: ch_2019-09-01_asquith_j
 - status: ASSERTED
[Diagnostic] Claim ID: 118810b4-8e68-4aa2-91e1-1378068e54ad
 - collectionId: DIRECTORS
 - instanceId: ch_2024-10-01_bickerstaffe_k
 - status: ASSERTED
[Diagnostic] Claim ID: a4dd48cf-3648-4c16-9ea2-bc083fd697b1
 - collectionId: DIRECTORS
 - instanceId: ch_2025-07-21_boylan_s
 - status: ASSERTED
[Diagnostic] Claim ID: 162b68fa-9c01-4696-a08a-8ee929d9815e
 - collectionId: DIRECTORS
 - instanceId: ch_2016-07-04_devine_j
 - status: ASSERTED
[Diagnostic] Claim ID: 64bbf988-7883-449a-87d1-c7b94eebb999
 - collectionId: DIRECTORS
 - instanceId: ch_2021-09-01_grove_h
 - status: ASSERTED
[Diagnostic] Claim ID: a6d36484-9fd5-4daf-87f0-af6108b950a3
 - collectionId: DIRECTORS
 - instanceId: ch_2018-08-01_raffaeli_c
 - status: ASSERTED
[Diagnostic] Claim ID: 3f542a96-520f-43ff-81a4-4030bcc62a14
 - collectionId: DIRECTORS
 - instanceId: ch_2023-10-23_windsor_j
 - status: ASSERTED
[Diagnostic] Claim ID: 67b900bf-bb3a-4190-9a26-5038671bf382
 - collectionId: DIRECTORS
 - instanceId: ch_2022-10-03_baddeley_j
 - status: ASSERTED
[Diagnostic] Claim ID: 337923f1-a5cc-4280-b11b-ff09a916415a
 - collectionId: DIRECTORS
 - instanceId: ch_2014-10-31_gilmour_k
 - status: ASSERTED
[Diagnostic] Claim ID: 87ec6d6e-506e-4a56-8aa7-c6efa806b9fe
 - collectionId: DIRECTORS
 - instanceId: ch_2024-05-17_mckenna_p
 - status: ASSERTED
[Diagnostic] Claim ID: 9614ecc0-d241-405e-a5e0-3a3ae1ccced7
 - collectionId: DIRECTORS
 - instanceId: ch_2006-03-30_wood_m
 - status: ASSERTED
[Diagnostic] Claim ID: 9e7559e6-c792-48a4-b829-7851d2c90305
 - collectionId: DIRECTORS
 - instanceId: ch_2005-06-30_dwcompanyserviceslimited__
 - status: ASSERTED
[Diagnostic] Claim ID: 2df2a4da-b31b-425e-952c-fbaccc056e85
 - collectionId: DIRECTORS
 - instanceId: ch_2017-08-14_afrosenborg_j
 - status: ASSERTED
[Diagnostic] Claim ID: fb51a94d-811f-46c8-9fb8-dfc29d34b060
 - collectionId: DIRECTORS
 - instanceId: ch_2006-03-30_atkinson_m
 - status: ASSERTED
[Diagnostic] Claim ID: 2994281c-970f-4384-8d89-1dbf441001e6
 - collectionId: DIRECTORS
 - instanceId: ch_2020-07-01_bird_s
 - status: ASSERTED
[Diagnostic] Claim ID: 6c26dc31-907a-4dba-ab1a-bf6cacb40105
 - collectionId: DIRECTORS
 - instanceId: ch_2006-03-30_blackwell_n
 - status: ASSERTED
[Diagnostic] Claim ID: 233d2cba-5a64-4095-bd04-862ac54ea5b8
 - collectionId: DIRECTORS
 - instanceId: ch_2022-01-04_bradley_c
 - status: ASSERTED
[Diagnostic] Claim ID: 5056e746-8566-4664-8664-281dd361e2af
 - collectionId: DIRECTORS
 - instanceId: ch_2019-06-01_bruce_s
 - status: ASSERTED
[Diagnostic] Claim ID: 38881cf5-6b2e-42bc-8e2d-ed20b3c10086
 - collectionId: DIRECTORS
 - instanceId: ch_2008-01-01_buchan_c
 - status: ASSERTED
[Diagnostic] Claim ID: d6d183d8-f53d-4877-91e4-0694fdc351ee
 - collectionId: DIRECTORS
 - instanceId: ch_2017-08-14_chakraverty_j
 - status: ASSERTED
[Diagnostic] Claim ID: e3734991-870b-4e35-8ca7-22edc4a8208e
 - collectionId: DIRECTORS
 - instanceId: ch_2015-11-01_clark_c
 - status: ASSERTED
[Diagnostic] Claim ID: 99f443a8-7cc7-47c8-ac6f-1968cb33918f
 - collectionId: DIRECTORS
 - instanceId: ch_2006-03-30_crombie_a
 - status: ASSERTED
[Diagnostic] Claim ID: 12f47a83-826b-42fa-a1ae-329727c48240
 - collectionId: DIRECTORS
 - instanceId: ch_2011-10-20_danon_p
 - status: ASSERTED
[Diagnostic] Claim ID: 5e2158b8-d3a1-4f5f-a6d2-b3f3435a5dea
 - collectionId: DIRECTORS
 - instanceId: ch_2019-09-01_asquith_j
 - status: ASSERTED
[Diagnostic] Claim ID: d59f7ca4-a1a5-4f23-a549-bfb2749b73ef
 - collectionId: DIRECTORS
 - instanceId: ch_2024-10-01_bickerstaffe_k
 - status: ASSERTED
[Diagnostic] Claim ID: dcf696d7-9d64-48b6-9c08-7b50796463c9
 - collectionId: DIRECTORS
 - instanceId: ch_2025-07-21_boylan_s
 - status: ASSERTED
[Diagnostic] Claim ID: 50733597-73ca-4e98-85bf-4cd1d7e96af2
 - collectionId: DIRECTORS
 - instanceId: ch_2016-07-04_devine_j
 - status: ASSERTED
[Diagnostic] Claim ID: 1b6bcf68-0407-4ba1-ac39-f402a5d2f7a2
 - collectionId: DIRECTORS
 - instanceId: ch_2021-09-01_grove_h
 - status: ASSERTED
[Diagnostic] Claim ID: a9d7eb9e-1877-4364-879e-17737e628045
 - collectionId: DIRECTORS
 - instanceId: ch_2018-08-01_raffaeli_c
 - status: ASSERTED
[Diagnostic] Claim ID: 80bcdabd-5c7d-4239-963d-2ab6a4bb348a
 - collectionId: DIRECTORS
 - instanceId: ch_2023-10-23_windsor_j
 - status: ASSERTED
[Diagnostic] Claim ID: 1e0d3d30-2ef7-4fd4-8200-1c7221e2b0a7
 - collectionId: DIRECTORS
 - instanceId: ch_2022-10-03_baddeley_j
 - status: ASSERTED
[Diagnostic] Claim ID: 524e11f3-584c-4309-b9d0-2fba751096d6
 - collectionId: DIRECTORS
 - instanceId: ch_2014-10-31_gilmour_k
 - status: ASSERTED
[Diagnostic] Claim ID: b46b9dce-9ef4-4079-96f7-b974ee4a724b
 - collectionId: DIRECTORS
 - instanceId: ch_2024-05-17_mckenna_p
 - status: ASSERTED
[Diagnostic] Claim ID: 4665b093-13d9-4bc4-aec2-8614ba1d4a17
 - collectionId: DIRECTORS
 - instanceId: ch_2006-03-30_wood_m
 - status: ASSERTED
[Diagnostic] Claim ID: aa03cf34-9a9f-48ee-9cc8-c0e80f16816e
 - collectionId: DIRECTORS
 - instanceId: ch_2005-06-30_dwcompanyserviceslimited__
 - status: ASSERTED
[Diagnostic] Claim ID: fae9f04f-5cc0-45af-b8f2-a0c6ff21c54f
 - collectionId: DIRECTORS
 - instanceId: ch_2017-08-14_afrosenborg_j
 - status: ASSERTED
[Diagnostic] Claim ID: b5d34149-f7ff-44ef-bf63-05f48282857f
 - collectionId: DIRECTORS
 - instanceId: ch_2006-03-30_atkinson_m
 - status: ASSERTED
[Diagnostic] Claim ID: 7052f2e2-8088-468f-b177-6281ec5164b3
 - collectionId: DIRECTORS
 - instanceId: ch_2020-07-01_bird_s
 - status: ASSERTED
[Diagnostic] Claim ID: 6eab6783-88b7-4e29-a0a1-60e65e4373b3
 - collectionId: DIRECTORS
 - instanceId: ch_2006-03-30_blackwell_n
 - status: ASSERTED
[Diagnostic] Claim ID: 15b07ce5-0258-4a3a-bf85-0d399be391a0
 - collectionId: DIRECTORS
 - instanceId: ch_2022-01-04_bradley_c
 - status: ASSERTED
[Diagnostic] Claim ID: b93ffd34-0165-447c-b451-c598409e8639
 - collectionId: DIRECTORS
 - instanceId: ch_2019-06-01_bruce_s
 - status: ASSERTED
[Diagnostic] Claim ID: b54be7dc-61f6-4958-9d2a-c9f2a98ae8b4
 - collectionId: DIRECTORS
 - instanceId: ch_2008-01-01_buchan_c
 - status: ASSERTED
[Diagnostic] Claim ID: 97cc5805-f485-4533-8c33-2d68ac0069e1
 - collectionId: DIRECTORS
 - instanceId: ch_2017-08-14_chakraverty_j
 - status: ASSERTED
[Diagnostic] Claim ID: d52658b8-4956-4758-871d-0101435c5dae
 - collectionId: DIRECTORS
 - instanceId: ch_2015-11-01_clark_c
 - status: ASSERTED
[Diagnostic] Claim ID: 2a826598-d4a3-4d30-be9e-d735f723888d
 - collectionId: DIRECTORS
 - instanceId: ch_2006-03-30_crombie_a
 - status: ASSERTED
[Diagnostic] Claim ID: 8bb5addc-d88a-41ca-bcd2-f08e88c3ced9
 - collectionId: DIRECTORS
 - instanceId: ch_2011-10-20_danon_p
 - status: ASSERTED
[Diagnostic] Claim ID: 837211bb-48a0-4302-a715-51174d242183
 - collectionId: DIRECTORS
 - instanceId: ch_2018-11-01_flint_d
 - status: ASSERTED
[Diagnostic] Claim ID: e2fcce63-1b00-4282-9207-11d9efe2daf8
 - collectionId: DIRECTORS
 - instanceId: ch_2017-08-14_fusenig_g
 - status: ASSERTED
[Diagnostic] Claim ID: be094fd9-bae6-41a0-b931-c47a21a082f7
 - collectionId: DIRECTORS
 - instanceId: ch_2015-11-01_gee_m
 - status: ASSERTED
[Diagnostic] Claim ID: 67073b32-6b33-4ef9-bb83-90d141dc4bc9
 - collectionId: DIRECTORS
 - instanceId: ch_2017-08-14_gilbert_m
 - status: ASSERTED
[Diagnostic] Claim ID: 072a6065-6d10-4939-9ba6-b33fde93d049
 - collectionId: DIRECTORS
 - instanceId: ch_unknown_gillies_c
 - status: ASSERTED
[Diagnostic] Claim ID: c8257150-15d4-439b-a3ec-92fedceca42b
 - collectionId: DIRECTORS
 - instanceId: ch_2009-11-01_grigson_d
 - status: ASSERTED
[Diagnostic] Claim ID: 7b0cfd95-904a-4026-a296-9e7b5f40a0a9
 - collectionId: DIRECTORS
 - instanceId: ch_2006-03-30_grimstone_g
 - status: ASSERTED
[Diagnostic] Claim ID: 4ed2dcb5-29aa-4826-9ef0-5a190e1b638c
 - collectionId: DIRECTORS
 - instanceId: ch_2012-07-20_harwerth_e
 - status: ASSERTED
[Diagnostic] Claim ID: e6f0cdf1-2d81-4e3c-a9f7-818c7fd50168
 - collectionId: DIRECTORS
 - instanceId: ch_2014-10-15_hudson_i
 - status: ASSERTED
[Diagnostic] Claim ID: 5b4ce0fa-af2a-49cf-9039-d2f0a9b8b5c7
 - collectionId: DIRECTORS
 - instanceId: ch_2010-05-14_hunt_j
 - status: ASSERTED
[Diagnostic] Claim ID: a592ca2e-0726-4a04-98c1-67f0e48d1d82
 - collectionId: DIRECTORS
 - instanceId: ch_2024-08-12_jones_i
 - status: ASSERTED
[Diagnostic] Claim ID: 488263b0-039d-46f6-8ed6-66baebd2c2a6
 - collectionId: DIRECTORS
 - instanceId: ch_2024-10-01_ahuja_v
 - status: ASSERTED
[Diagnostic] Claim ID: 05439ac2-4620-4418-b8f5-0a1784fc736e
 - collectionId: DIRECTORS
 - instanceId: ch_2019-09-01_asquith_j
 - status: ASSERTED
[Diagnostic] Claim ID: 1c4e3d2b-dd0b-419d-85f2-3ea80fa950db
 - collectionId: DIRECTORS
 - instanceId: ch_2024-10-01_bickerstaffe_k
 - status: ASSERTED
[Diagnostic] Claim ID: 096abc3b-62ef-4072-9869-ff3af3cf5e8a
 - collectionId: DIRECTORS
 - instanceId: ch_2025-07-21_boylan_s
 - status: ASSERTED
[Diagnostic] Claim ID: 671cadcc-dc13-46d3-aac6-142c1d22463e
 - collectionId: DIRECTORS
 - instanceId: ch_2016-07-04_devine_j
 - status: ASSERTED
[Diagnostic] Claim ID: 86046c45-101e-4004-ace8-0eea7c8714c3
 - collectionId: DIRECTORS
 - instanceId: ch_2021-09-01_grove_h
 - status: ASSERTED
[Diagnostic] Claim ID: 037668b8-5959-4bde-bb69-af8b48bba14e
 - collectionId: DIRECTORS
 - instanceId: ch_2018-08-01_raffaeli_c
 - status: ASSERTED
[Diagnostic] Claim ID: 04a4ed15-157d-468e-8d55-6fb93cf1ad4e
 - collectionId: DIRECTORS
 - instanceId: ch_2023-10-23_windsor_j
 - status: ASSERTED
[Diagnostic] Claim ID: df6e190f-ba07-4840-8c37-57260ecab185
 - collectionId: DIRECTORS
 - instanceId: ch_2022-10-03_baddeley_j
 - status: ASSERTED
[Diagnostic] Claim ID: 6afb15ba-85d0-4c19-beed-0a7ca6ad83d8
 - collectionId: DIRECTORS
 - instanceId: ch_2014-10-31_gilmour_k
 - status: ASSERTED
[Diagnostic] Claim ID: c38b923e-676b-4fa3-a206-aaca1fd5f845
 - collectionId: DIRECTORS
 - instanceId: ch_2024-05-17_mckenna_p
 - status: ASSERTED
[Diagnostic] Claim ID: dae43f56-a57c-496a-b959-6b2a699d37a5
 - collectionId: DIRECTORS
 - instanceId: ch_2006-03-30_wood_m
 - status: ASSERTED
[Diagnostic] Claim ID: 0bce1564-604e-4545-a7a3-266389145b23
 - collectionId: DIRECTORS
 - instanceId: ch_2005-06-30_dwcompanyserviceslimited__
 - status: ASSERTED
[Diagnostic] Claim ID: 41de06ca-8996-4c8b-88d5-36a735f02aba
 - collectionId: DIRECTORS
 - instanceId: ch_2017-08-14_afrosenborg_j
 - status: ASSERTED
[Diagnostic] Claim ID: 7b445836-4ad3-406e-a6ba-a8ceeaf0373a
 - collectionId: DIRECTORS
 - instanceId: ch_2006-03-30_atkinson_m
 - status: ASSERTED
[Diagnostic] Claim ID: a8b854d0-5985-44ae-8872-7549b4bd0554
 - collectionId: DIRECTORS
 - instanceId: ch_2020-07-01_bird_s
 - status: ASSERTED
[Diagnostic] Claim ID: 1c6cc2a5-17b1-40fc-8da9-664a72e1838e
 - collectionId: DIRECTORS
 - instanceId: ch_2006-03-30_blackwell_n
 - status: ASSERTED
[Diagnostic] Claim ID: 54f5d78f-7a45-4e23-bd27-bf06ad1df7eb
 - collectionId: DIRECTORS
 - instanceId: ch_2022-01-04_bradley_c
 - status: ASSERTED
[Diagnostic] Claim ID: 72f4e328-67de-4de0-a2c2-d321ec523235
 - collectionId: DIRECTORS
 - instanceId: ch_2019-06-01_bruce_s
 - status: ASSERTED
[Diagnostic] Claim ID: ef11247c-d56f-4ac0-8ee0-11a6630261df
 - collectionId: DIRECTORS
 - instanceId: ch_2008-01-01_buchan_c
 - status: ASSERTED
[Diagnostic] Claim ID: 724857d5-8ff5-45ea-8b7a-c5ccc7831044
 - collectionId: DIRECTORS
 - instanceId: ch_2017-08-14_chakraverty_j
 - status: ASSERTED
[Diagnostic] Claim ID: 6f6ca461-414c-4099-ba89-d7bb9b01dc62
 - collectionId: DIRECTORS
 - instanceId: ch_2015-11-01_clark_c
 - status: ASSERTED
[Diagnostic] Claim ID: b4bf7698-362b-483d-a4c2-6f1d7b499b9c
 - collectionId: DIRECTORS
 - instanceId: ch_2006-03-30_crombie_a
 - status: ASSERTED
[Diagnostic] Claim ID: 0fd3a749-a8af-4573-ab57-153a9d1a0d00
 - collectionId: DIRECTORS
 - instanceId: ch_2011-10-20_danon_p
 - status: ASSERTED
[Diagnostic] Claim ID: b9e21390-9291-4002-81f2-730a2d2a03b9
 - collectionId: DIRECTORS
 - instanceId: ch_2018-11-01_flint_d
 - status: ASSERTED
[Diagnostic] Claim ID: 0f85aeb5-280c-4757-9975-1a3394fc47c2
 - collectionId: DIRECTORS
 - instanceId: ch_2017-08-14_fusenig_g
 - status: ASSERTED
[Diagnostic] Claim ID: c0841396-3700-4565-a68b-3a60686fdd60
 - collectionId: DIRECTORS
 - instanceId: ch_2015-11-01_gee_m
 - status: ASSERTED
[Diagnostic] Claim ID: 227af60c-073d-4c28-8155-ec6f814a6c14
 - collectionId: DIRECTORS
 - instanceId: ch_2017-08-14_gilbert_m
 - status: ASSERTED
[Diagnostic] Claim ID: 8ad812e8-1565-45d1-b13b-c4af2a07256a
 - collectionId: DIRECTORS
 - instanceId: ch_unknown_gillies_c
 - status: ASSERTED
[Diagnostic] Claim ID: 50598820-aaae-4588-add2-a98b87b11222
 - collectionId: DIRECTORS
 - instanceId: ch_2009-11-01_grigson_d
 - status: ASSERTED
[Diagnostic] Claim ID: 86f4cdd9-485a-4454-af33-db287e2b6ed0
 - collectionId: DIRECTORS
 - instanceId: ch_2006-03-30_grimstone_g
 - status: ASSERTED
[Diagnostic] Claim ID: d8c7811a-354a-4ab7-b525-067db3031310
 - collectionId: DIRECTORS
 - instanceId: ch_2012-07-20_harwerth_e
 - status: ASSERTED
[Diagnostic] Claim ID: e13c3769-c720-4aec-865d-0209e56a4a83
 - collectionId: DIRECTORS
 - instanceId: ch_2014-10-15_hudson_i
 - status: ASSERTED
[Diagnostic] Claim ID: 7a6141b9-6c91-43e3-bc8a-a5515d5e5d02
 - collectionId: DIRECTORS
 - instanceId: ch_2010-05-14_hunt_j
 - status: ASSERTED
[Diagnostic] Claim ID: 1a88e23c-ce9b-467f-a304-c88ede5fc8cb
 - collectionId: DIRECTORS
 - instanceId: ch_2024-08-12_jones_i
 - status: ASSERTED
[Diagnostic] Claim ID: 27e29285-edd4-4cb0-93f1-088ec95d1538
 - collectionId: DIRECTORS
 - instanceId: ch_2024-10-01_ahuja_v
 - status: ASSERTED
[Diagnostic] Claim ID: ac720dfe-252c-4528-8afe-18f3c320c1a5
 - collectionId: DIRECTORS
 - instanceId: ch_2019-09-01_asquith_j
 - status: ASSERTED
[Diagnostic] Claim ID: 034310e8-7bd0-4f88-99cf-e88ae37b5d92
 - collectionId: DIRECTORS
 - instanceId: ch_2024-10-01_bickerstaffe_k
 - status: ASSERTED
[Diagnostic] Claim ID: 27340bb6-85d5-4043-a7db-1223ec658f45
 - collectionId: DIRECTORS
 - instanceId: ch_2025-07-21_boylan_s
 - status: ASSERTED
[Diagnostic] Claim ID: 77275b7a-ef09-4277-8f92-e5d88bd7ea2c
 - collectionId: DIRECTORS
 - instanceId: ch_2016-07-04_devine_j
 - status: ASSERTED
[Diagnostic] Claim ID: 48c5c634-81a0-4ce6-a13a-ddaf97907cfb
 - collectionId: DIRECTORS
 - instanceId: ch_2021-09-01_grove_h
 - status: ASSERTED
[Diagnostic] Claim ID: 58bbd4aa-c0f0-4610-9785-2f6fe4fd2d85
 - collectionId: DIRECTORS
 - instanceId: ch_2018-08-01_raffaeli_c
 - status: ASSERTED
[Diagnostic] Claim ID: 10c7c586-1216-4db2-bcb5-648ffa1f2fcc
 - collectionId: DIRECTORS
 - instanceId: ch_2023-10-23_windsor_j
 - status: ASSERTED
[Diagnostic] Claim ID: 841552e7-e58e-48d3-898d-eacc4ec7036c
 - collectionId: DIRECTORS
 - instanceId: ch_2022-10-03_baddeley_j
 - status: ASSERTED
[Diagnostic] Claim ID: 41ccb166-95f9-4cf4-a594-384602bc7367
 - collectionId: DIRECTORS
 - instanceId: ch_2014-10-31_gilmour_k
 - status: ASSERTED
[Diagnostic] Claim ID: e440bb1f-1244-4d98-80ba-5c23b8022f04
 - collectionId: DIRECTORS
 - instanceId: ch_2024-05-17_mckenna_p
 - status: ASSERTED
[Diagnostic] Claim ID: 7e943cea-9669-4ad2-b9b4-63608f04f69e
 - collectionId: DIRECTORS
 - instanceId: ch_2006-03-30_wood_m
 - status: ASSERTED
[Diagnostic] Claim ID: 3c953719-c96a-403e-8668-13c83dc71387
 - collectionId: DIRECTORS
 - instanceId: ch_2005-06-30_dwcompanyserviceslimited__
 - status: ASSERTED
[Diagnostic] Claim ID: 494f21f1-17e3-4c04-b547-5db25488e97f
 - collectionId: DIRECTORS
 - instanceId: ch_2017-08-14_afrosenborg_j
 - status: ASSERTED
[Diagnostic] Claim ID: 53fc46bf-37e1-41ac-ba72-1b5d17dc682e
 - collectionId: DIRECTORS
 - instanceId: ch_2006-03-30_atkinson_m
 - status: ASSERTED
[Diagnostic] Claim ID: f33f0b17-32d4-4901-b65e-0f7368da1961
 - collectionId: DIRECTORS
 - instanceId: ch_2020-07-01_bird_s
 - status: ASSERTED
[Diagnostic] Claim ID: 5e2b4a85-d0ab-40e1-b1c3-1a6139f2e0d6
 - collectionId: DIRECTORS
 - instanceId: ch_2006-03-30_blackwell_n
 - status: ASSERTED
[Diagnostic] Claim ID: 931ff21c-f46a-4d9d-b206-fc1aafd177f2
 - collectionId: DIRECTORS
 - instanceId: ch_2022-01-04_bradley_c
 - status: ASSERTED
[Diagnostic] Claim ID: a1a0a2ff-225f-49c0-859a-51d69dcea07b
 - collectionId: DIRECTORS
 - instanceId: ch_2019-06-01_bruce_s
 - status: ASSERTED
[Diagnostic] Claim ID: e388b9dd-fde8-4609-91e9-86c0643ef871
 - collectionId: DIRECTORS
 - instanceId: ch_2008-01-01_buchan_c
 - status: ASSERTED
[Diagnostic] Claim ID: 1f991602-39d0-40ea-bfd3-686bae3edc28
 - collectionId: DIRECTORS
 - instanceId: ch_2017-08-14_chakraverty_j
 - status: ASSERTED
[Diagnostic] Claim ID: 8bc0bc47-d9ca-42b0-8536-43e9f4e5d0e9
 - collectionId: DIRECTORS
 - instanceId: ch_2015-11-01_clark_c
 - status: ASSERTED
[Diagnostic] Claim ID: e713a697-67bc-483f-ab16-33859a19c760
 - collectionId: DIRECTORS
 - instanceId: ch_2006-03-30_crombie_a
 - status: ASSERTED
[Diagnostic] Claim ID: a624f706-2467-4fb4-ad56-76013fddfa9d
 - collectionId: DIRECTORS
 - instanceId: ch_2011-10-20_danon_p
 - status: ASSERTED
[Diagnostic] Claim ID: cece7b51-b64d-4fd5-b610-fb23024d89f3
 - collectionId: DIRECTORS
 - instanceId: ch_2018-11-01_flint_d
 - status: ASSERTED
[Diagnostic] Claim ID: 7f001102-a156-40fd-8d02-8a6994004bc8
 - collectionId: DIRECTORS
 - instanceId: ch_2017-08-14_fusenig_g
 - status: ASSERTED
[Diagnostic] Claim ID: f32d9387-b311-4a4d-a4e7-3b2f6b35fa03
 - collectionId: DIRECTORS
 - instanceId: ch_2015-11-01_gee_m
 - status: ASSERTED
[Diagnostic] Claim ID: 37ff2d12-2c78-413d-afd2-4e1b63919a18
 - collectionId: DIRECTORS
 - instanceId: ch_2017-08-14_gilbert_m
 - status: ASSERTED
[Diagnostic] Claim ID: 3a9878ac-7161-419e-bbd3-897f4064ed17
 - collectionId: DIRECTORS
 - instanceId: ch_unknown_gillies_c
 - status: ASSERTED
[Diagnostic] Claim ID: 52877dca-09ac-4f01-b98f-fbbb5f579fda
 - collectionId: DIRECTORS
 - instanceId: ch_2009-11-01_grigson_d
 - status: ASSERTED
[Diagnostic] Claim ID: 7b37fac6-bde7-407b-bffa-e202604a329c
 - collectionId: DIRECTORS
 - instanceId: ch_2006-03-30_grimstone_g
 - status: ASSERTED
[Diagnostic] Claim ID: 2232745b-85a9-4f97-ae73-b83306ff4639
 - collectionId: DIRECTORS
 - instanceId: ch_2012-07-20_harwerth_e
 - status: ASSERTED
[Diagnostic] Claim ID: 3bcb7815-7af6-411c-8d23-f50711d4afbc
 - collectionId: DIRECTORS
 - instanceId: ch_2014-10-15_hudson_i
 - status: ASSERTED
[Diagnostic] Claim ID: bcff36f6-e9f0-414e-bf3f-5caac6d3bcda
 - collectionId: DIRECTORS
 - instanceId: ch_2010-05-14_hunt_j
 - status: ASSERTED
[Diagnostic] Claim ID: d5695be1-942e-41b7-bddc-f78112481701
 - collectionId: DIRECTORS
 - instanceId: ch_2024-08-12_jones_i
 - status: ASSERTED
[Diagnostic] Claim ID: b144188e-1960-4d14-b410-fc3728859cff
 - collectionId: DIRECTORS
 - instanceId: ch_2024-10-01_ahuja_v
 - status: ASSERTED
[Diagnostic] Claim ID: a5bb6380-3aaf-4d04-a243-89ee24cc19d7
 - collectionId: DIRECTORS
 - instanceId: ch_2019-09-01_asquith_j
 - status: ASSERTED
[Diagnostic] Claim ID: e1710f15-2b41-43da-b634-3fde614738b1
 - collectionId: DIRECTORS
 - instanceId: ch_2024-10-01_bickerstaffe_k
 - status: ASSERTED
[Diagnostic] Claim ID: 59dab77c-2cb8-49e6-85cb-79b204b798ec
 - collectionId: DIRECTORS
 - instanceId: ch_2025-07-21_boylan_s
 - status: ASSERTED
[Diagnostic] Claim ID: 85acb5f5-650f-4576-b2e3-c34170d524cb
 - collectionId: DIRECTORS
 - instanceId: ch_2016-07-04_devine_j
 - status: ASSERTED
[Diagnostic] Claim ID: 84492ee5-e8b0-491b-bb41-7ee6facc5297
 - collectionId: DIRECTORS
 - instanceId: ch_2021-09-01_grove_h
 - status: ASSERTED
[Diagnostic] Claim ID: e3776c8b-8522-4598-984a-758ebb4ca625
 - collectionId: DIRECTORS
 - instanceId: ch_2018-08-01_raffaeli_c
 - status: ASSERTED
[Diagnostic] Claim ID: 2da3a510-4b45-422e-a430-d3d85de16419
 - collectionId: DIRECTORS
 - instanceId: ch_2023-10-23_windsor_j
 - status: ASSERTED
[Diagnostic] Claim ID: d6c1625e-c283-4b1a-88e6-abb54fc86a15
 - collectionId: DIRECTORS
 - instanceId: ch_2022-10-03_baddeley_j
 - status: ASSERTED
[Diagnostic] Claim ID: 076dd21f-fe39-4b34-88f0-31ef9a1735fa
 - collectionId: DIRECTORS
 - instanceId: ch_2014-10-31_gilmour_k
 - status: ASSERTED
[Diagnostic] Claim ID: 42f82de0-1901-40dd-8b55-7f0ca38749d3
 - collectionId: DIRECTORS
 - instanceId: ch_2024-05-17_mckenna_p
 - status: ASSERTED
[Diagnostic] Claim ID: fc851b0e-e29e-4123-b570-9c17594298ff
 - collectionId: DIRECTORS
 - instanceId: ch_2006-03-30_wood_m
 - status: ASSERTED
[Diagnostic] Claim ID: 12e26a80-0db3-4e13-8177-74789888f32a
 - collectionId: DIRECTORS
 - instanceId: ch_2005-06-30_dwcompanyserviceslimited__
 - status: ASSERTED
[Diagnostic] Claim ID: 09a53746-35a0-42ff-99f6-973f501327db
 - collectionId: DIRECTORS
 - instanceId: ch_2017-08-14_afrosenborg_j
 - status: ASSERTED
[Diagnostic] Claim ID: f2c74043-7c20-4f95-b6b6-4503d2e08e9d
 - collectionId: DIRECTORS
 - instanceId: ch_2006-03-30_atkinson_m
 - status: ASSERTED
[Diagnostic] Claim ID: 198258cd-f8f2-4c98-867a-714a172fa02a
 - collectionId: DIRECTORS
 - instanceId: ch_2020-07-01_bird_s
 - status: ASSERTED
[Diagnostic] Claim ID: 7113c955-9355-4bc3-b65c-315222d89a2c
 - collectionId: DIRECTORS
 - instanceId: ch_2006-03-30_blackwell_n
 - status: ASSERTED
[Diagnostic] Claim ID: 4362ed7e-6864-4d53-b3fc-eba63cb01d03
 - collectionId: DIRECTORS
 - instanceId: ch_2022-01-04_bradley_c
 - status: ASSERTED
[Diagnostic] Claim ID: f703b355-65b9-464c-99ab-1861b8ed05ba
 - collectionId: DIRECTORS
 - instanceId: ch_2019-06-01_bruce_s
 - status: ASSERTED
[Diagnostic] Claim ID: a061b985-055b-4105-8cdf-2df60bee5fde
 - collectionId: DIRECTORS
 - instanceId: ch_2008-01-01_buchan_c
 - status: ASSERTED
[Diagnostic] Claim ID: 7cbdcc5f-2469-488e-bfbe-00d55596c906
 - collectionId: DIRECTORS
 - instanceId: ch_2017-08-14_chakraverty_j
 - status: ASSERTED
[Diagnostic] Claim ID: 6e2a6662-c2ca-45ce-ab33-a40972e03690
 - collectionId: DIRECTORS
 - instanceId: ch_2015-11-01_clark_c
 - status: ASSERTED
[Diagnostic] Claim ID: a9b9784c-a5f0-4032-b1b0-df9087fb0f9c
 - collectionId: DIRECTORS
 - instanceId: ch_2006-03-30_crombie_a
 - status: ASSERTED
[Diagnostic] Claim ID: 7f6c02ea-94ff-41b8-a274-c5455605c6cc
 - collectionId: DIRECTORS
 - instanceId: ch_2011-10-20_danon_p
 - status: ASSERTED
[Diagnostic] Claim ID: d160e2fa-e1b3-46c5-8035-de4647156935
 - collectionId: DIRECTORS
 - instanceId: ch_2018-11-01_flint_d
 - status: ASSERTED
[Diagnostic] Claim ID: d16e3469-b018-4fb2-896f-d633d71ca7dd
 - collectionId: DIRECTORS
 - instanceId: ch_2017-08-14_fusenig_g
 - status: ASSERTED
[Diagnostic] Claim ID: 8d69f767-b6cf-48ec-9b93-63be2c67936a
 - collectionId: DIRECTORS
 - instanceId: ch_2015-11-01_gee_m
 - status: ASSERTED
[Diagnostic] Claim ID: bcc07c2f-03ff-4edb-8a73-dc57150c91a1
 - collectionId: DIRECTORS
 - instanceId: ch_2017-08-14_gilbert_m
 - status: ASSERTED
[Diagnostic] Claim ID: f0e84aac-fbe7-4351-bb15-8751f66e370c
 - collectionId: DIRECTORS
 - instanceId: ch_unknown_gillies_c
 - status: ASSERTED
[Diagnostic] Claim ID: d31a95dd-598b-40fe-98a4-34a907e7ec4a
 - collectionId: DIRECTORS
 - instanceId: ch_2009-11-01_grigson_d
 - status: ASSERTED
[Diagnostic] Claim ID: f37b6279-5121-42a3-9f24-5b54a9948604
 - collectionId: DIRECTORS
 - instanceId: ch_2006-03-30_grimstone_g
 - status: ASSERTED
[Diagnostic] Claim ID: 0c4a5ce3-b7ba-49fb-8382-56edc43f879f
 - collectionId: DIRECTORS
 - instanceId: ch_2012-07-20_harwerth_e
 - status: ASSERTED
[Diagnostic] Claim ID: 8393abc6-f2f9-498a-af1d-74a305c83f5e
 - collectionId: DIRECTORS
 - instanceId: ch_2014-10-15_hudson_i
 - status: ASSERTED
[Diagnostic] Claim ID: ee7ee469-0675-4dd0-9218-db748e08b5b2
 - collectionId: DIRECTORS
 - instanceId: ch_2010-05-14_hunt_j
 - status: ASSERTED
[Diagnostic] Claim ID: 686d0389-3d94-4e7b-883b-5d685069077f
 - collectionId: DIRECTORS
 - instanceId: ch_2024-08-12_jones_i
 - status: ASSERTED
[Diagnostic] Claim ID: a4550fd3-ba25-4a02-88cf-b3b8a1275ee1
 - collectionId: DIRECTORS
 - instanceId: ch_2024-10-01_ahuja_v
 - status: ASSERTED
[Diagnostic] Claim ID: 4db64d52-48e1-4415-958f-0171d269daff
 - collectionId: DIRECTORS
 - instanceId: ch_2019-09-01_asquith_j
 - status: ASSERTED
[Diagnostic] Claim ID: 559a7446-4c91-48a5-b3b4-8c04e962958b
 - collectionId: DIRECTORS
 - instanceId: ch_2024-10-01_bickerstaffe_k
 - status: ASSERTED
[Diagnostic] Claim ID: 66bf7298-9219-4aaa-9eb9-d25d0cd2a968
 - collectionId: DIRECTORS
 - instanceId: ch_2025-07-21_boylan_s
 - status: ASSERTED
[Diagnostic] Claim ID: 6fc2e726-ccd7-42fc-82f5-4b4b2d22893e
 - collectionId: DIRECTORS
 - instanceId: ch_2016-07-04_devine_j
 - status: ASSERTED
[Diagnostic] Claim ID: 9b966590-e135-40df-8394-ebb8eb873f8b
 - collectionId: DIRECTORS
 - instanceId: ch_2021-09-01_grove_h
 - status: ASSERTED
[Diagnostic] Claim ID: 3296045e-4c1e-411b-a1c2-7d096eaf337a
 - collectionId: DIRECTORS
 - instanceId: ch_2026-06-03_kitts_a
 - status: ASSERTED
[Diagnostic] Claim ID: 52ebf192-4cb3-4256-8042-8fe2e983811a
 - collectionId: DIRECTORS
 - instanceId: ch_2026-06-03_lacaille_r
 - status: ASSERTED
[Diagnostic] Claim ID: 549522f1-e258-4083-8227-578d72af024b
 - collectionId: DIRECTORS
 - instanceId: ch_2018-08-01_raffaeli_c
 - status: ASSERTED
[Diagnostic] Claim ID: 3b2df194-0057-4732-b28d-024be44840fe
 - collectionId: DIRECTORS
 - instanceId: ch_2023-10-23_windsor_j
 - status: ASSERTED
[Diagnostic] Claim ID: f4874f42-507c-42de-b9d9-1bec4cbe7672
 - collectionId: DIRECTORS
 - instanceId: ch_2022-10-03_baddeley_j
 - status: ASSERTED
[Diagnostic] Claim ID: 970eb7e8-f88b-4178-b81c-bf3ba69522b7
 - collectionId: DIRECTORS
 - instanceId: ch_2014-10-31_gilmour_k
 - status: ASSERTED
[Diagnostic] Claim ID: 68bd9da1-d602-4220-abde-7913022d6427
 - collectionId: DIRECTORS
 - instanceId: ch_2024-05-17_mckenna_p
 - status: ASSERTED
[Diagnostic] Claim ID: 921fa6ee-3703-4d7c-9962-71e6da345649
 - collectionId: DIRECTORS
 - instanceId: ch_2006-03-30_wood_m
 - status: ASSERTED
[Diagnostic] Claim ID: fd85af25-5a3a-4add-9517-6c17aede2a67
 - collectionId: DIRECTORS
 - instanceId: ch_2005-06-30_dwcompanyserviceslimited__
 - status: ASSERTED
[Diagnostic] Claim ID: b1d68536-6bba-480f-b3c4-8094c18f97e3
 - collectionId: DIRECTORS
 - instanceId: ch_2017-08-14_afrosenborg_j
 - status: ASSERTED
[Diagnostic] Claim ID: db208a9f-f018-4928-a9fc-f5e1ca6cb309
 - collectionId: DIRECTORS
 - instanceId: ch_2006-03-30_atkinson_m
 - status: ASSERTED
[Diagnostic] Claim ID: 87f34d50-3626-49ef-bc4b-84b898fece4c
 - collectionId: DIRECTORS
 - instanceId: ch_2020-07-01_bird_s
 - status: ASSERTED
[Diagnostic] Claim ID: e15dd958-ee58-4638-b687-83ddca27a135
 - collectionId: DIRECTORS
 - instanceId: ch_2006-03-30_blackwell_n
 - status: ASSERTED
[Diagnostic] Claim ID: c7b2960b-a801-47e8-a673-477a584f2a17
 - collectionId: DIRECTORS
 - instanceId: ch_2022-01-04_bradley_c
 - status: ASSERTED
[Diagnostic] Claim ID: 16c2ba4e-66b0-44a0-ac5a-989822aad1cb
 - collectionId: DIRECTORS
 - instanceId: ch_2019-06-01_bruce_s
 - status: ASSERTED
[Diagnostic] Claim ID: dd4a17a4-6d1c-40ad-a46b-89b31a4ce7a8
 - collectionId: DIRECTORS
 - instanceId: ch_2008-01-01_buchan_c
 - status: ASSERTED
[Diagnostic] Claim ID: 75d62ef3-f30d-4b1f-906f-546e68fb450d
 - collectionId: DIRECTORS
 - instanceId: ch_2017-08-14_chakraverty_j
 - status: ASSERTED
[Diagnostic] Claim ID: 2ccc2744-fc36-4d41-9a24-313a1e254390
 - collectionId: DIRECTORS
 - instanceId: ch_2015-11-01_clark_c
 - status: ASSERTED
[Diagnostic] Claim ID: 9a8eaac9-1241-4e2c-9046-4e1c0e7713ef
 - collectionId: DIRECTORS
 - instanceId: ch_2006-03-30_crombie_a
 - status: ASSERTED
[Diagnostic] Claim ID: d679f00f-38e2-4c50-a8dd-6f95993cdd0c
 - collectionId: DIRECTORS
 - instanceId: ch_2011-10-20_danon_p
 - status: ASSERTED
[Diagnostic] Claim ID: e120deea-b752-4abe-b650-8eebd614e049
 - collectionId: DIRECTORS
 - instanceId: ch_2018-11-01_flint_d
 - status: ASSERTED
[Diagnostic] Claim ID: 1fbce612-1123-440a-8fdd-a44e2b4af064
 - collectionId: DIRECTORS
 - instanceId: ch_2017-08-14_fusenig_g
 - status: ASSERTED
[Diagnostic] Claim ID: ac5404e8-c421-40b7-baf8-7f72ef5cbd74
 - collectionId: DIRECTORS
 - instanceId: ch_2015-11-01_gee_m
 - status: ASSERTED
[Diagnostic] Claim ID: 0b73f8c1-4a8d-4ecd-8caa-441f70c8cd8e
 - collectionId: DIRECTORS
 - instanceId: ch_2017-08-14_gilbert_m
 - status: ASSERTED
[Diagnostic] Claim ID: be5cc62d-5ed7-45db-afed-ab7aed646169
 - collectionId: DIRECTORS
 - instanceId: ch_unknown_gillies_c
 - status: ASSERTED
[Diagnostic] Claim ID: a5d7b831-2a1a-445a-becc-55fce9ae1439
 - collectionId: DIRECTORS
 - instanceId: ch_2009-11-01_grigson_d
 - status: ASSERTED
[Diagnostic] Claim ID: a6a2b9c9-15b6-426b-aed9-ca5f3fe18d98
 - collectionId: DIRECTORS
 - instanceId: ch_2006-03-30_grimstone_g
 - status: ASSERTED
[Diagnostic] Claim ID: a0e067d2-e8f4-45ad-9a1e-a828c93a4cff
 - collectionId: DIRECTORS
 - instanceId: ch_2012-07-20_harwerth_e
 - status: ASSERTED
[Diagnostic] Claim ID: fcaff6a0-4091-4f12-a7c2-86f06b5fa0f9
 - collectionId: DIRECTORS
 - instanceId: ch_2024-08-12_jones_i
 - status: ASSERTED
[Diagnostic] Claim ID: bab0dfc5-cf4e-4d6d-aa9a-83b0d4f959a6
 - collectionId: DIRECTORS
 - instanceId: ch_2024-10-01_ahuja_v
 - status: ASSERTED
[Diagnostic] Claim ID: 540a758c-e3df-4f32-a0c9-822fc4e259e9
 - collectionId: DIRECTORS
 - instanceId: ch_2019-09-01_asquith_j
 - status: ASSERTED
[Diagnostic] Claim ID: 1398942a-2ed5-406e-8570-36735e6fe134
 - collectionId: DIRECTORS
 - instanceId: ch_2024-10-01_bickerstaffe_k
 - status: ASSERTED
[Diagnostic] Claim ID: f877b013-c945-4a4a-9891-313603680681
 - collectionId: DIRECTORS
 - instanceId: ch_2025-07-21_boylan_s
 - status: ASSERTED
[Diagnostic] Claim ID: bf97c7e5-b27c-459e-bfb6-807e48093409
 - collectionId: DIRECTORS
 - instanceId: ch_2016-07-04_devine_j
 - status: ASSERTED
[Diagnostic] Claim ID: 0da53176-621f-4ff5-878d-fbd5cc566438
 - collectionId: DIRECTORS
 - instanceId: ch_2021-09-01_grove_h
 - status: ASSERTED
[Diagnostic] Claim ID: 79032937-a783-4589-beac-ecc3b6ee5fc5
 - collectionId: DIRECTORS
 - instanceId: ch_2026-06-03_kitts_a
 - status: ASSERTED
[Diagnostic] Claim ID: c73cbc25-5ffe-4d0a-a6bc-834e91a687b9
 - collectionId: DIRECTORS
 - instanceId: ch_2026-06-03_lacaille_r
 - status: ASSERTED
[Diagnostic] Claim ID: a9dd3449-cea2-4763-a7fc-2f3b16f92ad5
 - collectionId: DIRECTORS
 - instanceId: ch_2018-08-01_raffaeli_c
 - status: ASSERTED
[Diagnostic] Claim ID: a614af7d-d3fe-43b4-9ebd-7b7ed3823b1f
 - collectionId: DIRECTORS
 - instanceId: ch_2023-10-23_windsor_j
 - status: ASSERTED
[Diagnostic] Claim ID: ecdc5343-2716-4d1b-8509-93a7f982ff34
 - collectionId: DIRECTORS
 - instanceId: ch_2022-10-03_baddeley_j
 - status: ASSERTED
[Diagnostic] Claim ID: 4e9c770a-da1e-4738-8d95-c43fa15fb953
 - collectionId: DIRECTORS
 - instanceId: ch_2014-10-31_gilmour_k
 - status: ASSERTED
[Diagnostic] Claim ID: 23e57f25-245a-4d48-a66b-f7e5da3b0ff5
 - collectionId: DIRECTORS
 - instanceId: ch_2024-05-17_mckenna_p
 - status: ASSERTED
[Diagnostic] Claim ID: d4608e98-ffcb-41c1-98c4-1e1ba037aa37
 - collectionId: DIRECTORS
 - instanceId: ch_2006-03-30_wood_m
 - status: ASSERTED
[Diagnostic] Claim ID: c24143ca-2a1f-464a-9d00-d6eb07fec73b
 - collectionId: DIRECTORS
 - instanceId: ch_2005-06-30_dwcompanyserviceslimited__
 - status: ASSERTED
[Diagnostic] Claim ID: 78e2444a-43d5-4a05-9e41-a73dbcee7612
 - collectionId: DIRECTORS
 - instanceId: ch_2017-08-14_afrosenborg_j
 - status: ASSERTED
[Diagnostic] Claim ID: 98cfdd79-e27a-44c4-a4e4-c6f2f8700b86
 - collectionId: DIRECTORS
 - instanceId: ch_2006-03-30_atkinson_m
 - status: ASSERTED
[Diagnostic] Claim ID: 190eb4b5-743e-4b56-97ac-6da9286dba48
 - collectionId: DIRECTORS
 - instanceId: ch_2020-07-01_bird_s
 - status: ASSERTED
[Diagnostic] Claim ID: 6de7e5ff-f7ef-4a4f-b421-b8faf9902fb4
 - collectionId: DIRECTORS
 - instanceId: ch_2006-03-30_blackwell_n
 - status: ASSERTED
[Diagnostic] Claim ID: 17d36147-5e8b-447f-b862-dccd9556059f
 - collectionId: DIRECTORS
 - instanceId: ch_2022-01-04_bradley_c
 - status: ASSERTED
[Diagnostic] Claim ID: 350f6cae-ae91-4447-b7be-a57ae3e5d9bc
 - collectionId: DIRECTORS
 - instanceId: ch_2019-06-01_bruce_s
 - status: ASSERTED
[Diagnostic] Claim ID: b7925c3a-ec64-449a-a155-4ddb6ab21fd9
 - collectionId: DIRECTORS
 - instanceId: ch_2008-01-01_buchan_c
 - status: ASSERTED
[Diagnostic] Claim ID: 84e746ae-4bf1-492b-a0d4-781a84ec5b74
 - collectionId: DIRECTORS
 - instanceId: ch_2017-08-14_chakraverty_j
 - status: ASSERTED
[Diagnostic] Claim ID: c99bc16c-0ff0-4d90-8b1a-4308edd3eeef
 - collectionId: DIRECTORS
 - instanceId: ch_2015-11-01_clark_c
 - status: ASSERTED
[Diagnostic] Claim ID: 4373cb22-2333-40b2-9a96-24773de62193
 - collectionId: DIRECTORS
 - instanceId: ch_2006-03-30_crombie_a
 - status: ASSERTED
[Diagnostic] Claim ID: 549004c7-1a73-442b-b7a3-304f82fd2851
 - collectionId: DIRECTORS
 - instanceId: ch_2011-10-20_danon_p
 - status: ASSERTED
[Diagnostic] Claim ID: 0de696fb-155f-4f83-b09c-97e6befbbede
 - collectionId: DIRECTORS
 - instanceId: ch_2018-11-01_flint_d
 - status: ASSERTED
[Diagnostic] Claim ID: 7dd68b73-c7b0-47c5-b406-781fdd1b1796
 - collectionId: DIRECTORS
 - instanceId: ch_2017-08-14_fusenig_g
 - status: ASSERTED
[Diagnostic] Claim ID: bdc67c88-856e-4ade-857c-d2a164f58b60
 - collectionId: DIRECTORS
 - instanceId: ch_2015-11-01_gee_m
 - status: ASSERTED
[Diagnostic] Claim ID: 547ca896-1468-4bbe-a354-84314e0713f0
 - collectionId: DIRECTORS
 - instanceId: ch_2017-08-14_gilbert_m
 - status: ASSERTED
[Diagnostic] Claim ID: 605e6707-6e61-4009-a21e-3fd1796a75bc
 - collectionId: DIRECTORS
 - instanceId: ch_unknown_gillies_c
 - status: ASSERTED
[Diagnostic] Claim ID: 5a05e473-2f46-4064-a8a0-fff1df33a71c
 - collectionId: DIRECTORS
 - instanceId: ch_2009-11-01_grigson_d
 - status: ASSERTED
[Diagnostic] Claim ID: 590e79f7-f3f1-49c3-87df-207fefab7713
 - collectionId: DIRECTORS
 - instanceId: ch_2006-03-30_grimstone_g
 - status: ASSERTED
[Diagnostic] Claim ID: 01b63f01-569f-425a-8759-eed6fcb11d6a
 - collectionId: DIRECTORS
 - instanceId: ch_2012-07-20_harwerth_e
 - status: ASSERTED
[Diagnostic] Claim ID: 23b6ac35-9653-4eb2-af93-1b15ff18a135
 - collectionId: DIRECTORS
 - instanceId: ch_2024-08-12_jones_i
 - status: ASSERTED
[Diagnostic] Claim ID: 33a04520-3334-4902-abd7-a9869eec8242
 - collectionId: DIRECTORS
 - instanceId: ch_2024-10-01_ahuja_v
 - status: ASSERTED
[Diagnostic] Claim ID: fbf5c4d1-5116-4fca-a473-d12f3be0e46e
 - collectionId: DIRECTORS
 - instanceId: ch_2019-09-01_asquith_j
 - status: ASSERTED
[Diagnostic] Claim ID: 0e05b76e-ba98-4715-a45e-ff3110b958f3
 - collectionId: DIRECTORS
 - instanceId: ch_2024-10-01_bickerstaffe_k
 - status: ASSERTED
[Diagnostic] Claim ID: c02ccde7-c46b-4cd3-b669-0e0e518666a6
 - collectionId: DIRECTORS
 - instanceId: ch_2025-07-21_boylan_s
 - status: ASSERTED
[Diagnostic] Claim ID: 27c04722-478e-47b3-bdcf-a747a63a86e3
 - collectionId: DIRECTORS
 - instanceId: ch_2016-07-04_devine_j
 - status: ASSERTED
[Diagnostic] Claim ID: 28701e9b-0fe5-4931-b646-bdc9ed3f5acc
 - collectionId: DIRECTORS
 - instanceId: ch_2021-09-01_grove_h
 - status: ASSERTED
[Diagnostic] Claim ID: 9fe4a207-af7d-48a0-baf9-c0e548cc6fad
 - collectionId: DIRECTORS
 - instanceId: ch_2026-06-03_kitts_a
 - status: ASSERTED
[Diagnostic] Claim ID: 5a779196-914e-428e-9020-966f25b56570
 - collectionId: DIRECTORS
 - instanceId: ch_2026-06-03_lacaille_r
 - status: ASSERTED
[Diagnostic] Claim ID: 79a19c57-393c-4246-a235-9a2a56d8851b
 - collectionId: DIRECTORS
 - instanceId: ch_2018-08-01_raffaeli_c
 - status: ASSERTED
[Diagnostic] Claim ID: 4ea25db1-360d-4f8e-b902-5d65c434dde3
 - collectionId: DIRECTORS
 - instanceId: ch_2023-10-23_windsor_j
 - status: ASSERTED
[Diagnostic] Claim ID: b503f6e8-c067-49ff-8be3-6fcf19a37dc9
 - collectionId: DIRECTORS
 - instanceId: ch_2022-10-03_baddeley_j
 - status: ASSERTED
[Diagnostic] Claim ID: 708439d1-7e34-4f4b-9542-f3b0b5301a85
 - collectionId: DIRECTORS
 - instanceId: ch_2014-10-31_gilmour_k
 - status: ASSERTED
[Diagnostic] Claim ID: 989e719f-7690-40a2-826b-4da144d36dae
 - collectionId: DIRECTORS
 - instanceId: ch_2024-05-17_mckenna_p
 - status: ASSERTED
[Diagnostic] Claim ID: 1eefbc30-b2fe-4bdd-8f16-e22f4f824bc7
 - collectionId: DIRECTORS
 - instanceId: ch_2006-03-30_wood_m
 - status: ASSERTED
[Diagnostic] Claim ID: 387d1bb7-8a88-4dd7-942c-deb59ca0fc85
 - collectionId: DIRECTORS
 - instanceId: ch_2005-06-30_dwcompanyserviceslimited__
 - status: ASSERTED
[Diagnostic] Claim ID: cd3a4a03-69f1-4aba-a894-1fa922d8cd67
 - collectionId: DIRECTORS
 - instanceId: ch_2017-08-14_afrosenborg_j
 - status: ASSERTED
[Diagnostic] Claim ID: 6f7df1a4-e9f2-4d7d-8dcb-756efbf7b490
 - collectionId: DIRECTORS
 - instanceId: ch_2006-03-30_atkinson_m
 - status: ASSERTED
[Diagnostic] Claim ID: 75e1c535-35b6-4dec-ba54-a51490f4d68a
 - collectionId: DIRECTORS
 - instanceId: ch_2020-07-01_bird_s
 - status: ASSERTED
[Diagnostic] Claim ID: d3daa0b3-b81f-4bde-918b-edece8186f6f
 - collectionId: DIRECTORS
 - instanceId: ch_2006-03-30_blackwell_n
 - status: ASSERTED
[Diagnostic] Claim ID: c79b75a9-14d0-46e1-907e-b6f426fc94fe
 - collectionId: DIRECTORS
 - instanceId: ch_2022-01-04_bradley_c
 - status: ASSERTED
[Diagnostic] Claim ID: a5181c4a-ce03-45a4-8402-60ea78703832
 - collectionId: DIRECTORS
 - instanceId: ch_2019-06-01_bruce_s
 - status: ASSERTED
[Diagnostic] Claim ID: d28ad592-b318-438b-87ac-6588a56a6ebb
 - collectionId: DIRECTORS
 - instanceId: ch_2008-01-01_buchan_c
 - status: ASSERTED
[Diagnostic] Claim ID: c6bbc3e8-0d5b-4787-8c67-c806e63498f1
 - collectionId: DIRECTORS
 - instanceId: ch_2017-08-14_chakraverty_j
 - status: ASSERTED
[Diagnostic] Claim ID: 92b895dd-78e7-4a21-922e-066fe3db8969
 - collectionId: DIRECTORS
 - instanceId: ch_2015-11-01_clark_c
 - status: ASSERTED
[Diagnostic] Claim ID: a2670d25-7b08-4b7e-a304-ec57616262a2
 - collectionId: DIRECTORS
 - instanceId: ch_2006-03-30_crombie_a
 - status: ASSERTED
[Diagnostic] Claim ID: 8f30127d-35e5-4e3c-8c19-b37974fedcf0
 - collectionId: DIRECTORS
 - instanceId: ch_2011-10-20_danon_p
 - status: ASSERTED
[Diagnostic] Claim ID: 78f66280-defd-4412-824d-cb445d00db12
 - collectionId: DIRECTORS
 - instanceId: ch_2018-11-01_flint_d
 - status: ASSERTED
[Diagnostic] Claim ID: 79cdc2a1-1365-49b5-84c2-878679a9ce12
 - collectionId: DIRECTORS
 - instanceId: ch_2017-08-14_fusenig_g
 - status: ASSERTED
[Diagnostic] Claim ID: 293b554c-acb6-40a4-ade1-16d489ffedb4
 - collectionId: DIRECTORS
 - instanceId: ch_2015-11-01_gee_m
 - status: ASSERTED
[Diagnostic] Claim ID: d778947a-084c-4df3-85aa-3846f19e1613
 - collectionId: DIRECTORS
 - instanceId: ch_2017-08-14_gilbert_m
 - status: ASSERTED
[Diagnostic] Claim ID: fc43c3b3-55d2-499c-b2ed-4828a0500934
 - collectionId: DIRECTORS
 - instanceId: ch_unknown_gillies_c
 - status: ASSERTED
[Diagnostic] Claim ID: 5e4fa193-d370-4c09-a1e2-ef37a348926d
 - collectionId: DIRECTORS
 - instanceId: ch_2009-11-01_grigson_d
 - status: ASSERTED
[Diagnostic] Claim ID: 916c83e5-b4a5-4180-b412-635a5d8b469a
 - collectionId: DIRECTORS
 - instanceId: ch_2006-03-30_grimstone_g
 - status: ASSERTED
[Diagnostic] Claim ID: a72b49af-2437-469d-9d05-a83cc73a7ea4
 - collectionId: DIRECTORS
 - instanceId: ch_2012-07-20_harwerth_e
 - status: ASSERTED
[Diagnostic] Claim ID: ad2c3aea-e64e-487f-90a7-fcabe2a347ec
 - collectionId: DIRECTORS
 - instanceId: ch_2017-08-14_afrosenborg_j
 - status: ASSERTED
[Diagnostic] Claim ID: 89a365a4-c3a2-4417-bfb8-33bd2d8ad691
 - collectionId: DIRECTORS
 - instanceId: ch_2024-08-12_jones_i
 - status: ASSERTED
[Diagnostic] Claim ID: 05948319-9642-4527-b73e-7bffba296ab5
 - collectionId: DIRECTORS
 - instanceId: ch_2019-09-01_asquith_j
 - status: ASSERTED
[Diagnostic] Claim ID: c7221635-16f1-434f-b4aa-4ad1e8d0927a
 - collectionId: DIRECTORS
 - instanceId: ch_2024-10-01_bickerstaffe_k
 - status: ASSERTED
[Diagnostic] Claim ID: 9f7b4cc6-35b0-4375-bccc-866b4a296eca
 - collectionId: DIRECTORS
 - instanceId: ch_2025-07-21_boylan_s
 - status: ASSERTED
[Diagnostic] Claim ID: a9071c74-93fa-41de-82c6-e3ba1090043e
 - collectionId: DIRECTORS
 - instanceId: ch_2016-07-04_devine_j
 - status: ASSERTED
[Diagnostic] Claim ID: 124864eb-0227-4d9a-aabf-62ddeba794a8
 - collectionId: DIRECTORS
 - instanceId: ch_2021-09-01_grove_h
 - status: ASSERTED
[Diagnostic] Claim ID: b9937eee-758b-49ac-a289-1214e032c8ff
 - collectionId: DIRECTORS
 - instanceId: ch_2026-06-03_kitts_a
 - status: ASSERTED
[Diagnostic] Claim ID: 2d72020f-9da8-4c8c-a850-b180af50ec77
 - collectionId: DIRECTORS
 - instanceId: ch_2026-06-03_lacaille_r
 - status: ASSERTED
[Diagnostic] Claim ID: 1359fc6c-d1d0-4d64-a6b8-9fe154066b09
 - collectionId: DIRECTORS
 - instanceId: ch_2018-08-01_raffaeli_c
 - status: ASSERTED
[Diagnostic] Claim ID: da9c9b21-eea2-4551-a6eb-066dfe05fe1a
 - collectionId: DIRECTORS
 - instanceId: ch_2023-10-23_windsor_j
 - status: ASSERTED
[Diagnostic] Claim ID: c951786c-c3ef-40fc-8528-b208b76304dd
 - collectionId: DIRECTORS
 - instanceId: ch_2022-10-03_baddeley_j
 - status: ASSERTED
[Diagnostic] Claim ID: 77ffe29f-3fe2-4ba5-bac7-234d52955e25
 - collectionId: DIRECTORS
 - instanceId: ch_2014-10-31_gilmour_k
 - status: ASSERTED
[Diagnostic] Claim ID: 7fda6fa0-3678-4d4f-b210-515018f0afa6
 - collectionId: DIRECTORS
 - instanceId: ch_2024-05-17_mckenna_p
 - status: ASSERTED
[Diagnostic] Claim ID: f0f0c2c1-d394-49b4-84a5-02974b11d8d5
 - collectionId: DIRECTORS
 - instanceId: ch_2006-03-30_wood_m
 - status: ASSERTED
[Diagnostic] Claim ID: 307691af-f2ca-4124-ae91-bb5adb71eb29
 - collectionId: DIRECTORS
 - instanceId: ch_2005-06-30_dwcompanyserviceslimited__
 - status: ASSERTED
[Diagnostic] Claim ID: 293a1af6-d3a1-43f8-97a3-fc1d4fb1b5d0
 - collectionId: DIRECTORS
 - instanceId: ch_2006-03-30_atkinson_m
 - status: ASSERTED
[Diagnostic] Claim ID: f9687f63-84e2-428b-a109-5e4f48152eea
 - collectionId: DIRECTORS
 - instanceId: ch_2020-07-01_bird_s
 - status: ASSERTED
[Diagnostic] Claim ID: 42db28ab-7d59-4e2c-9ff3-261d98b8f517
 - collectionId: DIRECTORS
 - instanceId: ch_2006-03-30_blackwell_n
 - status: ASSERTED
[Diagnostic] Claim ID: 8a8f68e9-49b6-4c19-b443-70427fa0a3dd
 - collectionId: DIRECTORS
 - instanceId: ch_2022-01-04_bradley_c
 - status: ASSERTED
[Diagnostic] Claim ID: 83ac9049-541c-4c11-a6ee-a88f9813fa44
 - collectionId: DIRECTORS
 - instanceId: ch_2019-06-01_bruce_s
 - status: ASSERTED
[Diagnostic] Claim ID: c321f096-05cb-4f59-bf48-071eedc2da98
 - collectionId: DIRECTORS
 - instanceId: ch_2008-01-01_buchan_c
 - status: ASSERTED
[Diagnostic] Claim ID: 19c8ad11-2abe-4151-b561-cd5e52c142e2
 - collectionId: DIRECTORS
 - instanceId: ch_2017-08-14_chakraverty_j
 - status: ASSERTED
[Diagnostic] Claim ID: 794ae5b5-4d1d-4f2e-9afc-6c0c7afc818c
 - collectionId: DIRECTORS
 - instanceId: ch_2015-11-01_clark_c
 - status: ASSERTED
[Diagnostic] Claim ID: afc15e3d-7eae-43a6-916c-2c316d61ef61
 - collectionId: DIRECTORS
 - instanceId: ch_2006-03-30_crombie_a
 - status: ASSERTED
[Diagnostic] Claim ID: 3094938b-de71-461d-8729-3e659ca69bcb
 - collectionId: DIRECTORS
 - instanceId: ch_2011-10-20_danon_p
 - status: ASSERTED
[Diagnostic] Claim ID: 512f8b74-474e-427a-8c20-7cf82e7f41a1
 - collectionId: DIRECTORS
 - instanceId: ch_2018-11-01_flint_d
 - status: ASSERTED
[Diagnostic] Claim ID: badd69d5-d337-46dd-8eaf-9cfd5e441bf4
 - collectionId: DIRECTORS
 - instanceId: ch_2017-08-14_fusenig_g
 - status: ASSERTED
[Diagnostic] Claim ID: c9c8d023-3478-49c2-a760-bb0e484ccbca
 - collectionId: DIRECTORS
 - instanceId: ch_2015-11-01_gee_m
 - status: ASSERTED
[Diagnostic] Claim ID: a6373ec2-1758-4c6d-ab2b-438c8f9e3eeb
 - collectionId: DIRECTORS
 - instanceId: ch_2017-08-14_gilbert_m
 - status: ASSERTED
[Diagnostic] Claim ID: e19b8617-03aa-4e5c-b88a-05852bed61cd
 - collectionId: DIRECTORS
 - instanceId: ch_unknown_gillies_c
 - status: ASSERTED
[Diagnostic] Claim ID: 329f2ee2-c600-473f-b5cc-dec846be8923
 - collectionId: DIRECTORS
 - instanceId: ch_2009-11-01_grigson_d
 - status: ASSERTED
[Diagnostic] Claim ID: 8f4fbb37-3efe-4fd3-9d89-69baa15e0c9d
 - collectionId: DIRECTORS
 - instanceId: ch_2006-03-30_grimstone_g
 - status: ASSERTED
[Diagnostic] Claim ID: 1b16ed85-d529-4900-b962-1273a3807f3a
 - collectionId: DIRECTORS
 - instanceId: ch_2012-07-20_harwerth_e
 - status: ASSERTED
[Diagnostic] Claim ID: 70161aec-c2c9-4f45-ba15-fc7556ccea6e
 - collectionId: DIRECTORS
 - instanceId: poc_2025-03-07_doyle_p
 - status: ASSERTED
[Diagnostic] Claim ID: 3781f78c-d23d-4933-a6d6-39a72ca44fa9
 - collectionId: DIRECTORS
 - instanceId: poc_2025-03-07_lowry_s
 - status: ASSERTED
[Diagnostic] Claim ID: b9006d36-4b83-49bc-9a92-5ce5fd874e89
 - collectionId: DIRECTORS
 - instanceId: poc_2025-03-07_ossio_m
 - status: ASSERTED
[Diagnostic] Claim ID: beccd49e-7840-4b39-9558-1b35016dea61
 - collectionId: DIRECTORS
 - instanceId: poc_2025-11-25_renzi_m
 - status: ASSERTED
[Diagnostic] Claim ID: 24dca8ee-5058-41ea-9baa-4cd37107c44a
 - collectionId: DIRECTORS
 - instanceId: poc_2025-03-07_warner_j
 - status: ASSERTED
[Diagnostic] Claim ID: 1e4915e4-2710-4dff-af36-5be6deb09385
 - collectionId: DIRECTORS
 - instanceId: ch_2026-02-16_abraham_a
 - status: ASSERTED
[Diagnostic] Claim ID: c27567d8-eb7c-440f-9273-ef8b99a09bc6
 - collectionId: DIRECTORS
 - instanceId: ch_2026-02-16_patel_i
 - status: ASSERTED
[Diagnostic] Claim ID: 62f8bb71-ec0a-4d02-9104-9f5d6760345b
 - collectionId: DIRECTORS
 - instanceId: ch_2014-08-12_murray_d
 - status: ASSERTED
[Diagnostic] Claim ID: 67fde0e2-c9df-41d7-b0af-2f10d38a5a37
 - collectionId: DIRECTORS
 - instanceId: ch_2014-08-12_ibbotson_c
 - status: ASSERTED
[Diagnostic] Claim ID: bd7ea606-98a1-4d64-b3ac-b379eed4a8b5
 - collectionId: DIRECTORS
 - instanceId: ch_2015-03-31_lennon_p
 - status: ASSERTED
[Diagnostic] Claim ID: 36cc89a7-6766-4d4d-87c0-66ef38bb836c
 - collectionId: DIRECTORS
 - instanceId: ch_2014-08-12_malyon_h
 - status: ASSERTED
[Diagnostic] Claim ID: c7aa5c09-2cb9-4db2-91b6-d5ac3647f832
 - collectionId: DIRECTORS
 - instanceId: ch_2014-08-12_murray_d
 - status: ASSERTED
[Diagnostic] Claim ID: 0c63ef7e-e00a-466f-92fb-254fdaf0ca3c
 - collectionId: DIRECTORS
 - instanceId: ch_2019-05-21_stephens_a
 - status: ASSERTED
[Diagnostic] Claim ID: 43ca6d1d-b3ae-49ce-ae82-9b1eeed315e9
 - collectionId: DIRECTORS
 - instanceId: ch_2026-02-16_abraham_a
 - status: ASSERTED
[Diagnostic] Claim ID: 2d0d9c24-b32f-4b86-8279-f0163cf7bb93
 - collectionId: DIRECTORS
 - instanceId: ch_2026-02-16_patel_i
 - status: ASSERTED
[Diagnostic] Claim ID: a33e73c7-d682-410b-8589-298d31b04c37
 - collectionId: DIRECTORS
 - instanceId: ch_2014-08-12_murray_d
 - status: ASSERTED
[Diagnostic] Claim ID: c011bf13-c0de-4d64-a9b2-520755c2a7b3
 - collectionId: DIRECTORS
 - instanceId: ch_2014-08-12_ibbotson_c
 - status: ASSERTED
[Diagnostic] Claim ID: fea0e8eb-11f8-45c0-8b7a-b6325c099d58
 - collectionId: DIRECTORS
 - instanceId: ch_2015-03-31_lennon_p
 - status: ASSERTED
[Diagnostic] Claim ID: ca499b6a-12eb-476e-8281-15dfb5eeee49
 - collectionId: DIRECTORS
 - instanceId: ch_2014-08-12_malyon_h
 - status: ASSERTED
[Diagnostic] Claim ID: cd311d07-d0b1-4834-94dd-05dfbe83f39c
 - collectionId: DIRECTORS
 - instanceId: ch_2014-08-12_murray_d
 - status: ASSERTED
[Diagnostic] Claim ID: 0400cd30-fc5e-4994-8ed3-73f2db3ee25a
 - collectionId: DIRECTORS
 - instanceId: ch_2019-05-21_stephens_a
 - status: ASSERTED
[Diagnostic] Claim ID: ecaa5e34-ec84-4e7e-b2b8-d5379e6ee114
 - collectionId: DIRECTORS
 - instanceId: poc_2026-02-16_abraham_a
 - status: ASSERTED
[Diagnostic] Claim ID: 3ed964da-56b0-45c1-ad3c-c2d789d2709c
 - collectionId: DIRECTORS
 - instanceId: poc_2026-02-16_patel_i
 - status: ASSERTED
[Diagnostic] Claim ID: a4a7af26-bf9b-4b77-97ef-1a4a72783dde
 - collectionId: DIRECTORS
 - instanceId: ch_2026-02-16_patel_i
 - status: ASSERTED
[Diagnostic] Claim ID: b8449461-5a63-4ccb-8453-ebae0753660b
 - collectionId: DIRECTORS
 - instanceId: ch_2014-08-12_murray_d
 - status: ASSERTED
[Diagnostic] Claim ID: 446e081f-5652-412f-90b2-e031c078b9f0
 - collectionId: DIRECTORS
 - instanceId: ch_2014-08-12_ibbotson_c
 - status: ASSERTED
[Diagnostic] Claim ID: 58988c33-a767-415d-8507-88138697a498
 - collectionId: DIRECTORS
 - instanceId: ch_2015-03-31_lennon_p
 - status: ASSERTED
[Diagnostic] Claim ID: aca3cde2-085e-4cc2-87fa-4138e8315934
 - collectionId: DIRECTORS
 - instanceId: ch_2014-08-12_malyon_h
 - status: ASSERTED
[Diagnostic] Claim ID: 4380cfd8-1a07-4a75-bf51-374dcd43a5c9
 - collectionId: DIRECTORS
 - instanceId: ch_2014-08-12_murray_d
 - status: ASSERTED
[Diagnostic] Claim ID: 433a4f3b-6e3f-47bc-b0b3-ed63dc3ca81e
 - collectionId: DIRECTORS
 - instanceId: ch_2019-05-21_stephens_a
 - status: ASSERTED
[Diagnostic] Claim ID: 32d5112f-e167-4f07-9ad7-4e4bc97e2406
 - collectionId: DIRECTORS
 - instanceId: ch_2026-02-16_abraham_a
 - status: ASSERTED
[Diagnostic] Claim ID: b7d467a4-5b9c-4afb-b9d7-e9d1e2416901
 - collectionId: DIRECTORS
 - instanceId: ch_2026-02-16_patel_i
 - status: ASSERTED
[Diagnostic] Claim ID: 832d7270-7219-402f-ac8c-c02ecc71ab13
 - collectionId: DIRECTORS
 - instanceId: ch_2014-08-12_murray_d
 - status: ASSERTED
[Diagnostic] Claim ID: 6eb2444e-051e-4662-99ea-a6074db1ebb1
 - collectionId: DIRECTORS
 - instanceId: ch_2014-08-12_ibbotson_c
 - status: ASSERTED
[Diagnostic] Claim ID: 211c070e-8aa7-413a-a6d4-784aa6f0943b
 - collectionId: DIRECTORS
 - instanceId: ch_2015-03-31_lennon_p
 - status: ASSERTED
[Diagnostic] Claim ID: 929a4ef4-e0b1-40af-ac0d-231de1e90b95
 - collectionId: DIRECTORS
 - instanceId: ch_2014-08-12_malyon_h
 - status: ASSERTED
[Diagnostic] Claim ID: f9ce0cb1-612b-48ac-80c1-9a45b34aecbf
 - collectionId: DIRECTORS
 - instanceId: ch_2014-08-12_murray_d
 - status: ASSERTED
[Diagnostic] Claim ID: c3522df5-bc3a-4776-b0e9-c2ada7098a3c
 - collectionId: DIRECTORS
 - instanceId: ch_2019-05-21_stephens_a
 - status: ASSERTED
[Diagnostic] Claim ID: 5b577c68-2b8a-42c8-b250-5a766d9e8f67
 - collectionId: DIRECTORS
 - instanceId: ch_2023-09-19_parker_j
 - status: ASSERTED
[Diagnostic] Claim ID: c0a2e54d-975a-43ca-8064-788b92f3e19e
 - collectionId: DIRECTORS
 - instanceId: ch_2026-01-01_tavener_m
 - status: ASSERTED
[Diagnostic] Claim ID: 50104b91-18a4-404d-8714-151ee77097fa
 - collectionId: DIRECTORS
 - instanceId: ch_2021-09-14_wang_x
 - status: ASSERTED
[Diagnostic] Claim ID: 918ca340-b1b6-4014-83b9-0bc94bf14a62
 - collectionId: DIRECTORS
 - instanceId: ch_2021-12-15_guo_f
 - status: ASSERTED
[Diagnostic] Claim ID: 5b994a0e-54d4-4a81-a593-c400c381f39c
 - collectionId: DIRECTORS
 - instanceId: ch_2021-12-15_wang_y
 - status: ASSERTED
[Diagnostic] Claim ID: 31870ee8-49a4-4668-9d38-c963bde18724
 - collectionId: DIRECTORS
 - instanceId: ch_2025-07-18_davies_i
 - status: ASSERTED
[Diagnostic] Claim ID: 89552fec-60eb-4d2d-b08e-36ec8a6265ce
 - collectionId: DIRECTORS
 - instanceId: ch_2025-07-18_davies_t
 - status: ASSERTED
[Diagnostic] Claim ID: 77099e8a-f46a-4b30-91bd-881e9aff3284
 - collectionId: DIRECTORS
 - instanceId: ch_2026-05-01_mercer_h
 - status: ASSERTED
[Diagnostic] Claim ID: 2813a0f1-1a16-43ed-a8b0-948059e81d65
 - collectionId: DIRECTORS
 - instanceId: ch_2026-04-14_tattersall_h
 - status: ASSERTED
[Diagnostic] Claim ID: 41e06c78-427f-46a6-86b3-17187f1da4e8
 - collectionId: DIRECTORS
 - instanceId: ch_2026-04-14_walker_t
 - status: ASSERTED
[Diagnostic] Claim ID: a7b8e68c-8194-47bf-8fd5-fe9a8a32ba7c
 - collectionId: DIRECTORS
 - instanceId: ch_2015-02-24_holt_k
 - status: ASSERTED
[Diagnostic] Claim ID: 145204bd-a564-45ac-92e8-919540347ccd
 - collectionId: DIRECTORS
 - instanceId: ch_2017-10-10_kelsall_n
 - status: ASSERTED
[Diagnostic] Claim ID: 1850a916-cd6e-4e20-87ce-52522c79130f
 - collectionId: DIRECTORS
 - instanceId: ch_2005-08-18_makin_d
 - status: ASSERTED
[Diagnostic] Claim ID: 11949610-c58c-4720-9b8f-1dea87831e50
 - collectionId: DIRECTORS
 - instanceId: ch_2010-07-15_nesbitt_c
 - status: ASSERTED
[Diagnostic] Claim ID: 87eb1723-0dea-44bb-963e-bf7d8284dd5e
 - collectionId: DIRECTORS
 - instanceId: ch_2006-07-04_atkinson_p
 - status: ASSERTED
[Diagnostic] Claim ID: 5d3ae276-ca90-40c5-a949-3a9b1289442c
 - collectionId: DIRECTORS
 - instanceId: ch_2018-06-01_bown_b
 - status: ASSERTED
[Diagnostic] Claim ID: bdd9edba-33f9-4364-a022-9ffdd47bb390
 - collectionId: DIRECTORS
 - instanceId: ch_2017-01-04_davies_d
 - status: ASSERTED
[Diagnostic] Claim ID: c8d776e4-5c6f-4ebf-a1c4-ef927019f078
 - collectionId: DIRECTORS
 - instanceId: ch_2019-07-16_glenn_p
 - status: ASSERTED
[Diagnostic] Claim ID: bc8642d6-4c0d-45a7-82c6-8234db5e2b9b
 - collectionId: DIRECTORS
 - instanceId: ch_2017-10-26_hynes_b
 - status: ASSERTED
[Diagnostic] Claim ID: 71283ca9-8d54-4904-9f57-d24aa7eee1f9
 - collectionId: DIRECTORS
 - instanceId: ch_2016-03-09_makin_d
 - status: ASSERTED
[Diagnostic] Claim ID: 4708c4da-259c-40ad-a0e0-4202d8498598
 - collectionId: DIRECTORS
 - instanceId: ch_2005-08-18_makin_d
 - status: ASSERTED
[Diagnostic] Claim ID: 6a532e7f-14d9-41fb-86be-4abf60fef300
 - collectionId: DIRECTORS
 - instanceId: ch_2005-08-18_makin_s
 - status: ASSERTED
[Diagnostic] Claim ID: d7011a02-c5d8-4a63-b794-63eb4b78bd56
 - collectionId: DIRECTORS
 - instanceId: ch_2014-10-08_makin_t
 - status: ASSERTED
[Diagnostic] Claim ID: a79c63c3-90c0-4b21-8b60-35288e26aaf7
 - collectionId: DIRECTORS
 - instanceId: ch_2016-03-09_mason_a
 - status: ASSERTED
[Diagnostic] Claim ID: 6b5409a3-034a-46c9-8783-339aa467e00e
 - collectionId: DIRECTORS
 - instanceId: ch_2014-02-13_nesbitt_c
 - status: ASSERTED
[Diagnostic] Claim ID: c9458dc7-d836-4be9-af2c-780a0a66b033
 - collectionId: DIRECTORS
 - instanceId: ch_2016-10-12_norbury_c
 - status: ASSERTED
[Diagnostic] Claim ID: 631f5f2c-07c2-4acd-8076-4cde567d3bb5
 - collectionId: DIRECTORS
 - instanceId: ch_2017-10-26_robertson_s
 - status: ASSERTED
[Diagnostic] Claim ID: a3df673e-db81-4eae-b28b-de77acb76d88
 - collectionId: DIRECTORS
 - instanceId: ch_2023-02-13_scott_n
 - status: ASSERTED
[Diagnostic] Claim ID: 8546d67f-7720-4651-a1e7-86d5cbbafb30
 - collectionId: DIRECTORS
 - instanceId: ch_2024-03-01_segura_d
 - status: ASSERTED
[Diagnostic] Claim ID: 3d9b2c33-69c5-4fc1-acf6-17819c281cbf
 - collectionId: DIRECTORS
 - instanceId: ch_2017-05-01_spellacy_j
 - status: ASSERTED
[Diagnostic] Claim ID: 08790184-49c6-4b2d-84fd-b79aeda9b8a1
 - collectionId: DIRECTORS
 - instanceId: ch_2009-01-13_wardle_j
 - status: ASSERTED
[Diagnostic] Claim ID: 5002b4bf-ce5f-4487-a8a9-53bce0d364b4
 - collectionId: DIRECTORS
 - instanceId: poc_2026-05-01_mercer_h
 - status: ASSERTED
[Diagnostic] Claim ID: a0a3b2bd-da3d-4622-b9c0-5525c0d90539
 - collectionId: DIRECTORS
 - instanceId: poc_2026-04-14_tattersall_h
 - status: ASSERTED
[Diagnostic] Claim ID: 2a85fc91-7209-48b6-af12-a06a4b872fc1
 - collectionId: DIRECTORS
 - instanceId: poc_2026-04-14_walker_t
 - status: ASSERTED
[Diagnostic] Claim ID: 4f45eb32-742f-463f-ac29-eadf1024fee6
 - collectionId: DIRECTORS
 - instanceId: ch_2026-04-14_tattersall_h
 - status: ASSERTED
[Diagnostic] Claim ID: fe1b7690-7043-46de-8144-ae4e4c02339c
 - collectionId: DIRECTORS
 - instanceId: ch_2026-04-14_walker_t
 - status: ASSERTED
[Diagnostic] Claim ID: 00f6ce87-6449-4061-8753-9b9e49557516
 - collectionId: DIRECTORS
 - instanceId: ch_2015-02-24_holt_k
 - status: ASSERTED
[Diagnostic] Claim ID: 796271da-1c1f-4fb7-a53f-8e7a983a9185
 - collectionId: DIRECTORS
 - instanceId: ch_2017-10-10_kelsall_n
 - status: ASSERTED
[Diagnostic] Claim ID: b0c4579c-f3bb-4898-8c1a-7f81a884cc79
 - collectionId: DIRECTORS
 - instanceId: ch_2005-08-18_makin_d
 - status: ASSERTED
[Diagnostic] Claim ID: dd534e51-b5bb-43d7-a22c-c31163befacc
 - collectionId: DIRECTORS
 - instanceId: ch_2010-07-15_nesbitt_c
 - status: ASSERTED
[Diagnostic] Claim ID: 517f6fd4-1729-466e-808a-cee8d3d4ba21
 - collectionId: DIRECTORS
 - instanceId: ch_2005-08-12_eversecretarylimited__
 - status: ASSERTED
[Diagnostic] Claim ID: 041e0d2a-0abc-4826-b15e-906155a3f3c7
 - collectionId: DIRECTORS
 - instanceId: ch_2006-07-04_atkinson_p
 - status: ASSERTED
[Diagnostic] Claim ID: 518d4fd7-7eed-4c4b-a3a6-1c29180bc25c
 - collectionId: DIRECTORS
 - instanceId: ch_2018-06-01_bown_b
 - status: ASSERTED
[Diagnostic] Claim ID: 9474ebdc-a734-4d7d-9d37-67e851fca6aa
 - collectionId: DIRECTORS
 - instanceId: ch_2017-01-04_davies_d
 - status: ASSERTED
[Diagnostic] Claim ID: bec7ac5b-72db-4a62-ace1-6e6d93effc43
 - collectionId: DIRECTORS
 - instanceId: ch_2019-07-16_glenn_p
 - status: ASSERTED
[Diagnostic] Claim ID: ddf1ff21-b26f-435d-bee5-0f83c2936876
 - collectionId: DIRECTORS
 - instanceId: ch_2017-10-26_hynes_b
 - status: ASSERTED
[Diagnostic] Claim ID: 0f473960-b627-4558-b1f4-55154b702648
 - collectionId: DIRECTORS
 - instanceId: ch_2016-03-09_makin_d
 - status: ASSERTED
[Diagnostic] Claim ID: 376f7b57-f05b-4fb9-9f41-66f1b7052a52
 - collectionId: DIRECTORS
 - instanceId: ch_2005-08-18_makin_d
 - status: ASSERTED
[Diagnostic] Claim ID: 7709d5c8-c5e6-4f36-bac2-9e03956fcf6a
 - collectionId: DIRECTORS
 - instanceId: ch_2005-08-18_makin_s
 - status: ASSERTED
[Diagnostic] Claim ID: f50cc28e-223e-4303-86b2-d8e23719a7fe
 - collectionId: DIRECTORS
 - instanceId: ch_2014-10-08_makin_t
 - status: ASSERTED
[Diagnostic] Claim ID: 5ba424ca-44aa-4c33-af20-541acd355bcd
 - collectionId: DIRECTORS
 - instanceId: ch_2016-03-09_mason_a
 - status: ASSERTED
[Diagnostic] Claim ID: 71686643-1c1e-47b3-bb21-8cfda6dbc5f8
 - collectionId: DIRECTORS
 - instanceId: ch_2014-02-13_nesbitt_c
 - status: ASSERTED
[Diagnostic] Claim ID: 7a761af0-53df-4de8-bc70-a684fa742908
 - collectionId: DIRECTORS
 - instanceId: ch_2016-10-12_norbury_c
 - status: ASSERTED
[Diagnostic] Claim ID: 04e402a5-82ec-4e25-b3a4-5ff8ad9caaa0
 - collectionId: DIRECTORS
 - instanceId: ch_2017-10-26_robertson_s
 - status: ASSERTED
[Diagnostic] Claim ID: 86b5aef2-def6-4860-b01d-78ba09529232
 - collectionId: DIRECTORS
 - instanceId: ch_2023-02-13_scott_n
 - status: ASSERTED
[Diagnostic] Claim ID: 298a9777-b7f8-434c-b9bf-9773162c9044
 - collectionId: DIRECTORS
 - instanceId: ch_2024-03-01_segura_d
 - status: ASSERTED
[Diagnostic] Claim ID: 41f4bbd8-08b4-47f9-955f-f890fe727680
 - collectionId: DIRECTORS
 - instanceId: ch_2017-05-01_spellacy_j
 - status: ASSERTED
[Diagnostic] Claim ID: e04a8c67-887a-46dd-a31f-0a861ae2d833
 - collectionId: DIRECTORS
 - instanceId: ch_2009-01-13_wardle_j
 - status: ASSERTED
[Diagnostic] Claim ID: a82b744f-b539-47c4-8d70-0429d9cfa2d0
 - collectionId: 20374651-e84a-4b2d-bb77-f7938b757877
 - instanceId: row_1781510548485_o300
 - status: VERIFIED
[Diagnostic] Claim ID: c8a7e1a5-be69-4671-b679-8beb04b1fc23
 - collectionId: 20374651-e84a-4b2d-bb77-f7938b757877
 - instanceId: poc_2026-04-14_walker_t
 - status: VERIFIED
[Diagnostic] Claim ID: 45ceb32d-ca7e-4ba3-967f-2b98ecb42132
 - collectionId: DIRECTORS
 - instanceId: ch_2023-07-10_incecocorporateserviceslimited__
 - status: ASSERTED
[Diagnostic] Claim ID: 41e54db0-69cd-4c8c-b8d3-0faf2e71790f
 - collectionId: DIRECTORS
 - instanceId: ch_2018-12-21_zzoommgrouplimited__
 - status: ASSERTED
[Diagnostic] Claim ID: 1dfdb51d-ed30-4e5d-b505-c7eb775f95b8
 - collectionId: DIRECTORS
 - instanceId: ch_2023-10-05_smith_j
 - status: ASSERTED
[Diagnostic] Claim ID: 29bdc44d-61c5-4022-af27-9110cb3220a7
 - collectionId: DIRECTORS
 - instanceId: ch_2021-10-13_smith_j
 - status: ASSERTED
[Diagnostic] Claim ID: 982c999d-dcad-4b32-a4c3-af8d10f7fa5e
 - collectionId: DIRECTORS
 - instanceId: ch_2025-03-07_warner_j
 - status: ASSERTED
[Diagnostic] Claim ID: d648143b-4094-4aba-9d52-cdaca7e0b15d
 - collectionId: DIRECTORS
 - instanceId: ch_2023-07-10_incecocorporateserviceslimited__
 - status: ASSERTED
[Diagnostic] Claim ID: 46a33517-79ce-48ad-9396-9c5e38d5ce14
 - collectionId: DIRECTORS
 - instanceId: ch_2018-12-21_incegdcorporateserviceslimited__
 - status: ASSERTED
[Diagnostic] Claim ID: 097ed6e4-2079-4b63-9366-2de9b4a0d18f
 - collectionId: DIRECTORS
 - instanceId: ch_2018-12-21_hare_m
 - status: ASSERTED
[Diagnostic] Claim ID: 0c6eeb6f-59e4-4edf-ba94-f7ef6b546b7a
 - collectionId: DIRECTORS
 - instanceId: ch_2018-12-21_zzoommgrouplimited__
 - status: ASSERTED
[Diagnostic] Claim ID: 9837c21c-df8f-4292-b2de-fc117be920c4
 - collectionId: DIRECTORS
 - instanceId: ch_2023-10-05_smith_j
 - status: ASSERTED
[Diagnostic] Claim ID: 95f67bab-518f-4e0a-a135-b07eb6ba0db4
 - collectionId: DIRECTORS
 - instanceId: ch_2021-10-13_smith_j
 - status: ASSERTED
[Diagnostic] Claim ID: bd91f953-dd61-4d54-ba43-69bf1ebadc00
 - collectionId: DIRECTORS
 - instanceId: ch_2025-03-07_warner_j
 - status: ASSERTED
[Diagnostic] Claim ID: 50234e82-c359-4696-b727-9e8e67f76983
 - collectionId: DIRECTORS
 - instanceId: ch_2023-07-10_incecocorporateserviceslimited__
 - status: ASSERTED
[Diagnostic] Claim ID: 5e94763b-50be-4647-a67a-ba1f3e5132cf
 - collectionId: DIRECTORS
 - instanceId: ch_2018-12-21_incegdcorporateserviceslimited__
 - status: ASSERTED
[Diagnostic] Claim ID: a17f776e-5f5d-4f43-8938-8bd3fcabd996
 - collectionId: DIRECTORS
 - instanceId: ch_2018-12-21_hare_m
 - status: ASSERTED
[Diagnostic] Claim ID: 8c407237-f3e6-4192-9776-9aa76a540fb5
 - collectionId: DIRECTORS
 - instanceId: ch_2018-12-21_zzoommgrouplimited__
 - status: ASSERTED
[Diagnostic] Claim ID: e99a4ef6-5386-48cc-8b95-83c19a15e206
 - collectionId: DIRECTORS
 - instanceId: poc_2022-10-26_duffy_j
 - status: ASSERTED
[Diagnostic] Claim ID: dba34662-2d30-4709-82c2-eca7b3586ce8
 - collectionId: DIRECTORS
 - instanceId: poc_2022-10-26_hacon_g
 - status: ASSERTED
[Diagnostic] Claim ID: 74a9a42f-f568-4316-8502-2cc2e69c8b0f
 - collectionId: DIRECTORS
 - instanceId: poc_2025-11-25_lopezcarvajal_j
 - status: ASSERTED
[Diagnostic] Claim ID: bcf3fea7-81f0-464c-8f02-db930d220e5f
 - collectionId: DIRECTORS
 - instanceId: poc_2014-11-18_brown_a
 - status: ASSERTED
[Diagnostic] Claim ID: 71fa20e4-2715-4f30-ba41-25d587121993
 - collectionId: DIRECTORS
 - instanceId: poc_2014-11-18_brown_s
 - status: ASSERTED
[Diagnostic] Claim ID: 1ff96d6e-0889-4c74-ac11-539bd19e68c9
 - collectionId: DIRECTORS
 - instanceId: ch_2022-12-12_shaw_r
 - status: ASSERTED
[Diagnostic] Claim ID: f6916136-8935-430c-996a-65f2c7992314
 - collectionId: DIRECTORS
 - instanceId: ch_2024-02-09_bell_r
 - status: ASSERTED
[Diagnostic] Claim ID: b79290ef-8a9f-4608-ba96-c3b8f47230d1
 - collectionId: DIRECTORS
 - instanceId: ch_2020-02-07_connon_a
 - status: ASSERTED
[Diagnostic] Claim ID: 0621debf-9256-4401-aa0b-870569be2883
 - collectionId: DIRECTORS
 - instanceId: ch_2023-06-26_davidson_j
 - status: ASSERTED
[Diagnostic] Claim ID: ac0a46bb-ed1a-45e3-bc68-f6c66e0f8d06
 - collectionId: DIRECTORS
 - instanceId: ch_2023-02-10_eunson_c
 - status: ASSERTED
[Diagnostic] Claim ID: 6e220761-9d8e-4f3c-a8f4-d41bdd27e7fb
 - collectionId: DIRECTORS
 - instanceId: ch_2022-02-11_fraser_h
 - status: ASSERTED
[Diagnostic] Claim ID: 587da575-0cbb-414c-a72e-e9adc20b2750
 - collectionId: DIRECTORS
 - instanceId: ch_2025-02-07_hay_s
 - status: ASSERTED
[Diagnostic] Claim ID: a55def71-7066-4022-90f0-f11c03f64f06
 - collectionId: DIRECTORS
 - instanceId: ch_2023-02-10_kennedy_p
 - status: ASSERTED
[Diagnostic] Claim ID: 99b1d86e-5a21-4341-a495-2ef9c3d5efd2
 - collectionId: DIRECTORS
 - instanceId: ch_2023-06-26_kerr_j
 - status: ASSERTED
[Diagnostic] Claim ID: ef559e1d-1e84-4afb-b8af-9acb42bdf3f9
 - collectionId: DIRECTORS
 - instanceId: ch_2020-02-07_macalister_d
 - status: ASSERTED
[Diagnostic] Claim ID: dab8e17f-23d1-4220-aa15-80b073f1b416
 - collectionId: DIRECTORS
 - instanceId: ch_2024-02-09_mackie_b
 - status: ASSERTED
[Diagnostic] Claim ID: 8e432f67-0070-454d-929c-c7f8a91fb005
 - collectionId: DIRECTORS
 - instanceId: ch_2025-02-07_macpherson_s
 - status: ASSERTED
[Diagnostic] Claim ID: f16f27ad-265b-423f-8514-8095d42c8a0c
 - collectionId: DIRECTORS
 - instanceId: ch_2023-02-10_mccallum_m
 - status: ASSERTED
[Diagnostic] Claim ID: 96a7be76-a76e-4a6b-a8a7-e642e9af70f8
 - collectionId: DIRECTORS
 - instanceId: ch_2024-02-09_mcclymont_b
 - status: ASSERTED
[Diagnostic] Claim ID: 11f38b99-44cb-4712-bae5-0c236c687ecc
 - collectionId: DIRECTORS
 - instanceId: ch_2023-02-10_mckilligan_g
 - status: ASSERTED
[Diagnostic] Claim ID: af5978f0-82d5-44dd-ad9e-50705016e0b2
 - collectionId: DIRECTORS
 - instanceId: ch_2025-02-07_neill_r
 - status: ASSERTED
[Diagnostic] Claim ID: 9cf7440d-afc9-49c0-bc34-911c52134b30
 - collectionId: DIRECTORS
 - instanceId: ch_2026-02-06_playfairhannay_d
 - status: ASSERTED
[Diagnostic] Claim ID: 6d82cba1-a63f-4272-8c69-8a53bf40e987
 - collectionId: DIRECTORS
 - instanceId: ch_2025-02-07_porchez_a
 - status: ASSERTED
[Diagnostic] Claim ID: 6e4e000c-3dab-4c3c-b222-cf40c4538c8d
 - collectionId: DIRECTORS
 - instanceId: ch_2017-02-07_shaw_r
 - status: ASSERTED
[Diagnostic] Claim ID: 69832e94-62c0-4e25-ade8-c23201491758
 - collectionId: DIRECTORS
 - instanceId: ch_2024-02-09_stevenson_j
 - status: ASSERTED
[Diagnostic] Claim ID: 0701acca-9a0c-44da-a91f-f19fd899143d
 - collectionId: DIRECTORS
 - instanceId: ch_2022-02-11_wyllie_j
 - status: ASSERTED
[Diagnostic] Claim ID: 453327be-097b-4d58-a5c9-30d22452a868
 - collectionId: DIRECTORS
 - instanceId: ch_2024-02-09_wyllie_s
 - status: ASSERTED
[Diagnostic] Claim ID: 9c19ddd8-7346-4231-a11c-41d9543aa182
 - collectionId: DIRECTORS
 - instanceId: ch_2001-01-09_rainybrown_e
 - status: ASSERTED
[Diagnostic] Claim ID: 3a7899f1-f3de-44bd-8f7a-936ea2c25a41
 - collectionId: DIRECTORS
 - instanceId: ch_2003-12-16_robertson_a
 - status: ASSERTED
[Diagnostic] Claim ID: 0de1b38b-04f1-438e-942a-f4c22d94fb5e
 - collectionId: DIRECTORS
 - instanceId: ch_2003-06-06_simpson_c
 - status: ASSERTED
[Diagnostic] Claim ID: 6c4615df-fd7d-4c80-a762-81a75248e434
 - collectionId: DIRECTORS
 - instanceId: ch_2011-08-26_walker_s
 - status: ASSERTED
[Diagnostic] Claim ID: f32b54a8-a6e7-45a3-8fa6-734dba23ca81
 - collectionId: DIRECTORS
 - instanceId: ch_2008-02-25_withers_j
 - status: ASSERTED
[Diagnostic] Claim ID: 5de82660-866a-4a0b-ac67-d16b6e8f3d84
 - collectionId: DIRECTORS
 - instanceId: ch_2007-02-23_abernethy_j
 - status: ASSERTED
[Diagnostic] Claim ID: b6adf1c8-f975-4093-8974-e56baa18e2e0
 - collectionId: DIRECTORS
 - instanceId: ch_2011-02-15_adam_c
 - status: ASSERTED
[Diagnostic] Claim ID: 0b28aa46-c9d9-4cb4-b3f2-b23f8eb1056a
 - collectionId: DIRECTORS
 - instanceId: ch_2012-02-14_adam_j
 - status: ASSERTED
[Diagnostic] Claim ID: 27cd696a-fe23-48e8-881d-dd5c9096ba7c
 - collectionId: DIRECTORS
 - instanceId: ch_2001-06-01_allison_a
 - status: ASSERTED
[Diagnostic] Claim ID: 49d1b9d3-9d7e-4d5c-884c-bb340cee9595
 - collectionId: DIRECTORS
 - instanceId: ch_2009-02-24_anderson_j
 - status: ASSERTED
[Diagnostic] Claim ID: 958be791-9a56-4359-a2a1-5c6e81aa5585
 - collectionId: DIRECTORS
 - instanceId: ch_2004-02-20_anderson_m
 - status: ASSERTED
[Diagnostic] Claim ID: ea5734c4-92c2-419f-baf9-5afd07660f46
 - collectionId: DIRECTORS
 - instanceId: ch_2001-06-01_baillie_m
 - status: ASSERTED
[Diagnostic] Claim ID: d07bcb93-8718-4788-853f-7fd0dd5a5892
 - collectionId: DIRECTORS
 - instanceId: ch_2012-02-14_banks_g
 - status: ASSERTED
[Diagnostic] Claim ID: beb05d0d-e6ab-4065-a0d8-38658f7c932e
 - collectionId: DIRECTORS
 - instanceId: ch_2022-12-12_shaw_r
 - status: ASSERTED
[Diagnostic] Claim ID: 4cf2ea10-61a3-4000-b20e-bd2da6e8a9fd
 - collectionId: DIRECTORS
 - instanceId: ch_2024-02-09_bell_r
 - status: ASSERTED
[Diagnostic] Claim ID: b847c77f-1032-4edd-86da-778d698cefdf
 - collectionId: DIRECTORS
 - instanceId: ch_2020-02-07_connon_a
 - status: ASSERTED
[Diagnostic] Claim ID: 28046947-60d4-4719-9598-7efe96f2053e
 - collectionId: DIRECTORS
 - instanceId: ch_2023-06-26_davidson_j
 - status: ASSERTED
[Diagnostic] Claim ID: 349a1412-be45-44a3-bfa3-b035b3e78599
 - collectionId: DIRECTORS
 - instanceId: ch_2023-02-10_eunson_c
 - status: ASSERTED
[Diagnostic] Claim ID: 7f119f20-fa99-4908-9f4d-c40d606a4a65
 - collectionId: DIRECTORS
 - instanceId: ch_2022-02-11_fraser_h
 - status: ASSERTED
[Diagnostic] Claim ID: 52a1da57-8e64-48e3-a4b4-d36928a8129f
 - collectionId: DIRECTORS
 - instanceId: ch_2025-02-07_hay_s
 - status: ASSERTED
[Diagnostic] Claim ID: f4b3dcce-adfd-461b-b14c-022f1b8ed7b5
 - collectionId: DIRECTORS
 - instanceId: ch_2023-02-10_kennedy_p
 - status: ASSERTED
[Diagnostic] Claim ID: 7d943430-219e-48d4-ac66-3da1475be80d
 - collectionId: DIRECTORS
 - instanceId: ch_2023-06-26_kerr_j
 - status: ASSERTED
[Diagnostic] Claim ID: b858443b-f1e1-4722-aa2e-0d95cd814bcc
 - collectionId: DIRECTORS
 - instanceId: ch_2020-02-07_macalister_d
 - status: ASSERTED
[Diagnostic] Claim ID: f2f181dc-8c14-4305-8a22-3a09f8aa2e0b
 - collectionId: DIRECTORS
 - instanceId: ch_2024-02-09_mackie_b
 - status: ASSERTED
[Diagnostic] Claim ID: 81a25994-3bc5-41aa-921a-3c5e73a3718a
 - collectionId: DIRECTORS
 - instanceId: ch_2025-02-07_macpherson_s
 - status: ASSERTED
[Diagnostic] Claim ID: 4cedcb9c-bf8b-4e21-ba0a-473d8805556a
 - collectionId: DIRECTORS
 - instanceId: ch_2023-02-10_mccallum_m
 - status: ASSERTED
[Diagnostic] Claim ID: 2b0701b3-ac89-4439-9849-8e33541d28b9
 - collectionId: DIRECTORS
 - instanceId: ch_2024-02-09_mcclymont_b
 - status: ASSERTED
[Diagnostic] Claim ID: 2474fa1a-d731-498e-a542-e82b4849331f
 - collectionId: DIRECTORS
 - instanceId: ch_2023-02-10_mckilligan_g
 - status: ASSERTED
[Diagnostic] Claim ID: 44cb7baf-6e27-4d76-8af1-6d01055833e3
 - collectionId: DIRECTORS
 - instanceId: ch_2025-02-07_neill_r
 - status: ASSERTED
[Diagnostic] Claim ID: afc8ecc6-8fcc-4a6b-b614-b4f7e3de5ac6
 - collectionId: DIRECTORS
 - instanceId: ch_2026-02-06_playfairhannay_d
 - status: ASSERTED
[Diagnostic] Claim ID: 6db09ae4-a7cf-4f88-94e3-8be9b2c83847
 - collectionId: DIRECTORS
 - instanceId: ch_2025-02-07_porchez_a
 - status: ASSERTED
[Diagnostic] Claim ID: 034e8b8c-563c-425c-964d-2b99fa762017
 - collectionId: DIRECTORS
 - instanceId: ch_2017-02-07_shaw_r
 - status: ASSERTED
[Diagnostic] Claim ID: 6021974d-5f0a-4e31-97e3-b078c69becbb
 - collectionId: DIRECTORS
 - instanceId: ch_2024-02-09_stevenson_j
 - status: ASSERTED
[Diagnostic] Claim ID: 74d5b80d-d514-4109-a98b-314525f52cd7
 - collectionId: DIRECTORS
 - instanceId: ch_2022-02-11_wyllie_j
 - status: ASSERTED
[Diagnostic] Claim ID: 71f8b975-cd65-43a9-a248-ae93fb5c4b4f
 - collectionId: DIRECTORS
 - instanceId: ch_2024-02-09_wyllie_s
 - status: ASSERTED
[Diagnostic] Claim ID: 1636bffd-b241-429b-be97-bb782469a0ab
 - collectionId: DIRECTORS
 - instanceId: ch_2001-01-09_rainybrown_e
 - status: ASSERTED
[Diagnostic] Claim ID: 0cae1a7f-cd46-4add-a165-b8374410bb29
 - collectionId: DIRECTORS
 - instanceId: ch_2003-12-16_robertson_a
 - status: ASSERTED
[Diagnostic] Claim ID: b4260105-bfbb-4a82-87d5-c2e0d5ef5389
 - collectionId: DIRECTORS
 - instanceId: ch_2003-06-06_simpson_c
 - status: ASSERTED
[Diagnostic] Claim ID: a0e7ebbb-7824-412d-ada6-30c9f9ce3d9a
 - collectionId: DIRECTORS
 - instanceId: ch_2011-08-26_walker_s
 - status: ASSERTED
[Diagnostic] Claim ID: c88dfb21-8dbf-4a42-8f14-161fa22fcb87
 - collectionId: DIRECTORS
 - instanceId: ch_2008-02-25_withers_j
 - status: ASSERTED
[Diagnostic] Claim ID: b05fe530-93d7-4b14-91c5-bb27691bab18
 - collectionId: DIRECTORS
 - instanceId: ch_2007-02-23_abernethy_j
 - status: ASSERTED
[Diagnostic] Claim ID: e358a093-3101-4b7f-b15a-c8bd24f86e33
 - collectionId: DIRECTORS
 - instanceId: ch_2011-02-15_adam_c
 - status: ASSERTED
[Diagnostic] Claim ID: 8df1d594-2cb4-4751-82c1-6413e7160ba2
 - collectionId: DIRECTORS
 - instanceId: ch_2012-02-14_adam_j
 - status: ASSERTED
[Diagnostic] Claim ID: b2b3d0b6-1fbb-4c83-aabd-fe961c8a61e0
 - collectionId: DIRECTORS
 - instanceId: ch_2001-06-01_allison_a
 - status: ASSERTED
[Diagnostic] Claim ID: 35467c21-59c2-4a63-91fd-0559039d1849
 - collectionId: DIRECTORS
 - instanceId: ch_2009-02-24_anderson_j
 - status: ASSERTED
[Diagnostic] Claim ID: c4f42d77-a0e7-4f77-8a32-2e03b01947b2
 - collectionId: DIRECTORS
 - instanceId: ch_2004-02-20_anderson_m
 - status: ASSERTED
[Diagnostic] Claim ID: a5d22d66-5370-4050-8e29-21f5778d63a6
 - collectionId: DIRECTORS
 - instanceId: ch_2001-06-01_baillie_m
 - status: ASSERTED
[Diagnostic] Claim ID: b0484f39-7b66-46d8-aad6-8e6269746999
 - collectionId: DIRECTORS
 - instanceId: ch_2012-02-14_banks_g
 - status: ASSERTED
[Diagnostic] Claim ID: b856a74c-6245-4768-a524-b0ebcc272855
 - collectionId: DIRECTORS
 - instanceId: ch_2022-12-12_shaw_r
 - status: ASSERTED
[Diagnostic] Claim ID: 49c25079-0a83-48a9-8fad-ef45f72bfd40
 - collectionId: DIRECTORS
 - instanceId: ch_2024-02-09_bell_r
 - status: ASSERTED
[Diagnostic] Claim ID: a1df518b-b0c5-4972-b670-2d01d4b4c5b7
 - collectionId: DIRECTORS
 - instanceId: ch_2020-02-07_connon_a
 - status: ASSERTED
[Diagnostic] Claim ID: 66473c5d-769b-4b27-8a01-ac0f8b229dff
 - collectionId: DIRECTORS
 - instanceId: ch_2023-06-26_davidson_j
 - status: ASSERTED
[Diagnostic] Claim ID: c3979748-9fb4-467f-b048-b3fe881b49cc
 - collectionId: DIRECTORS
 - instanceId: ch_2023-02-10_eunson_c
 - status: ASSERTED
[Diagnostic] Claim ID: f74bc2f1-d37b-4956-8e91-856bb148beff
 - collectionId: DIRECTORS
 - instanceId: ch_2022-02-11_fraser_h
 - status: ASSERTED
[Diagnostic] Claim ID: 3b3d71a6-6b47-456c-968a-21a1ad1ee090
 - collectionId: DIRECTORS
 - instanceId: ch_2025-02-07_hay_s
 - status: ASSERTED
[Diagnostic] Claim ID: e7097b3b-cec0-40d5-b933-c3e5d08fad05
 - collectionId: DIRECTORS
 - instanceId: ch_2023-02-10_kennedy_p
 - status: ASSERTED
[Diagnostic] Claim ID: d5850ccb-f4e4-4cc5-a51a-4656d9d76631
 - collectionId: DIRECTORS
 - instanceId: ch_2023-06-26_kerr_j
 - status: ASSERTED
[Diagnostic] Claim ID: 4e23eb0d-9c4a-444a-9e41-5735263adf20
 - collectionId: DIRECTORS
 - instanceId: ch_2020-02-07_macalister_d
 - status: ASSERTED
[Diagnostic] Claim ID: b85bd704-b0e4-4465-a5f0-e32d2308ced2
 - collectionId: DIRECTORS
 - instanceId: ch_2024-02-09_mackie_b
 - status: ASSERTED
[Diagnostic] Claim ID: e13e3328-7d28-4ae6-9236-176d74c19ef3
 - collectionId: DIRECTORS
 - instanceId: ch_2025-02-07_macpherson_s
 - status: ASSERTED
[Diagnostic] Claim ID: 63c24891-7b82-4b84-a91e-9cc8632845d6
 - collectionId: DIRECTORS
 - instanceId: ch_2023-02-10_mccallum_m
 - status: ASSERTED
[Diagnostic] Claim ID: adfe9d29-bddf-4300-b2f1-a87e13563f9b
 - collectionId: DIRECTORS
 - instanceId: ch_2024-02-09_mcclymont_b
 - status: ASSERTED
[Diagnostic] Claim ID: aae98010-c8d6-4203-9c97-326b3345e40d
 - collectionId: DIRECTORS
 - instanceId: ch_2023-02-10_mckilligan_g
 - status: ASSERTED
[Diagnostic] Claim ID: 1c6681b3-87d0-48f5-81ae-ee9080458fdc
 - collectionId: DIRECTORS
 - instanceId: ch_2025-02-07_neill_r
 - status: ASSERTED
[Diagnostic] Claim ID: 0a781133-faa2-4457-b463-3c6e56da4375
 - collectionId: DIRECTORS
 - instanceId: ch_2026-02-06_playfairhannay_d
 - status: ASSERTED
[Diagnostic] Claim ID: 2561e522-aad7-4f55-bdb7-2fa8ae865f4c
 - collectionId: DIRECTORS
 - instanceId: ch_2025-02-07_porchez_a
 - status: ASSERTED
[Diagnostic] Claim ID: 0e9e9893-4a64-474e-a862-094aa11a2869
 - collectionId: DIRECTORS
 - instanceId: ch_2017-02-07_shaw_r
 - status: ASSERTED
[Diagnostic] Claim ID: 57e99ff6-0da1-4239-be85-646af3699ba0
 - collectionId: DIRECTORS
 - instanceId: ch_2024-02-09_stevenson_j
 - status: ASSERTED
[Diagnostic] Claim ID: 00ca91ce-b6ef-43f0-8bb3-7acea533eb67
 - collectionId: DIRECTORS
 - instanceId: ch_2022-02-11_wyllie_j
 - status: ASSERTED
[Diagnostic] Claim ID: c214bb54-aa3f-4654-838c-7da9887e0ec1
 - collectionId: DIRECTORS
 - instanceId: ch_2024-02-09_wyllie_s
 - status: ASSERTED
[Diagnostic] Claim ID: 23b22477-ddc7-49fe-a9d8-e1155d73a80a
 - collectionId: DIRECTORS
 - instanceId: ch_2001-01-09_rainybrown_e
 - status: ASSERTED
[Diagnostic] Claim ID: eefac8f1-d7ce-4f48-9695-c39aaaaea0ea
 - collectionId: DIRECTORS
 - instanceId: ch_2003-12-16_robertson_a
 - status: ASSERTED
[Diagnostic] Claim ID: 37a45309-db33-4725-82ad-f0cb04249cfa
 - collectionId: DIRECTORS
 - instanceId: ch_2003-06-06_simpson_c
 - status: ASSERTED
[Diagnostic] Claim ID: c2ea9710-692c-48af-89db-3b8101ad9845
 - collectionId: DIRECTORS
 - instanceId: ch_2011-08-26_walker_s
 - status: ASSERTED
[Diagnostic] Claim ID: a13d14f9-42bd-4298-a863-9ecbf03b606f
 - collectionId: DIRECTORS
 - instanceId: ch_2008-02-25_withers_j
 - status: ASSERTED
[Diagnostic] Claim ID: 201e224a-3702-4fdd-b591-a0d4db63635f
 - collectionId: DIRECTORS
 - instanceId: ch_2007-02-23_abernethy_j
 - status: ASSERTED
[Diagnostic] Claim ID: 23df4708-c61e-491d-a102-2fe82a96db95
 - collectionId: DIRECTORS
 - instanceId: ch_2011-02-15_adam_c
 - status: ASSERTED
[Diagnostic] Claim ID: 59ec1ed1-335f-4067-9231-f4f3a46563da
 - collectionId: DIRECTORS
 - instanceId: ch_2012-02-14_adam_j
 - status: ASSERTED
[Diagnostic] Claim ID: 1582fda1-b57e-41a9-a1fc-70981b98a7e1
 - collectionId: DIRECTORS
 - instanceId: ch_2001-06-01_allison_a
 - status: ASSERTED
[Diagnostic] Claim ID: 8db90132-1345-4276-8605-610d4bcd9e82
 - collectionId: DIRECTORS
 - instanceId: ch_2009-02-24_anderson_j
 - status: ASSERTED
[Diagnostic] Claim ID: 1ee277cc-1b6a-4529-b383-39330731ab0a
 - collectionId: DIRECTORS
 - instanceId: ch_2004-02-20_anderson_m
 - status: ASSERTED
[Diagnostic] Claim ID: 87faebb9-ba18-49c6-967a-28b1c1d2279f
 - collectionId: DIRECTORS
 - instanceId: ch_2001-06-01_baillie_m
 - status: ASSERTED
[Diagnostic] Claim ID: fcc84fb4-be6b-4e7c-b6cb-3f81bbed774d
 - collectionId: DIRECTORS
 - instanceId: ch_2012-02-14_banks_g
 - status: ASSERTED
[Diagnostic] Claim ID: 2ea0ac85-c2f7-4a60-812d-c94f87e0b507
 - collectionId: DIRECTORS
 - instanceId: ch_2005-08-12_eversecretarylimited__
 - status: ASSERTED
[Diagnostic] Claim ID: eefea538-2bc0-4aaf-97b3-1a8648ab2ca9
 - collectionId: DIRECTORS
 - instanceId: ch_2026-02-16_abraham_a
 - status: ASSERTED
[Diagnostic] Claim ID: 3e7e32b6-eccf-422b-8449-924ca79f4b68
 - collectionId: DIRECTORS
 - instanceId: ch_2026-02-16_patel_i
 - status: ASSERTED
[Diagnostic] Claim ID: 2701dc5d-0192-43de-b912-873dbe5524e6
 - collectionId: DIRECTORS
 - instanceId: ch_2014-08-12_murray_d
 - status: ASSERTED
[Diagnostic] Claim ID: cc28cc79-6d67-4387-b434-8831ac480e6b
 - collectionId: DIRECTORS
 - instanceId: ch_2014-08-12_ibbotson_c
 - status: ASSERTED
[Diagnostic] Claim ID: 62f658d9-b930-45e5-8e65-ea9dc172721d
 - collectionId: DIRECTORS
 - instanceId: ch_2015-03-31_lennon_p
 - status: ASSERTED
[Diagnostic] Claim ID: 5508f053-2ca9-4b04-904f-50aaad64449c
 - collectionId: DIRECTORS
 - instanceId: ch_2014-08-12_malyon_h
 - status: ASSERTED
[Diagnostic] Claim ID: f5f6db50-5093-4814-b84e-5780920e2523
 - collectionId: DIRECTORS
 - instanceId: ch_2014-08-12_murray_d
 - status: ASSERTED
[Diagnostic] Claim ID: a7268faa-fdc7-45b2-86b8-c95d1504c5f2
 - collectionId: DIRECTORS
 - instanceId: ch_2019-05-21_stephens_a
 - status: ASSERTED
[Diagnostic] Claim ID: f18b84c1-dfed-408a-9210-736122f9523f
 - collectionId: DIRECTORS
 - instanceId: ch_2026-02-16_abraham_a
 - status: ASSERTED
[Diagnostic] Claim ID: 20ca0b29-45d4-42d4-bd52-8c3b233e3fbd
 - collectionId: DIRECTORS
 - instanceId: ch_2026-02-16_patel_i
 - status: ASSERTED
[Diagnostic] Claim ID: 1fe1ef4e-1b86-4589-abf8-06358f007e80
 - collectionId: DIRECTORS
 - instanceId: ch_2014-08-12_murray_d
 - status: ASSERTED
[Diagnostic] Claim ID: a4428dd3-33a2-4b1f-84d8-dd4edd42f8cf
 - collectionId: DIRECTORS
 - instanceId: ch_2014-08-12_ibbotson_c
 - status: ASSERTED
[Diagnostic] Claim ID: 777410a9-fdd7-4160-9552-4f4274344c9e
 - collectionId: DIRECTORS
 - instanceId: ch_2015-03-31_lennon_p
 - status: ASSERTED
[Diagnostic] Claim ID: b6444bd1-b122-451e-a30d-48f641f1345d
 - collectionId: DIRECTORS
 - instanceId: ch_2014-08-12_malyon_h
 - status: ASSERTED
[Diagnostic] Claim ID: f3d555be-075b-49f5-a4ce-7bb479cca295
 - collectionId: DIRECTORS
 - instanceId: ch_2014-08-12_murray_d
 - status: ASSERTED
[Diagnostic] Claim ID: da08b4af-f292-4cce-864c-58884da01c51
 - collectionId: DIRECTORS
 - instanceId: ch_2019-05-21_stephens_a
 - status: ASSERTED
[Diagnostic] Claim ID: 05a482cd-3800-419d-acc0-ccba03ef6c27
 - collectionId: DIRECTORS
 - instanceId: ch_2026-02-16_abraham_a
 - status: ASSERTED
[Diagnostic] Claim ID: 1619778b-c3cb-46f1-90ee-056857e54c47
 - collectionId: DIRECTORS
 - instanceId: ch_2026-02-16_patel_i
 - status: ASSERTED
[Diagnostic] Claim ID: 2f679d0e-6489-4799-a964-20c16a2042ef
 - collectionId: DIRECTORS
 - instanceId: ch_2014-08-12_murray_d
 - status: ASSERTED
[Diagnostic] Claim ID: 269836cd-4737-4a7e-a992-b1508bd9a066
 - collectionId: DIRECTORS
 - instanceId: ch_2014-08-12_ibbotson_c
 - status: ASSERTED
[Diagnostic] Claim ID: c8312575-635e-4b4c-87a5-8e8e11df6d16
 - collectionId: DIRECTORS
 - instanceId: ch_2015-03-31_lennon_p
 - status: ASSERTED
[Diagnostic] Claim ID: f2b55791-5be4-461c-aa27-71cb6988d999
 - collectionId: DIRECTORS
 - instanceId: ch_2014-08-12_malyon_h
 - status: ASSERTED
[Diagnostic] Claim ID: d42bdd35-35c8-4892-8398-2faadbac45f2
 - collectionId: DIRECTORS
 - instanceId: ch_2014-08-12_murray_d
 - status: ASSERTED
[Diagnostic] Claim ID: b2d6031c-6408-4c02-bf54-a9ec940b15b5
 - collectionId: DIRECTORS
 - instanceId: ch_2019-05-21_stephens_a
 - status: ASSERTED
[Diagnostic] Claim ID: db89473a-df35-4575-94b0-7aed239fd8c4
 - collectionId: DIRECTORS
 - instanceId: ch_2005-08-12_everdirectorlimited__
 - status: ASSERTED
[Diagnostic] Claim ID: 661ec421-aba5-444c-838c-cebf7c630908
 - collectionId: DIRECTORS
 - instanceId: ch_2016-03-07_chandler_k
 - status: ASSERTED
[Diagnostic] Claim ID: cba53168-90eb-4920-b2e1-85dc7b5c332e
 - collectionId: DIRECTORS
 - instanceId: ch_2001-02-07_fellowes_c
 - status: ASSERTED
[Diagnostic] Claim ID: 2b9628a2-ad90-4426-a8a9-3f98d4f3b02f
 - collectionId: DIRECTORS
 - instanceId: ch_2002-12-06_fidler_c
 - status: ASSERTED
[Diagnostic] Claim ID: ec45dbdf-34cd-4684-a779-708e50c2b34f
 - collectionId: DIRECTORS
 - instanceId: ch_2003-12-23_sambhi_s
 - status: ASSERTED
[Diagnostic] Claim ID: a7559580-e602-4134-8103-33e9fbdf289f
 - collectionId: DIRECTORS
 - instanceId: ch_2002-12-06_taberner_s
 - status: ASSERTED
[Diagnostic] Claim ID: a3799cdb-7951-4ec2-9be3-e28622542cee
 - collectionId: DIRECTORS
 - instanceId: ch_2024-09-26_andrade_b
 - status: ASSERTED
[Diagnostic] Claim ID: 5b273bb9-c3a4-4998-af1e-e9eabc93d527
 - collectionId: DIRECTORS
 - instanceId: ch_2005-04-28_bennett_a
 - status: ASSERTED
[Diagnostic] Claim ID: 603c0096-b0c2-4c14-a6d3-951e4866f06c
 - collectionId: DIRECTORS
 - instanceId: ch_2009-12-11_borgeaud_j
 - status: ASSERTED
[Diagnostic] Claim ID: cf4b4826-c185-4398-85de-390d89671293
 - collectionId: DIRECTORS
 - instanceId: ch_2001-02-07_bruce_n
 - status: ASSERTED
[Diagnostic] Claim ID: 65063884-2279-468a-86b5-92b32f34827f
 - collectionId: DIRECTORS
 - instanceId: ch_2021-10-27_byrne_k
 - status: ASSERTED
[Diagnostic] Claim ID: 8e72f709-3c81-44fa-b653-be7ba96f28e6
 - collectionId: DIRECTORS
 - instanceId: ch_2002-12-06_chamberlain_j
 - status: ASSERTED
[Diagnostic] Claim ID: ec997346-7073-426c-ace3-dae2f58f202d
 - collectionId: DIRECTORS
 - instanceId: ch_2004-04-27_clark_s
 - status: ASSERTED
[Diagnostic] Claim ID: f50d1e66-14f9-4469-a80f-7e318a39cc06
 - collectionId: DIRECTORS
 - instanceId: ch_2009-02-13_collinson_g
 - status: ASSERTED
[Diagnostic] Claim ID: a8f6a8d6-caa6-4c5d-bd0c-2a2a93e4bee0
 - collectionId: DIRECTORS
 - instanceId: ch_2001-02-07_corke_r
 - status: ASSERTED
[Diagnostic] Claim ID: 65ef49fb-e085-4437-bf52-ca9ac015a803
 - collectionId: DIRECTORS
 - instanceId: ch_2002-03-11_fleming_c
 - status: ASSERTED
[Diagnostic] Claim ID: ba5152d0-5a2a-4351-8e9c-cadd94754cf1
 - collectionId: DIRECTORS
 - instanceId: ch_2004-08-13_garstang_m
 - status: ASSERTED
[Diagnostic] Claim ID: 7eb6bf59-e1a6-4f93-ba12-fd9c42568120
 - collectionId: DIRECTORS
 - instanceId: ch_2022-10-26_duffy_j
 - status: ASSERTED
[Diagnostic] Claim ID: 0bb935de-303c-400d-94fc-b44e22711bed
 - collectionId: DIRECTORS
 - instanceId: ch_2022-10-26_hacon_g
 - status: ASSERTED
[Diagnostic] Claim ID: 2f1ba589-16fb-400f-9b36-76059d0d79d9
 - collectionId: DIRECTORS
 - instanceId: ch_2025-11-25_lopezcarvajal_j
 - status: ASSERTED
[Diagnostic] Claim ID: 88e25946-ae47-4d1a-87f7-24df3070dfa6
 - collectionId: DIRECTORS
 - instanceId: ch_2016-03-07_chandler_k
 - status: ASSERTED
[Diagnostic] Claim ID: ac391ae3-4f9c-49bd-bc0c-7018cbcc6935
 - collectionId: DIRECTORS
 - instanceId: ch_2001-02-07_fellowes_c
 - status: ASSERTED
[Diagnostic] Claim ID: 369f3e7f-9fc3-451b-88c5-9e2c89a121e4
 - collectionId: DIRECTORS
 - instanceId: ch_2002-12-06_fidler_c
 - status: ASSERTED
[Diagnostic] Claim ID: 8198aa61-627e-42f6-9c95-40d18240c583
 - collectionId: DIRECTORS
 - instanceId: ch_2003-12-23_sambhi_s
 - status: ASSERTED
[Diagnostic] Claim ID: 600d3144-dc76-4d84-a0b3-f9bca53b110f
 - collectionId: DIRECTORS
 - instanceId: ch_2002-12-06_taberner_s
 - status: ASSERTED
[Diagnostic] Claim ID: 2b61a7eb-f433-4b9d-9e97-7f97ca999ad8
 - collectionId: DIRECTORS
 - instanceId: ch_2024-09-26_andrade_b
 - status: ASSERTED
[Diagnostic] Claim ID: 6532ae60-813c-4096-9cbb-1d52869138c5
 - collectionId: DIRECTORS
 - instanceId: ch_2005-04-28_bennett_a
 - status: ASSERTED
[Diagnostic] Claim ID: 85be16c5-6c16-4a54-9671-258cae3d62e1
 - collectionId: DIRECTORS
 - instanceId: ch_2009-12-11_borgeaud_j
 - status: ASSERTED
[Diagnostic] Claim ID: 7c8bf5bf-578d-41cf-8a0f-5f9ca77d531b
 - collectionId: DIRECTORS
 - instanceId: ch_2001-02-07_bruce_n
 - status: ASSERTED
[Diagnostic] Claim ID: ea87bb3e-a988-4f65-94bf-cb3aefa2d453
 - collectionId: DIRECTORS
 - instanceId: ch_2021-10-27_byrne_k
 - status: ASSERTED
[Diagnostic] Claim ID: 55a19675-e6f4-466e-9b1e-c354293eb42c
 - collectionId: DIRECTORS
 - instanceId: ch_2002-12-06_chamberlain_j
 - status: ASSERTED
[Diagnostic] Claim ID: 3fef4481-48b9-4c67-9e8c-652260806e13
 - collectionId: DIRECTORS
 - instanceId: ch_2004-04-27_clark_s
 - status: ASSERTED
[Diagnostic] Claim ID: 48b3e411-0092-49e7-bcdd-4a40caae6074
 - collectionId: DIRECTORS
 - instanceId: ch_2009-02-13_collinson_g
 - status: ASSERTED
[Diagnostic] Claim ID: 421bc4c4-169c-4d46-b494-a29065bcba84
 - collectionId: DIRECTORS
 - instanceId: ch_2001-02-07_corke_r
 - status: ASSERTED
[Diagnostic] Claim ID: ea8be97e-5931-4ea8-8334-700fa4f78e96
 - collectionId: DIRECTORS
 - instanceId: ch_2002-03-11_fleming_c
 - status: ASSERTED
[Diagnostic] Claim ID: 00090432-e0d5-44e2-9e1b-ba3a497ac481
 - collectionId: DIRECTORS
 - instanceId: ch_2004-08-13_garstang_m
 - status: ASSERTED
[Diagnostic] Claim ID: 939f9319-b21e-4ff5-ba28-a7a43072ff8a
 - collectionId: DIRECTORS
 - instanceId: ch_2013-05-22_hayden_s
 - status: ASSERTED
[Diagnostic] Claim ID: 40d1c74f-65d3-413c-9e54-f574f2183c20
 - collectionId: DIRECTORS
 - instanceId: ch_2010-07-23_hinton_t
 - status: ASSERTED
[Diagnostic] Claim ID: c9331e99-5309-4319-ab48-e7e709500100
 - collectionId: DIRECTORS
 - instanceId: ch_2002-12-06_hodkinson_d
 - status: ASSERTED
[Diagnostic] Claim ID: 528e592c-b331-4b0f-874a-afd3810cce37
 - collectionId: DIRECTORS
 - instanceId: ch_2002-12-06_king_j
 - status: ASSERTED
[Diagnostic] Claim ID: 0e780a73-f09b-47f3-a0a7-552a31a60675
 - collectionId: DIRECTORS
 - instanceId: ch_2003-12-23_lane_g
 - status: ASSERTED
[Diagnostic] Claim ID: a6ca460b-84a1-408b-ba0f-2c2c41f27357
 - collectionId: DIRECTORS
 - instanceId: ch_2001-02-07_ling_g
 - status: ASSERTED
[Diagnostic] Claim ID: 8f132223-4ffe-4223-b0b2-6ddcd9c5563a
 - collectionId: DIRECTORS
 - instanceId: ch_2018-04-12_mangan_k
 - status: ASSERTED
[Diagnostic] Claim ID: aa8268ed-1d26-494e-872a-f592b3447421
 - collectionId: DIRECTORS
 - instanceId: ch_2013-08-12_mccord_r
 - status: ASSERTED
[Diagnostic] Claim ID: d2cd0800-2919-41e4-bc7d-46ad5b946470
 - collectionId: DIRECTORS
 - instanceId: ch_2016-03-07_raftery_p
 - status: ASSERTED
[Diagnostic] Claim ID: 348c13d2-4d1c-4262-8b88-5ced52895038
 - collectionId: DIRECTORS
 - instanceId: ch_2012-11-26_redfern_s
 - status: ASSERTED
[Diagnostic] Claim ID: de717480-dbe4-4e07-b4e6-3fc8f16bcee4
 - collectionId: DIRECTORS
 - instanceId: ch_2016-03-07_reid_c
 - status: ASSERTED
[Diagnostic] Claim ID: e964a172-df64-40f4-9643-13ebe5c289f1
 - collectionId: DIRECTORS
 - instanceId: ch_2003-12-23_sambhi_s
 - status: ASSERTED
[Diagnostic] Claim ID: 06fabb31-aa7a-4a68-98c5-fffebaf07505
 - collectionId: DIRECTORS
 - instanceId: ch_2016-03-07_smith_k
 - status: ASSERTED
[Diagnostic] Claim ID: 9f89fd13-f1b2-47de-b756-5a7f27010ab9
 - collectionId: DIRECTORS
 - instanceId: ch_2007-10-31_spence_j
 - status: ASSERTED
[Diagnostic] Claim ID: 5416fd7a-e012-4a21-a6f0-2fa575ad0ebf
 - collectionId: DIRECTORS
 - instanceId: ch_2013-05-22_hayden_s
 - status: ASSERTED
[Diagnostic] Claim ID: 3af40f7f-df19-43e2-b56b-fffec6909eef
 - collectionId: DIRECTORS
 - instanceId: ch_2010-07-23_hinton_t
 - status: ASSERTED
[Diagnostic] Claim ID: 7f839840-c7b6-4902-b704-646f1cbba0cc
 - collectionId: DIRECTORS
 - instanceId: ch_2002-12-06_hodkinson_d
 - status: ASSERTED
[Diagnostic] Claim ID: 9cddb86c-c50d-46f1-858f-751429e6b878
 - collectionId: DIRECTORS
 - instanceId: ch_2002-12-06_king_j
 - status: ASSERTED
[Diagnostic] Claim ID: fc4d1a56-ba88-42ab-ac9f-00a7e9cdc625
 - collectionId: DIRECTORS
 - instanceId: ch_2022-10-26_duffy_j
 - status: ASSERTED
[Diagnostic] Claim ID: 0922c5ce-d05d-4853-b55d-3dc65d1de2af
 - collectionId: DIRECTORS
 - instanceId: ch_2022-10-26_hacon_g
 - status: ASSERTED
[Diagnostic] Claim ID: b764de72-1725-41c1-a6aa-fec3436ad203
 - collectionId: DIRECTORS
 - instanceId: ch_2025-11-25_lopezcarvajal_j
 - status: ASSERTED
[Diagnostic] Claim ID: 627fb10a-a0a3-441b-8948-4631dae8a1d6
 - collectionId: DIRECTORS
 - instanceId: ch_2016-03-07_chandler_k
 - status: ASSERTED
[Diagnostic] Claim ID: e409b304-a619-4770-aeb8-c70158b52c97
 - collectionId: DIRECTORS
 - instanceId: ch_2001-02-07_fellowes_c
 - status: ASSERTED
[Diagnostic] Claim ID: 4db22f2e-d878-463b-8463-0f1ece2c6d8c
 - collectionId: DIRECTORS
 - instanceId: ch_2002-12-06_fidler_c
 - status: ASSERTED
[Diagnostic] Claim ID: d1e7ebec-2fcb-4cfc-a211-dbb6db97213a
 - collectionId: DIRECTORS
 - instanceId: ch_2003-12-23_sambhi_s
 - status: ASSERTED
[Diagnostic] Claim ID: 47ac83ed-1048-4315-8464-904e359c9d82
 - collectionId: DIRECTORS
 - instanceId: ch_2002-12-06_taberner_s
 - status: ASSERTED
[Diagnostic] Claim ID: 45fa54a7-408b-4028-8b27-b90f4dd5e671
 - collectionId: DIRECTORS
 - instanceId: ch_2024-09-26_andrade_b
 - status: ASSERTED
[Diagnostic] Claim ID: 84e9da18-391b-4c5d-b269-1784d86e3787
 - collectionId: DIRECTORS
 - instanceId: ch_2005-04-28_bennett_a
 - status: ASSERTED
[Diagnostic] Claim ID: e45537ef-97e4-489a-9b69-5680fbc01396
 - collectionId: DIRECTORS
 - instanceId: ch_2009-12-11_borgeaud_j
 - status: ASSERTED
[Diagnostic] Claim ID: 252d2d2f-dea5-439d-b779-1725bdae8490
 - collectionId: DIRECTORS
 - instanceId: ch_2001-02-07_bruce_n
 - status: ASSERTED
[Diagnostic] Claim ID: 615455e8-320e-4710-9038-60e186b4bbc9
 - collectionId: DIRECTORS
 - instanceId: ch_2021-10-27_byrne_k
 - status: ASSERTED
[Diagnostic] Claim ID: 702dc876-ea27-47e5-9377-3dc2ed2f5dad
 - collectionId: DIRECTORS
 - instanceId: ch_2002-12-06_chamberlain_j
 - status: ASSERTED
[Diagnostic] Claim ID: f79ee50e-715d-4f33-b220-ddf3dabc02e6
 - collectionId: DIRECTORS
 - instanceId: ch_2004-04-27_clark_s
 - status: ASSERTED
[Diagnostic] Claim ID: bdc2097f-70bf-4e30-a429-0469409d3bf8
 - collectionId: DIRECTORS
 - instanceId: ch_2009-02-13_collinson_g
 - status: ASSERTED
[Diagnostic] Claim ID: a1c284e5-fa0d-482d-ad7c-fa9483bdddfa
 - collectionId: DIRECTORS
 - instanceId: ch_2001-02-07_corke_r
 - status: ASSERTED
[Diagnostic] Claim ID: 132d17d5-1164-4d31-8726-219ea548cd57
 - collectionId: DIRECTORS
 - instanceId: ch_2002-03-11_fleming_c
 - status: ASSERTED
[Diagnostic] Claim ID: 6857ab1e-e505-4799-8387-800c014a356d
 - collectionId: DIRECTORS
 - instanceId: ch_2004-08-13_garstang_m
 - status: ASSERTED
[Diagnostic] Claim ID: 89815b25-3b57-4aa0-bfd9-e388a7d05062
 - collectionId: DIRECTORS
 - instanceId: ch_2013-05-22_hayden_s
 - status: ASSERTED
[Diagnostic] Claim ID: 2d6604bc-c72e-4612-be37-12cf52f26423
 - collectionId: DIRECTORS
 - instanceId: ch_2010-07-23_hinton_t
 - status: ASSERTED
[Diagnostic] Claim ID: aa31412c-7c99-470c-afbf-254953c908b2
 - collectionId: DIRECTORS
 - instanceId: ch_2002-12-06_hodkinson_d
 - status: ASSERTED
[Diagnostic] Claim ID: 96ec45e1-93f7-43fe-95a7-ec580dcecdb7
 - collectionId: DIRECTORS
 - instanceId: ch_2002-12-06_king_j
 - status: ASSERTED
[Diagnostic] Claim ID: 6537021f-f89e-4c32-9844-3d0a4359baa6
 - collectionId: DIRECTORS
 - instanceId: ch_2003-12-23_lane_g
 - status: ASSERTED
[Diagnostic] Claim ID: b0858b1e-4b9f-4f75-8cb1-44799dbf86f3
 - collectionId: DIRECTORS
 - instanceId: ch_2001-02-07_ling_g
 - status: ASSERTED
[Diagnostic] Claim ID: 08f03a99-a081-4a63-92ed-b6f815539155
 - collectionId: DIRECTORS
 - instanceId: ch_2018-04-12_mangan_k
 - status: ASSERTED
[Diagnostic] Claim ID: 610a1a86-9bf0-4f0e-9385-80841acfc3af
 - collectionId: DIRECTORS
 - instanceId: ch_2013-08-12_mccord_r
 - status: ASSERTED
[Diagnostic] Claim ID: 29818793-1e24-4919-b25b-1b68ce4de83f
 - collectionId: DIRECTORS
 - instanceId: ch_2016-03-07_raftery_p
 - status: ASSERTED
[Diagnostic] Claim ID: 910e7673-186f-4b41-ae6f-b2b475e89717
 - collectionId: DIRECTORS
 - instanceId: ch_2012-11-26_redfern_s
 - status: ASSERTED
[Diagnostic] Claim ID: edb2d092-9db3-46f4-8340-a2c465cb602d
 - collectionId: DIRECTORS
 - instanceId: ch_2016-03-07_reid_c
 - status: ASSERTED
[Diagnostic] Claim ID: 167bc9c9-28f6-4465-879a-b321a1a86696
 - collectionId: DIRECTORS
 - instanceId: ch_2003-12-23_sambhi_s
 - status: ASSERTED
[Diagnostic] Claim ID: 4d330663-f4c7-431b-8c2c-3cb677007724
 - collectionId: DIRECTORS
 - instanceId: ch_2016-03-07_smith_k
 - status: ASSERTED
[Diagnostic] Claim ID: 84c64e85-929c-4d37-8a47-600e1c12b216
 - collectionId: DIRECTORS
 - instanceId: ch_2007-10-31_spence_j
 - status: ASSERTED
[Diagnostic] Claim ID: c4306042-3de7-4732-b5f7-1deebbe09ae2
 - collectionId: DIRECTORS
 - instanceId: ch_2003-12-23_lane_g
 - status: ASSERTED
[Diagnostic] Claim ID: d3c33fa0-10d3-4974-8e7f-cb9b05bc6c9f
 - collectionId: DIRECTORS
 - instanceId: ch_2001-02-07_ling_g
 - status: ASSERTED
[Diagnostic] Claim ID: f232b1fa-27fa-4dcb-852c-412211d5daf2
 - collectionId: DIRECTORS
 - instanceId: ch_2018-04-12_mangan_k
 - status: ASSERTED
[Diagnostic] Claim ID: d32b76a1-c4a4-4db2-af1e-37afb1c4371d
 - collectionId: DIRECTORS
 - instanceId: ch_2013-08-12_mccord_r
 - status: ASSERTED
[Diagnostic] Claim ID: 4960f01d-f27c-4e1b-90c4-f238f7ce7616
 - collectionId: DIRECTORS
 - instanceId: ch_2016-03-07_raftery_p
 - status: ASSERTED
[Diagnostic] Claim ID: 279ff262-bab8-423f-b70d-b89faf53a8d9
 - collectionId: DIRECTORS
 - instanceId: ch_2012-11-26_redfern_s
 - status: ASSERTED
[Diagnostic] Claim ID: abb70300-86f1-4d9d-939d-86ab44c82eda
 - collectionId: DIRECTORS
 - instanceId: ch_2016-03-07_reid_c
 - status: ASSERTED
[Diagnostic] Claim ID: f794c5e7-a03b-49d7-aae3-4853fa6e64e6
 - collectionId: DIRECTORS
 - instanceId: ch_2003-12-23_sambhi_s
 - status: ASSERTED
[Diagnostic] Claim ID: 8e1ebe71-8687-40ee-bffe-4f475ace7454
 - collectionId: DIRECTORS
 - instanceId: ch_2016-03-07_smith_k
 - status: ASSERTED
[Diagnostic] Claim ID: 18a896d8-6d1a-4d40-83c1-4ab606b124de
 - collectionId: DIRECTORS
 - instanceId: ch_2007-10-31_spence_j
 - status: ASSERTED
[Diagnostic] Claim ID: a214faf2-f7c4-40be-8530-c3cfa07ded68
 - collectionId: DIRECTORS
 - instanceId: ch_2022-10-26_duffy_j
 - status: ASSERTED
[Diagnostic] Claim ID: d47c0810-4163-4c0e-a0fe-aeeb9e9d935f
 - collectionId: DIRECTORS
 - instanceId: ch_2022-10-26_hacon_g
 - status: ASSERTED
[Diagnostic] Claim ID: 951e3054-0b65-4859-8914-7d0b837fbc57
 - collectionId: DIRECTORS
 - instanceId: ch_2025-11-25_lopezcarvajal_j
 - status: ASSERTED
[Diagnostic] Claim ID: d88c7dfe-b35d-4600-be06-74887cf3fd1b
 - collectionId: DIRECTORS
 - instanceId: ch_2016-03-07_chandler_k
 - status: ASSERTED
[Diagnostic] Claim ID: 7dfebafe-2196-439c-9b6c-c89df4ed9d1d
 - collectionId: DIRECTORS
 - instanceId: ch_2001-02-07_fellowes_c
 - status: ASSERTED
[Diagnostic] Claim ID: b2c823fe-1fe1-4d09-96d3-77a28a63cf00
 - collectionId: DIRECTORS
 - instanceId: ch_2002-12-06_fidler_c
 - status: ASSERTED
[Diagnostic] Claim ID: 72afb145-9f3f-406b-b814-44cf6cb714b9
 - collectionId: DIRECTORS
 - instanceId: ch_2003-12-23_sambhi_s
 - status: ASSERTED
[Diagnostic] Claim ID: 6e214ed3-3d01-4489-b2e8-47bb0e6461c0
 - collectionId: DIRECTORS
 - instanceId: ch_2002-12-06_taberner_s
 - status: ASSERTED
[Diagnostic] Claim ID: 41d791a4-4f69-449e-a7e4-1d1463980a21
 - collectionId: DIRECTORS
 - instanceId: ch_2024-09-26_andrade_b
 - status: ASSERTED
[Diagnostic] Claim ID: 5dae5830-6c72-4536-8a91-1c831065daea
 - collectionId: DIRECTORS
 - instanceId: ch_2005-04-28_bennett_a
 - status: ASSERTED
[Diagnostic] Claim ID: fe5d01cf-cebe-4ae6-8713-4c059aafa799
 - collectionId: DIRECTORS
 - instanceId: ch_2009-12-11_borgeaud_j
 - status: ASSERTED
[Diagnostic] Claim ID: 516c1dff-10e3-4805-a9ca-791657ac168d
 - collectionId: DIRECTORS
 - instanceId: ch_2001-02-07_bruce_n
 - status: ASSERTED
[Diagnostic] Claim ID: 40e44dfe-62dc-44fb-9744-5930f071b3a5
 - collectionId: DIRECTORS
 - instanceId: ch_2021-10-27_byrne_k
 - status: ASSERTED
[Diagnostic] Claim ID: 5ba9dd5a-4a8d-437c-91c8-db251f899929
 - collectionId: DIRECTORS
 - instanceId: ch_2002-12-06_chamberlain_j
 - status: ASSERTED
[Diagnostic] Claim ID: 2428f805-c173-46eb-8e89-1c2cc720ed23
 - collectionId: DIRECTORS
 - instanceId: ch_2004-04-27_clark_s
 - status: ASSERTED
[Diagnostic] Claim ID: b766eded-ce1e-4527-890a-602ac94086c8
 - collectionId: DIRECTORS
 - instanceId: ch_2009-02-13_collinson_g
 - status: ASSERTED
[Diagnostic] Claim ID: 8b5e9da5-aaa6-470c-87a9-eeab3e6536a5
 - collectionId: DIRECTORS
 - instanceId: ch_2001-02-07_corke_r
 - status: ASSERTED
[Diagnostic] Claim ID: fba39c99-1d03-4840-9b99-e9812b5f5f1c
 - collectionId: DIRECTORS
 - instanceId: ch_2002-03-11_fleming_c
 - status: ASSERTED
[Diagnostic] Claim ID: b2f490e5-e5b3-48b8-98dc-6cd49fbad5ae
 - collectionId: DIRECTORS
 - instanceId: ch_2004-08-13_garstang_m
 - status: ASSERTED
[Diagnostic] Claim ID: 1050bcbb-7d62-4788-91cc-ea2eaaa9a849
 - collectionId: DIRECTORS
 - instanceId: ch_2013-05-22_hayden_s
 - status: ASSERTED
[Diagnostic] Claim ID: 0817b915-29aa-4eae-8dab-c3857b02035b
 - collectionId: DIRECTORS
 - instanceId: ch_2010-07-23_hinton_t
 - status: ASSERTED
[Diagnostic] Claim ID: 13d69c5b-9c1a-45bf-a69e-c72ed78e0340
 - collectionId: DIRECTORS
 - instanceId: ch_2002-12-06_hodkinson_d
 - status: ASSERTED
[Diagnostic] Claim ID: d9b63167-8763-422b-8228-a560f26bb57a
 - collectionId: DIRECTORS
 - instanceId: ch_2002-12-06_king_j
 - status: ASSERTED
[Diagnostic] Claim ID: a870b345-9bc4-4a99-b32b-c5ad8eb8364e
 - collectionId: DIRECTORS
 - instanceId: ch_2003-12-23_lane_g
 - status: ASSERTED
[Diagnostic] Claim ID: 5e53310f-6d09-413e-aa6e-fd6736efc149
 - collectionId: DIRECTORS
 - instanceId: ch_2001-02-07_ling_g
 - status: ASSERTED
[Diagnostic] Claim ID: 4b5ff9ca-c369-41b0-8243-425b25e5358d
 - collectionId: DIRECTORS
 - instanceId: ch_2018-04-12_mangan_k
 - status: ASSERTED
[Diagnostic] Claim ID: 80ce8cc4-0e55-4adb-87cc-e120c1d33aeb
 - collectionId: DIRECTORS
 - instanceId: ch_2013-08-12_mccord_r
 - status: ASSERTED
[Diagnostic] Claim ID: 0fa22ef3-bdb3-49f1-9706-0b949ee36ed4
 - collectionId: DIRECTORS
 - instanceId: ch_2016-03-07_raftery_p
 - status: ASSERTED
[Diagnostic] Claim ID: ef3347c2-c910-4dce-9881-799d447cd3db
 - collectionId: DIRECTORS
 - instanceId: ch_2012-11-26_redfern_s
 - status: ASSERTED
[Diagnostic] Claim ID: 2f73493f-0a77-42f7-936b-dac6e1f3374c
 - collectionId: DIRECTORS
 - instanceId: ch_2016-03-07_reid_c
 - status: ASSERTED
[Diagnostic] Claim ID: 30fcfc8f-70ab-4804-8cce-d8e8e46d57b1
 - collectionId: DIRECTORS
 - instanceId: ch_2003-12-23_sambhi_s
 - status: ASSERTED
[Diagnostic] Claim ID: 90fc712d-9ef9-4b24-90c5-5c4d80364a0a
 - collectionId: DIRECTORS
 - instanceId: ch_2016-03-07_smith_k
 - status: ASSERTED
[Diagnostic] Claim ID: c283683e-feb8-40c5-84e0-f9890c62bee8
 - collectionId: DIRECTORS
 - instanceId: ch_2007-10-31_spence_j
 - status: ASSERTED
[Diagnostic] Claim ID: 4d68a924-a0fe-4f53-8249-4a77c7d504b4
 - collectionId: DIRECTORS
 - instanceId: ch_2022-10-26_duffy_j
 - status: ASSERTED
[Diagnostic] Claim ID: ffca4761-35f7-4c08-94e5-33baba5db31a
 - collectionId: DIRECTORS
 - instanceId: ch_2022-10-26_hacon_g
 - status: ASSERTED
[Diagnostic] Claim ID: 33b29869-cea9-41ff-9c38-127d1d692e6a
 - collectionId: DIRECTORS
 - instanceId: ch_2025-11-25_lopezcarvajal_j
 - status: ASSERTED
[Diagnostic] Claim ID: 2bf01b54-0523-41da-9f47-a5e3a12dc05d
 - collectionId: DIRECTORS
 - instanceId: ch_2016-03-07_chandler_k
 - status: ASSERTED
[Diagnostic] Claim ID: cbcbba99-8240-42bb-862a-e5d1b8d4f003
 - collectionId: DIRECTORS
 - instanceId: ch_2001-02-07_fellowes_c
 - status: ASSERTED
[Diagnostic] Claim ID: 89c156c5-26ce-4c07-a473-8d6606be20ab
 - collectionId: DIRECTORS
 - instanceId: ch_2002-12-06_fidler_c
 - status: ASSERTED
[Diagnostic] Claim ID: 30329548-6c26-43a5-b2d6-3f63c2c8f71c
 - collectionId: DIRECTORS
 - instanceId: ch_2003-12-23_sambhi_s
 - status: ASSERTED
[Diagnostic] Claim ID: 23a911e7-a557-44f8-ac31-860090b52854
 - collectionId: DIRECTORS
 - instanceId: ch_2002-12-06_taberner_s
 - status: ASSERTED
[Diagnostic] Claim ID: f7be3a51-fc8c-4cbe-9db0-ea048594b613
 - collectionId: DIRECTORS
 - instanceId: ch_2024-09-26_andrade_b
 - status: ASSERTED
[Diagnostic] Claim ID: a2373526-e6aa-405d-8189-363c2f0c0dce
 - collectionId: DIRECTORS
 - instanceId: ch_2005-04-28_bennett_a
 - status: ASSERTED
[Diagnostic] Claim ID: 5261ad98-4c35-4f87-8347-61f93813011b
 - collectionId: DIRECTORS
 - instanceId: ch_2009-12-11_borgeaud_j
 - status: ASSERTED
[Diagnostic] Claim ID: a9915d59-b085-469a-9df3-e4973a4a3c99
 - collectionId: DIRECTORS
 - instanceId: ch_2001-02-07_bruce_n
 - status: ASSERTED
[Diagnostic] Claim ID: 5212dabe-a5fa-46a5-a525-00f123c215d3
 - collectionId: DIRECTORS
 - instanceId: ch_2021-10-27_byrne_k
 - status: ASSERTED
[Diagnostic] Claim ID: a0cc144e-d014-492b-aeae-024954e561bb
 - collectionId: DIRECTORS
 - instanceId: ch_2002-12-06_chamberlain_j
 - status: ASSERTED
[Diagnostic] Claim ID: 2241bde7-54e9-4125-a1ab-65fec1d10ded
 - collectionId: DIRECTORS
 - instanceId: ch_2004-04-27_clark_s
 - status: ASSERTED
[Diagnostic] Claim ID: 67656f59-d290-401b-a413-ce4d24e9fca1
 - collectionId: DIRECTORS
 - instanceId: ch_2009-02-13_collinson_g
 - status: ASSERTED
[Diagnostic] Claim ID: 24dd08fb-5607-4226-bea3-9f6bdbaaeb1e
 - collectionId: DIRECTORS
 - instanceId: ch_2001-02-07_corke_r
 - status: ASSERTED
[Diagnostic] Claim ID: 0fa1d2c4-a2ec-4bc4-845f-f698f08b733b
 - collectionId: DIRECTORS
 - instanceId: ch_2002-03-11_fleming_c
 - status: ASSERTED
[Diagnostic] Claim ID: fbfae477-8a47-41ef-876f-9f0202c6ba77
 - collectionId: DIRECTORS
 - instanceId: ch_2004-08-13_garstang_m
 - status: ASSERTED
[Diagnostic] Claim ID: e51e2ace-e47b-44f6-9022-401cf51db756
 - collectionId: DIRECTORS
 - instanceId: ch_2013-05-22_hayden_s
 - status: ASSERTED
[Diagnostic] Claim ID: 10147507-a895-47f1-aeeb-49df09b6ae2c
 - collectionId: DIRECTORS
 - instanceId: ch_2010-07-23_hinton_t
 - status: ASSERTED
[Diagnostic] Claim ID: 154b6213-3b6d-4d97-86c1-7252ed11cc5a
 - collectionId: DIRECTORS
 - instanceId: ch_2002-12-06_hodkinson_d
 - status: ASSERTED
[Diagnostic] Claim ID: 95936c70-83e4-43b4-b39c-5d77fcc2556a
 - collectionId: DIRECTORS
 - instanceId: ch_2002-12-06_king_j
 - status: ASSERTED
[Diagnostic] Claim ID: 40ddfe1e-bb0b-48ee-879e-4d272386d9fb
 - collectionId: DIRECTORS
 - instanceId: ch_2003-12-23_lane_g
 - status: ASSERTED
[Diagnostic] Claim ID: 8f6947a6-5b45-4b5a-b50f-cc3c90b9f694
 - collectionId: DIRECTORS
 - instanceId: ch_2001-02-07_ling_g
 - status: ASSERTED
[Diagnostic] Claim ID: 1eeef782-b524-43cf-a3d5-b561da4c5a11
 - collectionId: DIRECTORS
 - instanceId: ch_2018-04-12_mangan_k
 - status: ASSERTED
[Diagnostic] Claim ID: 8ae109bf-cb4a-4acf-ac02-c0caa94d2181
 - collectionId: DIRECTORS
 - instanceId: ch_2013-08-12_mccord_r
 - status: ASSERTED
[Diagnostic] Claim ID: 7b2695e4-115e-40e0-b013-ac9939b3902d
 - collectionId: DIRECTORS
 - instanceId: ch_2016-03-07_raftery_p
 - status: ASSERTED
[Diagnostic] Claim ID: 3b9f85b4-a05b-4b4e-949d-d0ccb8165059
 - collectionId: DIRECTORS
 - instanceId: ch_2012-11-26_redfern_s
 - status: ASSERTED
[Diagnostic] Claim ID: 7c59a193-20a3-408b-a809-f75652533ea0
 - collectionId: DIRECTORS
 - instanceId: ch_2016-03-07_reid_c
 - status: ASSERTED
[Diagnostic] Claim ID: 7f997d8d-1c97-48d6-b918-79c77c838990
 - collectionId: DIRECTORS
 - instanceId: ch_2003-12-23_sambhi_s
 - status: ASSERTED
[Diagnostic] Claim ID: 078aa4a0-988e-4657-9b85-6e59675c3ef7
 - collectionId: DIRECTORS
 - instanceId: ch_2016-03-07_smith_k
 - status: ASSERTED
[Diagnostic] Claim ID: 63ee36fb-968c-4d74-8c58-32f5eff263f8
 - collectionId: DIRECTORS
 - instanceId: ch_2007-10-31_spence_j
 - status: ASSERTED
[Diagnostic] Claim ID: 2abdadc3-1fde-41ff-b91c-5526d7e9d2b8
 - collectionId: DIRECTORS
 - instanceId: ch_2022-10-26_duffy_j
 - status: ASSERTED
[Diagnostic] Claim ID: da9c9982-5032-4928-b043-7ad65df75ed7
 - collectionId: DIRECTORS
 - instanceId: ch_2022-10-26_hacon_g
 - status: ASSERTED
[Diagnostic] Claim ID: 303d888e-0251-4044-beed-a7680e96ee65
 - collectionId: DIRECTORS
 - instanceId: ch_2025-11-25_lopezcarvajal_j
 - status: ASSERTED
[Diagnostic] Claim ID: c88bd3cc-93e0-4e8c-ab7c-500bff75887d
 - collectionId: DIRECTORS
 - instanceId: ch_2016-03-07_chandler_k
 - status: ASSERTED
[Diagnostic] Claim ID: b1829809-ad11-48c5-9cd4-fd0f1e4408ab
 - collectionId: DIRECTORS
 - instanceId: ch_2001-02-07_fellowes_c
 - status: ASSERTED
[Diagnostic] Claim ID: 191d0030-4e3d-4dc4-98cb-0b324ee0142b
 - collectionId: DIRECTORS
 - instanceId: ch_2002-12-06_fidler_c
 - status: ASSERTED
[Diagnostic] Claim ID: 8a5a007c-1856-4e41-a486-c7d1c6cf2743
 - collectionId: DIRECTORS
 - instanceId: ch_2003-12-23_sambhi_s
 - status: ASSERTED
[Diagnostic] Claim ID: 874400dd-37df-4fb8-aff8-be4b719fdb4e
 - collectionId: DIRECTORS
 - instanceId: ch_2002-12-06_taberner_s
 - status: ASSERTED
[Diagnostic] Claim ID: 7757a43a-8b39-4651-9618-bf6e43753122
 - collectionId: DIRECTORS
 - instanceId: ch_2024-09-26_andrade_b
 - status: ASSERTED
[Diagnostic] Claim ID: 0863af60-1e3b-4aba-9e4d-538f9ae23bc6
 - collectionId: DIRECTORS
 - instanceId: ch_2005-04-28_bennett_a
 - status: ASSERTED
[Diagnostic] Claim ID: af039049-6d66-4fed-99b7-53b92ba6bbc0
 - collectionId: DIRECTORS
 - instanceId: ch_2009-12-11_borgeaud_j
 - status: ASSERTED
[Diagnostic] Claim ID: 737e8a76-2320-4572-a2ae-bb125cc0d7d3
 - collectionId: DIRECTORS
 - instanceId: ch_2001-02-07_bruce_n
 - status: ASSERTED
[Diagnostic] Claim ID: 90e3f683-1667-40b3-a740-65c6a4870d03
 - collectionId: DIRECTORS
 - instanceId: ch_2021-10-27_byrne_k
 - status: ASSERTED
[Diagnostic] Claim ID: 1164d788-14cd-43d7-aab7-4b5361266897
 - collectionId: DIRECTORS
 - instanceId: ch_2002-12-06_chamberlain_j
 - status: ASSERTED
[Diagnostic] Claim ID: 1f9ec50f-7d9b-4b5a-ad85-99695110d492
 - collectionId: DIRECTORS
 - instanceId: ch_2004-04-27_clark_s
 - status: ASSERTED
[Diagnostic] Claim ID: 042d9a5c-76a5-4d6c-b464-f90ff35b4bd6
 - collectionId: DIRECTORS
 - instanceId: ch_2009-02-13_collinson_g
 - status: ASSERTED
[Diagnostic] Claim ID: 6762ca0c-d83c-45ab-b0ce-f8c175e5f48d
 - collectionId: DIRECTORS
 - instanceId: ch_2001-02-07_corke_r
 - status: ASSERTED
[Diagnostic] Claim ID: cf5db9ef-d599-4f4f-b5a6-972aa99c31f5
 - collectionId: DIRECTORS
 - instanceId: ch_2002-03-11_fleming_c
 - status: ASSERTED
[Diagnostic] Claim ID: d868c04f-3557-475f-acb1-ebbec6c826f4
 - collectionId: DIRECTORS
 - instanceId: ch_2004-08-13_garstang_m
 - status: ASSERTED
[Diagnostic] Claim ID: 78b90851-f42c-4071-ae4b-17c13b0ab75e
 - collectionId: DIRECTORS
 - instanceId: ch_2013-05-22_hayden_s
 - status: ASSERTED
[Diagnostic] Claim ID: 6e2760a3-0560-4466-840e-d0bc31b36769
 - collectionId: DIRECTORS
 - instanceId: ch_2010-07-23_hinton_t
 - status: ASSERTED
[Diagnostic] Claim ID: c859930a-5b84-44ab-b8cb-22e70fe9e1c2
 - collectionId: DIRECTORS
 - instanceId: ch_2002-12-06_hodkinson_d
 - status: ASSERTED
[Diagnostic] Claim ID: 90cfe71d-5234-4501-a0dc-ca02c0fe5067
 - collectionId: DIRECTORS
 - instanceId: ch_2002-12-06_king_j
 - status: ASSERTED
[Diagnostic] Claim ID: f1279b70-7df7-4b17-b39a-0aeeebdc0767
 - collectionId: DIRECTORS
 - instanceId: ch_2003-12-23_lane_g
 - status: ASSERTED
[Diagnostic] Claim ID: 96284ea8-b814-4313-ad90-201aaba7e5f9
 - collectionId: DIRECTORS
 - instanceId: ch_2001-02-07_ling_g
 - status: ASSERTED
[Diagnostic] Claim ID: 01fb5857-057a-424f-ae3e-1cc506eb42e8
 - collectionId: DIRECTORS
 - instanceId: ch_2018-04-12_mangan_k
 - status: ASSERTED
[Diagnostic] Claim ID: 14c2d118-137a-4038-a94d-7f061add2ca5
 - collectionId: DIRECTORS
 - instanceId: ch_2013-08-12_mccord_r
 - status: ASSERTED
[Diagnostic] Claim ID: ffaf2192-6790-403a-808c-0380db9f0d93
 - collectionId: DIRECTORS
 - instanceId: ch_2016-03-07_raftery_p
 - status: ASSERTED
[Diagnostic] Claim ID: 9d715c95-028a-490e-8461-bd70e48993f6
 - collectionId: DIRECTORS
 - instanceId: ch_2012-11-26_redfern_s
 - status: ASSERTED
[Diagnostic] Claim ID: 5b398e1a-6004-41eb-922b-6e3049ad299e
 - collectionId: DIRECTORS
 - instanceId: ch_2016-03-07_reid_c
 - status: ASSERTED
[Diagnostic] Claim ID: fee37f8a-6e19-4d05-907c-5142090fc718
 - collectionId: DIRECTORS
 - instanceId: ch_2003-12-23_sambhi_s
 - status: ASSERTED
[Diagnostic] Claim ID: ad64669d-df5f-41a2-80a5-c2f4120d0fea
 - collectionId: DIRECTORS
 - instanceId: ch_2016-03-07_smith_k
 - status: ASSERTED
[Diagnostic] Claim ID: 0ae9fee4-2c37-4e34-87e9-b7bae3e2dc9f
 - collectionId: DIRECTORS
 - instanceId: ch_2007-10-31_spence_j
 - status: ASSERTED
[Diagnostic] Claim ID: 343e3954-bdd4-41dc-8c4a-e51e1df1cdb1
 - collectionId: DIRECTORS
 - instanceId: ch_2022-10-26_duffy_j
 - status: ASSERTED
[Diagnostic] Claim ID: c0f797a1-f12f-48e1-b24d-d0fc7f52bf03
 - collectionId: DIRECTORS
 - instanceId: ch_2022-10-26_hacon_g
 - status: ASSERTED
[Diagnostic] Claim ID: 03f8901e-d572-4edb-b445-152204dc8531
 - collectionId: DIRECTORS
 - instanceId: ch_2025-11-25_lopezcarvajal_j
 - status: ASSERTED
[Diagnostic] Claim ID: 4b02ca4a-ec0c-4828-9f5c-152afb824980
 - collectionId: DIRECTORS
 - instanceId: ch_2016-03-07_chandler_k
 - status: ASSERTED
[Diagnostic] Claim ID: e2bec68c-257a-4491-8da3-c0409eb861ab
 - collectionId: DIRECTORS
 - instanceId: ch_2001-02-07_fellowes_c
 - status: ASSERTED
[Diagnostic] Claim ID: f9957bab-7149-43c9-9112-d474438f8abe
 - collectionId: DIRECTORS
 - instanceId: ch_2002-12-06_fidler_c
 - status: ASSERTED
[Diagnostic] Claim ID: 14f396ce-6b93-4984-ab8d-91d865276158
 - collectionId: DIRECTORS
 - instanceId: ch_2003-12-23_sambhi_s
 - status: ASSERTED
[Diagnostic] Claim ID: 5021d8f9-2a7b-4c85-b454-1c9a1b7a28ab
 - collectionId: DIRECTORS
 - instanceId: ch_2002-12-06_taberner_s
 - status: ASSERTED
[Diagnostic] Claim ID: 2c079009-a5d9-42f7-9068-00df6e6bf9b1
 - collectionId: DIRECTORS
 - instanceId: ch_2024-09-26_andrade_b
 - status: ASSERTED
[Diagnostic] Claim ID: 70b5fd9e-3a7c-44b8-a9e0-a5c10d948927
 - collectionId: DIRECTORS
 - instanceId: ch_2005-04-28_bennett_a
 - status: ASSERTED
[Diagnostic] Claim ID: 6c28aeb2-f810-491f-ab8e-67bde5668032
 - collectionId: DIRECTORS
 - instanceId: ch_2009-12-11_borgeaud_j
 - status: ASSERTED
[Diagnostic] Claim ID: dd288598-355a-491e-afc8-84b3153ff2af
 - collectionId: DIRECTORS
 - instanceId: ch_2001-02-07_bruce_n
 - status: ASSERTED
[Diagnostic] Claim ID: 3fe86a40-cb9b-455e-8739-89be9757b1fb
 - collectionId: DIRECTORS
 - instanceId: ch_2021-10-27_byrne_k
 - status: ASSERTED
[Diagnostic] Claim ID: e84cc567-9472-40f8-81d0-692b782bc5de
 - collectionId: DIRECTORS
 - instanceId: ch_2002-12-06_chamberlain_j
 - status: ASSERTED
[Diagnostic] Claim ID: ea6ba910-01d0-403f-b4f3-f047c251d1ec
 - collectionId: DIRECTORS
 - instanceId: ch_2004-04-27_clark_s
 - status: ASSERTED
[Diagnostic] Claim ID: 061fab8b-0702-44a9-913d-9dee9b25e3bb
 - collectionId: DIRECTORS
 - instanceId: ch_2009-02-13_collinson_g
 - status: ASSERTED
[Diagnostic] Claim ID: b0652d83-1709-4e10-8b54-24f343f6b62f
 - collectionId: DIRECTORS
 - instanceId: ch_2001-02-07_corke_r
 - status: ASSERTED
[Diagnostic] Claim ID: 54a52b69-ab48-4e14-8b24-d91a858615eb
 - collectionId: DIRECTORS
 - instanceId: ch_2002-03-11_fleming_c
 - status: ASSERTED
[Diagnostic] Claim ID: 5827d3a9-1977-4f8b-8183-f0ddd1674ff5
 - collectionId: DIRECTORS
 - instanceId: ch_2004-08-13_garstang_m
 - status: ASSERTED
[Diagnostic] Claim ID: 55920a26-8435-4c6b-9ea6-5dadb8979c58
 - collectionId: DIRECTORS
 - instanceId: ch_2013-05-22_hayden_s
 - status: ASSERTED
[Diagnostic] Claim ID: b21bf3c6-f08b-4349-9e1a-7ba6eed40364
 - collectionId: DIRECTORS
 - instanceId: ch_2010-07-23_hinton_t
 - status: ASSERTED
[Diagnostic] Claim ID: 12fc38e9-e232-4228-b856-01587047acc1
 - collectionId: DIRECTORS
 - instanceId: ch_2002-12-06_hodkinson_d
 - status: ASSERTED
[Diagnostic] Claim ID: f5511e8a-4833-43a5-a675-be4faadad371
 - collectionId: DIRECTORS
 - instanceId: ch_2002-12-06_king_j
 - status: ASSERTED
[Diagnostic] Claim ID: e05e37a7-8690-401a-b320-d68042cb0d26
 - collectionId: DIRECTORS
 - instanceId: ch_2003-12-23_lane_g
 - status: ASSERTED
[Diagnostic] Claim ID: d1112c91-785a-4caa-9baf-5bca61be0841
 - collectionId: DIRECTORS
 - instanceId: ch_2001-02-07_ling_g
 - status: ASSERTED
[Diagnostic] Claim ID: dab8a210-1f75-45d3-a80f-a3e06190e9bd
 - collectionId: DIRECTORS
 - instanceId: ch_2018-04-12_mangan_k
 - status: ASSERTED
[Diagnostic] Claim ID: 201e1692-bb9a-4b39-87da-78dc3874bc26
 - collectionId: DIRECTORS
 - instanceId: ch_2013-08-12_mccord_r
 - status: ASSERTED
[Diagnostic] Claim ID: 1d8c3cb3-21c3-4b28-9128-edf9a906e3b0
 - collectionId: DIRECTORS
 - instanceId: ch_2016-03-07_raftery_p
 - status: ASSERTED
[Diagnostic] Claim ID: 94577d72-162c-46e8-9c0d-22510e9ac31f
 - collectionId: DIRECTORS
 - instanceId: ch_2012-11-26_redfern_s
 - status: ASSERTED
[Diagnostic] Claim ID: a0b575d0-0c2a-47b4-a0af-1dc9b279aa35
 - collectionId: DIRECTORS
 - instanceId: ch_2016-03-07_reid_c
 - status: ASSERTED
[Diagnostic] Claim ID: ad54d8c7-7040-4417-b91d-ba75bb9185dd
 - collectionId: DIRECTORS
 - instanceId: ch_2003-12-23_sambhi_s
 - status: ASSERTED
[Diagnostic] Claim ID: d79e3810-6382-40b9-908e-4fbb216fc68c
 - collectionId: DIRECTORS
 - instanceId: ch_2016-03-07_smith_k
 - status: ASSERTED
[Diagnostic] Claim ID: a4fb1d91-ac34-4e87-92ee-4863ed3f15b7
 - collectionId: DIRECTORS
 - instanceId: ch_2007-10-31_spence_j
 - status: ASSERTED
[Diagnostic] Claim ID: 728c6f3b-10e4-4d42-80e8-52ceabd6ca31
 - collectionId: DIRECTORS
 - instanceId: ch_2022-10-26_duffy_j
 - status: ASSERTED
[Diagnostic] Claim ID: cd04cda2-6f8b-43c4-8966-70952bcea190
 - collectionId: DIRECTORS
 - instanceId: ch_2022-10-26_hacon_g
 - status: ASSERTED
[Diagnostic] Claim ID: f46d8da9-579c-4b4e-8405-4109d114035a
 - collectionId: DIRECTORS
 - instanceId: ch_2025-11-25_lopezcarvajal_j
 - status: ASSERTED
[Diagnostic] Claim ID: aed3594b-1255-46fa-8806-4f30c409bcbc
 - collectionId: DIRECTORS
 - instanceId: ch_2016-03-07_chandler_k
 - status: ASSERTED
[Diagnostic] Claim ID: 1390f820-e01f-4fb2-80a4-8ff614011423
 - collectionId: DIRECTORS
 - instanceId: ch_2001-02-07_fellowes_c
 - status: ASSERTED
[Diagnostic] Claim ID: ef025763-1eca-43ff-8b63-3c8d94b8b05a
 - collectionId: DIRECTORS
 - instanceId: ch_2002-12-06_fidler_c
 - status: ASSERTED
[Diagnostic] Claim ID: b7cef235-1263-453d-875f-f4fbf078116d
 - collectionId: DIRECTORS
 - instanceId: ch_2003-12-23_sambhi_s
 - status: ASSERTED
[Diagnostic] Claim ID: bf90ef0f-ec11-4e2e-a59d-8debaff968fe
 - collectionId: DIRECTORS
 - instanceId: ch_2002-12-06_taberner_s
 - status: ASSERTED
[Diagnostic] Claim ID: 52c76f11-bf59-4f1b-9d75-c3c1653f16d9
 - collectionId: DIRECTORS
 - instanceId: ch_2024-09-26_andrade_b
 - status: ASSERTED
[Diagnostic] Claim ID: 06d86b88-5a74-49a3-9f69-489dca66863f
 - collectionId: DIRECTORS
 - instanceId: ch_2005-04-28_bennett_a
 - status: ASSERTED
[Diagnostic] Claim ID: ebd01248-266f-4fdd-b6e9-4f2cbc18482e
 - collectionId: DIRECTORS
 - instanceId: ch_2009-12-11_borgeaud_j
 - status: ASSERTED
[Diagnostic] Claim ID: 90a0b1de-ad41-4431-8a9e-d89e13d7f1a7
 - collectionId: DIRECTORS
 - instanceId: ch_2001-02-07_bruce_n
 - status: ASSERTED
[Diagnostic] Claim ID: faa84068-bd61-4fc7-9240-51be782e3dad
 - collectionId: DIRECTORS
 - instanceId: ch_2021-10-27_byrne_k
 - status: ASSERTED
[Diagnostic] Claim ID: 634268d3-7cfc-4b26-b244-722c200a3f4d
 - collectionId: DIRECTORS
 - instanceId: ch_2002-12-06_chamberlain_j
 - status: ASSERTED
[Diagnostic] Claim ID: 6665c9b8-b5c0-486a-a5a9-46130ff0aa21
 - collectionId: DIRECTORS
 - instanceId: ch_2004-04-27_clark_s
 - status: ASSERTED
[Diagnostic] Claim ID: 7eb87221-77fd-4b3b-a70a-359f2e57878b
 - collectionId: DIRECTORS
 - instanceId: ch_2009-02-13_collinson_g
 - status: ASSERTED
[Diagnostic] Claim ID: 59fcb98e-196b-4b77-9adf-abc6b3bdf2f0
 - collectionId: DIRECTORS
 - instanceId: ch_2001-02-07_corke_r
 - status: ASSERTED
[Diagnostic] Claim ID: 7f2b1014-3ddd-4b9d-9c30-b5d294a96a22
 - collectionId: DIRECTORS
 - instanceId: ch_2002-03-11_fleming_c
 - status: ASSERTED
[Diagnostic] Claim ID: f4c87ae5-ccc0-4499-a4db-583c65387085
 - collectionId: DIRECTORS
 - instanceId: ch_2004-08-13_garstang_m
 - status: ASSERTED
[Diagnostic] Claim ID: adc1aaaa-ca5e-463c-8d53-2596c25fa683
 - collectionId: DIRECTORS
 - instanceId: ch_2013-05-22_hayden_s
 - status: ASSERTED
[Diagnostic] Claim ID: 3b70cfd1-3915-4a4c-ac90-b6c0857e0ce4
 - collectionId: DIRECTORS
 - instanceId: ch_2010-07-23_hinton_t
 - status: ASSERTED
[Diagnostic] Claim ID: 19d2aba4-8679-41f7-975b-746cdc45b4f7
 - collectionId: DIRECTORS
 - instanceId: ch_2002-12-06_hodkinson_d
 - status: ASSERTED
[Diagnostic] Claim ID: 798d9313-57ce-4faa-8828-a9cfc4090b29
 - collectionId: DIRECTORS
 - instanceId: ch_2002-12-06_king_j
 - status: ASSERTED
[Diagnostic] Claim ID: f89210c0-7327-451e-85df-133a33e600ac
 - collectionId: DIRECTORS
 - instanceId: ch_2003-12-23_lane_g
 - status: ASSERTED
[Diagnostic] Claim ID: 38844d57-f601-4f8a-ad83-d312de31594f
 - collectionId: DIRECTORS
 - instanceId: ch_2001-02-07_ling_g
 - status: ASSERTED
[Diagnostic] Claim ID: 6548bc7c-36cb-44b6-8e55-fd6bc7083c01
 - collectionId: DIRECTORS
 - instanceId: ch_2018-04-12_mangan_k
 - status: ASSERTED
[Diagnostic] Claim ID: 215b6386-e2ce-44fa-8676-bbe9d9ff552a
 - collectionId: DIRECTORS
 - instanceId: ch_2013-08-12_mccord_r
 - status: ASSERTED
[Diagnostic] Claim ID: 3279284e-ee07-4098-8825-49334b489f4c
 - collectionId: DIRECTORS
 - instanceId: ch_2016-03-07_raftery_p
 - status: ASSERTED
[Diagnostic] Claim ID: 5240c639-394a-48cf-a408-2c6fbcdaac55
 - collectionId: DIRECTORS
 - instanceId: ch_2012-11-26_redfern_s
 - status: ASSERTED
[Diagnostic] Claim ID: 459bfd2b-ab96-4c71-84af-28a46bf9c45f
 - collectionId: DIRECTORS
 - instanceId: ch_2022-10-26_duffy_j
 - status: ASSERTED
[Diagnostic] Claim ID: eb59ce26-b8f0-4b50-9bd7-b6d0069365b9
 - collectionId: DIRECTORS
 - instanceId: ch_2022-10-26_hacon_g
 - status: ASSERTED
[Diagnostic] Claim ID: 780b4984-fd1b-4f95-9da0-1cfd3574af1c
 - collectionId: DIRECTORS
 - instanceId: ch_2025-11-25_lopezcarvajal_j
 - status: ASSERTED
[Diagnostic] Claim ID: f093512c-4e53-43c6-ae52-7034dd54d157
 - collectionId: DIRECTORS
 - instanceId: ch_2016-03-07_chandler_k
 - status: ASSERTED
[Diagnostic] Claim ID: 10d770d4-f20f-4f1a-b8ff-783980b3e08e
 - collectionId: DIRECTORS
 - instanceId: ch_2001-02-07_fellowes_c
 - status: ASSERTED
[Diagnostic] Claim ID: f93f2f89-a3da-4a55-8c17-ab92e94e1487
 - collectionId: DIRECTORS
 - instanceId: ch_2002-12-06_fidler_c
 - status: ASSERTED
[Diagnostic] Claim ID: d2a95674-54b5-42f3-b775-2e0b1d5d098a
 - collectionId: DIRECTORS
 - instanceId: ch_2003-12-23_sambhi_s
 - status: ASSERTED
[Diagnostic] Claim ID: bc547ba3-d0b0-424f-a695-dd913a90f983
 - collectionId: DIRECTORS
 - instanceId: ch_2002-12-06_taberner_s
 - status: ASSERTED
[Diagnostic] Claim ID: b828e72b-83b1-42dc-8846-02a470bde55a
 - collectionId: DIRECTORS
 - instanceId: ch_2024-09-26_andrade_b
 - status: ASSERTED
[Diagnostic] Claim ID: 1a928457-223d-45ca-a980-63f60b50a4f7
 - collectionId: DIRECTORS
 - instanceId: ch_2005-04-28_bennett_a
 - status: ASSERTED
[Diagnostic] Claim ID: 10ab26cc-bff9-409b-8e7c-5b4d680d587c
 - collectionId: DIRECTORS
 - instanceId: ch_2009-12-11_borgeaud_j
 - status: ASSERTED
[Diagnostic] Claim ID: 7ed54be7-c068-4d39-919a-06903017cbc7
 - collectionId: DIRECTORS
 - instanceId: ch_2001-02-07_bruce_n
 - status: ASSERTED
[Diagnostic] Claim ID: 92c633ea-84e8-4210-8abc-8ae1d2b8938b
 - collectionId: DIRECTORS
 - instanceId: ch_2021-10-27_byrne_k
 - status: ASSERTED
[Diagnostic] Claim ID: a888936f-e754-423c-a19b-397ceb8f42e2
 - collectionId: DIRECTORS
 - instanceId: ch_2002-12-06_chamberlain_j
 - status: ASSERTED
[Diagnostic] Claim ID: 4d9cc8c0-9b56-4da5-a505-cb4d6ee5e6f3
 - collectionId: DIRECTORS
 - instanceId: ch_2004-04-27_clark_s
 - status: ASSERTED
[Diagnostic] Claim ID: a4e495d1-4b0b-4ff5-9fdf-4a66cb856b6d
 - collectionId: DIRECTORS
 - instanceId: ch_2009-02-13_collinson_g
 - status: ASSERTED
[Diagnostic] Claim ID: 2f10c263-97e6-40cd-990a-7be9bdd3c38b
 - collectionId: DIRECTORS
 - instanceId: ch_2001-02-07_corke_r
 - status: ASSERTED
[Diagnostic] Claim ID: 317fae64-44ca-448c-a105-75d5fe6a504b
 - collectionId: DIRECTORS
 - instanceId: ch_2002-03-11_fleming_c
 - status: ASSERTED
[Diagnostic] Claim ID: 5d9fce80-08ba-4b17-b50c-bbbc384f5af4
 - collectionId: DIRECTORS
 - instanceId: ch_2004-08-13_garstang_m
 - status: ASSERTED
[Diagnostic] Claim ID: deae4ee1-41bb-4e22-a42e-63887490f910
 - collectionId: DIRECTORS
 - instanceId: ch_2013-05-22_hayden_s
 - status: ASSERTED
[Diagnostic] Claim ID: 47b046c4-4672-4d3a-bbc5-49ac11a2004a
 - collectionId: DIRECTORS
 - instanceId: ch_2010-07-23_hinton_t
 - status: ASSERTED
[Diagnostic] Claim ID: ef6819be-3a14-4d82-910c-050aa2db24e7
 - collectionId: DIRECTORS
 - instanceId: ch_2002-12-06_hodkinson_d
 - status: ASSERTED
[Diagnostic] Claim ID: 1789b2bf-dca9-4f69-b5ac-7151b26a72bc
 - collectionId: DIRECTORS
 - instanceId: ch_2002-12-06_king_j
 - status: ASSERTED
[Diagnostic] Claim ID: 6d1f08ae-45af-4a8a-be9a-fee0d795fe83
 - collectionId: DIRECTORS
 - instanceId: ch_2003-12-23_lane_g
 - status: ASSERTED
[Diagnostic] Claim ID: 429270e8-75d1-450c-8dc5-3948f703994b
 - collectionId: DIRECTORS
 - instanceId: ch_2001-02-07_ling_g
 - status: ASSERTED
[Diagnostic] Claim ID: d1e58c96-2fb2-4975-9080-c10a43bb7ca4
 - collectionId: DIRECTORS
 - instanceId: ch_2018-04-12_mangan_k
 - status: ASSERTED
[Diagnostic] Claim ID: 171c50b8-af51-4449-9b57-663b1d0b588f
 - collectionId: DIRECTORS
 - instanceId: ch_2013-08-12_mccord_r
 - status: ASSERTED
[Diagnostic] Claim ID: 5f9aae31-3c1c-4bd4-a6e4-c85196d9adb6
 - collectionId: DIRECTORS
 - instanceId: ch_2016-03-07_raftery_p
 - status: ASSERTED
[Diagnostic] Claim ID: e7605b5b-19b0-4aac-a136-84dccc93ff78
 - collectionId: DIRECTORS
 - instanceId: ch_2012-11-26_redfern_s
 - status: ASSERTED
[Diagnostic] Claim ID: e01959e8-ec7a-43c9-b1f2-8f628b38ebc7
 - collectionId: DIRECTORS
 - instanceId: ch_2016-03-07_reid_c
 - status: ASSERTED
[Diagnostic] Claim ID: 7632aeba-8eed-4763-aba6-5bf9daeccc24
 - collectionId: DIRECTORS
 - instanceId: ch_2003-12-23_sambhi_s
 - status: ASSERTED
[Diagnostic] Claim ID: 5f240a26-0cc0-42ff-85de-ab67d79a2223
 - collectionId: DIRECTORS
 - instanceId: ch_2016-03-07_smith_k
 - status: ASSERTED
[Diagnostic] Claim ID: ea7a2839-8627-47aa-999b-11aac404aa5b
 - collectionId: DIRECTORS
 - instanceId: ch_2007-10-31_spence_j
 - status: ASSERTED
[Diagnostic] Claim ID: 0b687913-6441-4932-b4dc-1bc90d28d5e1
 - collectionId: DIRECTORS
 - instanceId: ch_2016-03-07_reid_c
 - status: ASSERTED
[Diagnostic] Claim ID: 980c2387-11d9-4e7e-b961-783ea7f97935
 - collectionId: DIRECTORS
 - instanceId: ch_2003-12-23_sambhi_s
 - status: ASSERTED
[Diagnostic] Claim ID: 0d539479-c3c1-4f37-9544-c2d2398bdc02
 - collectionId: DIRECTORS
 - instanceId: ch_2016-03-07_smith_k
 - status: ASSERTED
[Diagnostic] Claim ID: c2d2f7dc-6a18-4351-952a-9ba05d580aba
 - collectionId: DIRECTORS
 - instanceId: ch_2007-10-31_spence_j
 - status: ASSERTED
[Diagnostic] Claim ID: 667d3661-608d-43d1-86c1-46a04e2847a0
 - collectionId: DIRECTORS
 - instanceId: ch_2022-10-26_duffy_j
 - status: ASSERTED
[Diagnostic] Claim ID: 356f8957-00e5-47c8-a8d5-23505052817d
 - collectionId: DIRECTORS
 - instanceId: ch_2022-10-26_hacon_g
 - status: ASSERTED
[Diagnostic] Claim ID: 0b0619c4-3fb0-4fd2-8648-b5fa47397fc1
 - collectionId: DIRECTORS
 - instanceId: ch_2025-11-25_lopezcarvajal_j
 - status: ASSERTED
[Diagnostic] Claim ID: b87238a2-fe97-4ad5-af4b-8665b603514c
 - collectionId: DIRECTORS
 - instanceId: ch_2016-03-07_chandler_k
 - status: ASSERTED
[Diagnostic] Claim ID: f0b74d32-0bdd-4529-ab9a-56b59f802651
 - collectionId: DIRECTORS
 - instanceId: ch_2001-02-07_fellowes_c
 - status: ASSERTED
[Diagnostic] Claim ID: 40d2db5c-8f92-453e-89fd-51f069a2b7fb
 - collectionId: DIRECTORS
 - instanceId: ch_2002-12-06_fidler_c
 - status: ASSERTED
[Diagnostic] Claim ID: 202e318f-8ed4-4df1-87cf-686e0e550bf4
 - collectionId: DIRECTORS
 - instanceId: ch_2003-12-23_sambhi_s
 - status: ASSERTED
[Diagnostic] Claim ID: d34aa36f-3726-444b-8be0-98b4019c242c
 - collectionId: DIRECTORS
 - instanceId: ch_2002-12-06_taberner_s
 - status: ASSERTED
[Diagnostic] Claim ID: 68b10368-4187-45fa-a5ab-af51448bebd5
 - collectionId: DIRECTORS
 - instanceId: ch_2024-09-26_andrade_b
 - status: ASSERTED
[Diagnostic] Claim ID: d80be037-49ee-45b7-a297-07d8267d14a0
 - collectionId: DIRECTORS
 - instanceId: ch_2005-04-28_bennett_a
 - status: ASSERTED
[Diagnostic] Claim ID: 50da5f5b-6709-42cb-bff6-1ba32907a165
 - collectionId: DIRECTORS
 - instanceId: ch_2009-12-11_borgeaud_j
 - status: ASSERTED
[Diagnostic] Claim ID: 81500f43-b6f5-467e-9022-8584d2b596ca
 - collectionId: DIRECTORS
 - instanceId: ch_2001-02-07_bruce_n
 - status: ASSERTED
[Diagnostic] Claim ID: 467cfe02-826b-49de-9186-2657e6a7dc44
 - collectionId: DIRECTORS
 - instanceId: ch_2021-10-27_byrne_k
 - status: ASSERTED
[Diagnostic] Claim ID: d4b73298-c2c9-4ae9-a6d9-3bc0ebe12e9c
 - collectionId: DIRECTORS
 - instanceId: ch_2002-12-06_chamberlain_j
 - status: ASSERTED
[Diagnostic] Claim ID: 323f82f2-0122-4cc4-9de6-574944d5cf0c
 - collectionId: DIRECTORS
 - instanceId: ch_2004-04-27_clark_s
 - status: ASSERTED
[Diagnostic] Claim ID: c1ced0d9-ed4c-480d-b068-8454dd509539
 - collectionId: DIRECTORS
 - instanceId: ch_2009-02-13_collinson_g
 - status: ASSERTED
[Diagnostic] Claim ID: a39d1124-9504-4260-bfb6-236253c93c3f
 - collectionId: DIRECTORS
 - instanceId: ch_2001-02-07_corke_r
 - status: ASSERTED
[Diagnostic] Claim ID: d92d4d22-00e6-4b18-ba60-b6528c84a362
 - collectionId: DIRECTORS
 - instanceId: ch_2002-03-11_fleming_c
 - status: ASSERTED
[Diagnostic] Claim ID: 1b816e27-6c66-407b-9a7a-74c00930202e
 - collectionId: DIRECTORS
 - instanceId: ch_2004-08-13_garstang_m
 - status: ASSERTED
[Diagnostic] Claim ID: 56f6b8a4-3f89-4fde-a74d-8db5f4c470c8
 - collectionId: DIRECTORS
 - instanceId: ch_2013-05-22_hayden_s
 - status: ASSERTED
[Diagnostic] Claim ID: 4f133f30-b9ee-4787-9b34-ebb1e96f5e60
 - collectionId: DIRECTORS
 - instanceId: ch_2010-07-23_hinton_t
 - status: ASSERTED
[Diagnostic] Claim ID: a1326c81-c4fd-4a41-bfba-91fc018bc28e
 - collectionId: DIRECTORS
 - instanceId: ch_2002-12-06_hodkinson_d
 - status: ASSERTED
[Diagnostic] Claim ID: 92516d35-38cd-43df-9a50-6b0dc8f83c34
 - collectionId: DIRECTORS
 - instanceId: ch_2002-12-06_king_j
 - status: ASSERTED
[Diagnostic] Claim ID: 95f2b3a4-aea9-44db-beb9-67cf61039dce
 - collectionId: DIRECTORS
 - instanceId: ch_2003-12-23_lane_g
 - status: ASSERTED
[Diagnostic] Claim ID: 58af8d02-cc99-4f86-98bb-28f1260bfdf7
 - collectionId: DIRECTORS
 - instanceId: ch_2001-02-07_ling_g
 - status: ASSERTED
[Diagnostic] Claim ID: 3b607601-873d-42d1-91f6-249317582381
 - collectionId: DIRECTORS
 - instanceId: ch_2018-04-12_mangan_k
 - status: ASSERTED
[Diagnostic] Claim ID: a9ef1c6e-6981-418e-9d51-3a77a3ecbd0e
 - collectionId: DIRECTORS
 - instanceId: ch_2013-08-12_mccord_r
 - status: ASSERTED
[Diagnostic] Claim ID: 9f34fbca-5a34-405a-b89e-b9e5917b9149
 - collectionId: DIRECTORS
 - instanceId: ch_2016-03-07_raftery_p
 - status: ASSERTED
[Diagnostic] Claim ID: 2ab1d2ab-55ab-4c18-be94-76c065f60892
 - collectionId: DIRECTORS
 - instanceId: ch_2012-11-26_redfern_s
 - status: ASSERTED
[Diagnostic] Claim ID: 804fb757-a6dc-4e74-a551-f253d11b9725
 - collectionId: DIRECTORS
 - instanceId: ch_2016-03-07_reid_c
 - status: ASSERTED
[Diagnostic] Claim ID: 8d6538a2-1a2d-416f-a904-4e67b56aebb3
 - collectionId: DIRECTORS
 - instanceId: ch_2003-12-23_sambhi_s
 - status: ASSERTED
[Diagnostic] Claim ID: e408d6f9-9bff-49f4-adce-44351f08b66d
 - collectionId: DIRECTORS
 - instanceId: ch_2016-03-07_smith_k
 - status: ASSERTED
[Diagnostic] Claim ID: 091277c6-4bf9-4389-ba40-15c2bded7e16
 - collectionId: DIRECTORS
 - instanceId: ch_2007-10-31_spence_j
 - status: ASSERTED
[Diagnostic] Claim ID: 90d8dd05-e336-402f-8556-a85a347eff47
 - collectionId: DIRECTORS
 - instanceId: ch_2022-10-26_duffy_j
 - status: ASSERTED
[Diagnostic] Claim ID: da0c1082-0ecf-406b-a26a-0d1be8f43656
 - collectionId: DIRECTORS
 - instanceId: ch_2022-10-26_hacon_g
 - status: ASSERTED
[Diagnostic] Claim ID: 6a5f9d92-0a9c-4f36-b1d3-690f80658a24
 - collectionId: DIRECTORS
 - instanceId: ch_2025-11-25_lopezcarvajal_j
 - status: ASSERTED
[Diagnostic] Claim ID: 3617ebff-b67e-404b-891b-78f7c9d18b56
 - collectionId: DIRECTORS
 - instanceId: ch_2016-03-07_chandler_k
 - status: ASSERTED
[Diagnostic] Claim ID: 257fc7d5-ed89-45dd-9ae7-b6c0d066e3d4
 - collectionId: DIRECTORS
 - instanceId: ch_2001-02-07_fellowes_c
 - status: ASSERTED
[Diagnostic] Claim ID: 70b6b491-964a-4837-822a-18d08c17c83f
 - collectionId: DIRECTORS
 - instanceId: ch_2002-12-06_fidler_c
 - status: ASSERTED
[Diagnostic] Claim ID: 32dc7556-1664-442e-a086-a4d859f8643a
 - collectionId: DIRECTORS
 - instanceId: ch_2003-12-23_sambhi_s
 - status: ASSERTED
[Diagnostic] Claim ID: 59858596-a36e-4a3a-98e4-2e3c8af52076
 - collectionId: DIRECTORS
 - instanceId: ch_2002-12-06_taberner_s
 - status: ASSERTED
[Diagnostic] Claim ID: 74be4e8f-4dbe-4c51-b0e1-e9d420a41878
 - collectionId: DIRECTORS
 - instanceId: ch_2024-09-26_andrade_b
 - status: ASSERTED
[Diagnostic] Claim ID: 632e1f3d-f1a3-4fe7-bf00-d2cc6b7a3392
 - collectionId: DIRECTORS
 - instanceId: ch_2005-04-28_bennett_a
 - status: ASSERTED
[Diagnostic] Claim ID: f511e735-dcf7-443c-8902-95ffb97ebd08
 - collectionId: DIRECTORS
 - instanceId: ch_2009-12-11_borgeaud_j
 - status: ASSERTED
[Diagnostic] Claim ID: fc081547-41e8-403b-99bd-4205b33e5003
 - collectionId: DIRECTORS
 - instanceId: ch_2001-02-07_bruce_n
 - status: ASSERTED
[Diagnostic] Claim ID: 91e5478f-d0fe-44e5-91b7-16beb6c11705
 - collectionId: DIRECTORS
 - instanceId: ch_2021-10-27_byrne_k
 - status: ASSERTED
[Diagnostic] Claim ID: 310fd13f-cb7a-4f67-8e5e-4b63f069dbb5
 - collectionId: DIRECTORS
 - instanceId: ch_2002-12-06_chamberlain_j
 - status: ASSERTED
[Diagnostic] Claim ID: cef6cdf9-1841-43ee-b48d-e78e19baecc5
 - collectionId: DIRECTORS
 - instanceId: ch_2022-10-26_duffy_j
 - status: ASSERTED
[Diagnostic] Claim ID: bc01bf5b-d68e-452c-ae52-7bdacc6957a0
 - collectionId: DIRECTORS
 - instanceId: ch_2022-10-26_hacon_g
 - status: ASSERTED
[Diagnostic] Claim ID: 4b003419-d130-482a-a309-bbb50ff71dff
 - collectionId: DIRECTORS
 - instanceId: ch_2025-11-25_lopezcarvajal_j
 - status: ASSERTED
[Diagnostic] Claim ID: 92579dbf-e916-4c62-a09e-9e792b66424b
 - collectionId: DIRECTORS
 - instanceId: ch_2016-03-07_chandler_k
 - status: ASSERTED
[Diagnostic] Claim ID: 8091cb06-8aa1-48f0-bda4-c9efcb176ec4
 - collectionId: DIRECTORS
 - instanceId: ch_2001-02-07_fellowes_c
 - status: ASSERTED
[Diagnostic] Claim ID: 1c4f690d-f653-44df-8aa0-e797e59770c4
 - collectionId: DIRECTORS
 - instanceId: ch_2002-12-06_fidler_c
 - status: ASSERTED
[Diagnostic] Claim ID: de191fab-1988-4058-ae01-1c6a555cd35c
 - collectionId: DIRECTORS
 - instanceId: ch_2003-12-23_sambhi_s
 - status: ASSERTED
[Diagnostic] Claim ID: 7eb89d62-6fa3-4fce-bd55-681e40ddfd39
 - collectionId: DIRECTORS
 - instanceId: ch_2002-12-06_taberner_s
 - status: ASSERTED
[Diagnostic] Claim ID: 94133af9-e1ee-41df-9623-997e972bd4c6
 - collectionId: DIRECTORS
 - instanceId: ch_2024-09-26_andrade_b
 - status: ASSERTED
[Diagnostic] Claim ID: ff6eed86-4acc-4f6f-b21b-1cb16f5a5e8e
 - collectionId: DIRECTORS
 - instanceId: ch_2005-04-28_bennett_a
 - status: ASSERTED
[Diagnostic] Claim ID: 0b168ffe-5bee-4146-bf30-569df77a63e3
 - collectionId: DIRECTORS
 - instanceId: ch_2009-12-11_borgeaud_j
 - status: ASSERTED
[Diagnostic] Claim ID: 47b59fc4-219e-42f6-9f08-7757dc8223a6
 - collectionId: DIRECTORS
 - instanceId: ch_2001-02-07_bruce_n
 - status: ASSERTED
[Diagnostic] Claim ID: 1be35700-ada6-4f76-9c55-17bd7f1b6bbc
 - collectionId: DIRECTORS
 - instanceId: ch_2021-10-27_byrne_k
 - status: ASSERTED
[Diagnostic] Claim ID: 33f22f45-1ffb-4f1d-b01f-6e56778ecbfd
 - collectionId: DIRECTORS
 - instanceId: ch_2002-12-06_chamberlain_j
 - status: ASSERTED
[Diagnostic] Claim ID: 5786f355-59ed-4fda-8c1c-406d4353651e
 - collectionId: DIRECTORS
 - instanceId: ch_2004-04-27_clark_s
 - status: ASSERTED
[Diagnostic] Claim ID: 2196f06a-4bc8-457d-86b8-9dffbc2bfdc8
 - collectionId: DIRECTORS
 - instanceId: ch_2009-02-13_collinson_g
 - status: ASSERTED
[Diagnostic] Claim ID: 87bf1242-fe7e-4e7d-ac38-da8bc8c3dd70
 - collectionId: DIRECTORS
 - instanceId: ch_2001-02-07_corke_r
 - status: ASSERTED
[Diagnostic] Claim ID: eaca98ce-41d9-4c2d-b965-ea58a40666f9
 - collectionId: DIRECTORS
 - instanceId: ch_2002-03-11_fleming_c
 - status: ASSERTED
[Diagnostic] Claim ID: c64dcdaa-5fc8-40c4-a562-c775a212c591
 - collectionId: DIRECTORS
 - instanceId: ch_2004-08-13_garstang_m
 - status: ASSERTED
[Diagnostic] Claim ID: 129fa350-35c6-470b-9f0f-968f4bb03aae
 - collectionId: DIRECTORS
 - instanceId: ch_2013-05-22_hayden_s
 - status: ASSERTED
[Diagnostic] Claim ID: fefc6d2e-2c78-4630-b859-c35c30b8c4dd
 - collectionId: DIRECTORS
 - instanceId: ch_2010-07-23_hinton_t
 - status: ASSERTED
[Diagnostic] Claim ID: af4ec0b7-90c9-41b9-bd64-d90070132724
 - collectionId: DIRECTORS
 - instanceId: ch_2002-12-06_hodkinson_d
 - status: ASSERTED
[Diagnostic] Claim ID: f708f7ac-b72a-48bb-a478-67399a37f7c7
 - collectionId: DIRECTORS
 - instanceId: ch_2002-12-06_king_j
 - status: ASSERTED
[Diagnostic] Claim ID: 80fded05-d6f5-4905-bc65-71cac62b147d
 - collectionId: DIRECTORS
 - instanceId: ch_2003-12-23_lane_g
 - status: ASSERTED
[Diagnostic] Claim ID: 1fcaf43b-17c2-4343-87bf-e735f8b7cdbb
 - collectionId: DIRECTORS
 - instanceId: ch_2001-02-07_ling_g
 - status: ASSERTED
[Diagnostic] Claim ID: 72da3dc5-ebb9-4025-94e6-7a2995e851c6
 - collectionId: DIRECTORS
 - instanceId: ch_2018-04-12_mangan_k
 - status: ASSERTED
[Diagnostic] Claim ID: 6bf941ab-0d03-4243-a4e3-771d4c3cca0d
 - collectionId: DIRECTORS
 - instanceId: ch_2013-08-12_mccord_r
 - status: ASSERTED
[Diagnostic] Claim ID: 319f3bce-d942-4064-adb6-863663e2cfa6
 - collectionId: DIRECTORS
 - instanceId: ch_2016-03-07_raftery_p
 - status: ASSERTED
[Diagnostic] Claim ID: 88e0fe4a-e4eb-4ecd-a3c7-ed11e6b2b18b
 - collectionId: DIRECTORS
 - instanceId: ch_2012-11-26_redfern_s
 - status: ASSERTED
[Diagnostic] Claim ID: 73846e21-4416-4de6-b59d-3f15af5a3f56
 - collectionId: DIRECTORS
 - instanceId: ch_2016-03-07_reid_c
 - status: ASSERTED
[Diagnostic] Claim ID: 88bca27a-686d-4860-b43f-7012c1d41051
 - collectionId: DIRECTORS
 - instanceId: ch_2003-12-23_sambhi_s
 - status: ASSERTED
[Diagnostic] Claim ID: 9e599f2d-f12d-43ab-846e-737be9ef8d2c
 - collectionId: DIRECTORS
 - instanceId: ch_2016-03-07_smith_k
 - status: ASSERTED
[Diagnostic] Claim ID: 5223e05f-d147-4c8f-a1f8-0f36023c6468
 - collectionId: DIRECTORS
 - instanceId: ch_2007-10-31_spence_j
 - status: ASSERTED
[Diagnostic] Claim ID: 9a366e04-83e7-4913-a75d-b52d9788e8c0
 - collectionId: DIRECTORS
 - instanceId: ch_2004-04-27_clark_s
 - status: ASSERTED
[Diagnostic] Claim ID: 45a566f7-f76e-46a2-b3e6-249694ed0013
 - collectionId: DIRECTORS
 - instanceId: ch_2009-02-13_collinson_g
 - status: ASSERTED
[Diagnostic] Claim ID: 6a918a3b-d6dc-4556-b35a-e1ca4bf4c90a
 - collectionId: DIRECTORS
 - instanceId: ch_2001-02-07_corke_r
 - status: ASSERTED
[Diagnostic] Claim ID: 5b241639-2a6d-4604-b5f1-0c216da4e7d2
 - collectionId: DIRECTORS
 - instanceId: ch_2002-03-11_fleming_c
 - status: ASSERTED
[Diagnostic] Claim ID: c856f6ba-af0b-4383-b3ba-d978b5ed8dcc
 - collectionId: DIRECTORS
 - instanceId: ch_2004-08-13_garstang_m
 - status: ASSERTED
[Diagnostic] Claim ID: c44d28d4-abd6-4371-9dc9-d7cd46ab0e98
 - collectionId: DIRECTORS
 - instanceId: ch_2013-05-22_hayden_s
 - status: ASSERTED
[Diagnostic] Claim ID: 5a0c51e1-b5ac-40f4-80d0-1396f0ea02e4
 - collectionId: DIRECTORS
 - instanceId: ch_2010-07-23_hinton_t
 - status: ASSERTED
[Diagnostic] Claim ID: 322c8994-1d0b-4d11-b3e6-c96cad227258
 - collectionId: DIRECTORS
 - instanceId: ch_2002-12-06_hodkinson_d
 - status: ASSERTED
[Diagnostic] Claim ID: b04767c5-818c-45c4-9e0f-f0a156d0ac7c
 - collectionId: DIRECTORS
 - instanceId: ch_2002-12-06_king_j
 - status: ASSERTED
[Diagnostic] Claim ID: d50f4153-8cb7-4d3b-8a45-2f9bd514299f
 - collectionId: DIRECTORS
 - instanceId: ch_2003-12-23_lane_g
 - status: ASSERTED
[Diagnostic] Claim ID: d1e93ae8-7a46-4135-9094-cfab559a6e08
 - collectionId: DIRECTORS
 - instanceId: ch_2001-02-07_ling_g
 - status: ASSERTED
[Diagnostic] Claim ID: de3e252e-89a4-463f-ad1b-7ae9dab0540a
 - collectionId: DIRECTORS
 - instanceId: ch_2018-04-12_mangan_k
 - status: ASSERTED
[Diagnostic] Claim ID: 36dc34f6-00a8-4397-a0d8-1fcbec9cfe28
 - collectionId: DIRECTORS
 - instanceId: ch_2013-08-12_mccord_r
 - status: ASSERTED
[Diagnostic] Claim ID: 86dbf036-4638-41e8-9a9f-c88d17ab10b4
 - collectionId: DIRECTORS
 - instanceId: ch_2016-03-07_raftery_p
 - status: ASSERTED
[Diagnostic] Claim ID: 61f3d3a8-a5d2-4e4a-a1a5-d7756c0e826c
 - collectionId: DIRECTORS
 - instanceId: ch_2022-10-26_duffy_j
 - status: ASSERTED
[Diagnostic] Claim ID: cf28da43-49f6-47c3-b61d-97176132c797
 - collectionId: DIRECTORS
 - instanceId: ch_2022-10-26_hacon_g
 - status: ASSERTED
[Diagnostic] Claim ID: 90759190-efca-4a52-ae19-8f39a18984fe
 - collectionId: DIRECTORS
 - instanceId: ch_2025-11-25_lopezcarvajal_j
 - status: ASSERTED
[Diagnostic] Claim ID: eab3db5c-3fe0-44f2-9341-a23abf0225c3
 - collectionId: DIRECTORS
 - instanceId: ch_2016-03-07_chandler_k
 - status: ASSERTED
[Diagnostic] Claim ID: 92c5f87a-4ed4-4180-b8a3-32304e00d34b
 - collectionId: DIRECTORS
 - instanceId: ch_2001-02-07_fellowes_c
 - status: ASSERTED
[Diagnostic] Claim ID: b519a5ca-066a-4db5-9eda-fe178728ef9d
 - collectionId: DIRECTORS
 - instanceId: ch_2002-12-06_fidler_c
 - status: ASSERTED
[Diagnostic] Claim ID: 640a6843-d7e1-4666-8d7d-21298aabcd82
 - collectionId: DIRECTORS
 - instanceId: ch_2003-12-23_sambhi_s
 - status: ASSERTED
[Diagnostic] Claim ID: 578df866-a01c-42cf-8e24-1c248ed3d93e
 - collectionId: DIRECTORS
 - instanceId: ch_2002-12-06_taberner_s
 - status: ASSERTED
[Diagnostic] Claim ID: 762f4503-3d20-4bd1-9008-1b00999638e7
 - collectionId: DIRECTORS
 - instanceId: ch_2024-09-26_andrade_b
 - status: ASSERTED
[Diagnostic] Claim ID: 8ecd8ca5-ae16-42f6-a477-380b3d0a510f
 - collectionId: DIRECTORS
 - instanceId: ch_2005-04-28_bennett_a
 - status: ASSERTED
[Diagnostic] Claim ID: a6891f9a-21a4-4636-85ba-5c11a7e04c4d
 - collectionId: DIRECTORS
 - instanceId: ch_2009-12-11_borgeaud_j
 - status: ASSERTED
[Diagnostic] Claim ID: 4c9a7208-81d1-4359-bc31-aee4546aed9d
 - collectionId: DIRECTORS
 - instanceId: ch_2001-02-07_bruce_n
 - status: ASSERTED
[Diagnostic] Claim ID: d75ef7d2-fc4f-490b-9937-b5561650b818
 - collectionId: DIRECTORS
 - instanceId: ch_2021-10-27_byrne_k
 - status: ASSERTED
[Diagnostic] Claim ID: 490e6055-b5c1-44f1-ade1-064016471c37
 - collectionId: DIRECTORS
 - instanceId: ch_2002-12-06_chamberlain_j
 - status: ASSERTED
[Diagnostic] Claim ID: 38edd638-49e5-4fa5-8a2d-17c49855ab24
 - collectionId: DIRECTORS
 - instanceId: ch_2004-04-27_clark_s
 - status: ASSERTED
[Diagnostic] Claim ID: d8b89af9-ccbe-42d5-bfec-adec13acb612
 - collectionId: DIRECTORS
 - instanceId: ch_2009-02-13_collinson_g
 - status: ASSERTED
[Diagnostic] Claim ID: 99299493-dd44-458f-9646-f56c14d67f79
 - collectionId: DIRECTORS
 - instanceId: ch_2001-02-07_corke_r
 - status: ASSERTED
[Diagnostic] Claim ID: f89aba71-5c7b-4a37-909f-c876d2a932fa
 - collectionId: DIRECTORS
 - instanceId: ch_2002-03-11_fleming_c
 - status: ASSERTED
[Diagnostic] Claim ID: 227e6807-d3d4-4016-b8b2-ef2680124c03
 - collectionId: DIRECTORS
 - instanceId: ch_2004-08-13_garstang_m
 - status: ASSERTED
[Diagnostic] Claim ID: 96ffbaba-5714-4ef3-9e63-f8b418d3c12c
 - collectionId: DIRECTORS
 - instanceId: ch_2013-05-22_hayden_s
 - status: ASSERTED
[Diagnostic] Claim ID: 9f818e19-610d-4f88-814a-1e0a5b8e834c
 - collectionId: DIRECTORS
 - instanceId: ch_2010-07-23_hinton_t
 - status: ASSERTED
[Diagnostic] Claim ID: a2f0cbc0-4624-44ed-a086-cba94cf1ce38
 - collectionId: DIRECTORS
 - instanceId: ch_2002-12-06_hodkinson_d
 - status: ASSERTED
[Diagnostic] Claim ID: dba733d7-4ce3-49c6-bb30-45983e247e4e
 - collectionId: DIRECTORS
 - instanceId: ch_2002-12-06_king_j
 - status: ASSERTED
[Diagnostic] Claim ID: 2e55407b-3025-410d-9b89-d97eb5ea5a80
 - collectionId: DIRECTORS
 - instanceId: ch_2003-12-23_lane_g
 - status: ASSERTED
[Diagnostic] Claim ID: 4c75208b-f72d-401e-806a-46f3e553f114
 - collectionId: DIRECTORS
 - instanceId: ch_2001-02-07_ling_g
 - status: ASSERTED
[Diagnostic] Claim ID: d08f6b2f-6a76-4855-bb93-2f3facba7bf4
 - collectionId: DIRECTORS
 - instanceId: ch_2018-04-12_mangan_k
 - status: ASSERTED
[Diagnostic] Claim ID: 06a77980-de96-419e-9a98-ecb9128e3718
 - collectionId: DIRECTORS
 - instanceId: ch_2013-08-12_mccord_r
 - status: ASSERTED
[Diagnostic] Claim ID: 0861e545-ea35-43c1-be72-aaf869aa357c
 - collectionId: DIRECTORS
 - instanceId: ch_2016-03-07_raftery_p
 - status: ASSERTED
[Diagnostic] Claim ID: 53417005-c27d-4afb-b43c-3936a135cecb
 - collectionId: DIRECTORS
 - instanceId: ch_2012-11-26_redfern_s
 - status: ASSERTED
[Diagnostic] Claim ID: 8fb6e0b3-29ca-49fb-a4f5-14d56541c8f2
 - collectionId: DIRECTORS
 - instanceId: ch_2016-03-07_reid_c
 - status: ASSERTED
[Diagnostic] Claim ID: bf420dd2-b490-4a25-a967-d388c4d151d3
 - collectionId: DIRECTORS
 - instanceId: ch_2003-12-23_sambhi_s
 - status: ASSERTED
[Diagnostic] Claim ID: 9644a182-98dd-48af-be9d-5dcec13a4b5e
 - collectionId: DIRECTORS
 - instanceId: ch_2016-03-07_smith_k
 - status: ASSERTED
[Diagnostic] Claim ID: 5aa53c0a-7e2b-4431-8fb4-2e7384fa72ce
 - collectionId: DIRECTORS
 - instanceId: ch_2007-10-31_spence_j
 - status: ASSERTED
[Diagnostic] Claim ID: 2bb4a76e-93b3-4a83-b1de-126c48cd773e
 - collectionId: DIRECTORS
 - instanceId: ch_2012-11-26_redfern_s
 - status: ASSERTED
[Diagnostic] Claim ID: b466edd2-bb87-455e-93bd-6273b18755f1
 - collectionId: DIRECTORS
 - instanceId: ch_2016-03-07_reid_c
 - status: ASSERTED
[Diagnostic] Claim ID: abfd1ff0-8ddf-4563-bee8-a230c1f4ee18
 - collectionId: DIRECTORS
 - instanceId: ch_2007-10-31_spence_j
 - status: ASSERTED
[Diagnostic] Claim ID: 3e8c6f39-3e52-4345-a691-7bbfd8a3f2f5
 - collectionId: DIRECTORS
 - instanceId: ch_2022-10-26_duffy_j
 - status: ASSERTED
[Diagnostic] Claim ID: 62ca86db-16b8-487a-8d41-355a32086c69
 - collectionId: DIRECTORS
 - instanceId: ch_2022-10-26_hacon_g
 - status: ASSERTED
[Diagnostic] Claim ID: 9c5bd075-090c-46bf-b7ea-22a54f53b531
 - collectionId: DIRECTORS
 - instanceId: ch_2022-10-26_duffy_j
 - status: ASSERTED
[Diagnostic] Claim ID: d2684f5e-fae0-4f2f-b381-6299291eee6a
 - collectionId: DIRECTORS
 - instanceId: ch_2022-10-26_hacon_g
 - status: ASSERTED
[Diagnostic] Claim ID: e3b66bb7-5d4d-4b44-b982-c52789753e95
 - collectionId: DIRECTORS
 - instanceId: ch_2025-11-25_lopezcarvajal_j
 - status: ASSERTED
[Diagnostic] Claim ID: bf2e180e-243f-4a48-b937-049157f0f7c5
 - collectionId: DIRECTORS
 - instanceId: ch_2016-03-07_chandler_k
 - status: ASSERTED
[Diagnostic] Claim ID: 1440697c-2726-4411-990d-bdab5585a0f3
 - collectionId: DIRECTORS
 - instanceId: ch_2001-02-07_fellowes_c
 - status: ASSERTED
[Diagnostic] Claim ID: 34b9e530-546f-49a4-865a-139ddeea1bb3
 - collectionId: DIRECTORS
 - instanceId: ch_2002-12-06_fidler_c
 - status: ASSERTED
[Diagnostic] Claim ID: 1345633f-996e-4156-92b9-eb4ceae70144
 - collectionId: DIRECTORS
 - instanceId: ch_2003-12-23_sambhi_s
 - status: ASSERTED
[Diagnostic] Claim ID: 69c0cd1f-e5cf-47bb-9110-9f5198b97f0b
 - collectionId: DIRECTORS
 - instanceId: ch_2002-12-06_taberner_s
 - status: ASSERTED
[Diagnostic] Claim ID: 0264f2ac-1954-4f3f-b4f2-50d26a7f80a7
 - collectionId: DIRECTORS
 - instanceId: ch_2024-09-26_andrade_b
 - status: ASSERTED
[Diagnostic] Claim ID: 24bd0520-1c8b-4de1-8d86-1f474321a954
 - collectionId: DIRECTORS
 - instanceId: ch_2005-04-28_bennett_a
 - status: ASSERTED
[Diagnostic] Claim ID: de35f474-5ded-4980-8656-6330435bd032
 - collectionId: DIRECTORS
 - instanceId: ch_2009-12-11_borgeaud_j
 - status: ASSERTED
[Diagnostic] Claim ID: 6c594175-cefb-4a7c-b8af-92167d7e1daa
 - collectionId: DIRECTORS
 - instanceId: ch_2001-02-07_bruce_n
 - status: ASSERTED
[Diagnostic] Claim ID: 1583b6dc-9147-4fc9-a964-29056a548e81
 - collectionId: DIRECTORS
 - instanceId: ch_2021-10-27_byrne_k
 - status: ASSERTED
[Diagnostic] Claim ID: 5b7f2b9c-e88c-4e3f-aba1-52a7e4cc8c61
 - collectionId: DIRECTORS
 - instanceId: ch_2002-12-06_chamberlain_j
 - status: ASSERTED
[Diagnostic] Claim ID: 2b57aea6-da4a-4e7b-a7cc-0fd93a68b23e
 - collectionId: DIRECTORS
 - instanceId: ch_2004-04-27_clark_s
 - status: ASSERTED
[Diagnostic] Claim ID: 6a148a7b-c9a5-44ae-a441-0f9323dbb9a0
 - collectionId: DIRECTORS
 - instanceId: ch_2009-02-13_collinson_g
 - status: ASSERTED
[Diagnostic] Claim ID: c19ae832-d1d0-43d9-ae50-2d5d38bae032
 - collectionId: DIRECTORS
 - instanceId: ch_2001-02-07_corke_r
 - status: ASSERTED
[Diagnostic] Claim ID: 6e0ff177-86f5-41c8-b0a7-0d37bf2ae523
 - collectionId: DIRECTORS
 - instanceId: ch_2002-03-11_fleming_c
 - status: ASSERTED
[Diagnostic] Claim ID: 429a1b38-fee1-4f7e-a7db-9794bba51b82
 - collectionId: DIRECTORS
 - instanceId: ch_2004-08-13_garstang_m
 - status: ASSERTED
[Diagnostic] Claim ID: 4a6510c4-d037-44e0-95fd-48571a71d81c
 - collectionId: DIRECTORS
 - instanceId: ch_2013-05-22_hayden_s
 - status: ASSERTED
[Diagnostic] Claim ID: 4ada6418-c370-4d65-8d33-9be06f64f3e3
 - collectionId: DIRECTORS
 - instanceId: ch_2010-07-23_hinton_t
 - status: ASSERTED
[Diagnostic] Claim ID: 10446d5f-1da3-407f-9868-a9d7ac5fd17a
 - collectionId: DIRECTORS
 - instanceId: ch_2002-12-06_hodkinson_d
 - status: ASSERTED
[Diagnostic] Claim ID: 3664d332-3bb2-4737-942d-02752d9ec9ad
 - collectionId: DIRECTORS
 - instanceId: ch_2002-12-06_king_j
 - status: ASSERTED
[Diagnostic] Claim ID: 6b8d7764-7ff4-452e-b5ae-3f908a7ad094
 - collectionId: DIRECTORS
 - instanceId: ch_2003-12-23_lane_g
 - status: ASSERTED
[Diagnostic] Claim ID: b731bb45-a19e-4ca7-8f06-abab11900f0c
 - collectionId: DIRECTORS
 - instanceId: ch_2001-02-07_ling_g
 - status: ASSERTED
[Diagnostic] Claim ID: 9a6e22fd-70c5-42f1-b92a-5bf22a536f6c
 - collectionId: DIRECTORS
 - instanceId: ch_2018-04-12_mangan_k
 - status: ASSERTED
[Diagnostic] Claim ID: eb997173-7c39-4098-b92b-a52776526b50
 - collectionId: DIRECTORS
 - instanceId: ch_2013-08-12_mccord_r
 - status: ASSERTED
[Diagnostic] Claim ID: 18664ff7-fc83-4123-b5eb-ce772b0491b8
 - collectionId: DIRECTORS
 - instanceId: ch_2016-03-07_raftery_p
 - status: ASSERTED
[Diagnostic] Claim ID: cb797dd9-cbf1-48dd-a4c9-bce4d920804d
 - collectionId: DIRECTORS
 - instanceId: ch_2012-11-26_redfern_s
 - status: ASSERTED
[Diagnostic] Claim ID: 85dbe8b8-2c3c-4c0c-a275-c4acd7e18f4b
 - collectionId: DIRECTORS
 - instanceId: ch_2016-03-07_reid_c
 - status: ASSERTED
[Diagnostic] Claim ID: 61ac7f2e-3b5a-414a-93e0-c2597d7922f3
 - collectionId: DIRECTORS
 - instanceId: ch_2003-12-23_sambhi_s
 - status: ASSERTED
[Diagnostic] Claim ID: cff62092-75c7-4241-bae9-a1c3e5516712
 - collectionId: DIRECTORS
 - instanceId: ch_2016-03-07_smith_k
 - status: ASSERTED
[Diagnostic] Claim ID: dd221283-4be4-4f82-aaa6-395d62857f91
 - collectionId: DIRECTORS
 - instanceId: ch_2007-10-31_spence_j
 - status: ASSERTED
[Diagnostic] Claim ID: c3f1ea7d-16b1-4002-bc5d-58d9e1859ca8
 - collectionId: DIRECTORS
 - instanceId: ch_2022-10-26_duffy_j
 - status: ASSERTED
[Diagnostic] Claim ID: 4b14156d-2747-444f-ac1e-84a56057f00b
 - collectionId: DIRECTORS
 - instanceId: ch_2022-10-26_hacon_g
 - status: ASSERTED
[Diagnostic] Claim ID: 38d5e477-5ed6-4397-96ab-6aab6b16d325
 - collectionId: DIRECTORS
 - instanceId: ch_2025-11-25_lopezcarvajal_j
 - status: ASSERTED
[Diagnostic] Claim ID: 42e41865-131e-46a5-bb01-780e34a053f0
 - collectionId: DIRECTORS
 - instanceId: ch_2016-03-07_chandler_k
 - status: ASSERTED
[Diagnostic] Claim ID: 6f7747e5-7d71-4667-bd52-6d49da5621ad
 - collectionId: DIRECTORS
 - instanceId: ch_2001-02-07_fellowes_c
 - status: ASSERTED
[Diagnostic] Claim ID: 641bf796-f0e9-4513-84ec-31fac43ee925
 - collectionId: DIRECTORS
 - instanceId: ch_2002-12-06_fidler_c
 - status: ASSERTED
[Diagnostic] Claim ID: 917b2b10-417d-47c5-85ed-8be0456f3ebd
 - collectionId: DIRECTORS
 - instanceId: ch_2003-12-23_sambhi_s
 - status: ASSERTED
[Diagnostic] Claim ID: 869cdeea-0195-45ff-a06e-d555e6d3019c
 - collectionId: DIRECTORS
 - instanceId: ch_2002-12-06_taberner_s
 - status: ASSERTED
[Diagnostic] Claim ID: 7e00982c-885b-41a7-b7b6-5739f79a81c7
 - collectionId: DIRECTORS
 - instanceId: ch_2024-09-26_andrade_b
 - status: ASSERTED
[Diagnostic] Claim ID: 1607af61-00a9-4eca-a01f-4ff5d7e518e5
 - collectionId: DIRECTORS
 - instanceId: ch_2005-04-28_bennett_a
 - status: ASSERTED
[Diagnostic] Claim ID: 7c4f0db0-3bfc-4194-9379-4e921355047d
 - collectionId: DIRECTORS
 - instanceId: ch_2009-12-11_borgeaud_j
 - status: ASSERTED
[Diagnostic] Claim ID: 811ee0ec-0825-4179-b488-710a6cadc20f
 - collectionId: DIRECTORS
 - instanceId: ch_2001-02-07_bruce_n
 - status: ASSERTED
[Diagnostic] Claim ID: 8c41c988-07b9-46fc-b4e6-b375204d670d
 - collectionId: DIRECTORS
 - instanceId: ch_2021-10-27_byrne_k
 - status: ASSERTED
[Diagnostic] Claim ID: b8b076dc-fa83-44f0-a039-6bf057326f34
 - collectionId: DIRECTORS
 - instanceId: ch_2002-12-06_chamberlain_j
 - status: ASSERTED
[Diagnostic] Claim ID: 0095bea1-9544-401e-980a-d48a6fd6443e
 - collectionId: DIRECTORS
 - instanceId: ch_2004-04-27_clark_s
 - status: ASSERTED
[Diagnostic] Claim ID: 84b30ed7-4745-4373-b5c7-ea2e47e5270f
 - collectionId: DIRECTORS
 - instanceId: ch_2009-02-13_collinson_g
 - status: ASSERTED
[Diagnostic] Claim ID: 568423d6-104a-44f5-9cee-289c16328bd4
 - collectionId: DIRECTORS
 - instanceId: ch_2001-02-07_corke_r
 - status: ASSERTED
[Diagnostic] Claim ID: 6dc73201-30a2-418e-a943-5f5f71d80325
 - collectionId: DIRECTORS
 - instanceId: ch_2002-03-11_fleming_c
 - status: ASSERTED
[Diagnostic] Claim ID: 7ef792cb-2123-4643-91bc-fcf09a5db0a1
 - collectionId: DIRECTORS
 - instanceId: ch_2004-08-13_garstang_m
 - status: ASSERTED
[Diagnostic] Claim ID: 54d2bc79-8df2-4c51-ae76-57e411986e70
 - collectionId: DIRECTORS
 - instanceId: ch_2013-05-22_hayden_s
 - status: ASSERTED
[Diagnostic] Claim ID: 01a44cfd-b925-43a8-9e92-aff613e69321
 - collectionId: DIRECTORS
 - instanceId: ch_2010-07-23_hinton_t
 - status: ASSERTED
[Diagnostic] Claim ID: f1ca247d-b4a2-4a52-a556-47029719374f
 - collectionId: DIRECTORS
 - instanceId: ch_2002-12-06_hodkinson_d
 - status: ASSERTED
[Diagnostic] Claim ID: b57ebed3-f1f5-426d-b365-a52bf4eda32d
 - collectionId: DIRECTORS
 - instanceId: ch_2002-12-06_king_j
 - status: ASSERTED
[Diagnostic] Claim ID: 58a284bb-bcd5-4a14-a4f3-99e133a40eb5
 - collectionId: DIRECTORS
 - instanceId: ch_2003-12-23_lane_g
 - status: ASSERTED
[Diagnostic] Claim ID: 8089d6f3-10d0-4c03-b6fe-3bb126604842
 - collectionId: DIRECTORS
 - instanceId: ch_2001-02-07_ling_g
 - status: ASSERTED
[Diagnostic] Claim ID: cda9387e-03d4-49fb-88bd-c0f125c7a2a5
 - collectionId: DIRECTORS
 - instanceId: ch_2018-04-12_mangan_k
 - status: ASSERTED
[Diagnostic] Claim ID: 17ad1e1d-5ca1-4104-95c4-f210d1688a87
 - collectionId: DIRECTORS
 - instanceId: ch_2013-08-12_mccord_r
 - status: ASSERTED
[Diagnostic] Claim ID: 4d12085f-2481-4f1b-a59a-fb03f85ecebe
 - collectionId: DIRECTORS
 - instanceId: ch_2016-03-07_raftery_p
 - status: ASSERTED
[Diagnostic] Claim ID: 58ab2328-3c36-4b80-b9ac-f74096398a79
 - collectionId: DIRECTORS
 - instanceId: ch_2012-11-26_redfern_s
 - status: ASSERTED
[Diagnostic] Claim ID: cabf30ba-b88d-4d7b-9cd3-eec70f0b1717
 - collectionId: DIRECTORS
 - instanceId: ch_2016-03-07_reid_c
 - status: ASSERTED
[Diagnostic] Claim ID: 84f92166-3eb3-4ca9-8306-f54e4700b5f8
 - collectionId: DIRECTORS
 - instanceId: ch_2003-12-23_sambhi_s
 - status: ASSERTED
[Diagnostic] Claim ID: caf91aec-89ff-4468-a4e9-f1877e3e0b5e
 - collectionId: DIRECTORS
 - instanceId: ch_2016-03-07_smith_k
 - status: ASSERTED
[Diagnostic] Claim ID: 59e4e91f-ec43-42c7-ad0d-222b8aef8c51
 - collectionId: DIRECTORS
 - instanceId: ch_2007-10-31_spence_j
 - status: ASSERTED
[Diagnostic] Claim ID: 94947b6a-c5e6-479d-86f9-c6f8e04f6f1b
 - collectionId: DIRECTORS
 - instanceId: ch_2022-10-26_duffy_j
 - status: ASSERTED
[Diagnostic] Claim ID: fcb7db81-cc84-4376-9959-6e23082f97cf
 - collectionId: DIRECTORS
 - instanceId: ch_2022-10-26_hacon_g
 - status: ASSERTED
[Diagnostic] Claim ID: e7e3ebd3-5c0b-4783-981f-561fb8bb5289
 - collectionId: DIRECTORS
 - instanceId: ch_2025-11-25_lopezcarvajal_j
 - status: ASSERTED
[Diagnostic] Claim ID: 23e9429a-50a7-4f00-b734-fba864ca73cd
 - collectionId: DIRECTORS
 - instanceId: ch_2016-03-07_chandler_k
 - status: ASSERTED
[Diagnostic] Claim ID: c155f534-39ae-4810-babc-4622a99b28b8
 - collectionId: DIRECTORS
 - instanceId: ch_2001-02-07_fellowes_c
 - status: ASSERTED
[Diagnostic] Claim ID: 88085b9a-19cc-4267-bb2b-f1d06edc1f97
 - collectionId: DIRECTORS
 - instanceId: ch_2002-12-06_fidler_c
 - status: ASSERTED
[Diagnostic] Claim ID: 9d73201f-86fb-4365-aefb-48659ad7a1ce
 - collectionId: DIRECTORS
 - instanceId: ch_2003-12-23_sambhi_s
 - status: ASSERTED
[Diagnostic] Claim ID: 6df9857e-231d-42cd-9636-5a4c7eb821af
 - collectionId: DIRECTORS
 - instanceId: ch_2002-12-06_taberner_s
 - status: ASSERTED
[Diagnostic] Claim ID: 1ae06c02-10f1-4e7b-9932-aadc201132d5
 - collectionId: DIRECTORS
 - instanceId: ch_2024-09-26_andrade_b
 - status: ASSERTED
[Diagnostic] Claim ID: 217dd55b-43b7-4c26-86d5-ddf4ce31db41
 - collectionId: DIRECTORS
 - instanceId: ch_2005-04-28_bennett_a
 - status: ASSERTED
[Diagnostic] Claim ID: 1e7c5fa1-8d7b-4628-b708-6826f0096c72
 - collectionId: DIRECTORS
 - instanceId: ch_2009-12-11_borgeaud_j
 - status: ASSERTED
[Diagnostic] Claim ID: ba69872d-8d3e-44a9-9fd6-4e2074af92e3
 - collectionId: DIRECTORS
 - instanceId: ch_2001-02-07_bruce_n
 - status: ASSERTED
[Diagnostic] Claim ID: fd5d668b-0a4d-42bb-83f5-a4283cfbeda2
 - collectionId: DIRECTORS
 - instanceId: ch_2021-10-27_byrne_k
 - status: ASSERTED
[Diagnostic] Claim ID: 50645eec-c616-4f19-9902-a98438ebc65d
 - collectionId: DIRECTORS
 - instanceId: ch_2002-12-06_chamberlain_j
 - status: ASSERTED
[Diagnostic] Claim ID: 76ae8e1c-d3b6-457d-b62e-77e6b6c9fa27
 - collectionId: DIRECTORS
 - instanceId: ch_2004-04-27_clark_s
 - status: ASSERTED
[Diagnostic] Claim ID: d4006c57-ef1c-4c6c-8067-0954ce4ec952
 - collectionId: DIRECTORS
 - instanceId: ch_2009-02-13_collinson_g
 - status: ASSERTED
[Diagnostic] Claim ID: e31154c7-5b69-45ad-88fe-b093caee70e4
 - collectionId: DIRECTORS
 - instanceId: ch_2001-02-07_corke_r
 - status: ASSERTED
[Diagnostic] Claim ID: 1ae4743a-3065-4cb7-b314-ce4fd6ee24f1
 - collectionId: DIRECTORS
 - instanceId: ch_2002-03-11_fleming_c
 - status: ASSERTED
[Diagnostic] Claim ID: ce2193cd-cd0c-4008-95b2-b8b98dbb6c10
 - collectionId: DIRECTORS
 - instanceId: ch_2004-08-13_garstang_m
 - status: ASSERTED
[Diagnostic] Claim ID: 1e73c6db-70e6-407e-9b51-d1adbdf4f27f
 - collectionId: DIRECTORS
 - instanceId: ch_2013-05-22_hayden_s
 - status: ASSERTED
[Diagnostic] Claim ID: 3e127b2c-0b68-4ebb-b632-2887baea427f
 - collectionId: DIRECTORS
 - instanceId: ch_2010-07-23_hinton_t
 - status: ASSERTED
[Diagnostic] Claim ID: acb175c4-7778-42a4-9836-84e61dd7aa3f
 - collectionId: DIRECTORS
 - instanceId: ch_2002-12-06_hodkinson_d
 - status: ASSERTED
[Diagnostic] Claim ID: 76ed00e3-6091-45d6-9c03-b82fb858b2a8
 - collectionId: DIRECTORS
 - instanceId: ch_2002-12-06_king_j
 - status: ASSERTED
[Diagnostic] Claim ID: caed7f16-cadb-4729-8b05-3f226dd5558a
 - collectionId: DIRECTORS
 - instanceId: ch_2003-12-23_lane_g
 - status: ASSERTED
[Diagnostic] Claim ID: 2773e3d8-768a-4edc-a070-aaff6356bfe7
 - collectionId: DIRECTORS
 - instanceId: ch_2001-02-07_ling_g
 - status: ASSERTED
[Diagnostic] Claim ID: 568073b6-894e-45b4-9a26-de5f831afee0
 - collectionId: DIRECTORS
 - instanceId: ch_2018-04-12_mangan_k
 - status: ASSERTED
[Diagnostic] Claim ID: acef70e6-2e66-4a54-9d17-65273a4a7b32
 - collectionId: DIRECTORS
 - instanceId: ch_2013-08-12_mccord_r
 - status: ASSERTED
[Diagnostic] Claim ID: 62f710d8-3c94-43fe-9538-a50afcccdae8
 - collectionId: DIRECTORS
 - instanceId: ch_2016-03-07_raftery_p
 - status: ASSERTED
[Diagnostic] Claim ID: a806fa94-2b0b-4c99-9e00-8c847c9336bd
 - collectionId: DIRECTORS
 - instanceId: ch_2012-11-26_redfern_s
 - status: ASSERTED
[Diagnostic] Claim ID: 09687cd3-3a5d-42e3-9594-d07994c0b76b
 - collectionId: DIRECTORS
 - instanceId: ch_2016-03-07_reid_c
 - status: ASSERTED
[Diagnostic] Claim ID: 2278dcd4-3248-4b34-8b4b-f87dcb2267ae
 - collectionId: DIRECTORS
 - instanceId: ch_2003-12-23_sambhi_s
 - status: ASSERTED
[Diagnostic] Claim ID: f6160b7d-af75-4f2d-8da3-6dc5222f7a84
 - collectionId: DIRECTORS
 - instanceId: ch_2016-03-07_smith_k
 - status: ASSERTED
[Diagnostic] Claim ID: 5a1f7d50-68e8-4dca-93d7-8b2ba2279b79
 - collectionId: DIRECTORS
 - instanceId: ch_2007-10-31_spence_j
 - status: ASSERTED
[Diagnostic] Claim ID: 1f03b858-f6c3-4bfb-9e70-255fd4e4c0af
 - collectionId: DIRECTORS
 - instanceId: ch_2022-10-26_duffy_j
 - status: ASSERTED
[Diagnostic] Claim ID: 04fa5a43-5923-4348-9102-7e54cacaad05
 - collectionId: DIRECTORS
 - instanceId: ch_2022-10-26_hacon_g
 - status: ASSERTED
[Diagnostic] Claim ID: d4e5f9cc-3650-4a4a-b918-e86730af2310
 - collectionId: DIRECTORS
 - instanceId: ch_2025-11-25_lopezcarvajal_j
 - status: ASSERTED
[Diagnostic] Claim ID: 3893e163-fd35-47c0-8797-9dfeecbb4ea4
 - collectionId: DIRECTORS
 - instanceId: ch_2016-03-07_chandler_k
 - status: ASSERTED
[Diagnostic] Claim ID: ec171a18-f328-408a-a3ee-74b8b1181be1
 - collectionId: DIRECTORS
 - instanceId: ch_2001-02-07_fellowes_c
 - status: ASSERTED
[Diagnostic] Claim ID: 09b402f0-47c5-45d4-bf2b-f147b60ba92a
 - collectionId: DIRECTORS
 - instanceId: ch_2002-12-06_fidler_c
 - status: ASSERTED
[Diagnostic] Claim ID: a62fd9c7-b0aa-436d-9325-c71c748f35bd
 - collectionId: DIRECTORS
 - instanceId: ch_2003-12-23_sambhi_s
 - status: ASSERTED
[Diagnostic] Claim ID: 4cc7a8b0-dcc5-4f17-a278-a82e294af2fb
 - collectionId: DIRECTORS
 - instanceId: ch_2002-12-06_taberner_s
 - status: ASSERTED
[Diagnostic] Claim ID: 868f7e8a-d35e-4eb0-bbee-0d656af3daff
 - collectionId: DIRECTORS
 - instanceId: ch_2024-09-26_andrade_b
 - status: ASSERTED
[Diagnostic] Claim ID: 4e59a62d-4677-4c90-a372-45b3844ae3e4
 - collectionId: DIRECTORS
 - instanceId: ch_2005-04-28_bennett_a
 - status: ASSERTED
[Diagnostic] Claim ID: fa998684-6b8a-4547-9ac0-79521d3ff218
 - collectionId: DIRECTORS
 - instanceId: ch_2009-12-11_borgeaud_j
 - status: ASSERTED
[Diagnostic] Claim ID: 1399c640-c73f-40aa-98d6-2e09fb170e0a
 - collectionId: DIRECTORS
 - instanceId: ch_2001-02-07_bruce_n
 - status: ASSERTED
[Diagnostic] Claim ID: 2cb7a1e0-9915-45bd-adf7-2b5d2932aeb3
 - collectionId: DIRECTORS
 - instanceId: ch_2021-10-27_byrne_k
 - status: ASSERTED
[Diagnostic] Claim ID: f065d371-271f-496b-8f40-e375695130a4
 - collectionId: DIRECTORS
 - instanceId: ch_2002-12-06_chamberlain_j
 - status: ASSERTED
[Diagnostic] Claim ID: 71a999ba-841e-4ab0-847d-2a5096f6ab3f
 - collectionId: DIRECTORS
 - instanceId: ch_2004-04-27_clark_s
 - status: ASSERTED
[Diagnostic] Claim ID: c6f95b2e-5f66-46c8-a779-b47fa64dda62
 - collectionId: DIRECTORS
 - instanceId: ch_2009-02-13_collinson_g
 - status: ASSERTED
[Diagnostic] Claim ID: aa83af80-2d73-4397-bbd8-3bcdfaaf93b2
 - collectionId: DIRECTORS
 - instanceId: ch_2001-02-07_corke_r
 - status: ASSERTED
[Diagnostic] Claim ID: 159bc469-0c0f-4678-8bce-07463d2c631a
 - collectionId: DIRECTORS
 - instanceId: ch_2002-03-11_fleming_c
 - status: ASSERTED
[Diagnostic] Claim ID: b9eb30c1-f24f-41d5-b478-10becaa5159b
 - collectionId: DIRECTORS
 - instanceId: ch_2004-08-13_garstang_m
 - status: ASSERTED
[Diagnostic] Claim ID: 0b635311-784b-4b06-af25-3c8feb2ca7b2
 - collectionId: DIRECTORS
 - instanceId: ch_2013-05-22_hayden_s
 - status: ASSERTED
[Diagnostic] Claim ID: 04d399cd-45b2-4908-816d-ed013405f4c2
 - collectionId: DIRECTORS
 - instanceId: ch_2010-07-23_hinton_t
 - status: ASSERTED
[Diagnostic] Claim ID: 7e435c76-8aaa-4234-9652-d22a7a33394f
 - collectionId: DIRECTORS
 - instanceId: ch_2002-12-06_hodkinson_d
 - status: ASSERTED
[Diagnostic] Claim ID: b2fe797f-e160-4ec2-88c8-36844b47447d
 - collectionId: DIRECTORS
 - instanceId: ch_2002-12-06_king_j
 - status: ASSERTED
[Diagnostic] Claim ID: 04d9afe1-0efe-44eb-80a6-5e1506bf1f3c
 - collectionId: DIRECTORS
 - instanceId: ch_2003-12-23_lane_g
 - status: ASSERTED
[Diagnostic] Claim ID: 825171f9-7ba7-483b-be20-2d7e4971bedb
 - collectionId: DIRECTORS
 - instanceId: ch_2001-02-07_ling_g
 - status: ASSERTED
[Diagnostic] Claim ID: c0890cf3-bb07-4cc4-a96f-932dc5cede6a
 - collectionId: DIRECTORS
 - instanceId: ch_2018-04-12_mangan_k
 - status: ASSERTED
[Diagnostic] Claim ID: 1ec473b3-83fa-4052-8cca-89fdecc731de
 - collectionId: DIRECTORS
 - instanceId: ch_2013-08-12_mccord_r
 - status: ASSERTED
[Diagnostic] Claim ID: 05243ffb-8653-4643-8a0d-6dbc36af8e1d
 - collectionId: DIRECTORS
 - instanceId: ch_2016-03-07_raftery_p
 - status: ASSERTED
[Diagnostic] Claim ID: c9da9400-3af6-421c-bb7e-40958f9d8e0b
 - collectionId: DIRECTORS
 - instanceId: ch_2012-11-26_redfern_s
 - status: ASSERTED
[Diagnostic] Claim ID: 427b60ae-19c8-47c2-9f1a-681cca65e7c7
 - collectionId: DIRECTORS
 - instanceId: ch_2016-03-07_reid_c
 - status: ASSERTED
[Diagnostic] Claim ID: 2a0509e1-d8d6-47e2-9db3-81c6351a6af4
 - collectionId: DIRECTORS
 - instanceId: ch_2003-12-23_sambhi_s
 - status: ASSERTED
[Diagnostic] Claim ID: 8f842a2f-7d78-4f20-9d66-9d25a364207c
 - collectionId: DIRECTORS
 - instanceId: ch_2016-03-07_smith_k
 - status: ASSERTED
[Diagnostic] Claim ID: fe6a7f65-0530-4074-9316-13714e83e429
 - collectionId: DIRECTORS
 - instanceId: ch_2007-10-31_spence_j
 - status: ASSERTED
[Diagnostic] Claim ID: 16291212-2b46-4f2e-b6e3-f4a6ac24171c
 - collectionId: DIRECTORS
 - instanceId: ch_2022-10-26_duffy_j
 - status: ASSERTED
[Diagnostic] Claim ID: 1233449e-e27d-41d2-aa31-d17ecc0e29a3
 - collectionId: DIRECTORS
 - instanceId: ch_2022-10-26_hacon_g
 - status: ASSERTED
[Diagnostic] Claim ID: 627ec00c-550f-4ea4-b3b4-376eab9771da
 - collectionId: DIRECTORS
 - instanceId: ch_2025-11-25_lopezcarvajal_j
 - status: ASSERTED
[Diagnostic] Claim ID: 89610dcc-bbb7-4379-a519-768c9ecdd44a
 - collectionId: DIRECTORS
 - instanceId: ch_2016-03-07_chandler_k
 - status: ASSERTED
[Diagnostic] Claim ID: 9a7af924-778d-4081-82e3-c87e6459649f
 - collectionId: DIRECTORS
 - instanceId: ch_2001-02-07_fellowes_c
 - status: ASSERTED
[Diagnostic] Claim ID: b1e2c7d0-e047-48be-b64a-4f0c1cf92c70
 - collectionId: DIRECTORS
 - instanceId: ch_2002-12-06_fidler_c
 - status: ASSERTED
[Diagnostic] Claim ID: eeda6f96-eacb-4203-9e3c-3d55917a5a4a
 - collectionId: DIRECTORS
 - instanceId: ch_2003-12-23_sambhi_s
 - status: ASSERTED
[Diagnostic] Claim ID: 203225bd-0de4-421f-88f9-e45aac96c5a0
 - collectionId: DIRECTORS
 - instanceId: ch_2002-12-06_taberner_s
 - status: ASSERTED
[Diagnostic] Claim ID: bb3d003e-84f2-4c88-82fc-a793bb28e8e3
 - collectionId: DIRECTORS
 - instanceId: ch_2024-09-26_andrade_b
 - status: ASSERTED
[Diagnostic] Claim ID: e25b954a-44ba-4384-923c-996330222118
 - collectionId: DIRECTORS
 - instanceId: ch_2005-04-28_bennett_a
 - status: ASSERTED
[Diagnostic] Claim ID: 8202d4f5-fb6c-4f14-8284-d72488457127
 - collectionId: DIRECTORS
 - instanceId: ch_2009-12-11_borgeaud_j
 - status: ASSERTED
[Diagnostic] Claim ID: 24d49add-ddfa-4c79-a8c3-404500833886
 - collectionId: DIRECTORS
 - instanceId: ch_2001-02-07_bruce_n
 - status: ASSERTED
[Diagnostic] Claim ID: 537d12db-06af-4748-b520-c314e3a86f83
 - collectionId: DIRECTORS
 - instanceId: ch_2021-10-27_byrne_k
 - status: ASSERTED
[Diagnostic] Claim ID: f4731e20-ee72-408f-ba87-b7814a3254bb
 - collectionId: DIRECTORS
 - instanceId: ch_2002-12-06_chamberlain_j
 - status: ASSERTED
[Diagnostic] Claim ID: 608a35a4-1a6d-49e0-803f-ae598e40ccb3
 - collectionId: DIRECTORS
 - instanceId: ch_2004-04-27_clark_s
 - status: ASSERTED
[Diagnostic] Claim ID: d43f4e4e-c7f2-44ef-a313-543f22bb011b
 - collectionId: DIRECTORS
 - instanceId: ch_2009-02-13_collinson_g
 - status: ASSERTED
[Diagnostic] Claim ID: c6aaa1f5-384e-4282-89df-fda5993570f8
 - collectionId: DIRECTORS
 - instanceId: ch_2001-02-07_corke_r
 - status: ASSERTED
[Diagnostic] Claim ID: 69e381fa-f43a-41e7-90e9-29afce2db54e
 - collectionId: DIRECTORS
 - instanceId: ch_2002-03-11_fleming_c
 - status: ASSERTED
[Diagnostic] Claim ID: 21a6c59d-3400-4dc0-bddd-46da3ffae605
 - collectionId: DIRECTORS
 - instanceId: ch_2004-08-13_garstang_m
 - status: ASSERTED
[Diagnostic] Claim ID: 9b28ebdd-e99c-4ed9-9dda-86b6b9505aa4
 - collectionId: DIRECTORS
 - instanceId: ch_2013-05-22_hayden_s
 - status: ASSERTED
[Diagnostic] Claim ID: cd2a4b32-840f-45f5-9ee8-3bd4530fea7c
 - collectionId: DIRECTORS
 - instanceId: ch_2010-07-23_hinton_t
 - status: ASSERTED
[Diagnostic] Claim ID: 0afc649d-75b7-4878-9100-df17e7f56d3f
 - collectionId: DIRECTORS
 - instanceId: ch_2002-12-06_hodkinson_d
 - status: ASSERTED
[Diagnostic] Claim ID: 0c6da91d-c19e-4faa-aa04-27358c037203
 - collectionId: DIRECTORS
 - instanceId: ch_2002-12-06_king_j
 - status: ASSERTED
[Diagnostic] Claim ID: 152caab2-748d-45d5-806a-0c1650615e25
 - collectionId: DIRECTORS
 - instanceId: ch_2003-12-23_lane_g
 - status: ASSERTED
[Diagnostic] Claim ID: a6ac75dd-1f80-407d-9cfa-9d72a2aeddc8
 - collectionId: DIRECTORS
 - instanceId: ch_2001-02-07_ling_g
 - status: ASSERTED
[Diagnostic] Claim ID: 1ee86e4c-17fb-476e-9ea0-57efd0f79525
 - collectionId: DIRECTORS
 - instanceId: ch_2018-04-12_mangan_k
 - status: ASSERTED
[Diagnostic] Claim ID: f2a000fb-1ac6-441e-a563-be3bd2439bd5
 - collectionId: DIRECTORS
 - instanceId: ch_2013-08-12_mccord_r
 - status: ASSERTED
[Diagnostic] Claim ID: bde32083-ee69-43c8-ba43-2148699b7eda
 - collectionId: DIRECTORS
 - instanceId: ch_2016-03-07_raftery_p
 - status: ASSERTED
[Diagnostic] Claim ID: 623cc615-aa12-45b3-89f7-15875051f018
 - collectionId: DIRECTORS
 - instanceId: ch_2012-11-26_redfern_s
 - status: ASSERTED
[Diagnostic] Claim ID: 5d0633e4-f274-4030-a700-4da91e17a502
 - collectionId: DIRECTORS
 - instanceId: ch_2016-03-07_reid_c
 - status: ASSERTED
[Diagnostic] Claim ID: 0dd67a35-4b57-426d-97d9-225c64c92940
 - collectionId: DIRECTORS
 - instanceId: ch_2003-12-23_sambhi_s
 - status: ASSERTED
[Diagnostic] Claim ID: 1cedd5b2-d35b-49a6-8296-168bc687017b
 - collectionId: DIRECTORS
 - instanceId: ch_2016-03-07_smith_k
 - status: ASSERTED
[Diagnostic] Claim ID: 1eca1d58-ddaf-4492-bc02-b4d1e5faa70a
 - collectionId: DIRECTORS
 - instanceId: ch_2007-10-31_spence_j
 - status: ASSERTED
[Diagnostic] Claim ID: d198be5f-3078-4331-8e36-96138c9c969b
 - collectionId: DIRECTORS
 - instanceId: ch_2022-10-26_duffy_j
 - status: ASSERTED
[Diagnostic] Claim ID: b208ded6-b784-4e4f-a01b-3a7b941a7778
 - collectionId: DIRECTORS
 - instanceId: ch_2022-10-26_hacon_g
 - status: ASSERTED
[Diagnostic] Claim ID: 6bb5501b-7c72-49db-b7d4-2e01fa3a674a
 - collectionId: DIRECTORS
 - instanceId: ch_2025-11-25_lopezcarvajal_j
 - status: ASSERTED
[Diagnostic] Claim ID: 890aace6-5581-4bcc-b90c-f6f0b5784e5f
 - collectionId: DIRECTORS
 - instanceId: ch_2016-03-07_chandler_k
 - status: ASSERTED
[Diagnostic] Claim ID: c1f9055c-ac2f-4eac-a68b-8b0a741be88f
 - collectionId: DIRECTORS
 - instanceId: ch_2001-02-07_fellowes_c
 - status: ASSERTED
[Diagnostic] Claim ID: 220be35d-ef41-45e1-8304-e465550c7576
 - collectionId: DIRECTORS
 - instanceId: ch_2002-12-06_fidler_c
 - status: ASSERTED
[Diagnostic] Claim ID: 2db5ef83-347f-4625-8e3b-2b78f5ebc415
 - collectionId: DIRECTORS
 - instanceId: ch_2003-12-23_sambhi_s
 - status: ASSERTED
[Diagnostic] Claim ID: 83544517-0ec4-4bc8-95f7-ee53a1990c2e
 - collectionId: DIRECTORS
 - instanceId: ch_2002-12-06_taberner_s
 - status: ASSERTED
[Diagnostic] Claim ID: dff42034-bd96-40c8-b61c-e733ed966ae1
 - collectionId: DIRECTORS
 - instanceId: ch_2024-09-26_andrade_b
 - status: ASSERTED
[Diagnostic] Claim ID: 110fcb24-4ee1-4b10-9887-eadf848d5101
 - collectionId: DIRECTORS
 - instanceId: ch_2005-04-28_bennett_a
 - status: ASSERTED
[Diagnostic] Claim ID: 80a42f7e-5552-4292-a595-ab7527547a40
 - collectionId: DIRECTORS
 - instanceId: ch_2009-12-11_borgeaud_j
 - status: ASSERTED
[Diagnostic] Claim ID: 77c3282c-1b51-440b-8694-ee45fc4c31ca
 - collectionId: DIRECTORS
 - instanceId: ch_2001-02-07_bruce_n
 - status: ASSERTED
[Diagnostic] Claim ID: af4cd185-d808-42ce-8031-d19ce89944bd
 - collectionId: DIRECTORS
 - instanceId: ch_2021-10-27_byrne_k
 - status: ASSERTED
[Diagnostic] Claim ID: 2a7c5f82-48f2-4935-940a-e932df22ebb9
 - collectionId: DIRECTORS
 - instanceId: ch_2002-12-06_chamberlain_j
 - status: ASSERTED
[Diagnostic] Claim ID: 9993a976-9a28-4e3c-86f4-916c1d50db0f
 - collectionId: DIRECTORS
 - instanceId: ch_2004-04-27_clark_s
 - status: ASSERTED
[Diagnostic] Claim ID: 51c935cf-ae43-4229-b030-79111111fc0e
 - collectionId: DIRECTORS
 - instanceId: ch_2009-02-13_collinson_g
 - status: ASSERTED
[Diagnostic] Claim ID: d28239a9-90cc-45e4-892b-3ba880ed7c8a
 - collectionId: DIRECTORS
 - instanceId: ch_2001-02-07_corke_r
 - status: ASSERTED
[Diagnostic] Claim ID: 94d4791c-a492-4f26-bdca-a48eee0f1a31
 - collectionId: DIRECTORS
 - instanceId: ch_2002-03-11_fleming_c
 - status: ASSERTED
[Diagnostic] Claim ID: cb22dac6-b243-489f-9842-b4977e305128
 - collectionId: DIRECTORS
 - instanceId: ch_2004-08-13_garstang_m
 - status: ASSERTED
[Diagnostic] Claim ID: df24da1d-8d90-4244-9182-e46560b8953e
 - collectionId: DIRECTORS
 - instanceId: ch_2013-05-22_hayden_s
 - status: ASSERTED
[Diagnostic] Claim ID: afbc59ca-e9b5-41b2-af86-33baaebf6bdc
 - collectionId: DIRECTORS
 - instanceId: ch_2010-07-23_hinton_t
 - status: ASSERTED
[Diagnostic] Claim ID: 9163f396-be09-45bb-8394-db44f1e0f475
 - collectionId: DIRECTORS
 - instanceId: ch_2002-12-06_hodkinson_d
 - status: ASSERTED
[Diagnostic] Claim ID: 1a9e2947-c15b-4af0-abaa-1e4a4e557d47
 - collectionId: DIRECTORS
 - instanceId: ch_2002-12-06_king_j
 - status: ASSERTED
[Diagnostic] Claim ID: e7a56c49-c4fb-4534-aa77-65565e219028
 - collectionId: DIRECTORS
 - instanceId: ch_2003-12-23_lane_g
 - status: ASSERTED
[Diagnostic] Claim ID: 793f1a35-6bab-45e8-ba7c-046266f719a8
 - collectionId: DIRECTORS
 - instanceId: ch_2001-02-07_ling_g
 - status: ASSERTED
[Diagnostic] Claim ID: 80a9402e-393a-45c9-99d9-df228c243e90
 - collectionId: DIRECTORS
 - instanceId: ch_2018-04-12_mangan_k
 - status: ASSERTED
[Diagnostic] Claim ID: fd2af355-f832-4a4d-82fd-2f48a0bf9486
 - collectionId: DIRECTORS
 - instanceId: ch_2013-08-12_mccord_r
 - status: ASSERTED
[Diagnostic] Claim ID: 9153da5b-6ea0-46ff-a0ab-f45508ec5058
 - collectionId: DIRECTORS
 - instanceId: ch_2016-03-07_raftery_p
 - status: ASSERTED
[Diagnostic] Claim ID: e3208130-f06c-49a6-9979-7d8763a6e979
 - collectionId: DIRECTORS
 - instanceId: ch_2012-11-26_redfern_s
 - status: ASSERTED
[Diagnostic] Claim ID: e123e749-5c92-4ef3-bc62-ef6e9639ae18
 - collectionId: DIRECTORS
 - instanceId: ch_2016-03-07_reid_c
 - status: ASSERTED
[Diagnostic] Claim ID: 3a3aae9f-f5ce-43d1-a62a-7ff7f1b607f4
 - collectionId: DIRECTORS
 - instanceId: ch_2003-12-23_sambhi_s
 - status: ASSERTED
[Diagnostic] Claim ID: 2fe17853-1e53-44e5-a298-8d0d26a9c33c
 - collectionId: DIRECTORS
 - instanceId: ch_2016-03-07_smith_k
 - status: ASSERTED
[Diagnostic] Claim ID: 04013f9f-d1f0-4e92-a57a-cb59bf3b6df4
 - collectionId: DIRECTORS
 - instanceId: ch_2007-10-31_spence_j
 - status: ASSERTED
[Diagnostic] Claim ID: 5e18af03-fcd1-4c0c-bd02-5a5366cabedc
 - collectionId: DIRECTORS
 - instanceId: ch_2022-10-26_duffy_j
 - status: ASSERTED
[Diagnostic] Claim ID: 2bef4b56-44c7-452f-8273-78eb1d64498c
 - collectionId: DIRECTORS
 - instanceId: ch_2022-10-26_hacon_g
 - status: ASSERTED
[Diagnostic] Claim ID: 321391fa-c0b4-4d1e-97d5-21bc3defa1c0
 - collectionId: DIRECTORS
 - instanceId: ch_2025-11-25_lopezcarvajal_j
 - status: ASSERTED
[Diagnostic] Claim ID: 3a587355-7350-4f8b-bc0e-ad3d004fa750
 - collectionId: DIRECTORS
 - instanceId: ch_2016-03-07_chandler_k
 - status: ASSERTED
[Diagnostic] Claim ID: 39c346dd-9838-42ba-b6b4-299f84037192
 - collectionId: DIRECTORS
 - instanceId: ch_2001-02-07_fellowes_c
 - status: ASSERTED
[Diagnostic] Claim ID: 3e687fba-4bf3-40f6-805a-161c010162b8
 - collectionId: DIRECTORS
 - instanceId: ch_2002-12-06_fidler_c
 - status: ASSERTED
[Diagnostic] Claim ID: 53211ef7-a136-47cc-899d-833fe2c2a847
 - collectionId: DIRECTORS
 - instanceId: ch_2003-12-23_sambhi_s
 - status: ASSERTED
[Diagnostic] Claim ID: 27fb9a81-5034-4a85-b2df-3a82b5e894d9
 - collectionId: DIRECTORS
 - instanceId: ch_2002-12-06_taberner_s
 - status: ASSERTED
[Diagnostic] Claim ID: 67c93044-2621-47d7-b42f-812c0491af79
 - collectionId: DIRECTORS
 - instanceId: ch_2024-09-26_andrade_b
 - status: ASSERTED
[Diagnostic] Claim ID: 65a1ad0e-b068-48d2-823f-19a930c107be
 - collectionId: DIRECTORS
 - instanceId: ch_2005-04-28_bennett_a
 - status: ASSERTED
[Diagnostic] Claim ID: 0ddb7d63-714a-40c3-b26f-5b995543c6c2
 - collectionId: DIRECTORS
 - instanceId: ch_2009-12-11_borgeaud_j
 - status: ASSERTED
[Diagnostic] Claim ID: da4b4237-142c-490b-96be-42f4c653410a
 - collectionId: DIRECTORS
 - instanceId: ch_2001-02-07_bruce_n
 - status: ASSERTED
[Diagnostic] Claim ID: 38b6257b-bb91-4ee1-ae19-5d88d610f136
 - collectionId: DIRECTORS
 - instanceId: ch_2021-10-27_byrne_k
 - status: ASSERTED
[Diagnostic] Claim ID: ed4d31d5-dbff-4fcf-b421-50ffd1130767
 - collectionId: DIRECTORS
 - instanceId: ch_2002-12-06_chamberlain_j
 - status: ASSERTED
[Diagnostic] Claim ID: 550c231c-0823-423a-9861-008663519ea8
 - collectionId: DIRECTORS
 - instanceId: ch_2004-04-27_clark_s
 - status: ASSERTED
[Diagnostic] Claim ID: 465c3e37-5ca6-447e-a074-8a30446b27d3
 - collectionId: DIRECTORS
 - instanceId: ch_2009-02-13_collinson_g
 - status: ASSERTED
[Diagnostic] Claim ID: fb0c9932-ca2c-45eb-9983-976ee3fabee8
 - collectionId: DIRECTORS
 - instanceId: ch_2001-02-07_corke_r
 - status: ASSERTED
[Diagnostic] Claim ID: f79f986c-1da0-465c-ab59-7f75dacb6d58
 - collectionId: DIRECTORS
 - instanceId: ch_2002-03-11_fleming_c
 - status: ASSERTED
[Diagnostic] Claim ID: 4f897a5a-e3c7-4a8f-800c-d4cfec022d88
 - collectionId: DIRECTORS
 - instanceId: ch_2004-08-13_garstang_m
 - status: ASSERTED
[Diagnostic] Claim ID: 3026f47d-f3d2-4059-9aab-b278cee51c1d
 - collectionId: DIRECTORS
 - instanceId: ch_2013-05-22_hayden_s
 - status: ASSERTED
[Diagnostic] Claim ID: 525bc540-7a7b-4547-914b-3a1019cf43b0
 - collectionId: DIRECTORS
 - instanceId: ch_2010-07-23_hinton_t
 - status: ASSERTED
[Diagnostic] Claim ID: d315c197-dbf0-4bf6-a458-1deea075c67c
 - collectionId: DIRECTORS
 - instanceId: ch_2002-12-06_hodkinson_d
 - status: ASSERTED
[Diagnostic] Claim ID: 021e2c2c-cf5c-4da2-adec-6ad2a23e0784
 - collectionId: DIRECTORS
 - instanceId: ch_2002-12-06_king_j
 - status: ASSERTED
[Diagnostic] Claim ID: fbacc6c4-734a-4d48-a451-6640c7045538
 - collectionId: DIRECTORS
 - instanceId: ch_2003-12-23_lane_g
 - status: ASSERTED
[Diagnostic] Claim ID: 6ed22fe2-db1b-452b-80ba-756af08629ef
 - collectionId: DIRECTORS
 - instanceId: ch_2001-02-07_ling_g
 - status: ASSERTED
[Diagnostic] Claim ID: c21f35d5-eb29-42f8-b8ed-7e7d9bda2202
 - collectionId: DIRECTORS
 - instanceId: ch_2018-04-12_mangan_k
 - status: ASSERTED
[Diagnostic] Claim ID: be12e710-c994-4429-8baa-d55d829e0719
 - collectionId: DIRECTORS
 - instanceId: ch_2013-08-12_mccord_r
 - status: ASSERTED
[Diagnostic] Claim ID: 24dbc0d9-8d23-449f-b496-f46aa988d27c
 - collectionId: DIRECTORS
 - instanceId: ch_2016-03-07_raftery_p
 - status: ASSERTED
[Diagnostic] Claim ID: 5feed01b-05e6-4596-888e-97bf32812a9e
 - collectionId: DIRECTORS
 - instanceId: ch_2012-11-26_redfern_s
 - status: ASSERTED
[Diagnostic] Claim ID: ee525690-6d4e-49b5-93c5-7d2bdd32f2c3
 - collectionId: DIRECTORS
 - instanceId: ch_2016-03-07_reid_c
 - status: ASSERTED
[Diagnostic] Claim ID: 74dc82ce-548f-4881-9c92-d08f9edc01e2
 - collectionId: DIRECTORS
 - instanceId: ch_2003-12-23_sambhi_s
 - status: ASSERTED
[Diagnostic] Claim ID: 6f27d52a-e589-4aa5-ac75-2057730b935d
 - collectionId: DIRECTORS
 - instanceId: ch_2016-03-07_smith_k
 - status: ASSERTED
[Diagnostic] Claim ID: a65a8a54-19f2-49b0-bb49-20301a9a88b8
 - collectionId: DIRECTORS
 - instanceId: ch_2007-10-31_spence_j
 - status: ASSERTED
[Diagnostic] Claim ID: ced6777c-3dc3-4650-9c80-afcf705a9158
 - collectionId: DIRECTORS
 - instanceId: ch_2022-10-26_duffy_j
 - status: ASSERTED
[Diagnostic] Claim ID: ff23686e-3f4e-4901-b617-c4dd054a98d5
 - collectionId: DIRECTORS
 - instanceId: ch_2022-10-26_hacon_g
 - status: ASSERTED
[Diagnostic] Claim ID: d674063a-aec6-4573-9f73-09da636eb42e
 - collectionId: DIRECTORS
 - instanceId: ch_2025-11-25_lopezcarvajal_j
 - status: ASSERTED
[Diagnostic] Claim ID: dfd861fc-600b-4213-b227-3274edf44dd5
 - collectionId: DIRECTORS
 - instanceId: ch_2016-03-07_chandler_k
 - status: ASSERTED
[Diagnostic] Claim ID: 2816447d-d5a8-403f-bc01-f5d1450a66a7
 - collectionId: DIRECTORS
 - instanceId: ch_2001-02-07_fellowes_c
 - status: ASSERTED
[Diagnostic] Claim ID: 8558304e-c774-4738-a16d-2976fd36608d
 - collectionId: DIRECTORS
 - instanceId: ch_2002-12-06_fidler_c
 - status: ASSERTED
[Diagnostic] Claim ID: fff4b104-ffa8-4c31-a11e-b25f2b79b399
 - collectionId: DIRECTORS
 - instanceId: ch_2003-12-23_sambhi_s
 - status: ASSERTED
[Diagnostic] Claim ID: e98e5ac9-7c54-451b-8ca9-8adcaa2d8284
 - collectionId: DIRECTORS
 - instanceId: ch_2002-12-06_taberner_s
 - status: ASSERTED
[Diagnostic] Claim ID: 56452716-050f-486a-b52d-634eeb66a8f5
 - collectionId: DIRECTORS
 - instanceId: ch_2024-09-26_andrade_b
 - status: ASSERTED
[Diagnostic] Claim ID: b1d29f84-a105-45f5-8f16-88d68e2179e0
 - collectionId: DIRECTORS
 - instanceId: ch_2005-04-28_bennett_a
 - status: ASSERTED
[Diagnostic] Claim ID: 64a6772a-a687-4803-80a3-cb16a8b34847
 - collectionId: DIRECTORS
 - instanceId: ch_2009-12-11_borgeaud_j
 - status: ASSERTED
[Diagnostic] Claim ID: 2d516a3e-ac0b-4139-bcec-e37305c8634b
 - collectionId: DIRECTORS
 - instanceId: ch_2001-02-07_bruce_n
 - status: ASSERTED
[Diagnostic] Claim ID: 2b5c2a09-98fa-4d3e-9f8e-58998966c2f0
 - collectionId: DIRECTORS
 - instanceId: ch_2021-10-27_byrne_k
 - status: ASSERTED
[Diagnostic] Claim ID: 285659b7-a203-485f-9e84-c1e7b5c6965f
 - collectionId: DIRECTORS
 - instanceId: ch_2002-12-06_chamberlain_j
 - status: ASSERTED
[Diagnostic] Claim ID: be324ab7-f078-43cf-85cb-39f0329cef77
 - collectionId: DIRECTORS
 - instanceId: ch_2004-04-27_clark_s
 - status: ASSERTED
[Diagnostic] Claim ID: c06899bc-fd86-403d-97cc-6e69fe97cb6d
 - collectionId: DIRECTORS
 - instanceId: ch_2009-02-13_collinson_g
 - status: ASSERTED
[Diagnostic] Claim ID: f15d1c34-7dd6-4803-b57d-8000b42d3889
 - collectionId: DIRECTORS
 - instanceId: ch_2001-02-07_corke_r
 - status: ASSERTED
[Diagnostic] Claim ID: 692959c3-065b-498e-9777-8838eaeb1e06
 - collectionId: DIRECTORS
 - instanceId: ch_2002-03-11_fleming_c
 - status: ASSERTED
[Diagnostic] Claim ID: 6d1c95e4-d3f5-479e-acaa-e9c673c13c46
 - collectionId: DIRECTORS
 - instanceId: ch_2004-08-13_garstang_m
 - status: ASSERTED
[Diagnostic] Claim ID: 6031001d-3a30-4005-8507-b2650fd04aa7
 - collectionId: DIRECTORS
 - instanceId: ch_2013-05-22_hayden_s
 - status: ASSERTED
[Diagnostic] Claim ID: 5fa765cc-281e-41ac-824f-353c66c6a072
 - collectionId: DIRECTORS
 - instanceId: ch_2010-07-23_hinton_t
 - status: ASSERTED
[Diagnostic] Claim ID: ae27c81f-ff83-4780-9dcb-0ffd7227616f
 - collectionId: DIRECTORS
 - instanceId: ch_2002-12-06_hodkinson_d
 - status: ASSERTED
[Diagnostic] Claim ID: f2f68af0-1df6-4294-8750-f30fc230c306
 - collectionId: DIRECTORS
 - instanceId: ch_2002-12-06_king_j
 - status: ASSERTED
[Diagnostic] Claim ID: c7d5fccc-1fa5-4d22-b430-68f8f62d9d6d
 - collectionId: DIRECTORS
 - instanceId: ch_2003-12-23_lane_g
 - status: ASSERTED
[Diagnostic] Claim ID: ade62cde-ec43-45f9-8369-df98813d7b8d
 - collectionId: DIRECTORS
 - instanceId: ch_2001-02-07_ling_g
 - status: ASSERTED
[Diagnostic] Claim ID: 042f150b-1d3f-4071-9927-9783dd75d4ff
 - collectionId: DIRECTORS
 - instanceId: ch_2018-04-12_mangan_k
 - status: ASSERTED
[Diagnostic] Claim ID: 11e4a083-9d47-4f07-aa7e-fd61d146faff
 - collectionId: DIRECTORS
 - instanceId: ch_2013-08-12_mccord_r
 - status: ASSERTED
[Diagnostic] Claim ID: 6c38a0cd-daff-4076-9724-7b2c98e4c0e9
 - collectionId: DIRECTORS
 - instanceId: ch_2016-03-07_raftery_p
 - status: ASSERTED
[Diagnostic] Claim ID: de9684d9-8978-4ac0-8888-0c48d6524b5a
 - collectionId: DIRECTORS
 - instanceId: ch_2012-11-26_redfern_s
 - status: ASSERTED
[Diagnostic] Claim ID: 8aa778fb-e8b5-4782-a4be-756f87e003ae
 - collectionId: DIRECTORS
 - instanceId: ch_2016-03-07_reid_c
 - status: ASSERTED
[Diagnostic] Claim ID: 65aca0d5-8efe-4756-8fb8-82f2dce02add
 - collectionId: DIRECTORS
 - instanceId: ch_2003-12-23_sambhi_s
 - status: ASSERTED
[Diagnostic] Claim ID: 481e7940-c61d-434f-b22a-f9d1e9bf542d
 - collectionId: DIRECTORS
 - instanceId: ch_2016-03-07_smith_k
 - status: ASSERTED
[Diagnostic] Claim ID: a41884e0-6802-4588-8424-0dc8ddf1524a
 - collectionId: DIRECTORS
 - instanceId: ch_2007-10-31_spence_j
 - status: ASSERTED
[Diagnostic] Claim ID: 064fd7e6-f3cc-49e3-a8b1-4c5536420ee6
 - collectionId: DIRECTORS
 - instanceId: ch_2025-11-25_lopezcarvajal_j
 - status: ASSERTED
[Diagnostic] Claim ID: b316af63-6fdb-464d-9dde-4e06f0a27540
 - collectionId: DIRECTORS
 - instanceId: ch_2022-10-26_duffy_j
 - status: ASSERTED
[Diagnostic] Claim ID: f375980d-11f6-4e29-8379-aa5aebb85dc6
 - collectionId: DIRECTORS
 - instanceId: ch_2022-10-26_hacon_g
 - status: ASSERTED
[Diagnostic] Claim ID: 55bde0e7-4790-4df7-a621-cb004c7feefe
 - collectionId: DIRECTORS
 - instanceId: ch_2025-11-25_lopezcarvajal_j
 - status: ASSERTED
[Diagnostic] Claim ID: 2781957a-6a65-490b-b90e-dce294c083c0
 - collectionId: DIRECTORS
 - instanceId: ch_2016-03-07_chandler_k
 - status: ASSERTED
[Diagnostic] Claim ID: dc569a89-3166-4855-92eb-fff6ae84aa83
 - collectionId: DIRECTORS
 - instanceId: ch_2001-02-07_fellowes_c
 - status: ASSERTED
[Diagnostic] Claim ID: 1213a23b-31d7-459b-8fa4-1bd78b90792f
 - collectionId: DIRECTORS
 - instanceId: ch_2002-12-06_fidler_c
 - status: ASSERTED
[Diagnostic] Claim ID: 6074d287-aec0-4e3a-8407-174692f188be
 - collectionId: DIRECTORS
 - instanceId: ch_2003-12-23_sambhi_s
 - status: ASSERTED
[Diagnostic] Claim ID: 892894bd-7e6f-46e1-a6b3-78ef7789e821
 - collectionId: DIRECTORS
 - instanceId: ch_2002-12-06_taberner_s
 - status: ASSERTED
[Diagnostic] Claim ID: 2cc3cb1a-a17b-46e4-a076-ef6c41d88ab4
 - collectionId: DIRECTORS
 - instanceId: ch_2024-09-26_andrade_b
 - status: ASSERTED
[Diagnostic] Claim ID: a51b6011-cc2e-4380-b733-fb2ee5df6356
 - collectionId: DIRECTORS
 - instanceId: ch_2005-04-28_bennett_a
 - status: ASSERTED
[Diagnostic] Claim ID: 43fa2002-5e0d-44ec-968b-fa5fa8c1ef0f
 - collectionId: DIRECTORS
 - instanceId: ch_2009-12-11_borgeaud_j
 - status: ASSERTED
[Diagnostic] Claim ID: d93ab6fb-f982-42fc-81f8-c0c744c5b8e5
 - collectionId: DIRECTORS
 - instanceId: ch_2001-02-07_bruce_n
 - status: ASSERTED
[Diagnostic] Claim ID: 7593ff35-9b1a-424b-a647-b632d1b2869a
 - collectionId: DIRECTORS
 - instanceId: ch_2021-10-27_byrne_k
 - status: ASSERTED
[Diagnostic] Claim ID: f31965ff-2870-468e-96ee-7742b5d7e571
 - collectionId: DIRECTORS
 - instanceId: ch_2002-12-06_chamberlain_j
 - status: ASSERTED
[Diagnostic] Claim ID: 48247fdd-c552-4c7d-89fd-9f2bba887fa3
 - collectionId: DIRECTORS
 - instanceId: ch_2004-04-27_clark_s
 - status: ASSERTED
[Diagnostic] Claim ID: ee368a92-9ddd-47d0-99f1-1da2f2093690
 - collectionId: DIRECTORS
 - instanceId: ch_2009-02-13_collinson_g
 - status: ASSERTED
[Diagnostic] Claim ID: 9f362124-e1c0-4ac5-a2a7-e889f2beb3a4
 - collectionId: DIRECTORS
 - instanceId: ch_2001-02-07_corke_r
 - status: ASSERTED
[Diagnostic] Claim ID: 658e91e8-3488-4122-bb57-58f0cd53b5cf
 - collectionId: DIRECTORS
 - instanceId: ch_2002-03-11_fleming_c
 - status: ASSERTED
[Diagnostic] Claim ID: 69d1bd6f-2734-4009-98e7-cfa5040655b3
 - collectionId: DIRECTORS
 - instanceId: ch_2004-08-13_garstang_m
 - status: ASSERTED
[Diagnostic] Claim ID: d5463362-5f44-4add-8905-f32cc696b11e
 - collectionId: DIRECTORS
 - instanceId: ch_2013-05-22_hayden_s
 - status: ASSERTED
[Diagnostic] Claim ID: f80af16c-8a33-4308-b68d-a25c4104f162
 - collectionId: DIRECTORS
 - instanceId: ch_2010-07-23_hinton_t
 - status: ASSERTED
[Diagnostic] Claim ID: ace4e925-ade8-4feb-bda6-f40048063ca1
 - collectionId: DIRECTORS
 - instanceId: ch_2002-12-06_hodkinson_d
 - status: ASSERTED
[Diagnostic] Claim ID: ed079c28-8735-4903-b0f3-02764044586f
 - collectionId: DIRECTORS
 - instanceId: ch_2002-12-06_king_j
 - status: ASSERTED
[Diagnostic] Claim ID: 9014344b-5f0a-4eb1-b329-d871bd0a2c15
 - collectionId: DIRECTORS
 - instanceId: ch_2003-12-23_lane_g
 - status: ASSERTED
[Diagnostic] Claim ID: 61111de8-f502-4c53-940f-1da93df1e864
 - collectionId: DIRECTORS
 - instanceId: ch_2001-02-07_ling_g
 - status: ASSERTED
[Diagnostic] Claim ID: 4460d0c5-1797-46c8-8da6-b7e23e80344b
 - collectionId: DIRECTORS
 - instanceId: ch_2018-04-12_mangan_k
 - status: ASSERTED
[Diagnostic] Claim ID: ba4381b9-08da-4d7f-ae93-020759bd9d7c
 - collectionId: DIRECTORS
 - instanceId: ch_2013-08-12_mccord_r
 - status: ASSERTED
[Diagnostic] Claim ID: 22988eb1-d1f7-4a1c-9ef8-a2b858b0432f
 - collectionId: DIRECTORS
 - instanceId: ch_2016-03-07_raftery_p
 - status: ASSERTED
[Diagnostic] Claim ID: 74466173-0120-4122-bc70-7c79ed4851ef
 - collectionId: DIRECTORS
 - instanceId: ch_2012-11-26_redfern_s
 - status: ASSERTED
[Diagnostic] Claim ID: 6ad7b772-1f49-496c-8f2a-017e52ed789d
 - collectionId: DIRECTORS
 - instanceId: ch_2016-03-07_reid_c
 - status: ASSERTED
[Diagnostic] Claim ID: f7c4414e-d046-46b4-8e28-f1385a19a7c6
 - collectionId: DIRECTORS
 - instanceId: ch_2003-12-23_sambhi_s
 - status: ASSERTED
[Diagnostic] Claim ID: 39737fa1-e9e1-4e5f-b01f-b1bb2141ac87
 - collectionId: DIRECTORS
 - instanceId: ch_2016-03-07_smith_k
 - status: ASSERTED
[Diagnostic] Claim ID: 3c66c99f-758e-49a7-8052-2bc47efd5764
 - collectionId: DIRECTORS
 - instanceId: ch_2007-10-31_spence_j
 - status: ASSERTED
[Diagnostic] Claim ID: b66566dc-177d-463b-af19-4ed212d96b9f
 - collectionId: DIRECTORS
 - instanceId: ch_2023-07-07_beswetherick_e
 - status: ASSERTED
[Diagnostic] Claim ID: ebd572ab-df59-4848-a51b-cd882937c4ac
 - collectionId: DIRECTORS
 - instanceId: ch_2025-07-30_deng_y
 - status: ASSERTED
[Diagnostic] Claim ID: 8c8238f8-805d-4ed8-aa5a-63ac08fb5722
 - collectionId: DIRECTORS
 - instanceId: ch_2026-04-17_gwatinyanya_t
 - status: ASSERTED
[Diagnostic] Claim ID: 73fc8630-ddde-4bf1-881e-2ffd01b3206a
 - collectionId: DIRECTORS
 - instanceId: ch_2023-07-07_heath_j
 - status: ASSERTED
[Diagnostic] Claim ID: 649cc43c-db9c-4501-bd8f-709fc9fbe0db
 - collectionId: DIRECTORS
 - instanceId: ch_2024-12-18_knapman_s
 - status: ASSERTED
[Diagnostic] Claim ID: 8a8431b5-3b69-406e-bdf8-e692317e1c48
 - collectionId: DIRECTORS
 - instanceId: ch_2024-05-21_lee_e
 - status: ASSERTED
[Diagnostic] Claim ID: 3a89808d-c36d-47e7-b5c4-aab9b654c90e
 - collectionId: DIRECTORS
 - instanceId: ch_2025-02-04_obrien_k
 - status: ASSERTED
[Diagnostic] Claim ID: ddeffe23-a019-4b0b-8eb5-cbe7b026000a
 - collectionId: DIRECTORS
 - instanceId: ch_2022-04-21_pitts_m
 - status: ASSERTED
[Diagnostic] Claim ID: 82cbff91-6d40-4a27-8550-5c964cd6c8f1
 - collectionId: DIRECTORS
 - instanceId: ch_2024-05-21_sharma_p
 - status: ASSERTED
[Diagnostic] Claim ID: c1ff1295-1f66-4f92-bc5a-3aa40b588c7f
 - collectionId: DIRECTORS
 - instanceId: ch_2022-04-21_thornton_g
 - status: ASSERTED
[Diagnostic] Claim ID: 4568422e-db9b-46bc-aea8-b21b86aac174
 - collectionId: DIRECTORS
 - instanceId: ch_1995-08-01_fox_r
 - status: ASSERTED
[Diagnostic] Claim ID: bb5e1ae8-87de-4c50-9809-d5050391330f
 - collectionId: DIRECTORS
 - instanceId: ch_1995-08-01_hanson_j
 - status: ASSERTED
[Diagnostic] Claim ID: b0b87513-a5c6-4725-969b-12087b284633
 - collectionId: DIRECTORS
 - instanceId: ch_1998-06-09_hanson_l
 - status: ASSERTED
[Diagnostic] Claim ID: ff64646a-e353-4705-865d-4e2f64fd7e0a
 - collectionId: DIRECTORS
 - instanceId: ch_unknown_hanson_m
 - status: ASSERTED
[Diagnostic] Claim ID: fef7d86f-be3e-4ade-b8b6-a2ffbdc694e5
 - collectionId: DIRECTORS
 - instanceId: ch_1996-05-01_hanson_m
 - status: ASSERTED
[Diagnostic] Claim ID: 4aad6b92-f837-454b-b375-647416a18736
 - collectionId: DIRECTORS
 - instanceId: ch_1999-08-19_baldwin_j
 - status: ASSERTED
[Diagnostic] Claim ID: b267d78f-ee1f-4d75-b4df-e2e53f3c95f2
 - collectionId: DIRECTORS
 - instanceId: ch_1995-04-20_hanson_j
 - status: ASSERTED
[Diagnostic] Claim ID: e78dc8e8-2416-4b12-9f80-a9f17721d8c8
 - collectionId: DIRECTORS
 - instanceId: ch_1995-08-01_hargreaves_j
 - status: ASSERTED
[Diagnostic] Claim ID: 51d8425c-a63d-487c-8e82-b0ea75989793
 - collectionId: DIRECTORS
 - instanceId: ch_1998-06-02_norman_d
 - status: ASSERTED
[Diagnostic] Claim ID: babf3874-7975-4c77-89fc-82c1883c55c9
 - collectionId: DIRECTORS
 - instanceId: ch_unknown_ogden_r
 - status: ASSERTED
[Diagnostic] Claim ID: 6c268b07-4b5a-4f7a-80fa-ff9abd3a9131
 - collectionId: DIRECTORS
 - instanceId: ch_1999-04-16_pope_m
 - status: ASSERTED
[Diagnostic] Claim ID: 3185f5c3-1b88-473e-b2f6-ff37479bcc3b
 - collectionId: DIRECTORS
 - instanceId: ch_1995-08-01_baldwin_j
 - status: ASSERTED
[Diagnostic] Claim ID: 5c991f05-b8a4-4dde-9715-42052c7927b2
 - collectionId: DIRECTORS
 - instanceId: ch_1999-10-07_cassin_m
 - status: ASSERTED
[Diagnostic] Claim ID: 2166c0c9-e5f2-436d-8f45-51a4d080e301
 - collectionId: DIRECTORS
 - instanceId: ch_1995-08-01_isherwood_d
 - status: ASSERTED
[Diagnostic] Claim ID: 08c9901e-f7b5-41e9-bdc9-931cc95c3492
 - collectionId: DIRECTORS
 - instanceId: ch_1995-08-01_jagger_k
 - status: ASSERTED
[Diagnostic] Claim ID: b38d903d-adc3-430e-8ed7-6c1993f1a805
 - collectionId: DIRECTORS
 - instanceId: ch_2008-03-01_waggoner_d
 - status: ASSERTED
[Diagnostic] Claim ID: 74946b2b-454c-4b1e-bc83-2379a3bb8416
 - collectionId: DIRECTORS
 - instanceId: ch_unknown_worrall_j
 - status: ASSERTED
[Diagnostic] Claim ID: 4dce8bc4-57aa-4ab1-8553-2316236d6a0e
 - collectionId: DIRECTORS
 - instanceId: ch_2017-07-26_xcecolimited__
 - status: ASSERTED
[Diagnostic] Claim ID: fca5c4cf-0d68-474a-9e24-3ffdb67bf2dc
 - collectionId: DIRECTORS
 - instanceId: ch_2004-04-27_centricasecretarieslimited__
 - status: ASSERTED
[Diagnostic] Claim ID: 50808852-d84e-49df-9a63-2691ab899668
 - collectionId: DIRECTORS
 - instanceId: ch_2004-04-27_centricasecretarieslimited__
 - status: ASSERTED
[Diagnostic] Claim ID: c245ef86-fde6-40d7-841e-5ac5430e826d
 - collectionId: DIRECTORS
 - instanceId: ch_2004-04-27_centricasecretarieslimited__
 - status: ASSERTED
[Diagnostic] Claim ID: adfd7f62-0ba3-4273-969b-bd783feda6ae
 - collectionId: DIRECTORS
 - instanceId: ch_2004-04-27_centricasecretarieslimited__
 - status: ASSERTED
[Diagnostic] Claim ID: 31a35285-78d6-4b8e-a0a8-70c7b68b11b5
 - collectionId: DIRECTORS
 - instanceId: ch_2004-04-27_centricasecretarieslimited__
 - status: ASSERTED
[Diagnostic] Claim ID: 38259a5f-a710-4d25-8bba-296b3c80392d
 - collectionId: DIRECTORS
 - instanceId: ch_2004-04-27_centricasecretarieslimited__
 - status: ASSERTED
[Diagnostic] Claim ID: ce654ca3-a568-4e44-9055-b685cc25767e
 - collectionId: DIRECTORS
 - instanceId: ch_2004-04-27_centricasecretarieslimited__
 - status: ASSERTED
[Diagnostic] Claim ID: bada4398-b089-467d-b181-b976cd4c9618
 - collectionId: DIRECTORS
 - instanceId: ch_2004-04-27_centricasecretarieslimited__
 - status: ASSERTED
[Diagnostic] Claim ID: ffb59649-4726-45c3-b358-19784c1b4916
 - collectionId: DIRECTORS
 - instanceId: ch_2004-04-27_centricasecretarieslimited__
 - status: ASSERTED
[Diagnostic] Claim ID: 34ca6bd4-bc7e-4d6c-8a41-ec324ff48367
 - collectionId: DIRECTORS
 - instanceId: ch_2004-04-27_centricasecretarieslimited__
 - status: ASSERTED
[Diagnostic] Claim ID: 96273f0d-f574-4501-b756-e02799772aca
 - collectionId: DIRECTORS
 - instanceId: ch_2004-04-27_centricasecretarieslimited__
 - status: ASSERTED
[Diagnostic] Claim ID: 44a1be34-0bec-4c0e-b4ed-87abae7cb3b2
 - collectionId: DIRECTORS
 - instanceId: ch_2004-04-27_centricasecretarieslimited__
 - status: ASSERTED
[Diagnostic] Claim ID: e3421938-c3d5-4462-a677-da7ec3dc8c6f
 - collectionId: DIRECTORS
 - instanceId: ch_2004-04-27_centricasecretarieslimited__
 - status: ASSERTED
[Diagnostic] Claim ID: 718391e4-fb0a-40a3-b0b8-ca6168e18710
 - collectionId: DIRECTORS
 - instanceId: ch_2004-04-27_centricasecretarieslimited__
 - status: ASSERTED
[Diagnostic] Claim ID: f0828b72-7d57-4273-ac16-ff033dde25a1
 - collectionId: DIRECTORS
 - instanceId: ch_2004-04-27_centricasecretarieslimited__
 - status: ASSERTED
[Diagnostic] Claim ID: 9182f1ac-8aa6-45a6-a502-128c4a0b2fb2
 - collectionId: DIRECTORS
 - instanceId: ch_2004-04-27_centricasecretarieslimited__
 - status: ASSERTED
[Diagnostic] Claim ID: d931a493-0c82-4807-b66b-2147bc2c5fcc
 - collectionId: DIRECTORS
 - instanceId: ch_2004-04-27_centricasecretarieslimited__
 - status: ASSERTED
[Diagnostic] Claim ID: 89aaf118-f712-4b5d-9819-9f85d6221f34
 - collectionId: DIRECTORS
 - instanceId: ch_2004-04-27_centricasecretarieslimited__
 - status: ASSERTED
[Diagnostic] Claim ID: 9d42d8b3-6374-46ef-84c9-6e6864635e2f
 - collectionId: DIRECTORS
 - instanceId: ch_2004-04-27_centricasecretarieslimited__
 - status: ASSERTED
[Diagnostic] Claim ID: 55fc7202-3a31-4a53-96c6-a81fe0c56745
 - collectionId: DIRECTORS
 - instanceId: ch_2004-04-27_centricasecretarieslimited__
 - status: ASSERTED
[Diagnostic] Claim ID: 967d8c06-ef05-4cd0-aac7-95bdc2abefcf
 - collectionId: DIRECTORS
 - instanceId: ch_2004-04-27_centricasecretarieslimited__
 - status: ASSERTED
[Diagnostic] Claim ID: 595206db-6f05-45d4-a867-30c1006c4939
 - collectionId: DIRECTORS
 - instanceId: ch_2004-04-27_centricasecretarieslimited__
 - status: ASSERTED
[Diagnostic] Claim ID: 18ae0084-75a5-4bfb-a9b7-180b08d83b65
 - collectionId: DIRECTORS
 - instanceId: ch_2017-07-26_xcecolimited__
 - status: ASSERTED
[Diagnostic] Claim ID: 99b827dd-e560-4500-90be-68d5f3865c4a
 - collectionId: DIRECTORS
 - instanceId: ch_2017-07-26_xcecolimited__
 - status: ASSERTED
[Diagnostic] Claim ID: f7a82c17-6b5c-409c-ae6c-116be12cabc6
 - collectionId: DIRECTORS
 - instanceId: ch_2017-07-26_xcecolimited__
 - status: ASSERTED
[Diagnostic] Claim ID: 1ca5e773-4e57-40cc-b07a-e2161c114de9
 - collectionId: DIRECTORS
 - instanceId: ch_2017-07-26_xcecolimited__
 - status: ASSERTED
[Diagnostic] Claim ID: 8d5367ae-8536-410a-a129-8735544a6b98
 - collectionId: DIRECTORS
 - instanceId: ch_2017-07-26_xcecolimited__
 - status: ASSERTED
[Diagnostic] Claim ID: f4fc797a-93f2-4f2b-bbb4-a01a04e55884
 - collectionId: DIRECTORS
 - instanceId: ch_2017-07-26_xcecolimited__
 - status: ASSERTED
[Diagnostic] Claim ID: fca21f98-d347-47cc-8426-c21ba46cdb15
 - collectionId: DIRECTORS
 - instanceId: ch_2017-07-26_xcecolimited__
 - status: ASSERTED
[Diagnostic] Claim ID: e7c4d18f-a2f0-4f97-a54e-a149d8532404
 - collectionId: DIRECTORS
 - instanceId: ch_2017-07-26_xcecolimited__
 - status: ASSERTED
[Diagnostic] Claim ID: 0b59fc5b-8837-4f7e-9fbf-3bd2f59074f6
 - collectionId: DIRECTORS
 - instanceId: ch_2017-07-26_xcecolimited__
 - status: ASSERTED
[Diagnostic] Claim ID: 2062e925-891d-4b4c-ae98-e4932bbff134
 - collectionId: DIRECTORS
 - instanceId: ch_2017-07-26_xcecolimited__
 - status: ASSERTED
[Diagnostic] Claim ID: 9298e04c-38b1-4fc9-8df2-e613346ce69d
 - collectionId: DIRECTORS
 - instanceId: ch_2017-07-26_xcecolimited__
 - status: ASSERTED
[Diagnostic] Claim ID: 67cb1533-e965-448c-9301-7b9309d81030
 - collectionId: DIRECTORS
 - instanceId: ch_2017-07-26_xcecolimited__
 - status: ASSERTED
[Diagnostic] Claim ID: 99e1c677-82c9-4f4d-b22c-883e524a4215
 - collectionId: DIRECTORS
 - instanceId: ch_2017-07-26_xcecolimited__
 - status: ASSERTED
[Diagnostic] Claim ID: 2635f002-6dc9-4307-adb4-842760badb5e
 - collectionId: DIRECTORS
 - instanceId: ch_2017-07-26_xcecolimited__
 - status: ASSERTED
[Diagnostic] Claim ID: 0fd002de-f205-4a59-beea-7c5484adc274
 - collectionId: DIRECTORS
 - instanceId: ch_2017-07-26_xcecolimited__
 - status: ASSERTED
[Diagnostic] Claim ID: 80f75e03-6d3d-494e-b289-5d051c07c3fc
 - collectionId: DIRECTORS
 - instanceId: ch_2017-07-26_xcecolimited__
 - status: ASSERTED
[Diagnostic] Claim ID: 56863f62-62da-49e9-aaad-0567ad14ee3f
 - collectionId: DIRECTORS
 - instanceId: ch_2017-07-26_xcecolimited__
 - status: ASSERTED
[Diagnostic] Claim ID: 64247012-d724-4065-b203-8badf7c450b0
 - collectionId: DIRECTORS
 - instanceId: ch_2017-07-26_xcecolimited__
 - status: ASSERTED
[Diagnostic] Claim ID: 0a371ff1-f5ce-4b01-9620-35314261977d
 - collectionId: DIRECTORS
 - instanceId: ch_2017-07-26_xcecolimited__
 - status: ASSERTED
[Diagnostic] Claim ID: 14a1b21a-548e-48fc-86fc-902cb81e5beb
 - collectionId: DIRECTORS
 - instanceId: ch_2017-07-26_xcecolimited__
 - status: ASSERTED
[Diagnostic] Claim ID: 15970291-a7f2-4df3-aeb6-f5f4591802c1
 - collectionId: DIRECTORS
 - instanceId: ch_2017-07-26_xcecolimited__
 - status: ASSERTED
[Diagnostic] Claim ID: 825be411-9352-4800-8043-4a879dfe58a0
 - collectionId: DIRECTORS
 - instanceId: ch_2019-12-02_mackie_s
 - status: ASSERTED
[Diagnostic] Claim ID: da437a08-d36e-4160-b8d5-7e2c85a8930f
 - collectionId: DIRECTORS
 - instanceId: ch_2025-12-30_bonah_l
 - status: ASSERTED
[Diagnostic] Claim ID: 0f3f4e4a-a3fe-4802-b8f2-9bc8e14374c4
 - collectionId: DIRECTORS
 - instanceId: ch_2026-02-24_claxton_s
 - status: ASSERTED
[Diagnostic] Claim ID: f566fe81-0b04-4b73-9271-0b065331ff24
 - collectionId: DIRECTORS
 - instanceId: ch_2025-12-30_davidson_r
 - status: ASSERTED
[Diagnostic] Claim ID: 6958805c-0a0b-4dc3-8bb9-5bd3ed600580
 - collectionId: DIRECTORS
 - instanceId: ch_2025-10-14_devilliers_p
 - status: ASSERTED
[Diagnostic] Claim ID: 488dd75c-6d47-43a6-b5b4-13e58dad1848
 - collectionId: DIRECTORS
 - instanceId: ch_2025-10-14_kuehne_a
 - status: ASSERTED
[Diagnostic] Claim ID: f099c53a-c01b-41f1-af97-40bfb1ce5935
 - collectionId: DIRECTORS
 - instanceId: ch_2026-02-24_mcallister_c
 - status: ASSERTED
[Diagnostic] Claim ID: f7f46bab-7c12-4dd3-ba00-5eea9d491fd8
 - collectionId: DIRECTORS
 - instanceId: ch_2025-12-30_petrie_a
 - status: ASSERTED
[Diagnostic] Claim ID: c1eae815-78ae-4d13-9118-d6391cb75a4f
 - collectionId: DIRECTORS
 - instanceId: ch_2025-03-03_sykes_b
 - status: ASSERTED
[Diagnostic] Claim ID: 0870e295-f8cf-4bcf-a384-0b17dfc3bbbd
 - collectionId: DIRECTORS
 - instanceId: ch_2014-06-04_bown_a
 - status: ASSERTED
[Diagnostic] Claim ID: dbb654e7-d49c-43f7-b708-b330101b7f01
 - collectionId: DIRECTORS
 - instanceId: ch_2013-06-25_harde_j
 - status: ASSERTED
[Diagnostic] Claim ID: 07e78b47-0bdf-41d2-a47b-5e5e08b6ede1
 - collectionId: DIRECTORS
 - instanceId: ch_2025-03-03_baldwin_j
 - status: ASSERTED
[Diagnostic] Claim ID: 7a6a7b64-cf4c-4954-80d2-0acfc8550ea4
 - collectionId: DIRECTORS
 - instanceId: ch_2021-04-01_baldwin_j
 - status: ASSERTED
[Diagnostic] Claim ID: d15a3eb0-f089-4232-b1ca-c5ea8ad54f55
 - collectionId: DIRECTORS
 - instanceId: ch_2013-06-25_bischoff_w
 - status: ASSERTED
[Diagnostic] Claim ID: c8e874a9-0994-4a81-a440-d85f06dcaf81
 - collectionId: DIRECTORS
 - instanceId: ch_2013-06-25_bowyer_r
 - status: ASSERTED
[Diagnostic] Claim ID: 747a3ae4-9fd7-4720-ae9d-de7fc60da462
 - collectionId: DIRECTORS
 - instanceId: ch_2024-02-19_clark_d
 - status: ASSERTED
[Diagnostic] Claim ID: 06cff466-f4e4-4203-bfd2-b15ac61800da
 - collectionId: DIRECTORS
 - instanceId: ch_2021-04-01_davies_g
 - status: ASSERTED
[Diagnostic] Claim ID: 3dde463b-b49f-4a04-a03c-8ea7220a67f2
 - collectionId: DIRECTORS
 - instanceId: ch_2022-10-17_devilliers_p
 - status: ASSERTED
[Diagnostic] Claim ID: 80a61578-6b23-4447-90f4-28c442b40581
 - collectionId: DIRECTORS
 - instanceId: ch_2021-11-17_galloway_j
 - status: ASSERTED
[Diagnostic] Claim ID: 0ed791e8-f120-4ced-a6a6-0825daa7c877
 - collectionId: DIRECTORS
 - instanceId: ch_2025-03-03_harnett_p
 - status: ASSERTED
[Diagnostic] Claim ID: 7b411d3e-aaf4-4cc7-99db-7d9880d4e715
 - collectionId: DIRECTORS
 - instanceId: ch_2024-02-19_harwood_c
 - status: ASSERTED
[Diagnostic] Claim ID: 1e1e2d34-9b40-4bd8-af9b-d8bd7791e136
 - collectionId: DIRECTORS
 - instanceId: ch_2025-12-30_hewitt_a
 - status: ASSERTED
[Diagnostic] Claim ID: 45e3c5c2-7d97-487c-b96f-7dd35356d00b
 - collectionId: DIRECTORS
 - instanceId: ch_2022-10-17_holm_h
 - status: ASSERTED
[Diagnostic] Claim ID: 8e8d1b86-9fd6-494a-86e4-4b65b40eddea
 - collectionId: DIRECTORS
 - instanceId: ch_2013-06-25_kinsella_a
 - status: ASSERTED
[Diagnostic] Claim ID: 1377c225-4053-481b-87e1-95b091f0a879
 - collectionId: DIRECTORS
 - instanceId: ch_2015-10-26_larsen_m
 - status: ASSERTED
[Diagnostic] Claim ID: 43511c64-2ac6-4581-a77d-05bc92ffc331
 - collectionId: DIRECTORS
 - instanceId: ch_2020-06-18_lewis_s
 - status: ASSERTED
[Diagnostic] Claim ID: 85e6da5b-1f3c-4e5e-882f-963395923b5c
 - collectionId: DIRECTORS
 - instanceId: ch_2021-11-17_litten_n
 - status: ASSERTED
[Diagnostic] Claim ID: 4df006d1-cc2c-4ce0-9b81-4d12cf684d97
 - collectionId: DIRECTORS
 - instanceId: ch_2017-04-06_madsen_a
 - status: ASSERTED
[Diagnostic] Claim ID: 24146543-86e0-4060-88fe-032246aba14a
 - collectionId: DIRECTORS
 - instanceId: ch_2020-06-18_mrch_h
 - status: ASSERTED
[Diagnostic] Claim ID: d599c810-129e-4be1-ab9c-efabb6777b3b
 - collectionId: DIRECTORS
 - instanceId: ch_2015-08-21_rooke_g
 - status: ASSERTED
[Diagnostic] Claim ID: 26425737-6282-45cc-8360-d277687eda02
 - collectionId: DIRECTORS
 - instanceId: ch_2021-06-10_saujani_k
 - status: ASSERTED
[Diagnostic] Claim ID: c97c88b7-470c-40eb-b158-365423f0cdb4
 - collectionId: DIRECTORS
 - instanceId: ch_2014-04-23_smith_c
 - status: ASSERTED
[Diagnostic] Claim ID: 69cce8bb-cce2-4e75-840e-1ef26338c635
 - collectionId: DIRECTORS
 - instanceId: ch_2015-08-21_sykes_b
 - status: ASSERTED
[Diagnostic] Claim ID: 07fe250f-afe0-4665-b732-3f9dc70d9ec0
 - collectionId: DIRECTORS
 - instanceId: ch_2019-03-29_tolstrup_k
 - status: ASSERTED
[Diagnostic] Claim ID: 4dd824bf-399b-4f28-9b8d-c6b83a6a10d2
 - collectionId: DIRECTORS
 - instanceId: ch_2020-06-18_westwood_b
 - status: ASSERTED
[Diagnostic] Claim ID: 4f2bbedf-9461-46b8-af78-67924005395f
 - collectionId: DIRECTORS
 - instanceId: ch_2013-06-25_whelan_f
 - status: ASSERTED
[Diagnostic] Claim ID: c983c574-d6ce-4f0c-b7ed-869a4f7e1586
 - collectionId: DIRECTORS
 - instanceId: ch_2025-12-30_bonah_l
 - status: ASSERTED
[Diagnostic] Claim ID: c09f2693-4ab1-4fdd-a9b8-ebf234df1f31
 - collectionId: DIRECTORS
 - instanceId: ch_2026-02-24_claxton_s
 - status: ASSERTED
[Diagnostic] Claim ID: cd71e5b7-806a-4a98-8814-d9fcd07f1804
 - collectionId: DIRECTORS
 - instanceId: ch_2025-12-30_davidson_r
 - status: ASSERTED
[Diagnostic] Claim ID: edb17b82-cd83-463c-b737-21610e36ac66
 - collectionId: DIRECTORS
 - instanceId: ch_2025-10-14_devilliers_p
 - status: ASSERTED
[Diagnostic] Claim ID: cab5a945-2f44-43e2-a8d9-e49bd0c2fde5
 - collectionId: DIRECTORS
 - instanceId: ch_2025-10-14_kuehne_a
 - status: ASSERTED
[Diagnostic] Claim ID: 429ba56d-f6c0-4581-8b71-553a4da527ff
 - collectionId: DIRECTORS
 - instanceId: ch_2026-02-24_mcallister_c
 - status: ASSERTED
[Diagnostic] Claim ID: 907f93b5-3e4d-4eb7-9122-bc4d5e845a13
 - collectionId: DIRECTORS
 - instanceId: ch_2025-12-30_petrie_a
 - status: ASSERTED
[Diagnostic] Claim ID: e4fb87a1-755f-443b-aee9-87f69e7a671c
 - collectionId: DIRECTORS
 - instanceId: ch_2025-03-03_sykes_b
 - status: ASSERTED
[Diagnostic] Claim ID: 37cfd8ad-19a8-4798-9524-db46ec7a4571
 - collectionId: DIRECTORS
 - instanceId: ch_2014-06-04_bown_a
 - status: ASSERTED
[Diagnostic] Claim ID: cbfa40b5-0149-49b3-b282-beb00feed497
 - collectionId: DIRECTORS
 - instanceId: ch_2013-06-25_harde_j
 - status: ASSERTED
[Diagnostic] Claim ID: c713b726-b1b9-4a54-9a44-d9e3d3a8beeb
 - collectionId: DIRECTORS
 - instanceId: ch_2025-03-03_baldwin_j
 - status: ASSERTED
[Diagnostic] Claim ID: 751d5c8b-da46-4ba0-b34d-0182582ff69b
 - collectionId: DIRECTORS
 - instanceId: ch_2021-04-01_baldwin_j
 - status: ASSERTED
[Diagnostic] Claim ID: d7c4ed2c-a3d1-4c5a-ba75-770610a90d50
 - collectionId: DIRECTORS
 - instanceId: ch_2013-06-25_bischoff_w
 - status: ASSERTED
[Diagnostic] Claim ID: 54091202-daa2-40e9-9d00-a19188913d1c
 - collectionId: DIRECTORS
 - instanceId: ch_2013-06-25_bowyer_r
 - status: ASSERTED
[Diagnostic] Claim ID: 2f24a5c5-e1ad-45db-8ee4-aed5a80f2bc4
 - collectionId: DIRECTORS
 - instanceId: ch_2024-02-19_clark_d
 - status: ASSERTED
[Diagnostic] Claim ID: 673988f4-d228-4b07-8683-7a8e278a1d1a
 - collectionId: DIRECTORS
 - instanceId: ch_2021-04-01_davies_g
 - status: ASSERTED
[Diagnostic] Claim ID: e8de8d56-94c2-4f3e-b994-86647db52b97
 - collectionId: DIRECTORS
 - instanceId: ch_2022-10-17_devilliers_p
 - status: ASSERTED
[Diagnostic] Claim ID: b9050480-d350-4448-a1b4-9d5e58420a53
 - collectionId: DIRECTORS
 - instanceId: ch_2021-11-17_galloway_j
 - status: ASSERTED
[Diagnostic] Claim ID: 1d4dfcbb-c4d0-49e2-91cd-e000a2edee38
 - collectionId: DIRECTORS
 - instanceId: ch_2025-03-03_harnett_p
 - status: ASSERTED
[Diagnostic] Claim ID: fb3cf20a-b2a4-487a-a56c-298e018f8edc
 - collectionId: DIRECTORS
 - instanceId: ch_2024-02-19_harwood_c
 - status: ASSERTED
[Diagnostic] Claim ID: 0031ae72-b58e-45e9-bdd4-6493b474de8a
 - collectionId: DIRECTORS
 - instanceId: ch_2025-12-30_hewitt_a
 - status: ASSERTED
[Diagnostic] Claim ID: 0d30c1fb-05e0-4b83-bab1-8d8a8cc7f346
 - collectionId: DIRECTORS
 - instanceId: ch_2022-10-17_holm_h
 - status: ASSERTED
[Diagnostic] Claim ID: 35ed3329-2177-4830-b83b-12a1f753a7b5
 - collectionId: DIRECTORS
 - instanceId: ch_2013-06-25_kinsella_a
 - status: ASSERTED
[Diagnostic] Claim ID: ccdbabc4-079f-41e5-a9bc-e92f68074410
 - collectionId: DIRECTORS
 - instanceId: ch_2015-10-26_larsen_m
 - status: ASSERTED
[Diagnostic] Claim ID: afb41ab0-8169-4c43-ad4a-3ca079959f36
 - collectionId: DIRECTORS
 - instanceId: ch_2020-06-18_lewis_s
 - status: ASSERTED
[Diagnostic] Claim ID: cdcb649e-bf79-4106-bbcd-d5197818f180
 - collectionId: DIRECTORS
 - instanceId: ch_2021-11-17_litten_n
 - status: ASSERTED
[Diagnostic] Claim ID: 4dc68292-3c59-49ab-8202-185a52e73045
 - collectionId: DIRECTORS
 - instanceId: ch_2017-04-06_madsen_a
 - status: ASSERTED
[Diagnostic] Claim ID: e7a0c971-2848-4bcc-8c9c-9be4c930228f
 - collectionId: DIRECTORS
 - instanceId: ch_2020-06-18_mrch_h
 - status: ASSERTED
[Diagnostic] Claim ID: e05f1760-536f-440a-b697-1a06773dd03b
 - collectionId: DIRECTORS
 - instanceId: ch_2015-08-21_rooke_g
 - status: ASSERTED
[Diagnostic] Claim ID: 17c0548a-73c5-480a-8d1c-9f441e6dc3ec
 - collectionId: DIRECTORS
 - instanceId: ch_2021-06-10_saujani_k
 - status: ASSERTED
[Diagnostic] Claim ID: d63ca3df-d20c-4a5b-ad35-2c010b90e49e
 - collectionId: DIRECTORS
 - instanceId: ch_2014-04-23_smith_c
 - status: ASSERTED
[Diagnostic] Claim ID: 7e0a26ce-71eb-4668-8072-62223f4a0d35
 - collectionId: DIRECTORS
 - instanceId: ch_2015-08-21_sykes_b
 - status: ASSERTED
[Diagnostic] Claim ID: f69988ae-cfd6-4721-9fbb-403b5f9b8700
 - collectionId: DIRECTORS
 - instanceId: ch_2019-03-29_tolstrup_k
 - status: ASSERTED
[Diagnostic] Claim ID: 0ae72ce7-b4b1-4a42-b7f8-cd38f4ab40c7
 - collectionId: DIRECTORS
 - instanceId: ch_2020-06-18_westwood_b
 - status: ASSERTED
[Diagnostic] Claim ID: 3394d6b4-fd53-4767-892f-2961a8de9f98
 - collectionId: DIRECTORS
 - instanceId: ch_2013-06-25_whelan_f
 - status: ASSERTED
[Diagnostic] Claim ID: ea61c57e-5047-422a-b597-64b5010f0ba2
 - collectionId: DIRECTORS
 - instanceId: ch_2025-12-30_bonah_l
 - status: ASSERTED
[Diagnostic] Claim ID: a77660c6-ec47-4c6e-bdf4-4d0d72bf54b6
 - collectionId: DIRECTORS
 - instanceId: ch_2026-02-24_claxton_s
 - status: ASSERTED
[Diagnostic] Claim ID: 438bf6fd-b4dd-48dd-a338-ae58e5a06310
 - collectionId: DIRECTORS
 - instanceId: ch_2025-12-30_davidson_r
 - status: ASSERTED
[Diagnostic] Claim ID: 98a71625-9d04-41e6-8121-f693701e2a45
 - collectionId: DIRECTORS
 - instanceId: ch_2025-10-14_devilliers_p
 - status: ASSERTED
[Diagnostic] Claim ID: cdb96e85-b668-4e6d-95e4-4aeca3187625
 - collectionId: DIRECTORS
 - instanceId: ch_2025-10-14_kuehne_a
 - status: ASSERTED
[Diagnostic] Claim ID: fe10793b-447a-4f1e-8e21-cc38dfbcf419
 - collectionId: DIRECTORS
 - instanceId: ch_2026-02-24_mcallister_c
 - status: ASSERTED
[Diagnostic] Claim ID: 0e7e9e39-b079-4fa0-bee4-904ce31d7180
 - collectionId: DIRECTORS
 - instanceId: ch_2025-12-30_petrie_a
 - status: ASSERTED
[Diagnostic] Claim ID: c56001a2-c401-4690-ab28-13066cca2f6c
 - collectionId: DIRECTORS
 - instanceId: ch_2025-03-03_sykes_b
 - status: ASSERTED
[Diagnostic] Claim ID: aa71cb8c-9051-465c-97bd-317a10522d80
 - collectionId: DIRECTORS
 - instanceId: ch_2014-06-04_bown_a
 - status: ASSERTED
[Diagnostic] Claim ID: 44df8aac-dab8-469b-a7ea-b4b56d18d179
 - collectionId: DIRECTORS
 - instanceId: ch_2013-06-25_harde_j
 - status: ASSERTED
[Diagnostic] Claim ID: f0e6eaa9-affa-482b-a03c-b5e3232f1ea2
 - collectionId: DIRECTORS
 - instanceId: ch_2025-03-03_baldwin_j
 - status: ASSERTED
[Diagnostic] Claim ID: 65800fba-b9e4-43dc-916a-02f3e8e3f3ed
 - collectionId: DIRECTORS
 - instanceId: ch_2021-04-01_baldwin_j
 - status: ASSERTED
[Diagnostic] Claim ID: 4f89c2dc-fb24-49fd-9916-4ac197cba942
 - collectionId: DIRECTORS
 - instanceId: ch_2013-06-25_bischoff_w
 - status: ASSERTED
[Diagnostic] Claim ID: 92dd800e-b98b-4e2b-96bc-aa4cd96dcc63
 - collectionId: DIRECTORS
 - instanceId: ch_2013-06-25_bowyer_r
 - status: ASSERTED
[Diagnostic] Claim ID: 9c9fafba-2ec4-4685-9c51-b195f1a633e2
 - collectionId: DIRECTORS
 - instanceId: ch_2024-02-19_clark_d
 - status: ASSERTED
[Diagnostic] Claim ID: 7a548faf-ad5a-4cc5-9cf3-0b024d640de5
 - collectionId: DIRECTORS
 - instanceId: ch_2021-04-01_davies_g
 - status: ASSERTED
[Diagnostic] Claim ID: 59cae4d9-bcc9-43d7-afdc-559671b4d0d0
 - collectionId: DIRECTORS
 - instanceId: ch_2022-10-17_devilliers_p
 - status: ASSERTED
[Diagnostic] Claim ID: 986b9d61-5161-4a14-825d-b74a3b68d32f
 - collectionId: DIRECTORS
 - instanceId: ch_2021-11-17_galloway_j
 - status: ASSERTED
[Diagnostic] Claim ID: d6be8eeb-fb25-4c1e-813c-47f279320ea4
 - collectionId: DIRECTORS
 - instanceId: ch_2025-03-03_harnett_p
 - status: ASSERTED
[Diagnostic] Claim ID: 719a4501-9bac-4ec9-b75e-43bc88d225d2
 - collectionId: DIRECTORS
 - instanceId: ch_2024-02-19_harwood_c
 - status: ASSERTED
[Diagnostic] Claim ID: 8a601770-b891-4aa1-8aa8-0513814b0f72
 - collectionId: DIRECTORS
 - instanceId: ch_2025-12-30_hewitt_a
 - status: ASSERTED
[Diagnostic] Claim ID: 1ccb4889-e875-4e2c-82fa-cf587e7f3eea
 - collectionId: DIRECTORS
 - instanceId: ch_2022-10-17_holm_h
 - status: ASSERTED
[Diagnostic] Claim ID: d4e1db10-2dd6-4588-b265-24e8b577017e
 - collectionId: DIRECTORS
 - instanceId: ch_2013-06-25_kinsella_a
 - status: ASSERTED
[Diagnostic] Claim ID: 54835e65-93a7-4417-aead-fa37766c2f56
 - collectionId: DIRECTORS
 - instanceId: ch_2015-10-26_larsen_m
 - status: ASSERTED
[Diagnostic] Claim ID: e55f98f6-a047-4e33-ac21-36837e31e72c
 - collectionId: DIRECTORS
 - instanceId: ch_2020-06-18_lewis_s
 - status: ASSERTED
[Diagnostic] Claim ID: 9c4a8395-87dd-4093-bc9d-ef49247282db
 - collectionId: DIRECTORS
 - instanceId: ch_2021-11-17_litten_n
 - status: ASSERTED
[Diagnostic] Claim ID: fd981492-816e-4ab4-8a93-e8add04643d2
 - collectionId: DIRECTORS
 - instanceId: ch_2017-04-06_madsen_a
 - status: ASSERTED
[Diagnostic] Claim ID: 66123991-c118-4826-8751-189790c240a9
 - collectionId: DIRECTORS
 - instanceId: ch_2020-06-18_mrch_h
 - status: ASSERTED
[Diagnostic] Claim ID: 7eca1d0f-0159-4192-8137-d418705f741f
 - collectionId: DIRECTORS
 - instanceId: ch_2015-08-21_rooke_g
 - status: ASSERTED
[Diagnostic] Claim ID: eee30ccd-91cb-48ac-9a46-4a27387ab4fe
 - collectionId: DIRECTORS
 - instanceId: ch_2021-06-10_saujani_k
 - status: ASSERTED
[Diagnostic] Claim ID: 43f02726-47c0-429c-ba1e-78683eb0324e
 - collectionId: DIRECTORS
 - instanceId: ch_2014-04-23_smith_c
 - status: ASSERTED
[Diagnostic] Claim ID: d24ebc8e-ba4b-4dea-8e8c-537f2277d285
 - collectionId: DIRECTORS
 - instanceId: ch_2015-08-21_sykes_b
 - status: ASSERTED
[Diagnostic] Claim ID: e8bab273-8af3-4a94-a258-0fe94c6c4a30
 - collectionId: DIRECTORS
 - instanceId: ch_2019-03-29_tolstrup_k
 - status: ASSERTED
[Diagnostic] Claim ID: 84d56610-7201-443c-8f25-a468fe8b3287
 - collectionId: DIRECTORS
 - instanceId: ch_2020-06-18_westwood_b
 - status: ASSERTED
[Diagnostic] Claim ID: f521f898-2425-49c4-8415-5c6f795bfee0
 - collectionId: DIRECTORS
 - instanceId: ch_2013-06-25_whelan_f
 - status: ASSERTED
[Diagnostic] Claim ID: a367dea1-b373-4b0a-a9a6-cec27ab87667
 - collectionId: DIRECTORS
 - instanceId: ch_2020-01-10_krishna_s
 - status: ASSERTED
[Diagnostic] Claim ID: 67be4329-5374-47eb-8618-6298ce046c6e
 - collectionId: DIRECTORS
 - instanceId: ch_2021-12-15_tmfcorporateadministrationserviceslimited__
 - status: ASSERTED
[Diagnostic] Claim ID: d92c7b20-1d63-4c7c-8214-aa717901ca29
 - collectionId: DIRECTORS
 - instanceId: ch_2025-04-14_gething_d
 - status: ASSERTED
[Diagnostic] Claim ID: 1043c6a4-8903-48a4-adc3-5e0191d3a8dd
 - collectionId: DIRECTORS
 - instanceId: ch_2025-04-14_bayes_m
 - status: ASSERTED
[Diagnostic] Claim ID: 804a4552-29d7-48ce-8665-b3a3dcf18ada
 - collectionId: DIRECTORS
 - instanceId: ch_2025-07-28_gething_d
 - status: ASSERTED
[Diagnostic] Claim ID: f51f0a64-0442-49f7-8e31-fdc983217aa1
 - collectionId: DIRECTORS
 - instanceId: ch_2025-04-14_hussain_w
 - status: ASSERTED
[Diagnostic] Claim ID: 578f8106-603f-4503-be6c-c15ffd4c0460
 - collectionId: DIRECTORS
 - instanceId: ch_2026-01-12_snowdon_s
 - status: ASSERTED
[Diagnostic] Claim ID: 8f526505-0d2a-4fe5-8d82-b181db472393
 - collectionId: DIRECTORS
 - instanceId: ch_2020-10-15_jewson_p
 - status: ASSERTED
[Diagnostic] Claim ID: 22b00fa0-3faa-4b83-b7ca-6d509b2610be
 - collectionId: DIRECTORS
 - instanceId: ch_2020-10-15_jewson_g
 - status: ASSERTED
[Diagnostic] Claim ID: fbb49bf1-8c06-4231-b45c-370b1a1d786d
 - collectionId: DIRECTORS
 - instanceId: ch_2020-10-15_jewson_p
 - status: ASSERTED
[Diagnostic] Claim ID: 70040cea-7587-4951-9442-bad537fbe018
 - collectionId: DIRECTORS
 - instanceId: ch_2025-04-14_smethers_a
 - status: ASSERTED
[Diagnostic] Claim ID: 25afcbf8-6320-4296-bfd3-8c3542441941
 - collectionId: DIRECTORS
 - instanceId: ch_2020-10-15_smith_s
 - status: ASSERTED
[Diagnostic] Claim ID: 647fb2b6-f940-42ca-9cfd-c7d81779307e
 - collectionId: DIRECTORS
 - instanceId: ch_2025-04-14_gething_d
 - status: ASSERTED
[Diagnostic] Claim ID: 198fa305-3b7b-4c52-8105-ee9d809ad3ca
 - collectionId: DIRECTORS
 - instanceId: ch_2025-04-14_bayes_m
 - status: ASSERTED
[Diagnostic] Claim ID: 7985b004-7575-4f7c-b131-9a124d234f1a
 - collectionId: DIRECTORS
 - instanceId: ch_2025-07-28_gething_d
 - status: ASSERTED
[Diagnostic] Claim ID: fb51868b-4890-4605-8f69-dca987cd60a8
 - collectionId: DIRECTORS
 - instanceId: ch_2025-04-14_hussain_w
 - status: ASSERTED
[Diagnostic] Claim ID: dbe471b8-b341-4149-ac60-d63c1f7c1256
 - collectionId: DIRECTORS
 - instanceId: ch_2026-01-12_snowdon_s
 - status: ASSERTED
[Diagnostic] Claim ID: e4161f9d-c4be-4a13-9303-e5fcc4fef689
 - collectionId: DIRECTORS
 - instanceId: ch_2020-10-15_jewson_p
 - status: ASSERTED
[Diagnostic] Claim ID: a39f3550-baa3-4589-a2de-a9e2ed1b9916
 - collectionId: DIRECTORS
 - instanceId: ch_2020-10-15_jewson_g
 - status: ASSERTED
[Diagnostic] Claim ID: 5ea2d6cd-b836-40fa-a012-08784c7654a5
 - collectionId: DIRECTORS
 - instanceId: ch_2020-10-15_jewson_p
 - status: ASSERTED
[Diagnostic] Claim ID: 805dafd9-da45-4490-b70b-4b0350f7707e
 - collectionId: DIRECTORS
 - instanceId: ch_2025-04-14_smethers_a
 - status: ASSERTED
[Diagnostic] Claim ID: 23bba018-74c7-4434-86f4-5a0e9438b72b
 - collectionId: DIRECTORS
 - instanceId: ch_2020-10-15_smith_s
 - status: ASSERTED
[Diagnostic] Claim ID: 2bf016c2-6dce-44f3-9fb2-04173d2101aa
 - collectionId: DIRECTORS
 - instanceId: ch_2025-04-14_gething_d
 - status: ASSERTED
[Diagnostic] Claim ID: 4d597d98-daf8-4d95-af09-9b13212f7e87
 - collectionId: DIRECTORS
 - instanceId: ch_2025-04-14_bayes_m
 - status: ASSERTED
[Diagnostic] Claim ID: bdcf79eb-6358-469a-b636-c64248e7811a
 - collectionId: DIRECTORS
 - instanceId: ch_2025-07-28_gething_d
 - status: ASSERTED
[Diagnostic] Claim ID: b92ce30e-c73b-4082-85ea-af3c925fea6c
 - collectionId: DIRECTORS
 - instanceId: ch_2025-04-14_hussain_w
 - status: ASSERTED
[Diagnostic] Claim ID: b406a5a9-4d8e-4e0b-b028-a298a781ffe0
 - collectionId: DIRECTORS
 - instanceId: ch_2026-01-12_snowdon_s
 - status: ASSERTED
[Diagnostic] Claim ID: eee35a8c-32da-4be0-935f-9da15e3514e6
 - collectionId: DIRECTORS
 - instanceId: ch_2020-10-15_jewson_p
 - status: ASSERTED
[Diagnostic] Claim ID: 6a71429c-b781-42c4-9ffa-ad0a53378756
 - collectionId: DIRECTORS
 - instanceId: ch_2020-10-15_jewson_g
 - status: ASSERTED
[Diagnostic] Claim ID: 41384949-b2d2-4f69-bab7-f411f017c868
 - collectionId: DIRECTORS
 - instanceId: ch_2020-10-15_jewson_p
 - status: ASSERTED
[Diagnostic] Claim ID: 0207b060-6627-4d48-9f0f-314e9248a5e1
 - collectionId: DIRECTORS
 - instanceId: ch_2025-04-14_smethers_a
 - status: ASSERTED
[Diagnostic] Claim ID: 8f1d1746-1797-4622-a3d5-2847a487f3bc
 - collectionId: DIRECTORS
 - instanceId: ch_2020-10-15_smith_s
 - status: ASSERTED
[Diagnostic] Claim ID: bd300de5-ed58-4d59-91c4-0e0554d6edbd
 - collectionId: DIRECTORS
 - instanceId: ch_2025-04-14_taylor_c
 - status: ASSERTED
[Diagnostic] Claim ID: fb13c4f8-d020-4f1d-9d60-830569e107e2
 - collectionId: DIRECTORS
 - instanceId: ch_2018-09-24_bethell_m
 - status: ASSERTED
[Diagnostic] Claim ID: 42a4bcdf-6bb5-417c-81f7-227fd61779ef
 - collectionId: DIRECTORS
 - instanceId: ch_2021-06-01_bodson_b
 - status: ASSERTED
[Diagnostic] Claim ID: 84ab11f8-eb9f-4499-9003-eae9107f4d2f
 - collectionId: DIRECTORS
 - instanceId: ch_2023-09-01_fairbairn_c
 - status: ASSERTED
[Diagnostic] Claim ID: facf14ad-d355-4106-9c74-90d97dceb62e
 - collectionId: DIRECTORS
 - instanceId: ch_2018-03-05_gilliland_s
 - status: ASSERTED
[Diagnostic] Claim ID: bf6ebed5-e7ac-483c-814f-9e2d1c95ebb8
 - collectionId: DIRECTORS
 - instanceId: ch_2025-02-20_kennedy_c
 - status: ASSERTED
[Diagnostic] Claim ID: 5196e2e0-def9-4348-8cc9-56c7cd090fff
 - collectionId: DIRECTORS
 - instanceId: ch_2023-09-01_murphy_g
 - status: ASSERTED
[Diagnostic] Claim ID: c88fee46-cbca-4ebe-a811-12cf9092aaa3
 - collectionId: DIRECTORS
 - instanceId: ch_2020-10-01_murphy_k
 - status: ASSERTED
[Diagnostic] Claim ID: 5443f0ee-5b0b-4000-979a-7f157743d68d
 - collectionId: DIRECTORS
 - instanceId: ch_2021-05-01_nawaz_i
 - status: ASSERTED
[Diagnostic] Claim ID: ba2d1b89-f7e1-4ca6-8ddb-04962bcef568
 - collectionId: DIRECTORS
 - instanceId: ch_2022-10-01_silver_c
 - status: ASSERTED
[Diagnostic] Claim ID: 08933dbc-3669-4f69-8f1b-dd772b229cba
 - collectionId: DIRECTORS
 - instanceId: ch_2021-06-18_whitworth_k
 - status: ASSERTED
[Diagnostic] Claim ID: 1418a1d0-4cd1-42bb-b259-bb505da760a2
 - collectionId: DIRECTORS
 - instanceId: ch_unknown_ager_r
 - status: ASSERTED
[Diagnostic] Claim ID: a9335014-97fa-40bf-9913-903774eac23c
 - collectionId: DIRECTORS
 - instanceId: ch_2016-07-01_lennark_d
 - status: ASSERTED
[Diagnostic] Claim ID: 06b4afb4-b5db-44bb-abff-856402c33c2d
 - collectionId: DIRECTORS
 - instanceId: ch_2006-12-14_lloyd_j
 - status: ASSERTED
[Diagnostic] Claim ID: a56bf9ca-5a3c-4b99-ae8d-ab13930c7bc1
 - collectionId: DIRECTORS
 - instanceId: ch_2005-07-18_lloyd_j
 - status: ASSERTED
[Diagnostic] Claim ID: 34872ead-d774-4549-8a3c-3ef881d4166a
 - collectionId: DIRECTORS
 - instanceId: ch_2024-12-17_thomson_s
 - status: ASSERTED
[Diagnostic] Claim ID: 69a988bf-8a06-43ba-8ffa-bf3b6b7dc7f1
 - collectionId: DIRECTORS
 - instanceId: ch_2016-08-10_welch_r
 - status: ASSERTED
[Diagnostic] Claim ID: d2c6df2a-fade-4d09-b51d-2bba3ebce7bd
 - collectionId: DIRECTORS
 - instanceId: ch_1992-10-05_ager_r
 - status: ASSERTED
[Diagnostic] Claim ID: 74d54ff5-7a28-4704-bea7-c74f01e03b4d
 - collectionId: DIRECTORS
 - instanceId: ch_2015-03-01_allan_j
 - status: ASSERTED
[Diagnostic] Claim ID: 286c5ac1-74ff-48fd-877d-cf56c22fe01e
 - collectionId: DIRECTORS
 - instanceId: ch_1999-02-19_allen_c
 - status: ASSERTED
[Diagnostic] Claim ID: 4f399e50-4143-4463-a9fd-b704f383a5de
 - collectionId: DIRECTORS
 - instanceId: ch_2013-09-02_armour_m
 - status: ASSERTED
[Diagnostic] Claim ID: c03e3911-f6e6-48b7-a025-09afda7d2775
 - collectionId: DIRECTORS
 - instanceId: ch_unknown_benjamin_v
 - status: ASSERTED
[Diagnostic] Claim ID: 0a09b9eb-2ca5-4fc3-93fc-9375137fd87e
 - collectionId: DIRECTORS
 - instanceId: ch_2004-03-15_brasher_r
 - status: ASSERTED
[Diagnostic] Claim ID: bcb8774b-7a24-49f8-8532-aee2911177f5
 - collectionId: DIRECTORS
 - instanceId: ch_2011-07-02_broadbent_r
 - status: ASSERTED
[Diagnostic] Claim ID: 0c4cfdc1-1e4c-4150-b884-e2339a429455
 - collectionId: DIRECTORS
 - instanceId: ch_2010-07-02_bullock_g
 - status: ASSERTED
[Diagnostic] Claim ID: 9aa4c441-b444-44c5-b5d7-46a39ccb3076
 - collectionId: DIRECTORS
 - instanceId: ch_2009-02-01_cescau_p
 - status: ASSERTED
[Diagnostic] Claim ID: e69e1288-0418-4c26-b303-84c13629112e
 - collectionId: DIRECTORS
 - instanceId: ch_2010-07-02_chambers_s
 - status: ASSERTED
[Diagnostic] Claim ID: 591bee99-ae66-4859-809a-5254eaf0fa62
 - collectionId: DIRECTORS
 - instanceId: ch_2002-07-01_chase_r
 - status: ASSERTED
[Diagnostic] Claim ID: 6069e53e-33a6-471c-8234-966497a7a0d5
 - collectionId: DIRECTORS
 - instanceId: ch_1998-11-16_clarke_p
 - status: ASSERTED
[Diagnostic] Claim ID: 4223a2be-efba-44c1-8052-5a41319b94d6
 - collectionId: DIRECTORS
 - instanceId: ch_2004-10-01_cook_k
 - status: ASSERTED
[Diagnostic] Claim ID: f960730b-1c4f-4ece-b9ab-8a6e9c875599
 - collectionId: DIRECTORS
 - instanceId: ch_2014-11-01_cousins_r
 - status: ASSERTED
[Diagnostic] Claim ID: 484ff08a-cd84-4f5a-a3b9-b597c82ebeb0
 - collectionId: DIRECTORS
 - instanceId: ch_unknown_darnell_m
 - status: ASSERTED
[Diagnostic] Claim ID: f991cdd8-9725-4760-b646-c12184df8889
 - collectionId: DIRECTORS
 - instanceId: ch_2003-07-07_davies_e
 - status: ASSERTED
[Diagnostic] Claim ID: 7d74f4ce-5c96-4647-9264-b52b5402c185
 - collectionId: DIRECTORS
 - instanceId: ch_2022-04-01_dosanjh_k
 - status: ASSERTED
[Diagnostic] Claim ID: 18600a61-92e5-4585-9831-fa30a842a8b0
 - collectionId: DIRECTORS
 - instanceId: ch_2025-09-01_boylan_s
 - status: ASSERTED
[Diagnostic] Claim ID: 68a7d1b9-70aa-4c1e-ad3c-4c559739cb90
 - collectionId: DIRECTORS
 - instanceId: ch_2020-02-10_briggs_a
 - status: ASSERTED
[Diagnostic] Claim ID: 972d6a00-beb3-4b0b-9845-44b3a9b124ef
 - collectionId: DIRECTORS
 - instanceId: ch_2023-12-01_bucks_e
 - status: ASSERTED
[Diagnostic] Claim ID: 94b0191e-adca-49f0-90a2-cf08d3b0a8fd
 - collectionId: DIRECTORS
 - instanceId: ch_2025-08-25_cook_k
 - status: ASSERTED
[Diagnostic] Claim ID: 699cd70a-f6eb-4f64-b421-de77cfa2851b
 - collectionId: DIRECTORS
 - instanceId: ch_2025-05-01_coutu_s
 - status: ASSERTED
[Diagnostic] Claim ID: 25341441-e53e-4d3c-a74b-118d5ade074f
 - collectionId: DIRECTORS
 - instanceId: ch_2018-10-15_green_k
 - status: ASSERTED
[Diagnostic] Claim ID: 0397e9a4-b8e9-4bb8-ad66-c00adb06c6fd
 - collectionId: DIRECTORS
 - instanceId: ch_2023-04-01_gregory_m
 - status: ASSERTED
[Diagnostic] Claim ID: a848ec4c-8b6d-44cc-a214-aefa9aad2532
 - collectionId: DIRECTORS
 - instanceId: ch_2020-07-23_iioka_h
 - status: ASSERTED
[Diagnostic] Claim ID: 1f32efbb-052a-487e-8098-1bedfd8693ea
 - collectionId: DIRECTORS
 - instanceId: ch_2023-12-01_lyons_n
 - status: ASSERTED
[Diagnostic] Claim ID: 2a3b9ad9-a679-4528-a8dd-bce25a444540
 - collectionId: DIRECTORS
 - instanceId: ch_2022-04-01_murray_k
 - status: ASSERTED
[Diagnostic] Claim ID: 55d2b25f-8c81-4ae0-89b0-e261df3ebcc4
 - collectionId: DIRECTORS
 - instanceId: ch_2024-12-02_nicandrou_n
 - status: ASSERTED
[Diagnostic] Claim ID: 051d2446-3867-4586-994e-b4f3d0d5e0b0
 - collectionId: DIRECTORS
 - instanceId: ch_2022-06-01_semple_m
 - status: ASSERTED
[Diagnostic] Claim ID: 4e1b9526-564b-4216-9c0c-5cf9a4368bfd
 - collectionId: DIRECTORS
 - instanceId: ch_2018-10-05_watson_g
 - status: ASSERTED
[Diagnostic] Claim ID: c54e7305-61c7-464b-9379-6995a33b8eba
 - collectionId: DIRECTORS
 - instanceId: ch_2018-10-05_bannister_c
 - status: ASSERTED
[Diagnostic] Claim ID: 9e2d8d83-8c1e-45ee-bc9d-379cc7a11f09
 - collectionId: DIRECTORS
 - instanceId: ch_2018-10-15_barbour_a
 - status: ASSERTED
[Diagnostic] Claim ID: 933e9036-aa5f-434b-83c3-75b7a797b6e9
 - collectionId: DIRECTORS
 - instanceId: ch_2022-07-01_bruce_s
 - status: ASSERTED
[Diagnostic] Claim ID: ecb737f0-c912-4f93-a247-663b71aa3065
 - collectionId: DIRECTORS
 - instanceId: ch_2018-10-15_fleming_c
 - status: ASSERTED
[Diagnostic] Claim ID: a6627195-c640-4cf9-8c03-cbd8fced9584
 - collectionId: DIRECTORS
 - instanceId: ch_2018-10-15_lyons_n
 - status: ASSERTED
[Diagnostic] Claim ID: d14f7687-2e44-4e20-b8a7-c731382f2851
 - collectionId: DIRECTORS
 - instanceId: ch_2018-10-15_mayall_w
 - status: ASSERTED
[Diagnostic] Claim ID: 474f8ba6-61dd-437b-8603-f76e9926bb79
 - collectionId: DIRECTORS
 - instanceId: ch_2018-10-05_mcconville_j
 - status: ASSERTED
[Diagnostic] Claim ID: 5a8f467d-8fc8-42d5-8519-08d031458b75
 - collectionId: DIRECTORS
 - instanceId: ch_2020-07-23_minter_c
 - status: ASSERTED
[Diagnostic] Claim ID: 2f481509-d49f-4d81-88a4-9d59e60523a0
 - collectionId: DIRECTORS
 - instanceId: ch_2018-10-15_odwyer_f
 - status: ASSERTED
[Diagnostic] Claim ID: 18bf5a21-f849-40f0-9ee1-6e94497c5664
 - collectionId: DIRECTORS
 - instanceId: ch_2018-10-15_pollock_j
 - status: ASSERTED
[Diagnostic] Claim ID: ed703fe8-36fe-40e4-a652-ebe9448cc80e
 - collectionId: DIRECTORS
 - instanceId: ch_2018-10-15_richards_b
 - status: ASSERTED
[Diagnostic] Claim ID: 588a1e7f-1821-4364-97c9-3cfc7677b549
 - collectionId: DIRECTORS
 - instanceId: ch_2023-05-11_scott_d
 - status: ASSERTED
[Diagnostic] Claim ID: 1a247f16-9f75-45b4-ab1e-0c5ca168946b
 - collectionId: DIRECTORS
 - instanceId: ch_2018-10-15_shott_n
 - status: ASSERTED
[Diagnostic] Claim ID: 53d574fc-030b-4a0d-8db9-0a03e497f1b8
 - collectionId: DIRECTORS
 - instanceId: ch_2018-10-15_sorenson_k
 - status: ASSERTED
[Diagnostic] Claim ID: 1b32598b-33a2-4ad6-a876-be18a8b707cd
 - collectionId: DIRECTORS
 - instanceId: ch_2020-05-15_thakrar_r
 - status: ASSERTED
[Diagnostic] Claim ID: d498905f-0a64-4af2-9dd4-d52ad7598b15
 - collectionId: DIRECTORS
 - instanceId: ch_2019-09-01_tumilty_m
 - status: ASSERTED
[Diagnostic] Claim ID: 377c22e7-d636-48b1-a86c-3c07c70349bb
 - collectionId: DIRECTORS
 - instanceId: ch_2022-04-01_dosanjh_k
 - status: ASSERTED
[Diagnostic] Claim ID: 62b3889f-900d-431e-90ca-30c70385e472
 - collectionId: DIRECTORS
 - instanceId: ch_2025-09-01_boylan_s
 - status: ASSERTED
[Diagnostic] Claim ID: 2fa9c6a2-b43d-4690-8d91-84bc30c9e249
 - collectionId: DIRECTORS
 - instanceId: ch_2020-02-10_briggs_a
 - status: ASSERTED
[Diagnostic] Claim ID: 1e3c3840-f2e7-4f3e-a185-5c1962dc9841
 - collectionId: DIRECTORS
 - instanceId: ch_2023-12-01_bucks_e
 - status: ASSERTED
[Diagnostic] Claim ID: 7c334bb2-2b5f-404b-9c88-5b41eed69fe0
 - collectionId: DIRECTORS
 - instanceId: ch_2025-08-25_cook_k
 - status: ASSERTED
[Diagnostic] Claim ID: a83bda19-7ca7-487f-911e-3a3724e4b3e7
 - collectionId: DIRECTORS
 - instanceId: ch_2025-05-01_coutu_s
 - status: ASSERTED
[Diagnostic] Claim ID: 56958007-9597-41f4-848c-982448ebf232
 - collectionId: DIRECTORS
 - instanceId: ch_2018-10-15_green_k
 - status: ASSERTED
[Diagnostic] Claim ID: ed4d86c7-4d51-4499-a41b-b9c4779088ff
 - collectionId: DIRECTORS
 - instanceId: ch_2023-04-01_gregory_m
 - status: ASSERTED
[Diagnostic] Claim ID: 97e8db0c-4151-4949-8789-5ccc7a736235
 - collectionId: DIRECTORS
 - instanceId: ch_2020-07-23_iioka_h
 - status: ASSERTED
[Diagnostic] Claim ID: 08392968-d3d3-43fb-abff-1a5017df8c1e
 - collectionId: DIRECTORS
 - instanceId: ch_2023-12-01_lyons_n
 - status: ASSERTED
[Diagnostic] Claim ID: b100776f-33d2-487c-a879-9e24f94a3b0f
 - collectionId: DIRECTORS
 - instanceId: ch_2022-04-01_murray_k
 - status: ASSERTED
[Diagnostic] Claim ID: f31d3b35-9795-418d-be1b-9d8ed2dcfcaa
 - collectionId: DIRECTORS
 - instanceId: ch_2024-12-02_nicandrou_n
 - status: ASSERTED
[Diagnostic] Claim ID: b0721daa-da1e-40c1-868f-d530475ba209
 - collectionId: DIRECTORS
 - instanceId: ch_2022-06-01_semple_m
 - status: ASSERTED
[Diagnostic] Claim ID: 2a9ee808-1342-4ee7-8e29-2d65aefdd326
 - collectionId: DIRECTORS
 - instanceId: ch_2018-10-05_watson_g
 - status: ASSERTED
[Diagnostic] Claim ID: ba924a01-0e61-47c2-a4b5-0083eb8309cc
 - collectionId: DIRECTORS
 - instanceId: ch_2018-10-05_bannister_c
 - status: ASSERTED
[Diagnostic] Claim ID: 1dee47ee-494d-4867-be85-74c55f6e73b3
 - collectionId: DIRECTORS
 - instanceId: ch_2018-10-15_barbour_a
 - status: ASSERTED
[Diagnostic] Claim ID: 6b0c01a3-4a96-4eaf-b33e-265ae657f482
 - collectionId: DIRECTORS
 - instanceId: ch_2022-07-01_bruce_s
 - status: ASSERTED
[Diagnostic] Claim ID: 3474d655-1ded-42f4-ab18-8861e4cd03ee
 - collectionId: DIRECTORS
 - instanceId: ch_2018-10-15_fleming_c
 - status: ASSERTED
[Diagnostic] Claim ID: 1dd5d5d3-e6e2-453d-b857-ddce5a45f256
 - collectionId: DIRECTORS
 - instanceId: ch_2018-10-15_lyons_n
 - status: ASSERTED
[Diagnostic] Claim ID: aa9b25c1-30c5-42e1-9d2a-94449bead91d
 - collectionId: DIRECTORS
 - instanceId: ch_2018-10-15_mayall_w
 - status: ASSERTED
[Diagnostic] Claim ID: f2e4e8a7-a962-4174-926c-b81d69872e4c
 - collectionId: DIRECTORS
 - instanceId: ch_2018-10-05_mcconville_j
 - status: ASSERTED
[Diagnostic] Claim ID: 2f6f3aae-dbd5-467b-bcfa-ae26fd0efd6d
 - collectionId: DIRECTORS
 - instanceId: ch_2020-07-23_minter_c
 - status: ASSERTED
[Diagnostic] Claim ID: 8613716d-f1c4-490d-8a6d-36314227118c
 - collectionId: DIRECTORS
 - instanceId: ch_2018-10-15_odwyer_f
 - status: ASSERTED
[Diagnostic] Claim ID: 2928e568-6c31-453f-8554-a9c67e993138
 - collectionId: DIRECTORS
 - instanceId: ch_2018-10-15_pollock_j
 - status: ASSERTED
[Diagnostic] Claim ID: 2cbdcf64-8e83-4b85-a27b-9ea012c5133e
 - collectionId: DIRECTORS
 - instanceId: ch_2018-10-15_richards_b
 - status: ASSERTED
[Diagnostic] Claim ID: 462d43bc-f76a-40f6-9074-bf30cf970b59
 - collectionId: DIRECTORS
 - instanceId: ch_2023-05-11_scott_d
 - status: ASSERTED
[Diagnostic] Claim ID: 7bcef2e1-6d0d-421b-b6ea-edaff4922a24
 - collectionId: DIRECTORS
 - instanceId: ch_2018-10-15_shott_n
 - status: ASSERTED
[Diagnostic] Claim ID: 6e4d1a57-ba18-48dd-b58d-bf838293a9f8
 - collectionId: DIRECTORS
 - instanceId: ch_2018-10-15_sorenson_k
 - status: ASSERTED
[Diagnostic] Claim ID: 3d226c14-7ba1-47f1-a902-925cf5cbd4db
 - collectionId: DIRECTORS
 - instanceId: ch_2020-05-15_thakrar_r
 - status: ASSERTED
[Diagnostic] Claim ID: f384cb87-287e-4575-880a-06a96691a785
 - collectionId: DIRECTORS
 - instanceId: ch_2019-09-01_tumilty_m
 - status: ASSERTED
[Diagnostic] Claim ID: edcb8b4c-4a5a-4f48-b3d6-c3b28955d0e7
 - collectionId: DIRECTORS
 - instanceId: ch_2022-04-01_dosanjh_k
 - status: ASSERTED
[Diagnostic] Claim ID: 4efbfebb-4992-41de-8572-9b7b427c7d96
 - collectionId: DIRECTORS
 - instanceId: ch_2025-09-01_boylan_s
 - status: ASSERTED
[Diagnostic] Claim ID: ba144c54-ec6f-4e10-9338-57abb3e92f67
 - collectionId: DIRECTORS
 - instanceId: ch_2020-02-10_briggs_a
 - status: ASSERTED
[Diagnostic] Claim ID: 4bd53715-5955-43b2-91b0-7f88349011f4
 - collectionId: DIRECTORS
 - instanceId: ch_2023-12-01_bucks_e
 - status: ASSERTED
[Diagnostic] Claim ID: c41f6532-b161-4de1-a4c0-80d4cab3c239
 - collectionId: DIRECTORS
 - instanceId: ch_2025-08-25_cook_k
 - status: ASSERTED
[Diagnostic] Claim ID: 4118548b-2f3f-47c6-a74b-ccfbd51da4f4
 - collectionId: DIRECTORS
 - instanceId: ch_2025-05-01_coutu_s
 - status: ASSERTED
[Diagnostic] Claim ID: 90560195-186a-4509-b466-bd5e2ad2fa50
 - collectionId: DIRECTORS
 - instanceId: ch_2018-10-15_green_k
 - status: ASSERTED
[Diagnostic] Claim ID: e70e1244-c546-4bbd-99f0-1f306d1de0ab
 - collectionId: DIRECTORS
 - instanceId: ch_2023-04-01_gregory_m
 - status: ASSERTED
[Diagnostic] Claim ID: 57b634cf-4c7b-4ca1-b76b-9a3fae666fea
 - collectionId: DIRECTORS
 - instanceId: ch_2020-07-23_iioka_h
 - status: ASSERTED
[Diagnostic] Claim ID: 4db3859d-9afd-4ddd-b46a-d69dce7847b1
 - collectionId: DIRECTORS
 - instanceId: ch_2023-12-01_lyons_n
 - status: ASSERTED
[Diagnostic] Claim ID: b8aa7882-fd72-4876-914c-d995e04c8d92
 - collectionId: DIRECTORS
 - instanceId: ch_2022-04-01_murray_k
 - status: ASSERTED
[Diagnostic] Claim ID: b154665c-52cc-4370-9892-5faaa96c0bd7
 - collectionId: DIRECTORS
 - instanceId: ch_2024-12-02_nicandrou_n
 - status: ASSERTED
[Diagnostic] Claim ID: 9c83b3f0-bcd8-4133-a821-3e0bef9e1c2c
 - collectionId: DIRECTORS
 - instanceId: ch_2022-06-01_semple_m
 - status: ASSERTED
[Diagnostic] Claim ID: 18e9a3a3-ae62-4617-aebc-e975e91e9797
 - collectionId: DIRECTORS
 - instanceId: ch_2018-10-05_watson_g
 - status: ASSERTED
[Diagnostic] Claim ID: 740a51c0-42c1-4681-8785-54c449139566
 - collectionId: DIRECTORS
 - instanceId: ch_2018-10-05_bannister_c
 - status: ASSERTED
[Diagnostic] Claim ID: 71a2bfa1-501f-4a87-82fb-6c15a557e5d5
 - collectionId: DIRECTORS
 - instanceId: ch_2018-10-15_barbour_a
 - status: ASSERTED
[Diagnostic] Claim ID: 32cf22c2-e60f-4a97-b0fe-bb4f8a616c48
 - collectionId: DIRECTORS
 - instanceId: ch_2022-07-01_bruce_s
 - status: ASSERTED
[Diagnostic] Claim ID: 5c0db686-f0a3-4e01-b394-f7c0f55bcc91
 - collectionId: DIRECTORS
 - instanceId: ch_2018-10-15_fleming_c
 - status: ASSERTED
[Diagnostic] Claim ID: f0ee2af3-5f20-4d84-8d6b-fb9ab1516ac5
 - collectionId: DIRECTORS
 - instanceId: ch_2018-10-15_lyons_n
 - status: ASSERTED
[Diagnostic] Claim ID: bef3f0f9-15ae-4a59-8363-755ab72bd222
 - collectionId: DIRECTORS
 - instanceId: ch_2018-10-15_mayall_w
 - status: ASSERTED
[Diagnostic] Claim ID: 126d5941-af44-4151-b5ae-4b717fb04248
 - collectionId: DIRECTORS
 - instanceId: ch_2018-10-05_mcconville_j
 - status: ASSERTED
[Diagnostic] Claim ID: 2dbc5153-4cc3-410b-bce2-3939e108c93d
 - collectionId: DIRECTORS
 - instanceId: ch_2020-07-23_minter_c
 - status: ASSERTED
[Diagnostic] Claim ID: 4f8202f8-d377-481b-90a0-f237c534e6c6
 - collectionId: DIRECTORS
 - instanceId: ch_2018-10-15_odwyer_f
 - status: ASSERTED
[Diagnostic] Claim ID: 84e6e6a4-7b53-40b2-8de2-a40f40629c7f
 - collectionId: DIRECTORS
 - instanceId: ch_2018-10-15_pollock_j
 - status: ASSERTED
[Diagnostic] Claim ID: e6e70442-c6fc-4f77-b902-f3784cdd1507
 - collectionId: DIRECTORS
 - instanceId: ch_2018-10-15_richards_b
 - status: ASSERTED
[Diagnostic] Claim ID: 54a936ab-0cca-4f76-abdb-48e795e173a9
 - collectionId: DIRECTORS
 - instanceId: ch_2023-05-11_scott_d
 - status: ASSERTED
[Diagnostic] Claim ID: 7803e6ce-3e6b-436d-a2ac-b603e42a1818
 - collectionId: DIRECTORS
 - instanceId: ch_2018-10-15_shott_n
 - status: ASSERTED
[Diagnostic] Claim ID: 8b32e475-74db-4342-b05f-d2a8fd61540a
 - collectionId: DIRECTORS
 - instanceId: ch_2018-10-15_sorenson_k
 - status: ASSERTED
[Diagnostic] Claim ID: a1f6ca67-a5ec-4837-a7ae-b0e94abcbd9e
 - collectionId: DIRECTORS
 - instanceId: ch_2020-05-15_thakrar_r
 - status: ASSERTED
[Diagnostic] Claim ID: c3c1ec4d-65ca-4df8-a3a6-1dff47171bfb
 - collectionId: DIRECTORS
 - instanceId: ch_2019-09-01_tumilty_m
 - status: ASSERTED
[Diagnostic] Claim ID: d52f08ab-2947-4abd-874e-ecc934629e4a
 - collectionId: DIRECTORS
 - instanceId: ch_2019-09-01_tumilty_m
 - status: ASSERTED
[Diagnostic] Claim ID: 07673d72-4898-49e2-a8b1-3e1f0dd9c19f
 - collectionId: DIRECTORS
 - instanceId: ch_2022-04-01_dosanjh_k
 - status: ASSERTED
[Diagnostic] Claim ID: dfd87159-894a-44de-8974-8426d0c85a51
 - collectionId: DIRECTORS
 - instanceId: ch_2025-09-01_boylan_s
 - status: ASSERTED
[Diagnostic] Claim ID: 31623168-df02-4068-a3b9-26cab09826fc
 - collectionId: DIRECTORS
 - instanceId: ch_2020-02-10_briggs_a
 - status: ASSERTED
[Diagnostic] Claim ID: c947f4ad-263a-473d-8012-468eb00e956b
 - collectionId: DIRECTORS
 - instanceId: ch_2023-12-01_bucks_e
 - status: ASSERTED
[Diagnostic] Claim ID: dfffaad0-854c-4eaf-b702-8a44df7bf08a
 - collectionId: DIRECTORS
 - instanceId: ch_2025-08-25_cook_k
 - status: ASSERTED
[Diagnostic] Claim ID: df1555e8-4597-4232-8054-6d9ce4fb64e3
 - collectionId: DIRECTORS
 - instanceId: ch_2025-05-01_coutu_s
 - status: ASSERTED
[Diagnostic] Claim ID: 8761352a-52ad-4a2c-87b6-a25de0774a1c
 - collectionId: DIRECTORS
 - instanceId: ch_2018-10-15_green_k
 - status: ASSERTED
[Diagnostic] Claim ID: 61acfc88-df37-4fb3-9692-82221339c7b8
 - collectionId: DIRECTORS
 - instanceId: ch_2023-04-01_gregory_m
 - status: ASSERTED
[Diagnostic] Claim ID: 89557407-c5a9-4449-b32e-d621d99fd8f7
 - collectionId: DIRECTORS
 - instanceId: ch_2020-07-23_iioka_h
 - status: ASSERTED
[Diagnostic] Claim ID: 75ea3866-46a3-4726-8de3-9561ffdfa24b
 - collectionId: DIRECTORS
 - instanceId: ch_2023-12-01_lyons_n
 - status: ASSERTED
[Diagnostic] Claim ID: 10c7f1ed-6ee6-457d-8143-aa23e9ff8692
 - collectionId: DIRECTORS
 - instanceId: ch_2022-04-01_murray_k
 - status: ASSERTED
[Diagnostic] Claim ID: 39b0e512-5b23-42d6-b224-b4a9a485575b
 - collectionId: DIRECTORS
 - instanceId: ch_2024-12-02_nicandrou_n
 - status: ASSERTED
[Diagnostic] Claim ID: 6a1bd313-f31a-4405-a9b8-a642636c6894
 - collectionId: DIRECTORS
 - instanceId: ch_2022-06-01_semple_m
 - status: ASSERTED
[Diagnostic] Claim ID: bf5ece17-8283-4cf8-ae5e-e5746e02eef3
 - collectionId: DIRECTORS
 - instanceId: ch_2018-10-05_watson_g
 - status: ASSERTED
[Diagnostic] Claim ID: 914149a5-e134-4336-9298-96a1dd20f874
 - collectionId: DIRECTORS
 - instanceId: ch_2018-10-05_bannister_c
 - status: ASSERTED
[Diagnostic] Claim ID: b815cdc3-8121-47aa-b321-27becd2def4c
 - collectionId: DIRECTORS
 - instanceId: ch_2018-10-15_barbour_a
 - status: ASSERTED
[Diagnostic] Claim ID: b256a082-640e-4894-874e-789da3e066fd
 - collectionId: DIRECTORS
 - instanceId: ch_2022-07-01_bruce_s
 - status: ASSERTED
[Diagnostic] Claim ID: af3e44a3-d9f5-42df-b2a6-e23d5b79bed1
 - collectionId: DIRECTORS
 - instanceId: ch_2018-10-15_fleming_c
 - status: ASSERTED
[Diagnostic] Claim ID: 79d0500b-413e-4a7f-ac8d-eecbccb77b6e
 - collectionId: DIRECTORS
 - instanceId: ch_2018-10-15_lyons_n
 - status: ASSERTED
[Diagnostic] Claim ID: 06bae9df-6977-4c2b-9ed2-2221b857e48b
 - collectionId: DIRECTORS
 - instanceId: ch_2018-10-15_mayall_w
 - status: ASSERTED
[Diagnostic] Claim ID: 810db8e9-aaac-434b-a765-72ec1eaa5fb8
 - collectionId: DIRECTORS
 - instanceId: ch_2018-10-05_mcconville_j
 - status: ASSERTED
[Diagnostic] Claim ID: 5f2deb4b-eb77-4c50-a057-071f6d69a8f7
 - collectionId: DIRECTORS
 - instanceId: ch_2020-07-23_minter_c
 - status: ASSERTED
[Diagnostic] Claim ID: 1a24e0d7-3116-488f-9030-295736c45efa
 - collectionId: DIRECTORS
 - instanceId: ch_2018-10-15_odwyer_f
 - status: ASSERTED
[Diagnostic] Claim ID: e8fdb68b-b251-4676-8980-020fff6f7247
 - collectionId: DIRECTORS
 - instanceId: ch_2018-10-15_pollock_j
 - status: ASSERTED
[Diagnostic] Claim ID: aa06ad22-524f-445e-b748-7e203252f848
 - collectionId: DIRECTORS
 - instanceId: ch_2018-10-15_richards_b
 - status: ASSERTED
[Diagnostic] Claim ID: 85e8caee-6112-4d3c-88f7-81f239342671
 - collectionId: DIRECTORS
 - instanceId: ch_2023-05-11_scott_d
 - status: ASSERTED
[Diagnostic] Claim ID: 133ca63a-1b99-4ad3-9172-aa9a8e3cb419
 - collectionId: DIRECTORS
 - instanceId: ch_2018-10-15_shott_n
 - status: ASSERTED
[Diagnostic] Claim ID: 508003ff-b3ea-4c9e-aec0-837180850004
 - collectionId: DIRECTORS
 - instanceId: ch_2018-10-15_sorenson_k
 - status: ASSERTED
[Diagnostic] Claim ID: 4788e746-730f-46e1-ad93-6ba0a46d0a22
 - collectionId: DIRECTORS
 - instanceId: ch_2020-05-15_thakrar_r
 - status: ASSERTED
[Diagnostic] Claim ID: cbc31694-903d-4126-ac30-c78049ffcd44
 - collectionId: DIRECTORS
 - instanceId: ch_2022-04-01_dosanjh_k
 - status: ASSERTED
[Diagnostic] Claim ID: 05a73a9b-16c9-4f4e-aad8-f4b4bf3c90e0
 - collectionId: DIRECTORS
 - instanceId: ch_2025-09-01_boylan_s
 - status: ASSERTED
[Diagnostic] Claim ID: 61a16d06-3a3c-4674-9a04-a2fd92e32bc9
 - collectionId: DIRECTORS
 - instanceId: ch_2020-02-10_briggs_a
 - status: ASSERTED
[Diagnostic] Claim ID: d1e320fa-bcf8-49ba-8139-b17bf2b2fece
 - collectionId: DIRECTORS
 - instanceId: ch_2023-12-01_bucks_e
 - status: ASSERTED
[Diagnostic] Claim ID: 7b03bbf9-31d8-42d2-9003-776ab4c39e85
 - collectionId: DIRECTORS
 - instanceId: ch_2025-08-25_cook_k
 - status: ASSERTED
[Diagnostic] Claim ID: 62f78a9e-6258-4f5e-a44f-e7a0629ab905
 - collectionId: DIRECTORS
 - instanceId: ch_2025-05-01_coutu_s
 - status: ASSERTED
[Diagnostic] Claim ID: 1257408b-ee25-4a0b-89ca-ea86176a7d10
 - collectionId: DIRECTORS
 - instanceId: ch_2018-10-15_green_k
 - status: ASSERTED
[Diagnostic] Claim ID: fecaf8f1-3901-466c-84a2-9cd391b34456
 - collectionId: DIRECTORS
 - instanceId: ch_2023-04-01_gregory_m
 - status: ASSERTED
[Diagnostic] Claim ID: 340da575-88a6-4630-9aad-3841e63f6cfc
 - collectionId: DIRECTORS
 - instanceId: ch_2020-07-23_iioka_h
 - status: ASSERTED
[Diagnostic] Claim ID: 41dc4a56-4c23-4e8c-b6a1-e1da38b7ed16
 - collectionId: DIRECTORS
 - instanceId: ch_2023-12-01_lyons_n
 - status: ASSERTED
[Diagnostic] Claim ID: c2a0fb3b-521a-4e04-a774-60e7b6516c5c
 - collectionId: DIRECTORS
 - instanceId: ch_2022-04-01_murray_k
 - status: ASSERTED
[Diagnostic] Claim ID: 61b16512-fc6a-4a38-aca1-6d6f3e1b37aa
 - collectionId: DIRECTORS
 - instanceId: ch_2024-12-02_nicandrou_n
 - status: ASSERTED
[Diagnostic] Claim ID: ff8117f4-4dd3-4550-aca2-84e6cea77d46
 - collectionId: DIRECTORS
 - instanceId: ch_2022-06-01_semple_m
 - status: ASSERTED
[Diagnostic] Claim ID: 18543a47-2383-4a84-aa67-206285e40a70
 - collectionId: DIRECTORS
 - instanceId: ch_2018-10-05_watson_g
 - status: ASSERTED
[Diagnostic] Claim ID: c2acae39-5c04-43fd-88c4-aa10a1ea9aae
 - collectionId: DIRECTORS
 - instanceId: ch_2018-10-05_bannister_c
 - status: ASSERTED
[Diagnostic] Claim ID: 9a4443c2-fc8a-4f79-bdce-83009083bfae
 - collectionId: DIRECTORS
 - instanceId: ch_2018-10-15_barbour_a
 - status: ASSERTED
[Diagnostic] Claim ID: e5a13ed7-2f57-4150-942c-b487c9df88aa
 - collectionId: DIRECTORS
 - instanceId: ch_2022-07-01_bruce_s
 - status: ASSERTED
[Diagnostic] Claim ID: 91815ef3-a369-4bfd-a6d2-6e731c538525
 - collectionId: DIRECTORS
 - instanceId: ch_2018-10-15_fleming_c
 - status: ASSERTED
[Diagnostic] Claim ID: 6ee9ae4e-d668-4201-8392-d49cb9950013
 - collectionId: DIRECTORS
 - instanceId: ch_2018-10-15_lyons_n
 - status: ASSERTED
[Diagnostic] Claim ID: 64c83e44-d6e8-45a3-97cd-bedccdbb2ed0
 - collectionId: DIRECTORS
 - instanceId: ch_2018-10-15_mayall_w
 - status: ASSERTED
[Diagnostic] Claim ID: f33299ff-1f4f-47d6-852d-9398c2c13015
 - collectionId: DIRECTORS
 - instanceId: ch_2018-10-05_mcconville_j
 - status: ASSERTED
[Diagnostic] Claim ID: f6a0793c-8829-484d-81be-801884adc932
 - collectionId: DIRECTORS
 - instanceId: ch_2020-07-23_minter_c
 - status: ASSERTED
[Diagnostic] Claim ID: f0ac8066-6c83-4a5a-b972-6eadb77bcd5c
 - collectionId: DIRECTORS
 - instanceId: ch_2018-10-15_odwyer_f
 - status: ASSERTED
[Diagnostic] Claim ID: c888bb75-4d2b-441f-a6e7-6cdab1329364
 - collectionId: DIRECTORS
 - instanceId: ch_2018-10-15_pollock_j
 - status: ASSERTED
[Diagnostic] Claim ID: f5f56548-272a-4b91-a80f-48ff7419ba03
 - collectionId: DIRECTORS
 - instanceId: ch_2018-10-15_richards_b
 - status: ASSERTED
[Diagnostic] Claim ID: 8623709b-721e-4e88-bd29-5e0194fd3207
 - collectionId: DIRECTORS
 - instanceId: ch_2023-05-11_scott_d
 - status: ASSERTED
[Diagnostic] Claim ID: 9eb6eab5-945b-47b6-bc6b-fd1199d70d75
 - collectionId: DIRECTORS
 - instanceId: ch_2018-10-15_shott_n
 - status: ASSERTED
[Diagnostic] Claim ID: 1e588cd1-9911-4d82-ae3b-89d056116ef8
 - collectionId: DIRECTORS
 - instanceId: ch_2018-10-15_sorenson_k
 - status: ASSERTED
[Diagnostic] Claim ID: 712f57b6-e07c-48af-bc6f-92125f0864de
 - collectionId: DIRECTORS
 - instanceId: ch_2020-05-15_thakrar_r
 - status: ASSERTED
[Diagnostic] Claim ID: cb5323d5-acbd-4714-aba1-5ed7798f30c5
 - collectionId: DIRECTORS
 - instanceId: ch_2019-09-01_tumilty_m
 - status: ASSERTED
[Diagnostic] Claim ID: 8987b3dd-3eb6-492d-934f-048cc99c4c6c
 - collectionId: DIRECTORS
 - instanceId: ch_2022-04-01_dosanjh_k
 - status: ASSERTED
[Diagnostic] Claim ID: eaa1553a-5430-4024-885f-17b804d192a0
 - collectionId: DIRECTORS
 - instanceId: ch_2025-09-01_boylan_s
 - status: ASSERTED
[Diagnostic] Claim ID: 6a08bd13-a3ee-4c31-b16b-d35b3bbfc671
 - collectionId: DIRECTORS
 - instanceId: ch_2020-02-10_briggs_a
 - status: ASSERTED
[Diagnostic] Claim ID: 63df77e9-65e9-4c21-8061-7ceb4dbf4dbf
 - collectionId: DIRECTORS
 - instanceId: ch_2023-12-01_bucks_e
 - status: ASSERTED
[Diagnostic] Claim ID: b9e59388-4abf-458a-8460-b472da08ecd0
 - collectionId: DIRECTORS
 - instanceId: ch_2025-08-25_cook_k
 - status: ASSERTED
[Diagnostic] Claim ID: f7623fc0-8beb-4094-bfd9-60e9bd6722f3
 - collectionId: DIRECTORS
 - instanceId: ch_2025-05-01_coutu_s
 - status: ASSERTED
[Diagnostic] Claim ID: 602b38a9-3623-4648-a603-49bc61f9eeab
 - collectionId: DIRECTORS
 - instanceId: ch_2018-10-15_green_k
 - status: ASSERTED
[Diagnostic] Claim ID: 39b68eff-6a58-472f-9e0a-b534e4971ea1
 - collectionId: DIRECTORS
 - instanceId: ch_2023-04-01_gregory_m
 - status: ASSERTED
[Diagnostic] Claim ID: 62e55b0a-9589-4eab-96e7-dc37e722a407
 - collectionId: DIRECTORS
 - instanceId: ch_2020-07-23_iioka_h
 - status: ASSERTED
[Diagnostic] Claim ID: b8a14857-3d5b-494f-84a0-fec0e36dcce2
 - collectionId: DIRECTORS
 - instanceId: ch_2023-12-01_lyons_n
 - status: ASSERTED
[Diagnostic] Claim ID: f1715ead-c249-4047-ad42-9ea8589a20c6
 - collectionId: DIRECTORS
 - instanceId: ch_2022-04-01_murray_k
 - status: ASSERTED
[Diagnostic] Claim ID: 90465e82-40b6-42ad-ac7d-8045ed2f46e4
 - collectionId: DIRECTORS
 - instanceId: ch_2024-12-02_nicandrou_n
 - status: ASSERTED
[Diagnostic] Claim ID: 8fa3f18b-51bb-4137-9240-29312568d3dc
 - collectionId: DIRECTORS
 - instanceId: ch_2022-06-01_semple_m
 - status: ASSERTED
[Diagnostic] Claim ID: b63cc640-57bf-4d59-931c-c9bca92ab757
 - collectionId: DIRECTORS
 - instanceId: ch_2018-10-05_watson_g
 - status: ASSERTED
[Diagnostic] Claim ID: 8e2b3bdd-d811-4b24-bb7f-3c824122a572
 - collectionId: DIRECTORS
 - instanceId: ch_2018-10-05_bannister_c
 - status: ASSERTED
[Diagnostic] Claim ID: a3649431-7e3a-4434-8760-0f6c4f636d65
 - collectionId: DIRECTORS
 - instanceId: ch_2018-10-15_barbour_a
 - status: ASSERTED
[Diagnostic] Claim ID: c312757a-e542-4906-9e17-2e43bc8fee50
 - collectionId: DIRECTORS
 - instanceId: ch_2022-07-01_bruce_s
 - status: ASSERTED
[Diagnostic] Claim ID: 741905df-5b14-443f-8702-3e55326a669a
 - collectionId: DIRECTORS
 - instanceId: ch_2018-10-15_fleming_c
 - status: ASSERTED
[Diagnostic] Claim ID: 48d2ff2f-ccc9-4f58-af1b-e7bf96a058b1
 - collectionId: DIRECTORS
 - instanceId: ch_2018-10-15_lyons_n
 - status: ASSERTED
[Diagnostic] Claim ID: 416a271f-c4f1-4ce2-a0f0-521f4f03210e
 - collectionId: DIRECTORS
 - instanceId: ch_2018-10-15_mayall_w
 - status: ASSERTED
[Diagnostic] Claim ID: 478ed415-09e6-425f-8825-6225bf3df755
 - collectionId: DIRECTORS
 - instanceId: ch_2018-10-05_mcconville_j
 - status: ASSERTED
[Diagnostic] Claim ID: e44c97bd-b8e6-4470-a866-6112eea70474
 - collectionId: DIRECTORS
 - instanceId: ch_2020-07-23_minter_c
 - status: ASSERTED
[Diagnostic] Claim ID: c808688a-1f86-43e3-9e36-b0672b391e91
 - collectionId: DIRECTORS
 - instanceId: ch_2018-10-15_odwyer_f
 - status: ASSERTED
[Diagnostic] Claim ID: feacf709-20c4-499b-bc9a-7fd2722147b8
 - collectionId: DIRECTORS
 - instanceId: ch_2018-10-15_pollock_j
 - status: ASSERTED
[Diagnostic] Claim ID: f4085b74-e03e-4f07-a399-8100c9b62a10
 - collectionId: DIRECTORS
 - instanceId: ch_2018-10-15_richards_b
 - status: ASSERTED
[Diagnostic] Claim ID: cd187d05-6ab4-48bf-b010-5bc6375aa4b3
 - collectionId: DIRECTORS
 - instanceId: ch_2023-05-11_scott_d
 - status: ASSERTED
[Diagnostic] Claim ID: 1390382e-5ee9-48a6-872f-6325f7d81ef2
 - collectionId: DIRECTORS
 - instanceId: ch_2018-10-15_shott_n
 - status: ASSERTED
[Diagnostic] Claim ID: 46a5002f-905c-4590-ae7a-6c78e1878abb
 - collectionId: DIRECTORS
 - instanceId: ch_2018-10-15_sorenson_k
 - status: ASSERTED
[Diagnostic] Claim ID: 686e08af-2d2b-4358-a9d4-77bad060f923
 - collectionId: DIRECTORS
 - instanceId: ch_2020-05-15_thakrar_r
 - status: ASSERTED
[Diagnostic] Claim ID: d3db4c53-0e3b-4db1-8cc8-4c1da0f0f317
 - collectionId: DIRECTORS
 - instanceId: ch_2019-09-01_tumilty_m
 - status: ASSERTED
[Diagnostic] Claim ID: 64335425-24c4-45b7-aec2-6ff07ece226c
 - collectionId: DIRECTORS
 - instanceId: ch_2022-09-20_maclennan_s
 - status: ASSERTED
[Diagnostic] Claim ID: a6a397b9-2a36-442d-9d5c-118de40a0777
 - collectionId: DIRECTORS
 - instanceId: ch_2023-06-14_staples_h
 - status: ASSERTED
[Diagnostic] Claim ID: 5ffd2e44-04e9-4e05-91c0-68e9ebaaaac9
 - collectionId: DIRECTORS
 - instanceId: ch_2010-08-01_burns_d
 - status: ASSERTED
[Diagnostic] Claim ID: 17704630-f14c-4211-9a23-e487f03463a1
 - collectionId: DIRECTORS
 - instanceId: ch_2001-02-13_houston_t
 - status: ASSERTED
[Diagnostic] Claim ID: 40afd472-14a5-4ccd-b355-87ea2fa0f9e1
 - collectionId: DIRECTORS
 - instanceId: ch_2016-05-10_kidd_h
 - status: ASSERTED
[Diagnostic] Claim ID: 9367007b-d27d-4e1e-a30f-4f5be6412d29
 - collectionId: DIRECTORS
 - instanceId: ch_2003-10-16_obrien_v
 - status: ASSERTED
[Diagnostic] Claim ID: 76269c3e-c893-4dfa-b14b-83d58561fd27
 - collectionId: DIRECTORS
 - instanceId: ch_2001-08-30_stubbs_p
 - status: ASSERTED
[Diagnostic] Claim ID: bc1a34a5-e89f-4d8f-b4fc-f99d6075f4a4
 - collectionId: DIRECTORS
 - instanceId: ch_2013-05-01_boyce_j
 - status: ASSERTED
[Diagnostic] Claim ID: 36eda90b-650e-4450-98dd-2df98721efd5
 - collectionId: DIRECTORS
 - instanceId: ch_2011-11-03_clark_c
 - status: ASSERTED
[Diagnostic] Claim ID: db6e95cb-ab4d-4063-9db5-385c2ea3d563
 - collectionId: DIRECTORS
 - instanceId: ch_2001-08-30_crombie_a
 - status: ASSERTED
[Diagnostic] Claim ID: 6751a00d-1e1f-47ce-ad2a-1c895c45f464
 - collectionId: DIRECTORS
 - instanceId: ch_2017-10-19_demetriou_c
 - status: ASSERTED
[Diagnostic] Claim ID: c2a8fb5a-6c82-4d76-b5ec-d0248d009905
 - collectionId: DIRECTORS
 - instanceId: ch_2001-12-05_english_m
 - status: ASSERTED
[Diagnostic] Claim ID: c28d9855-86a2-40a3-be14-28c9c7d9d909
 - collectionId: DIRECTORS
 - instanceId: ch_2017-10-19_hendry_b
 - status: ASSERTED
[Diagnostic] Claim ID: ac6133b9-928b-405f-929d-4e1978aedaf5
 - collectionId: DIRECTORS
 - instanceId: ch_2001-08-30_hill_p
 - status: ASSERTED
[Diagnostic] Claim ID: 69056b23-6872-4437-b596-96099f6a210d
 - collectionId: DIRECTORS
 - instanceId: ch_2001-02-13_houston_t
 - status: ASSERTED
[Diagnostic] Claim ID: 5c9cf3a9-f5bc-4c4f-8237-05d2b2aeac87
 - collectionId: DIRECTORS
 - instanceId: ch_2016-05-10_lochen_e
 - status: ASSERTED
[Diagnostic] Claim ID: d75a1ad5-60aa-4020-8648-0242ddf4f703
 - collectionId: DIRECTORS
 - instanceId: ch_2001-02-13_lynn_j
 - status: ASSERTED
[Diagnostic] Claim ID: f52eaeb7-df59-4951-b2d3-1d13774bd4b2
 - collectionId: DIRECTORS
 - instanceId: ch_2018-02-06_morris_j
 - status: ASSERTED
[Diagnostic] Claim ID: 88650d95-f877-4bf4-a330-8e271a8092c6
 - collectionId: DIRECTORS
 - instanceId: ch_2005-10-10_morris_j
 - status: ASSERTED
[Diagnostic] Claim ID: d8cd48c2-cad5-4186-b180-800cad45926b
 - collectionId: DIRECTORS
 - instanceId: ch_2004-05-14_pasquill_p
 - status: ASSERTED
[Diagnostic] Claim ID: 01235b79-a6d5-4ca3-bb3d-696442ddee42
 - collectionId: DIRECTORS
 - instanceId: ch_2005-10-10_perry_w
 - status: ASSERTED
[Diagnostic] Claim ID: 996c6459-feab-42a2-a19d-35d217a5816c
 - collectionId: DIRECTORS
 - instanceId: ch_2001-08-30_phillips_l
 - status: ASSERTED
[Diagnostic] Claim ID: 80f37891-ecad-4588-904f-6426ddb330e0
 - collectionId: DIRECTORS
 - instanceId: ch_2001-08-30_raschkowan_n
 - status: ASSERTED
[Diagnostic] Claim ID: c7895df1-ccf9-42b6-9b74-d487227a992a
 - collectionId: DIRECTORS
 - instanceId: ch_2006-01-18_renaud_r
 - status: ASSERTED
[Diagnostic] Claim ID: 3911911a-aa23-45ee-8e4c-921e6a99a80e
 - collectionId: DIRECTORS
 - instanceId: ch_2001-08-30_skeoch_n
 - status: ASSERTED
[Diagnostic] Claim ID: 177c7f16-dae0-473c-b154-80d224ac1dd7
 - collectionId: DIRECTORS
 - instanceId: ch_2005-10-10_spatz_e
 - status: ASSERTED
[Diagnostic] Claim ID: caf722c2-f077-4c1d-9b0e-586aa18bbf7e
 - collectionId: DIRECTORS
 - instanceId: ch_2016-05-10_weeple_s
 - status: ASSERTED
[Diagnostic] Claim ID: 74b31ff5-ea02-4225-90bd-8f20ad4eee75
 - collectionId: DIRECTORS
 - instanceId: ch_2006-05-25_weeple_s
 - status: ASSERTED
[Diagnostic] Claim ID: 07ac0fc3-7e9b-480e-b28d-452412fb36c6
 - collectionId: DIRECTORS
 - instanceId: ch_2026-02-16_abraham_a
 - status: ASSERTED
[Diagnostic] Claim ID: b89dae1c-c6e7-4b2e-808f-4ad9fdf04e75
 - collectionId: DIRECTORS
 - instanceId: ch_2026-02-16_patel_i
 - status: ASSERTED
[Diagnostic] Claim ID: c3e91332-6310-4905-976f-ef56660b11a8
 - collectionId: DIRECTORS
 - instanceId: ch_2014-08-12_murray_d
 - status: ASSERTED
[Diagnostic] Claim ID: 414cc643-10fb-4990-89fd-4d4f2a4008a6
 - collectionId: DIRECTORS
 - instanceId: ch_2014-08-12_ibbotson_c
 - status: ASSERTED
[Diagnostic] Claim ID: d0c6748c-23ff-4b76-8a95-305144a3a991
 - collectionId: DIRECTORS
 - instanceId: ch_2015-03-31_lennon_p
 - status: ASSERTED
[Diagnostic] Claim ID: 7532e4fe-7cff-47a0-9917-08de494f5137
 - collectionId: DIRECTORS
 - instanceId: ch_2014-08-12_malyon_h
 - status: ASSERTED
[Diagnostic] Claim ID: 3c157a78-625f-4818-9ee9-0f8a3f49d909
 - collectionId: DIRECTORS
 - instanceId: ch_2014-08-12_murray_d
 - status: ASSERTED
[Diagnostic] Claim ID: c06f8c1a-890f-4aa3-aa02-b8bac7ed4a66
 - collectionId: DIRECTORS
 - instanceId: ch_2019-05-21_stephens_a
 - status: ASSERTED
[Diagnostic] Claim ID: 1df00292-5ed5-4fbe-9687-bd2e44bf9e8f
 - collectionId: DIRECTORS
 - instanceId: ch_2026-02-16_abraham_a
 - status: ASSERTED
[Diagnostic] Claim ID: 391ecbde-5e4d-4dae-900a-b4b0062dc2a0
 - collectionId: DIRECTORS
 - instanceId: ch_2026-02-16_patel_i
 - status: ASSERTED
[Diagnostic] Claim ID: f5857241-109a-4099-96c4-baad3abacf90
 - collectionId: DIRECTORS
 - instanceId: ch_2014-08-12_murray_d
 - status: ASSERTED
[Diagnostic] Claim ID: f2fa1938-3be8-42da-bc53-a0cf0a40177b
 - collectionId: DIRECTORS
 - instanceId: ch_2014-08-12_ibbotson_c
 - status: ASSERTED
[Diagnostic] Claim ID: 0c308523-69bf-400c-81ac-e2fac12ca59e
 - collectionId: DIRECTORS
 - instanceId: ch_2015-03-31_lennon_p
 - status: ASSERTED
[Diagnostic] Claim ID: 607a3645-bd70-4560-8a35-69fba6f069b8
 - collectionId: DIRECTORS
 - instanceId: ch_2014-08-12_malyon_h
 - status: ASSERTED
[Diagnostic] Claim ID: 85d48449-bdfc-4c34-90f3-e48a49818697
 - collectionId: DIRECTORS
 - instanceId: ch_2014-08-12_murray_d
 - status: ASSERTED
[Diagnostic] Claim ID: 37becf3d-126e-4046-b7cb-6a3551adaf5e
 - collectionId: DIRECTORS
 - instanceId: ch_2019-05-21_stephens_a
 - status: ASSERTED
[Diagnostic] Claim ID: 12c87e79-8a9c-4dd9-bb4e-8d47ff270e71
 - collectionId: DIRECTORS
 - instanceId: ch_2026-02-16_abraham_a
 - status: ASSERTED
[Diagnostic] Claim ID: f8de07ba-04ec-4d86-a4ef-3b2dbae3379a
 - collectionId: DIRECTORS
 - instanceId: ch_2026-02-16_patel_i
 - status: ASSERTED
[Diagnostic] Claim ID: 35a5d2a4-349c-4c7b-a212-a82980f09990
 - collectionId: DIRECTORS
 - instanceId: ch_2014-08-12_murray_d
 - status: ASSERTED
[Diagnostic] Claim ID: 2cb544df-7a5c-41ce-8645-abbd2122a862
 - collectionId: DIRECTORS
 - instanceId: ch_2014-08-12_ibbotson_c
 - status: ASSERTED
[Diagnostic] Claim ID: 79d108e5-163e-4bdf-a4b1-cd295b5aa725
 - collectionId: DIRECTORS
 - instanceId: ch_2015-03-31_lennon_p
 - status: ASSERTED
[Diagnostic] Claim ID: edb9d5ca-538e-43f0-89fd-5b99aaf09da5
 - collectionId: DIRECTORS
 - instanceId: ch_2014-08-12_malyon_h
 - status: ASSERTED
[Diagnostic] Claim ID: 65794419-16f6-4ba4-8d6b-09929de7a898
 - collectionId: DIRECTORS
 - instanceId: ch_2014-08-12_murray_d
 - status: ASSERTED
[Diagnostic] Claim ID: 07bff83f-ef00-46ca-8d23-6afb44069844
 - collectionId: DIRECTORS
 - instanceId: ch_2019-05-21_stephens_a
 - status: ASSERTED
[Diagnostic] Claim ID: d199268b-7fa2-47ca-8fce-a15eeaa1318e
 - collectionId: DIRECTORS
 - instanceId: ch_2026-02-16_abraham_a
 - status: ASSERTED
[Diagnostic] Claim ID: e119656b-79f9-4376-b279-3c66ab06033b
 - collectionId: DIRECTORS
 - instanceId: ch_2026-02-16_patel_i
 - status: ASSERTED
[Diagnostic] Claim ID: eedc7220-b603-4784-be55-1555055ef351
 - collectionId: DIRECTORS
 - instanceId: ch_2014-08-12_murray_d
 - status: ASSERTED
[Diagnostic] Claim ID: 5ed4c47c-6735-474d-b07e-8dfc1ce517b7
 - collectionId: DIRECTORS
 - instanceId: ch_2014-08-12_ibbotson_c
 - status: ASSERTED
[Diagnostic] Claim ID: 80b649a4-9db9-4428-b0e6-fc36bf9a9a43
 - collectionId: DIRECTORS
 - instanceId: ch_2015-03-31_lennon_p
 - status: ASSERTED
[Diagnostic] Claim ID: 3d4c93e7-5c26-4833-a8cf-2e791dbb7fea
 - collectionId: DIRECTORS
 - instanceId: ch_2014-08-12_malyon_h
 - status: ASSERTED
[Diagnostic] Claim ID: be8d5d5b-7f02-43c5-9967-88c07c2bbbb4
 - collectionId: DIRECTORS
 - instanceId: ch_2014-08-12_murray_d
 - status: ASSERTED
[Diagnostic] Claim ID: 47bae9b5-0382-4e5e-a398-c22c6e7f0b93
 - collectionId: DIRECTORS
 - instanceId: ch_2019-05-21_stephens_a
 - status: ASSERTED
[Diagnostic] Claim ID: 10e1f2c6-96c5-4d98-adcb-29df2c636b4b
 - collectionId: DIRECTORS
 - instanceId: ch_2026-02-16_abraham_a
 - status: ASSERTED
[Diagnostic] Claim ID: addd123d-6403-4608-86b5-01d2bdd6a0a3
 - collectionId: DIRECTORS
 - instanceId: ch_2026-02-16_patel_i
 - status: ASSERTED
[Diagnostic] Claim ID: 27add490-026c-4aea-8c76-ecb0b45ed79b
 - collectionId: DIRECTORS
 - instanceId: ch_2014-08-12_murray_d
 - status: ASSERTED
[Diagnostic] Claim ID: 78881da3-b0a6-455c-9456-2dab32c77ab3
 - collectionId: DIRECTORS
 - instanceId: ch_2014-08-12_ibbotson_c
 - status: ASSERTED
[Diagnostic] Claim ID: 22f228d1-ba44-474c-ba9e-03fe532fd45d
 - collectionId: DIRECTORS
 - instanceId: ch_2015-03-31_lennon_p
 - status: ASSERTED
[Diagnostic] Claim ID: 42b712bd-a58c-46bc-80d5-a2d6eaae52e7
 - collectionId: DIRECTORS
 - instanceId: ch_2014-08-12_malyon_h
 - status: ASSERTED
[Diagnostic] Claim ID: f690f2bd-8ee5-465b-a442-ca808c87f6b2
 - collectionId: DIRECTORS
 - instanceId: ch_2014-08-12_murray_d
 - status: ASSERTED
[Diagnostic] Claim ID: 92c746e8-e0c0-4440-9df1-fbf7fd03630d
 - collectionId: DIRECTORS
 - instanceId: ch_2019-05-21_stephens_a
 - status: ASSERTED
[Diagnostic] Claim ID: db45d54c-7232-4d29-b6d8-ec995f0f34b8
 - collectionId: DIRECTORS
 - instanceId: ch_2026-02-16_abraham_a
 - status: ASSERTED
[Diagnostic] Claim ID: d8fdc8a4-9495-41e9-b84d-f34afc71e702
 - collectionId: DIRECTORS
 - instanceId: ch_2026-02-16_patel_i
 - status: ASSERTED
[Diagnostic] Claim ID: 35a964cf-7438-4fd7-bf91-04c3eee97a4d
 - collectionId: DIRECTORS
 - instanceId: ch_2014-08-12_murray_d
 - status: ASSERTED
[Diagnostic] Claim ID: d29c5fc7-fb32-4ce1-a4ed-a4a98e02ac43
 - collectionId: DIRECTORS
 - instanceId: ch_2014-08-12_ibbotson_c
 - status: ASSERTED
[Diagnostic] Claim ID: d9abb338-bd7e-4437-81f8-fda080749d74
 - collectionId: DIRECTORS
 - instanceId: ch_2015-03-31_lennon_p
 - status: ASSERTED
[Diagnostic] Claim ID: c977d99c-33b8-4fb8-8ebc-1bdb7a4b0aca
 - collectionId: DIRECTORS
 - instanceId: ch_2014-08-12_malyon_h
 - status: ASSERTED
[Diagnostic] Claim ID: ceb5cc40-0030-4aa0-94e4-aa86fc6074d1
 - collectionId: DIRECTORS
 - instanceId: ch_2014-08-12_murray_d
 - status: ASSERTED
[Diagnostic] Claim ID: 5e85af48-84f0-4c26-875c-d9638cded62a
 - collectionId: DIRECTORS
 - instanceId: ch_2019-05-21_stephens_a
 - status: ASSERTED
[Diagnostic] Claim ID: e9077e6d-cf79-4756-af8a-20cff9a0a4a6
 - collectionId: DIRECTORS
 - instanceId: ch_2026-02-16_abraham_a
 - status: ASSERTED
[Diagnostic] Claim ID: d3893bde-6c82-4216-85c3-7dd7c079abd6
 - collectionId: DIRECTORS
 - instanceId: ch_2026-02-16_patel_i
 - status: ASSERTED
[Diagnostic] Claim ID: 336ec2e1-818a-4327-af77-9e3e3a61216f
 - collectionId: DIRECTORS
 - instanceId: ch_2014-08-12_murray_d
 - status: ASSERTED
[Diagnostic] Claim ID: ce189a53-bc94-4091-827d-4fe20aa8c4fa
 - collectionId: DIRECTORS
 - instanceId: ch_2014-08-12_ibbotson_c
 - status: ASSERTED
[Diagnostic] Claim ID: 06155f82-0ff4-472b-a9b0-c7f5037b0500
 - collectionId: DIRECTORS
 - instanceId: ch_2015-03-31_lennon_p
 - status: ASSERTED
[Diagnostic] Claim ID: f85d53a2-e43a-4163-8d25-41e36b01c06f
 - collectionId: DIRECTORS
 - instanceId: ch_2014-08-12_malyon_h
 - status: ASSERTED
[Diagnostic] Claim ID: 867deb18-7349-470e-b75e-aa2ab4557a5e
 - collectionId: DIRECTORS
 - instanceId: ch_2014-08-12_murray_d
 - status: ASSERTED
[Diagnostic] Claim ID: 3d4324c1-40a4-4010-8981-9a845e5d7f16
 - collectionId: DIRECTORS
 - instanceId: ch_2019-05-21_stephens_a
 - status: ASSERTED
[Diagnostic] Claim ID: 368e1479-b413-4235-ba63-6b476449e47a
 - collectionId: DIRECTORS
 - instanceId: ch_2026-02-16_abraham_a
 - status: ASSERTED
[Diagnostic] Claim ID: 3695f454-6ed4-4282-a73e-599d1609f0cf
 - collectionId: DIRECTORS
 - instanceId: ch_2026-02-16_patel_i
 - status: ASSERTED
[Diagnostic] Claim ID: be93e719-030f-4994-b5d1-1d12d0421fc3
 - collectionId: DIRECTORS
 - instanceId: ch_2014-08-12_murray_d
 - status: ASSERTED
[Diagnostic] Claim ID: b4fee2c5-7d8e-42a1-8d55-0205dae2f264
 - collectionId: DIRECTORS
 - instanceId: ch_2014-08-12_ibbotson_c
 - status: ASSERTED
[Diagnostic] Claim ID: 8162dfa4-3e7a-465c-83b4-cec912b2bfd9
 - collectionId: DIRECTORS
 - instanceId: ch_2015-03-31_lennon_p
 - status: ASSERTED
[Diagnostic] Claim ID: d4f53491-ad1b-448d-b32d-b8bd8c7f1dcd
 - collectionId: DIRECTORS
 - instanceId: ch_2014-08-12_malyon_h
 - status: ASSERTED
[Diagnostic] Claim ID: da559a01-bd58-4aa2-b4d9-8870ec20a9ba
 - collectionId: DIRECTORS
 - instanceId: ch_2014-08-12_murray_d
 - status: ASSERTED
[Diagnostic] Claim ID: 9dc6f2ef-c5c4-4673-92b7-2774cc555b90
 - collectionId: DIRECTORS
 - instanceId: ch_2019-05-21_stephens_a
 - status: ASSERTED
[Diagnostic] Claim ID: 87d11de5-4224-4acf-86b2-12a1fb5cad90
 - collectionId: DIRECTORS
 - instanceId: ch_2024-02-01_ldcnomineesecretarylimited__
 - status: ASSERTED
[Diagnostic] Claim ID: 25ffb652-cee1-4aab-8105-98aa64875ec5
 - collectionId: DIRECTORS
 - instanceId: ch_2017-06-19_hughes_d
 - status: ASSERTED
[Diagnostic] Claim ID: 2535c0dc-abd4-4d2e-9996-fa8026c2e7b7
 - collectionId: DIRECTORS
 - instanceId: ch_2017-06-19_brown_g
 - status: ASSERTED
[Diagnostic] Claim ID: 4646bf89-d06d-4499-be85-2eedae24f1d3
 - collectionId: DIRECTORS
 - instanceId: ch_2017-06-19_hughes_d
 - status: ASSERTED
[Diagnostic] Claim ID: 55f17ca3-3220-4cab-bc5e-7a127af368bd
 - collectionId: DIRECTORS
 - instanceId: ch_2014-02-01_cowley_s
 - status: ASSERTED
[Diagnostic] Claim ID: 2c88a6d6-7273-49e5-980b-46b398341ebd
 - collectionId: DIRECTORS
 - instanceId: ch_1997-06-18_cowley_s
 - status: ASSERTED
[Diagnostic] Claim ID: 42b6d1f9-3862-4ab5-a29a-8b8428498adb
 - collectionId: DIRECTORS
 - instanceId: ch_2011-10-01_dunne_m
 - status: ASSERTED
[Diagnostic] Claim ID: c69486fa-73aa-461a-9e83-945e6e07e76b
 - collectionId: DIRECTORS
 - instanceId: ch_1997-06-18_cowley_s
 - status: ASSERTED
[Diagnostic] Claim ID: 61ac98bd-02e6-43ef-998f-3a1ece5b0db9
 - collectionId: DIRECTORS
 - instanceId: ch_2017-06-19_crump_m
 - status: ASSERTED
[Diagnostic] Claim ID: d355bbf4-d00b-4632-a6f1-362e487450ee
 - collectionId: DIRECTORS
 - instanceId: ch_2006-09-16_duffy_m
 - status: ASSERTED
[Diagnostic] Claim ID: 6625e827-9e4a-45ce-8489-c224dc290bad
 - collectionId: DIRECTORS
 - instanceId: ch_1997-11-18_lamont_d
 - status: ASSERTED
[Diagnostic] Claim ID: 828c1585-1eef-46ef-bba5-03ed43dc4a02
 - collectionId: DIRECTORS
 - instanceId: ch_1997-06-18_langford_g
 - status: ASSERTED
[Diagnostic] Claim ID: c5ec1ca0-8cf0-4362-b4c2-a039da4bee65
 - collectionId: DIRECTORS
 - instanceId: ch_2015-11-10_mccabe_o
 - status: ASSERTED
[Diagnostic] Claim ID: 54af9d3a-c62f-42d4-ab4c-80660a0261fa
 - collectionId: DIRECTORS
 - instanceId: ch_1997-11-18_mcfadden_b
 - status: ASSERTED
[Diagnostic] Claim ID: b3e5124e-d9af-4f4b-8d04-dcc5d0fd676d
 - collectionId: DIRECTORS
 - instanceId: ch_1998-04-27_rooke_j
 - status: ASSERTED
[Diagnostic] Claim ID: 6d3e7ab2-2593-4a9b-aaa8-54410011e627
 - collectionId: DIRECTORS
 - instanceId: ch_2021-02-26_walters_g
 - status: ASSERTED
[Diagnostic] Claim ID: 908248d8-69b4-42f6-8bfa-147df39efeb1
 - collectionId: DIRECTORS
 - instanceId: ch_2017-06-19_hughes_d
 - status: ASSERTED
[Diagnostic] Claim ID: bc67aef5-a2aa-4e6c-92a3-8fadf8dfffcd
 - collectionId: DIRECTORS
 - instanceId: ch_2017-06-19_brown_g
 - status: ASSERTED
[Diagnostic] Claim ID: cc05695b-6e7b-441a-926e-593013062ccd
 - collectionId: DIRECTORS
 - instanceId: ch_2017-06-19_hughes_d
 - status: ASSERTED
[Diagnostic] Claim ID: f63e22c6-c437-4d1d-95df-fa853172d568
 - collectionId: DIRECTORS
 - instanceId: ch_2014-02-01_cowley_s
 - status: ASSERTED
[Diagnostic] Claim ID: 2625a418-3e20-47d8-b082-e4aba89900ad
 - collectionId: DIRECTORS
 - instanceId: ch_1997-06-18_cowley_s
 - status: ASSERTED
[Diagnostic] Claim ID: 48953654-5c8d-452c-9285-0c3b9d106d2f
 - collectionId: DIRECTORS
 - instanceId: ch_2011-10-01_dunne_m
 - status: ASSERTED
[Diagnostic] Claim ID: 87337888-4243-4bd7-ba55-ea6cd19c6493
 - collectionId: DIRECTORS
 - instanceId: ch_1997-06-18_cowley_s
 - status: ASSERTED
[Diagnostic] Claim ID: 283af841-2d52-4205-bbe4-8942aca5276d
 - collectionId: DIRECTORS
 - instanceId: ch_2017-06-19_crump_m
 - status: ASSERTED
[Diagnostic] Claim ID: 835ca54e-64aa-4c0a-92de-c4ac7e0f7cda
 - collectionId: DIRECTORS
 - instanceId: ch_2006-09-16_duffy_m
 - status: ASSERTED
[Diagnostic] Claim ID: 4f6b2b2d-3cf9-43a1-90d7-2a0b4df32c41
 - collectionId: DIRECTORS
 - instanceId: ch_1997-11-18_lamont_d
 - status: ASSERTED
[Diagnostic] Claim ID: 11550fcb-5f6e-40c1-a101-207e96747127
 - collectionId: DIRECTORS
 - instanceId: ch_1997-06-18_langford_g
 - status: ASSERTED
[Diagnostic] Claim ID: f67e4d8d-2b9e-4ae8-b86a-022efe3cde21
 - collectionId: DIRECTORS
 - instanceId: ch_2015-11-10_mccabe_o
 - status: ASSERTED
[Diagnostic] Claim ID: bc10df9a-d5ad-43c1-a6cf-b0378d7a195e
 - collectionId: DIRECTORS
 - instanceId: ch_1997-11-18_mcfadden_b
 - status: ASSERTED
[Diagnostic] Claim ID: 7f056f0d-adcf-475c-aac3-15bd832dbf8f
 - collectionId: DIRECTORS
 - instanceId: ch_1998-04-27_rooke_j
 - status: ASSERTED
[Diagnostic] Claim ID: 5d64dc42-351e-4072-a74b-a6f69e0c7026
 - collectionId: DIRECTORS
 - instanceId: ch_2021-02-26_walters_g
 - status: ASSERTED
[Diagnostic] Claim ID: bece8eb7-5b6e-4930-8e9a-156b9847b880
 - collectionId: DIRECTORS
 - instanceId: ch_1997-06-05_londonlawserviceslimited__
 - status: ASSERTED
[Diagnostic] Claim ID: a4fe408d-92d7-46e4-88bd-30836b9d4c2c
 - collectionId: DIRECTORS
 - instanceId: ch_1997-06-05_londonlawserviceslimited__
 - status: ASSERTED
[Diagnostic] Claim ID: 84dfa030-8838-4ff2-b370-5c71d83af113
 - collectionId: DIRECTORS
 - instanceId: ch_1997-06-05_londonlawsecretariallimited__
 - status: ASSERTED
[Diagnostic] Claim ID: 733820c7-cee8-4bc5-9689-1e56a5fe3904
 - collectionId: DIRECTORS
 - instanceId: ch_1997-06-05_londonlawsecretariallimited__
 - status: ASSERTED
[Diagnostic] Claim ID: 9f22c72f-2ad3-4ad3-b975-0c59cfe25083
 - collectionId: DIRECTORS
 - instanceId: ch_2020-12-31_abrdncorporatesecretarylimited__
 - status: ASSERTED
[Diagnostic] Claim ID: 2ab2b8f2-ff6f-457c-b6b4-fe1d37223aff
 - collectionId: DIRECTORS
 - instanceId: ch_2005-06-30_dwcompanyserviceslimited__
 - status: ASSERTED
[Diagnostic] Claim ID: 83800914-01df-42a4-a9c6-d0670ed0068c
 - collectionId: DIRECTORS
 - instanceId: ch_2005-06-30_dwcompanyserviceslimited__
 - status: ASSERTED
[Diagnostic] Claim ID: 4ff01289-f283-4ab5-b9e1-c45fee72039b
 - collectionId: DIRECTORS
 - instanceId: ch_2005-06-30_dwcompanyserviceslimited__
 - status: ASSERTED
[Diagnostic] Claim ID: 70359ca1-ce4b-4ecf-ac92-86b0919be506
 - collectionId: DIRECTORS
 - instanceId: ch_2005-06-30_dwcompanyserviceslimited__
 - status: ASSERTED
[Diagnostic] Claim ID: c116779e-54f9-481a-bd5a-a6caa613e1c6
 - collectionId: DIRECTORS
 - instanceId: ch_2005-06-30_dwcompanyserviceslimited__
 - status: ASSERTED
[Diagnostic] Claim ID: 19a8f941-7360-4875-85af-777840729f57
 - collectionId: DIRECTORS
 - instanceId: ch_2005-06-30_dwcompanyserviceslimited__
 - status: ASSERTED
[Diagnostic] Claim ID: ac8eea60-8a8a-4af8-b083-34752314fad3
 - collectionId: DIRECTORS
 - instanceId: ch_2005-06-30_dwcompanyserviceslimited__
 - status: ASSERTED
[Diagnostic] Claim ID: c3db2511-f04d-4c43-8c90-f59181524d95
 - collectionId: DIRECTORS
 - instanceId: ch_2005-06-30_dwcompanyserviceslimited__
 - status: ASSERTED
[Diagnostic] Claim ID: a877b04a-70e7-4d36-bcb2-d73ea553926f
 - collectionId: DIRECTORS
 - instanceId: ch_2005-06-30_dwcompanyserviceslimited__
 - status: ASSERTED
[Diagnostic] Claim ID: c7577c59-62cc-4d75-bdff-7c199baff9d7
 - collectionId: DIRECTORS
 - instanceId: ch_2023-05-29_duff_a
 - status: ASSERTED
[Diagnostic] Claim ID: cc166370-66d6-47aa-8d53-5ce67cb3827f
 - collectionId: DIRECTORS
 - instanceId: ch_2023-05-29_duff_a
 - status: ASSERTED
[Diagnostic] Claim ID: 371e5498-47c5-44a8-9043-6df36ec768e9
 - collectionId: DIRECTORS
 - instanceId: ch_2023-05-29_duff_a
 - status: ASSERTED
[Diagnostic] Claim ID: 95426f2e-2f29-4a89-b36b-b1f5dbd7228a
 - collectionId: DIRECTORS
 - instanceId: ch_2023-05-29_duff_a
 - status: ASSERTED
[Diagnostic] Claim ID: 3d3495a2-1a25-463a-b3f4-175ba73a45c3
 - collectionId: DIRECTORS
 - instanceId: ch_2023-05-29_duff_a
 - status: ASSERTED
[Diagnostic] Claim ID: 341f8f96-ce03-474e-a22d-1d89f29740aa
 - collectionId: DIRECTORS
 - instanceId: ch_2023-05-29_duff_a
 - status: ASSERTED
[Diagnostic] Claim ID: c1c61aeb-b516-48e0-b610-494bb8a966d0
 - collectionId: DIRECTORS
 - instanceId: ch_2023-05-29_duff_a
 - status: ASSERTED
[Diagnostic] Claim ID: b2b695a2-4b92-4759-a7a4-daa074414a59
 - collectionId: DIRECTORS
 - instanceId: ch_2023-05-29_duff_a
 - status: ASSERTED
[Diagnostic] Claim ID: 180ad0c9-b6bc-4239-bdca-9068bc08fa26
 - collectionId: DIRECTORS
 - instanceId: ch_2023-05-29_duff_a
 - status: ASSERTED
[Diagnostic] Claim ID: e1816884-5b58-40f1-b972-a68a01b2e162
 - collectionId: DIRECTORS
 - instanceId: ch_2023-05-29_duff_a
 - status: ASSERTED
[Diagnostic] Claim ID: ef97176d-a4a5-40dc-9af8-3bc624934cb7
 - collectionId: DIRECTORS
 - instanceId: ch_2023-05-29_duff_a
 - status: ASSERTED
[Diagnostic] Claim ID: c07136d6-e785-43ec-9d5d-ee342ba56250
 - collectionId: DIRECTORS
 - instanceId: ch_2023-05-29_duff_a
 - status: ASSERTED
[Diagnostic] Claim ID: 44a8658d-d90b-4bac-bd7a-c5c35d107956
 - collectionId: DIRECTORS
 - instanceId: ch_2023-05-29_duff_a
 - status: ASSERTED
[Diagnostic] Claim ID: c929c6c5-7ae8-4667-8087-0a17aedd55ac
 - collectionId: DIRECTORS
 - instanceId: ch_2023-05-29_duff_a
 - status: ASSERTED
[Diagnostic] Claim ID: fe619fd2-c0c5-4eba-b6de-d001dfb74b45
 - collectionId: DIRECTORS
 - instanceId: ch_2023-05-29_duff_a
 - status: ASSERTED
[Diagnostic] Claim ID: 9a96905d-64a5-4be7-b5fb-fef7cc279dae
 - collectionId: DIRECTORS
 - instanceId: ch_2018-12-21_incegdcorporateserviceslimited__
 - status: ASSERTED
[Diagnostic] Claim ID: c8fdeff6-40b1-44ec-8a11-0d76eba07e58
 - collectionId: DIRECTORS
 - instanceId: ch_2018-12-21_incegdcorporateserviceslimited__
 - status: ASSERTED
[Diagnostic] Claim ID: c8a9e2ad-af41-4917-ae58-2acb0a0dbbf0
 - collectionId: DIRECTORS
 - instanceId: ch_2018-12-21_incegdcorporateserviceslimited__
 - status: ASSERTED
[Diagnostic] Claim ID: 6fb9efbd-1147-4d1f-9f50-116f3c27b981
 - collectionId: DIRECTORS
 - instanceId: ch_2018-12-21_incegdcorporateserviceslimited__
 - status: ASSERTED
[Diagnostic] Claim ID: 4af878e2-83ce-40eb-b3cc-cce2cbf028cf
 - collectionId: DIRECTORS
 - instanceId: ch_2018-12-21_incegdcorporateserviceslimited__
 - status: ASSERTED
[Diagnostic] Claim ID: 2ae79b42-10fc-4004-9351-54d6dceac1b5
 - collectionId: DIRECTORS
 - instanceId: ch_2018-12-21_incegdcorporateserviceslimited__
 - status: ASSERTED
[Diagnostic] Claim ID: 0fd38c4e-6b55-4a1b-b05f-88682cfe6fd5
 - collectionId: DIRECTORS
 - instanceId: ch_2018-12-21_incegdcorporateserviceslimited__
 - status: ASSERTED
[Diagnostic] Claim ID: 76b940f3-f4f9-46d7-886e-b76c67b3fb23
 - collectionId: DIRECTORS
 - instanceId: ch_2018-12-21_incegdcorporateserviceslimited__
 - status: ASSERTED
[Diagnostic] Claim ID: befa1158-004a-4613-9ddf-428d82fb7151
 - collectionId: DIRECTORS
 - instanceId: ch_2018-12-21_incegdcorporateserviceslimited__
 - status: ASSERTED
[Diagnostic] Claim ID: fba6eff4-7834-49d7-88bf-15ec6f0788e6
 - collectionId: DIRECTORS
 - instanceId: ch_2018-12-21_incegdcorporateserviceslimited__
 - status: ASSERTED
[Diagnostic] Claim ID: 36419bcd-b412-4b23-ba91-1538dbee56df
 - collectionId: DIRECTORS
 - instanceId: ch_2018-12-21_incegdcorporateserviceslimited__
 - status: ASSERTED
[Diagnostic] Claim ID: e1469c0c-88e7-442c-9bf5-8ae7e985b07d
 - collectionId: DIRECTORS
 - instanceId: ch_2018-12-21_incegdcorporateserviceslimited__
 - status: ASSERTED
[Diagnostic] Claim ID: 47328445-782e-40e2-a007-35a197f42090
 - collectionId: DIRECTORS
 - instanceId: ch_2018-12-21_incegdcorporateserviceslimited__
 - status: ASSERTED
[Diagnostic] Claim ID: c68f0a16-469a-4bb4-9a5a-52b95240fe5b
 - collectionId: DIRECTORS
 - instanceId: poc_2022-10-26_duffy_j
 - status: ASSERTED
[Diagnostic] Claim ID: d3a1b4df-1e2a-49f7-8cde-5ba94b34c84a
 - collectionId: DIRECTORS
 - instanceId: poc_2022-10-26_hacon_g
 - status: ASSERTED
[Diagnostic] Claim ID: 5a6e5b7b-ca0f-4286-8c39-5f98d05f960c
 - collectionId: DIRECTORS
 - instanceId: poc_2025-11-25_lopezcarvajal_j
 - status: ASSERTED
[Diagnostic] Claim ID: 4507ab5a-1bf3-4e04-841b-9b0d9882fc53
 - collectionId: DIRECTORS
 - instanceId: ch_2022-09-20_maclennan_s
 - status: ASSERTED
[Diagnostic] Claim ID: a12178f7-d76e-4574-989a-589901a81d62
 - collectionId: DIRECTORS
 - instanceId: ch_2022-09-20_maclennan_s
 - status: ASSERTED
[Diagnostic] Claim ID: c6343c8b-2d5e-4105-befc-b577cf6de498
 - collectionId: DIRECTORS
 - instanceId: ch_2023-06-14_staples_h
 - status: ASSERTED
[Diagnostic] Claim ID: 3c5f8360-473f-4dc0-8f31-11bcdeeaff9f
 - collectionId: DIRECTORS
 - instanceId: ch_2010-08-01_burns_d
 - status: ASSERTED
[Diagnostic] Claim ID: 7a06b8fd-50c0-414f-ae6d-a6741e2dec66
 - collectionId: DIRECTORS
 - instanceId: ch_2001-02-13_houston_t
 - status: ASSERTED
[Diagnostic] Claim ID: cdf90ae0-62c0-4ae0-b87f-d7b0c300feb3
 - collectionId: DIRECTORS
 - instanceId: ch_2016-05-10_kidd_h
 - status: ASSERTED
[Diagnostic] Claim ID: 319b46a8-9313-44f4-ab09-ea19a539b704
 - collectionId: DIRECTORS
 - instanceId: ch_2003-10-16_obrien_v
 - status: ASSERTED
[Diagnostic] Claim ID: 9b7934c8-be23-4521-97c9-02fa934d45e6
 - collectionId: DIRECTORS
 - instanceId: ch_2001-08-30_stubbs_p
 - status: ASSERTED
[Diagnostic] Claim ID: ebf0ec34-a88b-48ed-a47e-8d8300602695
 - collectionId: DIRECTORS
 - instanceId: ch_2013-05-01_boyce_j
 - status: ASSERTED
[Diagnostic] Claim ID: c9a529d9-177d-44e2-841a-1d401d6315cb
 - collectionId: DIRECTORS
 - instanceId: ch_2011-11-03_clark_c
 - status: ASSERTED
[Diagnostic] Claim ID: 7acecee4-6e92-411f-b9cb-3681e45cccf6
 - collectionId: DIRECTORS
 - instanceId: ch_2001-08-30_crombie_a
 - status: ASSERTED
[Diagnostic] Claim ID: 575b8f06-0c77-4bbc-88ca-c4ab5867fa9e
 - collectionId: DIRECTORS
 - instanceId: ch_2017-10-19_demetriou_c
 - status: ASSERTED
[Diagnostic] Claim ID: 11451f7d-91f9-40f5-868a-58adc961fe8b
 - collectionId: DIRECTORS
 - instanceId: ch_2001-12-05_english_m
 - status: ASSERTED
[Diagnostic] Claim ID: c3149ea7-f053-4780-94a7-726c595d2e16
 - collectionId: DIRECTORS
 - instanceId: ch_2017-10-19_hendry_b
 - status: ASSERTED
[Diagnostic] Claim ID: a4073954-a6ef-4b9b-92b9-ea71d06461cf
 - collectionId: DIRECTORS
 - instanceId: ch_2001-08-30_hill_p
 - status: ASSERTED
[Diagnostic] Claim ID: 7b1e08c1-afeb-4845-a430-9ce27edfe9ff
 - collectionId: DIRECTORS
 - instanceId: ch_2001-02-13_houston_t
 - status: ASSERTED
[Diagnostic] Claim ID: 58c61b6e-1ce1-4c97-80ca-71d18f0dda91
 - collectionId: DIRECTORS
 - instanceId: ch_2016-05-10_lochen_e
 - status: ASSERTED
[Diagnostic] Claim ID: 5d812c11-0a47-4c68-ba9a-6fd8a6894d73
 - collectionId: DIRECTORS
 - instanceId: ch_2001-02-13_lynn_j
 - status: ASSERTED
[Diagnostic] Claim ID: e0d38f5f-3bd9-4089-ad31-d6a17844467f
 - collectionId: DIRECTORS
 - instanceId: ch_2018-02-06_morris_j
 - status: ASSERTED
[Diagnostic] Claim ID: b6c8fd14-608b-4f50-a0ce-75c6b405b6f2
 - collectionId: DIRECTORS
 - instanceId: ch_2005-10-10_morris_j
 - status: ASSERTED
[Diagnostic] Claim ID: 24af7090-c16f-466b-988b-ea274b0839a1
 - collectionId: DIRECTORS
 - instanceId: ch_2004-05-14_pasquill_p
 - status: ASSERTED
[Diagnostic] Claim ID: cb669ca0-4db5-406d-a082-30798cb85c03
 - collectionId: DIRECTORS
 - instanceId: ch_2005-10-10_perry_w
 - status: ASSERTED
[Diagnostic] Claim ID: 9df648a7-0485-4f43-a400-39ac50082dba
 - collectionId: DIRECTORS
 - instanceId: ch_2001-08-30_phillips_l
 - status: ASSERTED
[Diagnostic] Claim ID: 92177bb7-aa71-4bad-8e56-46a5a7f744d0
 - collectionId: DIRECTORS
 - instanceId: ch_2001-08-30_raschkowan_n
 - status: ASSERTED
[Diagnostic] Claim ID: b669105b-c7e2-471c-87f0-d61bd31d83f3
 - collectionId: DIRECTORS
 - instanceId: ch_2006-01-18_renaud_r
 - status: ASSERTED
[Diagnostic] Claim ID: 1727e279-3061-46bd-9147-339d0e170dd6
 - collectionId: DIRECTORS
 - instanceId: ch_2001-08-30_skeoch_n
 - status: ASSERTED
[Diagnostic] Claim ID: 11d9c7d5-051e-422e-9cbe-18fac966efc1
 - collectionId: DIRECTORS
 - instanceId: ch_2005-10-10_spatz_e
 - status: ASSERTED
[Diagnostic] Claim ID: d784772c-cd21-44cd-8355-2cfc63fba7c0
 - collectionId: DIRECTORS
 - instanceId: ch_2016-05-10_weeple_s
 - status: ASSERTED
[Diagnostic] Claim ID: 41f2457c-4094-410e-9db7-2a1b4cdc8731
 - collectionId: DIRECTORS
 - instanceId: ch_2006-05-25_weeple_s
 - status: ASSERTED
[Diagnostic] Claim ID: 87259de1-a304-4243-8a55-0db5649e09f1
 - collectionId: DIRECTORS
 - instanceId: ch_2023-06-14_staples_h
 - status: ASSERTED
[Diagnostic] Claim ID: cf6be8fa-47fa-4c66-8992-8c3b9c9f4943
 - collectionId: DIRECTORS
 - instanceId: ch_2010-08-01_burns_d
 - status: ASSERTED
[Diagnostic] Claim ID: 6fb54283-f8f2-46b4-a2cb-a79c55a3a0fd
 - collectionId: DIRECTORS
 - instanceId: ch_2001-02-13_houston_t
 - status: ASSERTED
[Diagnostic] Claim ID: 7d123712-a366-4080-bba7-f79fa42323f3
 - collectionId: DIRECTORS
 - instanceId: ch_2016-05-10_kidd_h
 - status: ASSERTED
[Diagnostic] Claim ID: b1171912-ea5e-40f0-8ad8-eec19b9bf68c
 - collectionId: DIRECTORS
 - instanceId: ch_2003-10-16_obrien_v
 - status: ASSERTED
[Diagnostic] Claim ID: 277ac488-2e1f-468a-8e9d-576d1afdbb1e
 - collectionId: DIRECTORS
 - instanceId: ch_2001-08-30_stubbs_p
 - status: ASSERTED
[Diagnostic] Claim ID: d8a4a03e-99c8-4c7a-adf5-301005e737ed
 - collectionId: DIRECTORS
 - instanceId: ch_2013-05-01_boyce_j
 - status: ASSERTED
[Diagnostic] Claim ID: 16098aa4-b297-489a-9d74-1fc3cbcff50d
 - collectionId: DIRECTORS
 - instanceId: ch_2011-11-03_clark_c
 - status: ASSERTED
[Diagnostic] Claim ID: ebf2ad62-23fb-4477-a8e9-2de34ead9bc3
 - collectionId: DIRECTORS
 - instanceId: ch_2001-08-30_crombie_a
 - status: ASSERTED
[Diagnostic] Claim ID: 20e4e7f1-1913-4e60-ab05-784939812421
 - collectionId: DIRECTORS
 - instanceId: ch_2017-10-19_demetriou_c
 - status: ASSERTED
[Diagnostic] Claim ID: dc9f0ffa-3c37-4c38-9fc8-7c23b5e6691a
 - collectionId: DIRECTORS
 - instanceId: ch_2001-12-05_english_m
 - status: ASSERTED
[Diagnostic] Claim ID: 766bf9b0-d278-47c1-b386-3e489d99f622
 - collectionId: DIRECTORS
 - instanceId: ch_2017-10-19_hendry_b
 - status: ASSERTED
[Diagnostic] Claim ID: 4e3350a8-4513-4147-86e5-05831405e54d
 - collectionId: DIRECTORS
 - instanceId: ch_2001-08-30_hill_p
 - status: ASSERTED
[Diagnostic] Claim ID: 7e10f451-7e2e-4ef0-be5c-4f620f0122c9
 - collectionId: DIRECTORS
 - instanceId: ch_2001-02-13_houston_t
 - status: ASSERTED
[Diagnostic] Claim ID: 552e6ebf-735b-4eba-b23b-ee7a590eb051
 - collectionId: DIRECTORS
 - instanceId: ch_2016-05-10_lochen_e
 - status: ASSERTED
[Diagnostic] Claim ID: 75920d0f-30e0-45a8-a479-06009e2528f7
 - collectionId: DIRECTORS
 - instanceId: ch_2001-02-13_lynn_j
 - status: ASSERTED
[Diagnostic] Claim ID: d2a0d1ed-9258-49dc-b971-7e62f16dac43
 - collectionId: DIRECTORS
 - instanceId: ch_2018-02-06_morris_j
 - status: ASSERTED
[Diagnostic] Claim ID: 91951d30-7eca-429d-83d5-080f849bc0c2
 - collectionId: DIRECTORS
 - instanceId: ch_2005-10-10_morris_j
 - status: ASSERTED
[Diagnostic] Claim ID: 2f5fbbca-206c-4fb5-bdf1-e8b2f535bfa0
 - collectionId: DIRECTORS
 - instanceId: ch_2004-05-14_pasquill_p
 - status: ASSERTED
[Diagnostic] Claim ID: e0d2dafa-c773-479b-b792-e3c69eef1cb1
 - collectionId: DIRECTORS
 - instanceId: ch_2005-10-10_perry_w
 - status: ASSERTED
[Diagnostic] Claim ID: 9e4537bc-18f5-448b-9ead-5d760f2c0ddc
 - collectionId: DIRECTORS
 - instanceId: ch_2001-08-30_phillips_l
 - status: ASSERTED
[Diagnostic] Claim ID: b849894c-cc40-4e60-bce8-d110ad186c7c
 - collectionId: DIRECTORS
 - instanceId: ch_2001-08-30_raschkowan_n
 - status: ASSERTED
[Diagnostic] Claim ID: 22c281a3-73d9-4447-bda5-986aa85cdf9b
 - collectionId: DIRECTORS
 - instanceId: ch_2006-01-18_renaud_r
 - status: ASSERTED
[Diagnostic] Claim ID: eeb27638-f9d6-40c0-a84a-e49f5bf92be3
 - collectionId: DIRECTORS
 - instanceId: ch_2001-08-30_skeoch_n
 - status: ASSERTED
[Diagnostic] Claim ID: 220bc4ec-2adf-43ba-a67c-050b1eedd1e1
 - collectionId: DIRECTORS
 - instanceId: ch_2005-10-10_spatz_e
 - status: ASSERTED
[Diagnostic] Claim ID: 3385d286-3216-403f-84a4-66c9323448b2
 - collectionId: DIRECTORS
 - instanceId: ch_2016-05-10_weeple_s
 - status: ASSERTED
[Diagnostic] Claim ID: fc9cfeed-b37e-42ac-959d-392b63cd605c
 - collectionId: DIRECTORS
 - instanceId: ch_2006-05-25_weeple_s
 - status: ASSERTED
[Diagnostic] Claim ID: ec92b4cb-9866-4686-91c8-cdf402009d4a
 - collectionId: DIRECTORS
 - instanceId: ch_2020-12-31_abrdncorporatesecretarylimited__
 - status: ASSERTED
[Diagnostic] Claim ID: ccc59799-20f3-415d-8574-f6760ddefe2d
 - collectionId: DIRECTORS
 - instanceId: ch_2020-12-31_abrdncorporatesecretarylimited__
 - status: ASSERTED
[Diagnostic] Claim ID: 8d45a81a-7afc-4754-9fd0-3e36feffbc0b
 - collectionId: DIRECTORS
 - instanceId: ch_2023-07-10_incecocorporateserviceslimited__
 - status: ASSERTED
[Diagnostic] Claim ID: ed0b30bf-1a2c-4734-834a-df92292e2c53
 - collectionId: DIRECTORS
 - instanceId: ch_2023-07-10_incecocorporateserviceslimited__
 - status: ASSERTED
[Diagnostic] Claim ID: 02ef2dd2-e052-4cab-887f-ab3460c88899
 - collectionId: DIRECTORS
 - instanceId: ch_2023-07-10_incecocorporateserviceslimited__
 - status: ASSERTED
[Diagnostic] Claim ID: 8e5698dd-c85d-49ca-8dbd-b9821946feb2
 - collectionId: DIRECTORS
 - instanceId: ch_2023-07-10_incecocorporateserviceslimited__
 - status: ASSERTED
[Diagnostic] Claim ID: cb3c401a-e075-43f9-9272-c2786563de19
 - collectionId: DIRECTORS
 - instanceId: ch_2023-07-10_incecocorporateserviceslimited__
 - status: ASSERTED
[Diagnostic] Claim ID: e450b823-a934-4cef-b667-7fb9a190cae2
 - collectionId: DIRECTORS
 - instanceId: ch_2023-07-10_incecocorporateserviceslimited__
 - status: ASSERTED
[Diagnostic] Claim ID: e005d816-583d-4f70-be3f-a2551e53d261
 - collectionId: DIRECTORS
 - instanceId: ch_2023-07-10_incecocorporateserviceslimited__
 - status: ASSERTED
[Diagnostic] Claim ID: c40b7e63-8afc-4462-b6a0-a584aa549eb0
 - collectionId: DIRECTORS
 - instanceId: ch_2023-07-10_incecocorporateserviceslimited__
 - status: ASSERTED
[Diagnostic] Claim ID: 0a5c5606-efcd-47a3-b11c-4fe0aebedc7a
 - collectionId: DIRECTORS
 - instanceId: ch_2023-07-10_incecocorporateserviceslimited__
 - status: ASSERTED
[Diagnostic] Claim ID: 48a6deba-02e6-4191-b8ac-ffaf4b3b6013
 - collectionId: DIRECTORS
 - instanceId: ch_2023-07-10_incecocorporateserviceslimited__
 - status: ASSERTED
[Diagnostic] Claim ID: 7e6f7cb4-fd37-4d43-b10a-3011bce4a923
 - collectionId: DIRECTORS
 - instanceId: ch_2023-07-10_incecocorporateserviceslimited__
 - status: ASSERTED
[Diagnostic] Claim ID: 13947ee0-a2d6-43b0-bdf4-6f6793ccd96a
 - collectionId: DIRECTORS
 - instanceId: ch_2023-07-10_incecocorporateserviceslimited__
 - status: ASSERTED
[Diagnostic] Claim ID: f10fde91-e294-4703-b10d-3e840f380f0f
 - collectionId: DIRECTORS
 - instanceId: ch_2023-07-10_incecocorporateserviceslimited__
 - status: ASSERTED
[Diagnostic] Claim ID: 8984fe21-b373-4d87-bb98-2a959f520ab6
 - collectionId: DIRECTORS
 - instanceId: ch_2025-09-01_beach_j
 - status: ASSERTED
[Diagnostic] Claim ID: 0a9a7a24-3e0d-4e90-a3f6-69d55cbd856e
 - collectionId: DIRECTORS
 - instanceId: ch_2025-09-01_ramirez_e
 - status: ASSERTED
[Diagnostic] Claim ID: e300f2cb-d066-4ef3-9371-990c3094d964
 - collectionId: DIRECTORS
 - instanceId: ch_2025-10-17_strutt_m
 - status: ASSERTED
[Diagnostic] Claim ID: c5da519e-7468-4823-8c8c-d5578f26a68d
 - collectionId: DIRECTORS
 - instanceId: ch_2017-10-25_banerjee_k
 - status: ASSERTED
[Diagnostic] Claim ID: a522f75e-071b-4f59-96a0-929ee652f505
 - collectionId: DIRECTORS
 - instanceId: ch_2016-05-16_ludlow_s
 - status: ASSERTED
[Diagnostic] Claim ID: d67da284-d268-44ff-9839-6a8b2d1dbaf6
 - collectionId: DIRECTORS
 - instanceId: ch_2018-08-06_bullard_m
 - status: ASSERTED
[Diagnostic] Claim ID: 88695766-2b0b-4564-98eb-93be52ebeade
 - collectionId: DIRECTORS
 - instanceId: ch_2016-11-02_carlson_c
 - status: ASSERTED
[Diagnostic] Claim ID: 7eebcd58-3fd7-4301-a23e-71f9fdb7f877
 - collectionId: DIRECTORS
 - instanceId: ch_2016-10-03_carlson_c
 - status: ASSERTED
[Diagnostic] Claim ID: 3511a187-aef4-4679-b5a9-7402df5cc496
 - collectionId: DIRECTORS
 - instanceId: ch_2023-01-11_fellows_e
 - status: ASSERTED
[Diagnostic] Claim ID: ed1078a0-e5f7-4ad9-a8dc-ae59e22313ef
 - collectionId: DIRECTORS
 - instanceId: ch_2016-08-09_fraser_a
 - status: ASSERTED
[Diagnostic] Claim ID: 42d6d64d-e2a8-48f4-8449-afbf0db842e3
 - collectionId: DIRECTORS
 - instanceId: ch_2015-08-12_fraser_a
 - status: ASSERTED
[Diagnostic] Claim ID: b79de52d-fca9-4e59-9b55-3b1fa4c5e35e
 - collectionId: DIRECTORS
 - instanceId: ch_2016-02-12_keelan_e
 - status: ASSERTED
[Diagnostic] Claim ID: 060f44bf-57e5-4ed0-acec-69dfb531e723
 - collectionId: DIRECTORS
 - instanceId: ch_2021-04-21_latham_p
 - status: ASSERTED
[Diagnostic] Claim ID: bab5a778-1460-4289-aa70-da9398005def
 - collectionId: DIRECTORS
 - instanceId: ch_2015-03-30_senior_t
 - status: ASSERTED
[Diagnostic] Claim ID: 9ec22f24-6e2a-41ea-bd66-2c4ebe93e770
 - collectionId: DIRECTORS
 - instanceId: ch_2020-07-31_setchell_m
 - status: ASSERTED
[Diagnostic] Claim ID: 12597f4b-08f8-4f65-9f8f-44f7f387751a
 - collectionId: DIRECTORS
 - instanceId: ch_2015-03-30_tucker_m
 - status: ASSERTED
[Diagnostic] Claim ID: 47ae34c2-ea7d-4d3f-b2af-160e32ecd8bc
 - collectionId: DIRECTORS
 - instanceId: ch_2016-02-18_vandermerwe_p
 - status: ASSERTED
[Diagnostic] Claim ID: 39266319-db95-4666-80df-faa5d59fe09e
 - collectionId: DIRECTORS
 - instanceId: ch_2025-09-01_beach_j
 - status: ASSERTED
[Diagnostic] Claim ID: c0879341-cbb9-4983-8528-678a913e2e80
 - collectionId: DIRECTORS
 - instanceId: ch_2025-09-01_ramirez_e
 - status: ASSERTED
[Diagnostic] Claim ID: 9e52b792-8567-4068-9a83-670dacc03076
 - collectionId: DIRECTORS
 - instanceId: ch_2025-10-17_strutt_m
 - status: ASSERTED
[Diagnostic] Claim ID: 28e43261-47ef-42f3-9422-80827ec42195
 - collectionId: DIRECTORS
 - instanceId: ch_2017-10-25_banerjee_k
 - status: ASSERTED
[Diagnostic] Claim ID: e2e1b5c5-a78f-471a-aa7a-45543ff239bc
 - collectionId: DIRECTORS
 - instanceId: ch_2016-05-16_ludlow_s
 - status: ASSERTED
[Diagnostic] Claim ID: 2e552e89-0354-45bf-9fde-774b142121e0
 - collectionId: DIRECTORS
 - instanceId: ch_2018-08-06_bullard_m
 - status: ASSERTED
[Diagnostic] Claim ID: a36d69af-7859-45da-9a77-4592f0d71417
 - collectionId: DIRECTORS
 - instanceId: ch_2016-11-02_carlson_c
 - status: ASSERTED
[Diagnostic] Claim ID: a770ec48-8fea-4fde-8293-06dcb1bfd969
 - collectionId: DIRECTORS
 - instanceId: ch_2016-10-03_carlson_c
 - status: ASSERTED
[Diagnostic] Claim ID: 1021088f-ce28-48da-b590-ba13dff760b7
 - collectionId: DIRECTORS
 - instanceId: ch_2023-01-11_fellows_e
 - status: ASSERTED
[Diagnostic] Claim ID: cc26b7a5-8c1c-4b3e-bd7f-19d61066a6fb
 - collectionId: DIRECTORS
 - instanceId: ch_2016-08-09_fraser_a
 - status: ASSERTED
[Diagnostic] Claim ID: 2863c0b3-ee80-4e16-8cdb-2d464a0fe462
 - collectionId: DIRECTORS
 - instanceId: ch_2015-08-12_fraser_a
 - status: ASSERTED
[Diagnostic] Claim ID: 7038f098-aac8-4142-ad4d-3776ff580bd1
 - collectionId: DIRECTORS
 - instanceId: ch_2016-02-12_keelan_e
 - status: ASSERTED
[Diagnostic] Claim ID: 2ea9be81-558e-4064-9633-8e57540f0766
 - collectionId: DIRECTORS
 - instanceId: ch_2021-04-21_latham_p
 - status: ASSERTED
[Diagnostic] Claim ID: 72c5d995-0e4e-4428-9198-9f3bf0058353
 - collectionId: DIRECTORS
 - instanceId: ch_2015-03-30_senior_t
 - status: ASSERTED
[Diagnostic] Claim ID: 64994ba6-7f2c-4b3e-9325-7accea788c5c
 - collectionId: DIRECTORS
 - instanceId: ch_2020-07-31_setchell_m
 - status: ASSERTED
[Diagnostic] Claim ID: ad71d5bd-73f9-45fa-83ec-fd8765037c1f
 - collectionId: DIRECTORS
 - instanceId: ch_2015-03-30_tucker_m
 - status: ASSERTED
[Diagnostic] Claim ID: 6fe103ef-a133-4a4b-bd0d-7a01df7cf705
 - collectionId: DIRECTORS
 - instanceId: ch_2016-02-18_vandermerwe_p
 - status: ASSERTED
[Diagnostic] Claim ID: 880fc0e7-a5d7-42aa-80e0-eb49bb6823e7
 - collectionId: DIRECTORS
 - instanceId: ch_2018-11-15_octopuscompanysecretarialserviceslimited__
 - status: ASSERTED
[Diagnostic] Claim ID: fabc8d75-14a1-439c-aecd-61f7b82e5841
 - collectionId: DIRECTORS
 - instanceId: ch_2018-11-15_octopuscompanysecretarialserviceslimited__
 - status: ASSERTED
[Diagnostic] Claim ID: bc73109b-8041-47d9-b6ce-5e629e89848e
 - collectionId: DIRECTORS
 - instanceId: ch_2020-11-13_ocsserviceslimited__
 - status: ASSERTED
[Diagnostic] Claim ID: 5434f111-da26-4cb0-bf14-df9d4d2703a1
 - collectionId: DIRECTORS
 - instanceId: ch_2016-02-12_ocsserviceslimited__
 - status: ASSERTED
[Diagnostic] Claim ID: bdc25ce8-4a79-4ae0-87b4-c4bc7cc9ed85
 - collectionId: DIRECTORS
 - instanceId: ch_2020-11-13_ocsserviceslimited__
 - status: ASSERTED
[Diagnostic] Claim ID: e7f2ac29-c400-432d-9f21-9b7407a64f41
 - collectionId: DIRECTORS
 - instanceId: ch_2016-02-12_ocsserviceslimited__
 - status: ASSERTED
[Diagnostic] Claim ID: 9919ab15-6a56-422c-a7a9-7ba47bcb3de3
 - collectionId: DIRECTORS
 - instanceId: ch_2018-12-21_zzoommgrouplimited__
 - status: ASSERTED
[Diagnostic] Claim ID: e69b5f3b-37e8-4d9f-b2f0-68e859ac910c
 - collectionId: DIRECTORS
 - instanceId: ch_2018-12-21_zzoommgrouplimited__
 - status: ASSERTED
[Diagnostic] Claim ID: 2e2c3ee8-94ae-464e-9793-2e39b37b1350
 - collectionId: DIRECTORS
 - instanceId: ch_2018-12-21_zzoommgrouplimited__
 - status: ASSERTED
[Diagnostic] Claim ID: 5435f42d-6ceb-4cbd-a321-c43cb144f090
 - collectionId: DIRECTORS
 - instanceId: ch_2018-12-21_zzoommgrouplimited__
 - status: ASSERTED
[Diagnostic] Claim ID: 09b8f8ca-fc34-4c50-b217-0cb3a6615ce6
 - collectionId: DIRECTORS
 - instanceId: ch_2018-12-21_zzoommgrouplimited__
 - status: ASSERTED
[Diagnostic] Claim ID: 4f1f9c38-0b1d-497e-a2ad-8293a793b446
 - collectionId: DIRECTORS
 - instanceId: ch_2018-12-21_zzoommgrouplimited__
 - status: ASSERTED
[Diagnostic] Claim ID: 2e0cb0d7-355c-41ae-8aa4-e5075d855c79
 - collectionId: DIRECTORS
 - instanceId: ch_2018-12-21_zzoommgrouplimited__
 - status: ASSERTED
[Diagnostic] Claim ID: 4758e4f0-5dd1-41e1-be3a-73b7b3e482f2
 - collectionId: DIRECTORS
 - instanceId: ch_2018-12-21_zzoommgrouplimited__
 - status: ASSERTED
[Diagnostic] Claim ID: 5b383be7-3364-434c-a2f3-5ce7835588b3
 - collectionId: DIRECTORS
 - instanceId: ch_2018-12-21_zzoommgrouplimited__
 - status: ASSERTED
[Diagnostic] Claim ID: 83d5a09a-da61-41db-9174-b287037e5647
 - collectionId: DIRECTORS
 - instanceId: ch_2018-12-21_zzoommgrouplimited__
 - status: ASSERTED
[Diagnostic] Claim ID: 0b95cf95-da44-4f94-9ff8-d9ce5d9a8055
 - collectionId: DIRECTORS
 - instanceId: ch_2018-12-21_zzoommgrouplimited__
 - status: ASSERTED
[Diagnostic] Claim ID: 9c346528-5fef-4833-89a2-9f1c85403ed0
 - collectionId: DIRECTORS
 - instanceId: ch_2018-12-21_zzoommgrouplimited__
 - status: ASSERTED
[Diagnostic] Claim ID: 03f644d2-80de-4ccd-a281-d942dc0a19cc
 - collectionId: DIRECTORS
 - instanceId: ch_2018-12-21_zzoommgrouplimited__
 - status: ASSERTED
[Diagnostic] Claim ID: e10bb957-a5f4-4a5f-8ba9-4a46fbf2df41
 - collectionId: DIRECTORS
 - instanceId: ch_2021-07-30_dickinson_j
 - status: ASSERTED
[Diagnostic] Claim ID: 226c0209-9447-44c1-901a-88e6ea42cc13
 - collectionId: DIRECTORS
 - instanceId: ch_2003-02-21_ebel_a
 - status: ASSERTED
[Diagnostic] Claim ID: 61e56e24-3636-4527-9e52-dd2b4265f274
 - collectionId: DIRECTORS
 - instanceId: ch_2002-04-26_tappin_j
 - status: ASSERTED
[Diagnostic] Claim ID: c964767c-4d55-4c98-bd51-5f72f6482f09
 - collectionId: DIRECTORS
 - instanceId: ch_2001-11-02_wyeth_r
 - status: ASSERTED
[Diagnostic] Claim ID: 61bdb4f5-37ee-41e6-b261-ac41b6e9321e
 - collectionId: DIRECTORS
 - instanceId: ch_2018-07-12_campbell_j
 - status: ASSERTED
[Diagnostic] Claim ID: a175a94e-4d56-41e5-bce8-16a712c5e623
 - collectionId: DIRECTORS
 - instanceId: ch_2014-09-01_carroll_n
 - status: ASSERTED
[Diagnostic] Claim ID: 9f0fe807-16cd-4925-a7c5-17bd11f557c5
 - collectionId: DIRECTORS
 - instanceId: ch_2012-02-09_floyd_h
 - status: ASSERTED
[Diagnostic] Claim ID: 134a2229-6f24-41ca-a718-987b7179395c
 - collectionId: DIRECTORS
 - instanceId: ch_2001-10-01_fox_d
 - status: ASSERTED
[Diagnostic] Claim ID: 9acf342d-3e30-44f9-846c-af9408f178f1
 - collectionId: DIRECTORS
 - instanceId: ch_2016-06-30_hodges_a
 - status: ASSERTED
[Diagnostic] Claim ID: b74c1ebe-1284-4f6a-863b-161bd97d624e
 - collectionId: DIRECTORS
 - instanceId: ch_2008-09-25_hugh_j
 - status: ASSERTED
[Diagnostic] Claim ID: 7456bf32-0414-42a4-b3c5-b2642657814e
 - collectionId: DIRECTORS
 - instanceId: ch_2008-09-25_kimber_j
 - status: ASSERTED
[Diagnostic] Claim ID: 7c440905-012a-43c5-a258-21d6362a297d
 - collectionId: DIRECTORS
 - instanceId: ch_2001-10-01_knight_c
 - status: ASSERTED
[Diagnostic] Claim ID: 16691d84-81af-4dad-8895-cafb039b1229
 - collectionId: DIRECTORS
 - instanceId: ch_2008-09-25_lane_g
 - status: ASSERTED
[Diagnostic] Claim ID: 1d8b1210-d866-4c4f-b262-d411b768b298
 - collectionId: DIRECTORS
 - instanceId: ch_2011-03-22_macdonald_c
 - status: ASSERTED
[Diagnostic] Claim ID: 8a87c123-5386-4dee-982f-559e7026b1fb
 - collectionId: DIRECTORS
 - instanceId: ch_2002-04-26_marsh_b
 - status: ASSERTED
[Diagnostic] Claim ID: a4abcbae-18ff-4500-92a9-adc13317bab5
 - collectionId: DIRECTORS
 - instanceId: ch_2019-09-02_mcculloch_a
 - status: ASSERTED
[Diagnostic] Claim ID: 19f56bbd-ec9b-41eb-9913-10b64cd3096a
 - collectionId: DIRECTORS
 - instanceId: ch_2013-03-20_miles_c
 - status: ASSERTED
[Diagnostic] Claim ID: e487b070-268e-48d6-b9ca-136db25aea03
 - collectionId: DIRECTORS
 - instanceId: ch_2009-04-01_millar_t
 - status: ASSERTED
[Diagnostic] Claim ID: 6fc96e9c-7ac4-4206-92db-20a41462fe8b
 - collectionId: DIRECTORS
 - instanceId: ch_2003-02-21_stickley_l
 - status: ASSERTED
[Diagnostic] Claim ID: 56f0da8d-12bd-4c5b-b626-06ef2e8fda40
 - collectionId: DIRECTORS
 - instanceId: ch_2021-07-30_dickinson_j
 - status: ASSERTED
[Diagnostic] Claim ID: 217221b9-6ff9-4336-a865-a8965e9a564d
 - collectionId: DIRECTORS
 - instanceId: ch_2003-02-21_ebel_a
 - status: ASSERTED
[Diagnostic] Claim ID: 5b501279-505a-4e17-8065-c37b0ee64a01
 - collectionId: DIRECTORS
 - instanceId: ch_2002-04-26_tappin_j
 - status: ASSERTED
[Diagnostic] Claim ID: cae8fa7e-1648-4b4a-95a4-e5108b632aa7
 - collectionId: DIRECTORS
 - instanceId: ch_2001-11-02_wyeth_r
 - status: ASSERTED
[Diagnostic] Claim ID: c728e6e1-02dd-49c3-9b15-59a49eb63b00
 - collectionId: DIRECTORS
 - instanceId: ch_2018-07-12_campbell_j
 - status: ASSERTED
[Diagnostic] Claim ID: 167ab050-6382-4c6c-87cc-31493d51e1d3
 - collectionId: DIRECTORS
 - instanceId: ch_2014-09-01_carroll_n
 - status: ASSERTED
[Diagnostic] Claim ID: 6724ac93-954c-4809-998b-762fdfe39977
 - collectionId: DIRECTORS
 - instanceId: ch_2012-02-09_floyd_h
 - status: ASSERTED
[Diagnostic] Claim ID: 9d492f40-31fe-48c5-8f2c-68411b30d600
 - collectionId: DIRECTORS
 - instanceId: ch_2001-10-01_fox_d
 - status: ASSERTED
[Diagnostic] Claim ID: d3be5f12-c418-434f-a1dd-a5c0097e2277
 - collectionId: DIRECTORS
 - instanceId: ch_2016-06-30_hodges_a
 - status: ASSERTED
[Diagnostic] Claim ID: eaab3b28-df55-4927-aa62-6ed18d39a4e3
 - collectionId: DIRECTORS
 - instanceId: ch_2008-09-25_hugh_j
 - status: ASSERTED
[Diagnostic] Claim ID: bde5da44-b212-4870-8f42-65ca9253ba11
 - collectionId: DIRECTORS
 - instanceId: ch_2008-09-25_kimber_j
 - status: ASSERTED
[Diagnostic] Claim ID: 5d320df5-b4ad-4a6c-94a9-06560d496b64
 - collectionId: DIRECTORS
 - instanceId: ch_2001-10-01_knight_c
 - status: ASSERTED
[Diagnostic] Claim ID: 48f9c9a6-e221-46e2-833f-86de43fb1add
 - collectionId: DIRECTORS
 - instanceId: ch_2008-09-25_lane_g
 - status: ASSERTED
[Diagnostic] Claim ID: da5d0f50-4949-4cd2-995f-b086b5cfb740
 - collectionId: DIRECTORS
 - instanceId: ch_2011-03-22_macdonald_c
 - status: ASSERTED
[Diagnostic] Claim ID: 0055c42c-a59c-4c89-b517-dd3a1d2257b6
 - collectionId: DIRECTORS
 - instanceId: ch_2002-04-26_marsh_b
 - status: ASSERTED
[Diagnostic] Claim ID: 18568f5e-38fc-4436-93e6-8158d7a7914d
 - collectionId: DIRECTORS
 - instanceId: ch_2019-09-02_mcculloch_a
 - status: ASSERTED
[Diagnostic] Claim ID: 519262d6-b174-4127-888c-1461b1632223
 - collectionId: DIRECTORS
 - instanceId: ch_2013-03-20_miles_c
 - status: ASSERTED
[Diagnostic] Claim ID: 2e7e8080-439d-482d-9b73-6af7881cbbaf
 - collectionId: DIRECTORS
 - instanceId: ch_2009-04-01_millar_t
 - status: ASSERTED
[Diagnostic] Claim ID: 99d2453d-bc8f-474d-9372-daeef8952aa2
 - collectionId: DIRECTORS
 - instanceId: ch_2003-02-21_stickley_l
 - status: ASSERTED
[Diagnostic] Claim ID: 9a113f5f-e21b-49ec-b63f-cc4211afe96d
 - collectionId: DIRECTORS
 - instanceId: ch_2003-02-21_townend_d
 - status: ASSERTED
[Diagnostic] Claim ID: aa4984fc-6e14-4d85-9622-75f1e5395b32
 - collectionId: DIRECTORS
 - instanceId: ch_2010-01-21_truesdale_n
 - status: ASSERTED
[Diagnostic] Claim ID: 3d3eb9be-9a89-4a44-814d-c3fecd231f72
 - collectionId: DIRECTORS
 - instanceId: ch_2018-09-20_westley_a
 - status: ASSERTED
[Diagnostic] Claim ID: 4931871f-c5c1-4769-913b-853de59352da
 - collectionId: DIRECTORS
 - instanceId: ch_2021-07-30_dickinson_j
 - status: ASSERTED
[Diagnostic] Claim ID: 266ffc6e-09b1-4edc-878e-6b22a8669034
 - collectionId: DIRECTORS
 - instanceId: ch_2003-02-21_ebel_a
 - status: ASSERTED
[Diagnostic] Claim ID: b009430e-c8cc-4dd4-9ad7-9a9d73d762d1
 - collectionId: DIRECTORS
 - instanceId: ch_2002-04-26_tappin_j
 - status: ASSERTED
[Diagnostic] Claim ID: 0ff5e19a-ad38-450b-b649-be9f323adec4
 - collectionId: DIRECTORS
 - instanceId: ch_2001-11-02_wyeth_r
 - status: ASSERTED
[Diagnostic] Claim ID: 448bd505-cc5d-4a51-b2dc-d2e1f2bae932
 - collectionId: DIRECTORS
 - instanceId: ch_2018-07-12_campbell_j
 - status: ASSERTED
[Diagnostic] Claim ID: a51f8351-23ef-448c-8303-c5b50714bc46
 - collectionId: DIRECTORS
 - instanceId: ch_2014-09-01_carroll_n
 - status: ASSERTED
[Diagnostic] Claim ID: f99bd523-4c38-4662-892d-a882b5877334
 - collectionId: DIRECTORS
 - instanceId: ch_2012-02-09_floyd_h
 - status: ASSERTED
[Diagnostic] Claim ID: cdae931e-a176-40cd-8ce8-be63bff0f82a
 - collectionId: DIRECTORS
 - instanceId: ch_2001-10-01_fox_d
 - status: ASSERTED
[Diagnostic] Claim ID: 23f3268b-6568-4ed4-b569-28cd71383e18
 - collectionId: DIRECTORS
 - instanceId: ch_2016-06-30_hodges_a
 - status: ASSERTED
[Diagnostic] Claim ID: ce5babf6-4ec7-45aa-b4d2-c6cb647254fd
 - collectionId: DIRECTORS
 - instanceId: ch_2008-09-25_hugh_j
 - status: ASSERTED
[Diagnostic] Claim ID: 83566dc5-bb17-4ffa-bfe6-fbdc652bf53d
 - collectionId: DIRECTORS
 - instanceId: ch_2008-09-25_kimber_j
 - status: ASSERTED
[Diagnostic] Claim ID: f1e5ff7c-a3a3-4123-9a78-655e801f9b41
 - collectionId: DIRECTORS
 - instanceId: ch_2001-10-01_knight_c
 - status: ASSERTED
[Diagnostic] Claim ID: 18e1f9ef-5a9f-4819-9c5d-1d24aed5fd99
 - collectionId: DIRECTORS
 - instanceId: ch_2008-09-25_lane_g
 - status: ASSERTED
[Diagnostic] Claim ID: 20b61843-0b6a-403a-b8de-d2b153276f65
 - collectionId: DIRECTORS
 - instanceId: ch_2011-03-22_macdonald_c
 - status: ASSERTED
[Diagnostic] Claim ID: 2a2d5f12-5691-47c2-bd43-575c403b57a8
 - collectionId: DIRECTORS
 - instanceId: ch_2002-04-26_marsh_b
 - status: ASSERTED
[Diagnostic] Claim ID: 90920ead-1f3f-41dc-9a3e-ff94faa2bbce
 - collectionId: DIRECTORS
 - instanceId: ch_2019-09-02_mcculloch_a
 - status: ASSERTED
[Diagnostic] Claim ID: 84c9d264-9413-470f-a2c0-68a050b481ba
 - collectionId: DIRECTORS
 - instanceId: ch_2013-03-20_miles_c
 - status: ASSERTED
[Diagnostic] Claim ID: d11a4b63-79b7-4c86-a250-c4a13fa961b4
 - collectionId: DIRECTORS
 - instanceId: ch_2009-04-01_millar_t
 - status: ASSERTED
[Diagnostic] Claim ID: 7ad1b435-f7eb-4b14-a174-f74b38f4169e
 - collectionId: DIRECTORS
 - instanceId: ch_2003-02-21_stickley_l
 - status: ASSERTED
[Diagnostic] Claim ID: 8bfb7e20-bde9-4f00-bcc9-ba524513cfed
 - collectionId: DIRECTORS
 - instanceId: ch_2003-02-21_townend_d
 - status: ASSERTED
[Diagnostic] Claim ID: cc388aa5-4925-4d88-a18f-8f54cc5f06bb
 - collectionId: DIRECTORS
 - instanceId: ch_2010-01-21_truesdale_n
 - status: ASSERTED
[Diagnostic] Claim ID: ed03b9f2-a1a8-474b-9fd0-9c3fb6b0c1c2
 - collectionId: DIRECTORS
 - instanceId: ch_2018-09-20_westley_a
 - status: ASSERTED
[Diagnostic] Claim ID: 2b927933-4853-411e-b147-af020c0bb881
 - collectionId: DIRECTORS
 - instanceId: ch_2021-07-30_dickinson_j
 - status: ASSERTED
[Diagnostic] Claim ID: 49ccac2d-202c-4d3e-bda1-ebaab5eba195
 - collectionId: DIRECTORS
 - instanceId: ch_2003-02-21_ebel_a
 - status: ASSERTED
[Diagnostic] Claim ID: 0f7b9516-a2b0-4d1e-870c-bce77d6bd8e2
 - collectionId: DIRECTORS
 - instanceId: ch_2002-04-26_tappin_j
 - status: ASSERTED
[Diagnostic] Claim ID: cd7ef69b-0656-4109-a333-0f9495c374b4
 - collectionId: DIRECTORS
 - instanceId: ch_2001-11-02_wyeth_r
 - status: ASSERTED
[Diagnostic] Claim ID: c1f3b3d5-118e-401c-8ef8-36be5fb262bb
 - collectionId: DIRECTORS
 - instanceId: ch_2018-07-12_campbell_j
 - status: ASSERTED
[Diagnostic] Claim ID: 2889c038-c46f-4beb-9375-fda36694a65e
 - collectionId: DIRECTORS
 - instanceId: ch_2014-09-01_carroll_n
 - status: ASSERTED
[Diagnostic] Claim ID: 47d5494c-f8a0-417d-8765-f6e1f16e0a7e
 - collectionId: DIRECTORS
 - instanceId: ch_2012-02-09_floyd_h
 - status: ASSERTED
[Diagnostic] Claim ID: 11a86651-07c2-4954-ba89-d0ecf9f156bd
 - collectionId: DIRECTORS
 - instanceId: ch_2001-10-01_fox_d
 - status: ASSERTED
[Diagnostic] Claim ID: afaf617a-0f8e-46d6-8cfb-b69ac3c020f2
 - collectionId: DIRECTORS
 - instanceId: ch_2016-06-30_hodges_a
 - status: ASSERTED
[Diagnostic] Claim ID: 8153974e-63b1-42ed-b7a3-d007b094f3fd
 - collectionId: DIRECTORS
 - instanceId: ch_2008-09-25_hugh_j
 - status: ASSERTED
[Diagnostic] Claim ID: b43ee4bd-87bf-492c-9d16-f215f66304e6
 - collectionId: DIRECTORS
 - instanceId: ch_2008-09-25_kimber_j
 - status: ASSERTED
[Diagnostic] Claim ID: 980901c8-41db-406e-9e24-9ffee1d9cd61
 - collectionId: DIRECTORS
 - instanceId: ch_2001-10-01_knight_c
 - status: ASSERTED
[Diagnostic] Claim ID: de0abc82-c291-4cfa-a7a8-195330a1f74b
 - collectionId: DIRECTORS
 - instanceId: ch_2008-09-25_lane_g
 - status: ASSERTED
[Diagnostic] Claim ID: 7cbcb2cd-f3d4-47b2-b697-ccaf3cf28035
 - collectionId: DIRECTORS
 - instanceId: ch_2011-03-22_macdonald_c
 - status: ASSERTED
[Diagnostic] Claim ID: 274ec7e0-eb65-4d8a-989f-f5cc29eac7db
 - collectionId: DIRECTORS
 - instanceId: ch_2002-04-26_marsh_b
 - status: ASSERTED
[Diagnostic] Claim ID: c9bcdad5-85f6-42a1-ac0f-abd0a657b930
 - collectionId: DIRECTORS
 - instanceId: ch_2019-09-02_mcculloch_a
 - status: ASSERTED
[Diagnostic] Claim ID: d0948176-e337-4af7-8645-610b8cd93425
 - collectionId: DIRECTORS
 - instanceId: ch_2013-03-20_miles_c
 - status: ASSERTED
[Diagnostic] Claim ID: 6d8ff158-c795-44b2-9635-65b1c6e1a3e4
 - collectionId: DIRECTORS
 - instanceId: ch_2009-04-01_millar_t
 - status: ASSERTED
[Diagnostic] Claim ID: 2d02d6d6-bac5-4893-a832-84a4ac2f6da1
 - collectionId: DIRECTORS
 - instanceId: ch_2003-02-21_stickley_l
 - status: ASSERTED
[Diagnostic] Claim ID: f68e24e9-1c49-45f5-9b7a-62fff0c90576
 - collectionId: DIRECTORS
 - instanceId: ch_2003-02-21_townend_d
 - status: ASSERTED
[Diagnostic] Claim ID: 0d559b82-5bc3-4a5a-ad0a-db8cbfb5446a
 - collectionId: DIRECTORS
 - instanceId: ch_2010-01-21_truesdale_n
 - status: ASSERTED
[Diagnostic] Claim ID: 3af9ef7f-76e9-4a93-9d4e-b65a22223a6c
 - collectionId: DIRECTORS
 - instanceId: ch_2018-09-20_westley_a
 - status: ASSERTED
[Diagnostic] Claim ID: 48727899-c9e9-4077-9902-77b2e6348a2e
 - collectionId: DIRECTORS
 - instanceId: ch_2021-07-30_dickinson_j
 - status: ASSERTED
[Diagnostic] Claim ID: e775c935-8221-407c-8a4d-268375403342
 - collectionId: DIRECTORS
 - instanceId: ch_2003-02-21_ebel_a
 - status: ASSERTED
[Diagnostic] Claim ID: e7e2f0f0-6455-42c9-a73d-e7870e8761f7
 - collectionId: DIRECTORS
 - instanceId: ch_2002-04-26_tappin_j
 - status: ASSERTED
[Diagnostic] Claim ID: ae63556b-4346-4e86-852e-1afb4d16049c
 - collectionId: DIRECTORS
 - instanceId: ch_2001-11-02_wyeth_r
 - status: ASSERTED
[Diagnostic] Claim ID: 05ba6845-0af0-4665-80cd-cca4a86f618d
 - collectionId: DIRECTORS
 - instanceId: ch_2018-07-12_campbell_j
 - status: ASSERTED
[Diagnostic] Claim ID: 9e4ef8e5-8f47-4658-8604-91451d1c4bbf
 - collectionId: DIRECTORS
 - instanceId: ch_2014-09-01_carroll_n
 - status: ASSERTED
[Diagnostic] Claim ID: 2ce7f7f0-69e8-4f11-900a-e88ad0ec55b4
 - collectionId: DIRECTORS
 - instanceId: ch_2012-02-09_floyd_h
 - status: ASSERTED
[Diagnostic] Claim ID: 5b51a389-1c2f-46a4-9e40-292901b6be5f
 - collectionId: DIRECTORS
 - instanceId: ch_2001-10-01_fox_d
 - status: ASSERTED
[Diagnostic] Claim ID: 8ba1bf9d-284b-492c-9778-beed07ca8838
 - collectionId: DIRECTORS
 - instanceId: ch_2016-06-30_hodges_a
 - status: ASSERTED
[Diagnostic] Claim ID: 77f89849-260f-4ea8-94fc-612a92de6c66
 - collectionId: DIRECTORS
 - instanceId: ch_2008-09-25_hugh_j
 - status: ASSERTED
[Diagnostic] Claim ID: 4dc60768-7e6d-47d3-af20-f4c22e361e81
 - collectionId: DIRECTORS
 - instanceId: ch_2008-09-25_kimber_j
 - status: ASSERTED
[Diagnostic] Claim ID: 15c02efb-c7d0-40ad-8f57-42dc5f273cdb
 - collectionId: DIRECTORS
 - instanceId: ch_2001-10-01_knight_c
 - status: ASSERTED
[Diagnostic] Claim ID: c2cafa78-41ff-48f5-bcf0-bb94e6991f59
 - collectionId: DIRECTORS
 - instanceId: ch_2008-09-25_lane_g
 - status: ASSERTED
[Diagnostic] Claim ID: 05ce21c9-a1bf-454f-9d3e-f6a484ac8d11
 - collectionId: DIRECTORS
 - instanceId: ch_2011-03-22_macdonald_c
 - status: ASSERTED
[Diagnostic] Claim ID: e7556a13-c996-413b-9162-072cfd4b684b
 - collectionId: DIRECTORS
 - instanceId: ch_2002-04-26_marsh_b
 - status: ASSERTED
[Diagnostic] Claim ID: e723e2a8-997f-4f11-a94a-5276a5a5b5e7
 - collectionId: DIRECTORS
 - instanceId: ch_2019-09-02_mcculloch_a
 - status: ASSERTED
[Diagnostic] Claim ID: 86ee3002-8d40-4bcd-baaa-45a2e381affd
 - collectionId: DIRECTORS
 - instanceId: ch_2013-03-20_miles_c
 - status: ASSERTED
[Diagnostic] Claim ID: 78438742-56a1-46c7-b0f9-5c4ff9af7078
 - collectionId: DIRECTORS
 - instanceId: ch_2009-04-01_millar_t
 - status: ASSERTED
[Diagnostic] Claim ID: d0de4687-893f-4192-9b5c-a07ebb5e970c
 - collectionId: DIRECTORS
 - instanceId: ch_2003-02-21_stickley_l
 - status: ASSERTED
[Diagnostic] Claim ID: 30b640a7-fbb8-4f15-a876-12f03c48e2fc
 - collectionId: DIRECTORS
 - instanceId: ch_2003-02-21_townend_d
 - status: ASSERTED
[Diagnostic] Claim ID: dc171324-0243-4db2-a92e-875cf9e7b916
 - collectionId: DIRECTORS
 - instanceId: ch_2010-01-21_truesdale_n
 - status: ASSERTED
[Diagnostic] Claim ID: 55b0a1f8-817d-434b-b1c1-4a32f12fa717
 - collectionId: DIRECTORS
 - instanceId: ch_2018-09-20_westley_a
 - status: ASSERTED
[Diagnostic] Claim ID: acf5a2b2-3607-4757-8fbf-a25c09549502
 - collectionId: DIRECTORS
 - instanceId: ch_2003-02-21_townend_d
 - status: ASSERTED
[Diagnostic] Claim ID: 857c93f8-ffa0-4337-b24d-1717644eabc3
 - collectionId: DIRECTORS
 - instanceId: ch_2010-01-21_truesdale_n
 - status: ASSERTED
[Diagnostic] Claim ID: 27d01369-c94b-402f-b436-c406c7768b66
 - collectionId: DIRECTORS
 - instanceId: ch_2018-09-20_westley_a
 - status: ASSERTED
[Diagnostic] Claim ID: ba9af925-eeec-4c2a-b49e-bfc9955097c3
 - collectionId: DIRECTORS
 - instanceId: ch_2014-09-01_centricadirectorslimited__
 - status: ASSERTED
[Diagnostic] Claim ID: 7c73c967-e07b-4018-bd7f-9426c60807fb
 - collectionId: DIRECTORS
 - instanceId: ch_2014-09-01_centricadirectorslimited__
 - status: ASSERTED
[Diagnostic] Claim ID: 97e9f541-4655-4dbd-899b-0168ecbda3c1
 - collectionId: DIRECTORS
 - instanceId: ch_2014-09-01_centricadirectorslimited__
 - status: ASSERTED
[Diagnostic] Claim ID: 20f37664-1e0a-4264-8cc2-bc4003a07544
 - collectionId: DIRECTORS
 - instanceId: ch_2014-09-01_centricadirectorslimited__
 - status: ASSERTED
[Diagnostic] Claim ID: dd35de84-b762-4c4d-b2ab-e31f2265cd32
 - collectionId: DIRECTORS
 - instanceId: ch_2014-09-01_centricadirectorslimited__
 - status: ASSERTED
[Diagnostic] Claim ID: ac4427da-e8ba-4fcd-a66b-bb30e366aa8b
 - collectionId: DIRECTORS
 - instanceId: ch_2001-10-01_ukcompanysecretarieslimited__
 - status: ASSERTED
[Diagnostic] Claim ID: a30dd2c5-3320-4fe1-b225-1cca7641316e
 - collectionId: DIRECTORS
 - instanceId: ch_2001-10-01_ukcompanysecretarieslimited__
 - status: ASSERTED
[Diagnostic] Claim ID: f2e5ecb9-c5a6-4ddc-9c54-6e7204444cfa
 - collectionId: DIRECTORS
 - instanceId: ch_2001-10-01_ukcompanysecretarieslimited__
 - status: ASSERTED
[Diagnostic] Claim ID: 71b6d6d7-6b82-46bc-ba0d-77dc63892384
 - collectionId: DIRECTORS
 - instanceId: ch_2001-10-01_ukcompanysecretarieslimited__
 - status: ASSERTED
[Diagnostic] Claim ID: 314ded4b-3eee-43d6-8dc3-b1fcc719e8a8
 - collectionId: DIRECTORS
 - instanceId: ch_2001-10-01_ukcompanysecretarieslimited__
 - status: ASSERTED
[Diagnostic] Claim ID: dd04cf71-4f4f-47f4-a4bc-7c35e78adaf7
 - collectionId: DIRECTORS
 - instanceId: ch_2001-10-01_ukcompanysecretarieslimited__
 - status: ASSERTED
[Diagnostic] Claim ID: 6bfb0962-12e8-4082-8523-94f6260fb3ef
 - collectionId: DIRECTORS
 - instanceId: ch_2001-10-01_ukcompanysecretarieslimited__
 - status: ASSERTED
[Diagnostic] Claim ID: e27d7d72-7bc1-4e87-b4db-7bd5dbee8337
 - collectionId: DIRECTORS
 - instanceId: ch_2001-10-01_ukcompanysecretarieslimited__
 - status: ASSERTED
[Diagnostic] Claim ID: 0eb3dd19-506b-4869-8dbe-03e4e71017b4
 - collectionId: DIRECTORS
 - instanceId: ch_2001-10-01_ukcompanysecretarieslimited__
 - status: ASSERTED
[Diagnostic] Claim ID: b3d9484a-861a-49fb-bf95-b4dc049c9a05
 - collectionId: DIRECTORS
 - instanceId: ch_2001-10-01_ukcompanysecretarieslimited__
 - status: ASSERTED
[Diagnostic] Claim ID: 25786426-1657-4745-b1f1-b9e90777cbd1
 - collectionId: DIRECTORS
 - instanceId: ch_2008-09-25_centricasecretarieslimited__
 - status: ASSERTED
[Diagnostic] Claim ID: 9787f96e-5e67-4d72-ad86-b91beb2252f4
 - collectionId: DIRECTORS
 - instanceId: ch_2008-09-25_centricasecretarieslimited__
 - status: ASSERTED
[Diagnostic] Claim ID: 8111bce1-8db7-4f35-b77a-94707055b02c
 - collectionId: DIRECTORS
 - instanceId: ch_2008-09-25_centricasecretarieslimited__
 - status: ASSERTED
[Diagnostic] Claim ID: 493489dc-b488-47af-98c3-27ef079b8c26
 - collectionId: DIRECTORS
 - instanceId: ch_2008-09-25_centricasecretarieslimited__
 - status: ASSERTED
[Diagnostic] Claim ID: a33d2f42-4ad9-4c8a-b2fb-074d8dab7055
 - collectionId: DIRECTORS
 - instanceId: ch_2008-09-25_centricasecretarieslimited__
 - status: ASSERTED
[Diagnostic] Claim ID: 27077329-d5c5-4fd5-ac0e-e056f9ae09bd
 - collectionId: DIRECTORS
 - instanceId: ch_2001-10-01_ukincorporationslimited__
 - status: ASSERTED
[Diagnostic] Claim ID: 1deaadc4-8855-48bf-a8ef-edff9e4fb7da
 - collectionId: DIRECTORS
 - instanceId: ch_2001-10-01_ukincorporationslimited__
 - status: ASSERTED
[Diagnostic] Claim ID: 5d8f5193-f49f-4f17-b1ef-a1a4fb77a00b
 - collectionId: DIRECTORS
 - instanceId: ch_2001-10-01_ukincorporationslimited__
 - status: ASSERTED
[Diagnostic] Claim ID: 306ee85d-f5c4-4521-a044-22a70e216767
 - collectionId: DIRECTORS
 - instanceId: ch_2001-10-01_ukincorporationslimited__
 - status: ASSERTED
[Diagnostic] Claim ID: 6cc7fc9c-8b91-4ac6-b139-a56e8df78feb
 - collectionId: DIRECTORS
 - instanceId: ch_2001-10-01_ukincorporationslimited__
 - status: ASSERTED

 ✓ src/actions/__tests__/inspect-query-output.test.ts (1 test) 2581ms
     ✓ logs and prints data types  2577ms
 ✓ src/components/client/admin/__tests__/FieldAdmin.test.tsx (6 tests) 10459ms
       ✓ shows Allow file attachments and loads the existing value (false)  1515ms
       ✓ shows Allow file attachments and loads the existing value (true)  1313ms
       ✓ enabling persists true  1525ms
       ✓ disabling persists false  2293ms
       ✓ editing another field attribute does not reset the flag  2259ms
       ✓ new fields default to false  1540ms
stdout | src/actions/__tests__/questionnaire-visibility.test.ts > getDiscoverableReferenceSnapshotsForOrg — enforcement > owner org can see its own PRIVATE Reference Snapshot
makeSnapshot created snap with visibility: PRIVATE

stdout | src/actions/__tests__/questionnaire-visibility.test.ts > getDiscoverableReferenceSnapshotsForOrg — enforcement > owner org can see its own PRIVATE Reference Snapshot
getDiscoverableReferenceSnapshotsForOrg found: {
  id: 'd84a03aa-0d2f-4a4a-9464-a385267fe4a9',
  name: 'DISC_TEST_PRIVATE_t1',
  description: null,
  functionalCode: 'DISCTEST',
  referenceCode: null,
  visibility: 'PRIVATE',
  ownerOrgId: 'bda5c2d7-30bd-4486-ad5f-c0fc053170c5',
  ownerOrgName: 'System',
  questionCount: 0,
  updatedAt: 2026-07-20T15:02:01.915Z,
  createdAt: 2026-07-20T15:02:01.884Z
}

stdout | scripts/run-visibility-migration.test.ts > Apply visibility migration > runs all DDL statements idempotently
  ~ CREATE TYPE "QuestionnaireVisibility" AS ENUM ('PRIVATE', 'RESTRICTED' (already applied)

stdout | scripts/run-visibility-migration.test.ts > Apply visibility migration > runs all DDL statements idempotently
  ~ ALTER TABLE "Questionnaire" ADD COLUMN "visibility" "QuestionnaireVisi (already applied)

stdout | scripts/run-visibility-migration.test.ts > Apply visibility migration > runs all DDL statements idempotently
  ✓ UPDATE "Questionnaire" SET "visibility" = 'GLOBAL' WHERE "kind" = 'REF

stdout | scripts/run-visibility-migration.test.ts > Apply visibility migration > runs all DDL statements idempotently
  ✓ UPDATE "Questionnaire" SET "visibility" = 'PRIVATE' WHERE "visibility"

stdout | scripts/run-visibility-migration.test.ts > Apply visibility migration > runs all DDL statements idempotently
  ✓ ALTER TABLE "Questionnaire" ALTER COLUMN "visibility" SET NOT NULL

stdout | scripts/run-visibility-migration.test.ts > Apply visibility migration > runs all DDL statements idempotently
  ✓ ALTER TABLE "Questionnaire" ALTER COLUMN "visibility" SET DEFAULT 'PRI

stdout | scripts/run-visibility-migration.test.ts > Apply visibility migration > runs all DDL statements idempotently
  ~ CREATE TABLE "QuestionnaireVisibilityGrant" ( "id" TEXT NOT NULL, "que (already applied)

 ✓ src/actions/__tests__/questionnaire-visibility.test.ts (12 tests) 3498ms
     ✓ updateReferenceSnapshotVisibility succeeds for REFERENCE_SNAPSHOT  351ms
     ✓ getQuestionnairesV2 includes visibility field on Reference Snapshot rows  508ms
     ✓ QuestionnaireVisibilityGrant enforces unique(questionnaireId, organizationId)  595ms
stdout | scripts/run-visibility-migration.test.ts > Apply visibility migration > runs all DDL statements idempotently
  ~ ALTER TABLE "QuestionnaireVisibilityGrant" ADD CONSTRAINT "Questionnai (already applied)

stdout | scripts/run-visibility-migration.test.ts > Apply visibility migration > runs all DDL statements idempotently
  ~ ALTER TABLE "QuestionnaireVisibilityGrant" ADD CONSTRAINT "Questionnai (already applied)

stdout | scripts/run-visibility-migration.test.ts > Apply visibility migration > runs all DDL statements idempotently
  ~ CREATE UNIQUE INDEX "QuestionnaireVisibilityGrant_questionnaireId_orga (already applied)

stdout | scripts/run-visibility-migration.test.ts > Apply visibility migration > runs all DDL statements idempotently
  ~ CREATE INDEX "QuestionnaireVisibilityGrant_organizationId_idx" ON "Que (already applied)

 ✓ scripts/run-visibility-migration.test.ts (1 test) 860ms
     ✓ runs all DDL statements idempotently  850ms
 ✓ src/components/client/fields/__tests__/FieldAttachments.test.tsx (16 tests) 5054ms
     ✓ shows Add control only in manage mode and when editable  483ms
     ✓ performs Replace flow with proper instanceId  634ms
     ✓ performs Add flow with proper instanceId  465ms
       ✓ Replace from Library calls replaceFieldAttachment with the correct instanceId  1054ms
       ✓ Add from Library never calls upload()  527ms
       ✓ A library-fetch failure permits a second attempt  477ms
       ✓ Reopening the picker reloads current library contents  557ms
 ✓ src/components/client/admin/__tests__/PartyFieldProfile.test.tsx (9 tests) 15325ms
     ✓ loads an unrestricted PARTY field (empty config) with all 3 checkboxes checked  2109ms
     ✓ loads existing fields properly (Individual only, like Field 63)  1814ms
     ✓ historic subtype TEAM does not select the Team checkbox but remains preserved  732ms
     ✓ unchecking Team remains unselected after save and reload, preserving historic subtypes inertly  1375ms
     ✓ saves mixed selections correctly and preserves dormant subtypes  1955ms
     ✓ prevents saving if all three checkboxes are cleared (invalid empty selection)  2244ms
     ✓ saves unrestricted correctly (omits allowedPartyTypes) when all 3 are checked  1890ms
     ✓ collapses Party Value Source and displays its summary correctly  1528ms
     ✓ leaves Display Mask unchanged  1647ms
 ✓ src/actions/__tests__/questionnaire-engagement-context.test.ts (5 tests) 2022ms
     ✓ without engagementId (fallback to oldest membership = Org A): shows Org A PRIVATE, not Org B PRIVATE  333ms
 ✓ src/actions/__tests__/graph-node-picker.test.ts (55 tests) 234ms
 ✓ src/components/client/documents/__tests__/DocumentPicker.test.tsx (5 tests) 592ms
 ✓ src/components/client/fields/canonical-party-editor/__tests__/CanonicalPartyEditor.test.tsx (4 tests) 599ms
     ✓ handles party-type switching and address-reference transitions cleanly  368ms
 ✓ src/components/client/fields/__tests__/CreateCCAddressDialog.test.tsx (2 tests) 560ms
     ✓ renders and manages address creation flow  464ms
 ✓ src/components/client/fields/__tests__/UnifiedPartyPicker.test.tsx (4 tests) 1884ms
     ✓ renders the canonical editor when Create New is clicked  594ms
     ✓ uses valid V2 defaults (INDIVIDUAL, isActiveParty: true) and submits correctly  557ms
     ✓ displays errors and prevents duplicate submissions  534ms
 ✓ src/actions/__tests__/getCodeSystemEntries.test.ts (6 tests) 565ms
     ✓ B6: all entries have non-empty code and label strings  350ms
 ✓ src/components/client/fields/__tests__/UnifiedAddressPicker.test.tsx (3 tests) 423ms
 ✓ src/services/kyc/normalization/__tests__/field5-previous-names.test.ts (17 tests) 89ms
stdout | src/services/kyc/__tests__/named-signatories.test.ts > NS-4: Removing Named Signatory emits USER_INPUT tombstone > subsequent re-enrichment is blocked after USER_INPUT tombstone
[KycWriteService] User exclusion: instanceId="person_node_node-uuid-1" was tombstoned by USER_INPUT for Field 125. Skipping re-enrichment.

 ✓ src/services/kyc/__tests__/named-signatories.test.ts (14 tests) 136ms
stdout | src/lib/documents/__tests__/DocumentService.test.ts > DocumentService > should be idempotent and safely handle duplicate callbacks sequentially
[DocumentService] Callback delivered again for already persisted document: private-documents/org-1/uuid-already-processed

stdout | src/lib/documents/__tests__/DocumentService.test.ts > DocumentService > should handle a concurrent race safely (Unique constraint failed)
[DocumentService] Race condition: Another handler successfully persisted private-documents/org-1/uuid-race.

 ✓ src/lib/documents/__tests__/DocumentService.test.ts (6 tests) 164ms
 ✓ src/lib/master-data/__tests__/party-display-projection.test.ts (7 tests) 134ms
 ✓ src/components/client/documents/__tests__/LibraryUploader.test.tsx (8 tests) 316ms
 ✓ src/components/client/engagement/__tests__/group-answer-renderer.test.tsx (5 tests) 187ms
 ✓ src/components/client/fields/__tests__/CCAddressSelector.test.tsx (4 tests) 272ms
stdout | src/actions/__tests__/cc-party-actions.test.ts > cc-party-actions > getCCParties > returns all curated parties for a client LE
[getCCPartyUsage] Returning usage map: {}

 ✓ src/components/client/fields/canonical-party-editor/__tests__/LegacyAddressWarning.test.tsx (5 tests) 101ms
 ✓ src/actions/__tests__/cc-party-actions.test.ts (6 tests) 96ms
 ✓ src/lib/graph/__tests__/node-field-registry.test.ts (53 tests) 49ms
stdout | src/lib/gleif/__tests__/gleif-l2.test.ts > fetchGleifL2 > returns compact parent data on success
[GLEIF] Fetching Level 2 relationships for LEI: 213800WSGIIZCXF1P572

stdout | src/lib/gleif/__tests__/gleif-l2.test.ts > fetchGleifL2 > returns compact parent data on success
[GLEIF] L2 relationships fetched for LEI: 213800WSGIIZCXF1P572 (DP: yes, UP: yes, FM: no, UF: no)

stdout | src/lib/gleif/__tests__/gleif-l2.test.ts > fetchGleifL2 > returns null directParent when 404 — does not throw
[GLEIF] Fetching Level 2 relationships for LEI: 213800WSGIIZCXF1P572

stdout | src/lib/gleif/__tests__/gleif-l2.test.ts > fetchGleifL2 > returns null directParent when 404 — does not throw
[GLEIF] L2 relationships fetched for LEI: 213800WSGIIZCXF1P572 (DP: no, UP: no, FM: no, UF: no)

stdout | src/lib/gleif/__tests__/gleif-l2.test.ts > fetchGleifL2 > captures exception reason when reporting exception exists
[GLEIF] Fetching Level 2 relationships for LEI: SOMElei123456789012

stdout | src/lib/gleif/__tests__/gleif-l2.test.ts > fetchGleifL2 > captures exception reason when reporting exception exists
[GLEIF] L2 relationships fetched for LEI: SOMElei123456789012 (DP: no, UP: no, FM: no, UF: no)

stdout | src/lib/gleif/__tests__/gleif-l2.test.ts > fetchGleifL2 > handles complete network failure — does not throw, returns nulls
[GLEIF] Fetching Level 2 relationships for LEI: 213800WSGIIZCXF1P572

stdout | src/lib/gleif/__tests__/gleif-l2.test.ts > fetchGleifL2 > handles complete network failure — does not throw, returns nulls
[GLEIF] L2 relationships fetched for LEI: 213800WSGIIZCXF1P572 (DP: no, UP: no, FM: no, UF: no)

stdout | src/lib/gleif/__tests__/gleif-l2.test.ts > fetchGleifL2 > handles complete network failure — does not throw, returns nulls
[GLEIF] Fetching Level 2 relationships for LEI: 213800WSGIIZCXF1P572

stdout | src/lib/gleif/__tests__/gleif-l2.test.ts > fetchGleifL2 > handles complete network failure — does not throw, returns nulls
[GLEIF] L2 relationships fetched for LEI: 213800WSGIIZCXF1P572 (DP: no, UP: no, FM: no, UF: no)

 ✓ src/lib/gleif/__tests__/gleif-l2.test.ts (17 tests) 111ms
 ✓ src/components/client/fields/__tests__/FieldSourceBadge.test.tsx (9 tests) 97ms
 ✓ src/lib/__tests__/date-utils.test.ts (15 tests) 71ms
 ✓ src/actions/__tests__/group-membership.test.ts (14 tests) 62ms
 ✓ src/actions/__tests__/addCodeListEntry.test.ts (6 tests) 91ms
 ✓ src/lib/kyc/__tests__/KycStateService.collection.test.ts (11 tests) 60ms
 ✓ src/app/api/export/questionnaire/[id]/__tests__/route.test.ts (2 tests) 56ms
 ✓ src/lib/graph/__tests__/field-value-formatting.test.ts (39 tests) 84ms
 ✓ src/lib/master-data/__tests__/transform-registry.test.ts (7 tests) 64ms
 ✓ src/components/client/fields/canonical-party-editor/__tests__/PartyAddressSection.test.tsx (3 tests) 220ms
 ✓ src/lib/kyc/__tests__/KycStateService.pickWinner.test.ts (18 tests) 108ms
stdout | src/actions/__tests__/cc-address-usage-resolver.test.ts > resolveCCAddressUsages > filters out malformed parties gracefully
Failed to normalise party data: {"partyType":"INVALID_TYPE","individual":{"firstName":"Test","lastName":"Person","homeAddressRef":{"ccAddressId":"9c6b4e3b-636f-4a5e-9b38-184bb1eac147"}}}

 ✓ src/actions/__tests__/cc-address-usage-resolver.test.ts (6 tests) 40ms
 ✓ src/services/kyc/normalization/__tests__/transforms.party.test.ts (60 tests) 125ms
 ✓ src/components/client/inspection/__tests__/FieldDetailPanel.test.tsx (2 tests) 1170ms
     ✓ renders FieldAttachments mode="manage" when allowAttachments is true  642ms
     ✓ does not render legacy upload input for field attachments  525ms
stdout | src/services/kyc/__tests__/KycWriteService.edge-writeback.test.ts > KycWriteService.performEdgeWriteback — graph edge regression > EW-1: performEdgeWriteback directly — creates DIRECTOR edge when binding and node exist
[KycWriteService] Graph edge write-back successful for field 63 (DIRECTOR)

stdout | src/services/kyc/__tests__/KycWriteService.edge-writeback.test.ts > KycWriteService.performEdgeWriteback — graph edge regression > EW-2 [regression]: existing non-tombstone claim + active binding → edge write-back still runs
[KycWriteService] Graph edge write-back successful for field 63 (DIRECTOR)

stdout | src/services/kyc/__tests__/KycWriteService.edge-writeback.test.ts > KycWriteService.performEdgeWriteback — graph edge regression > EW-2 [regression]: existing non-tombstone claim + active binding → edge write-back still runs
[KycWriteService] Idempotency: instanceId="ch_2024-01-01_smith_j" collectionId="DIRECTORS" already has an identical authoritative value claim for Field 63. Skipping claim write.

stdout | src/services/kyc/__tests__/KycWriteService.edge-writeback.test.ts > KycWriteService.performEdgeWriteback — graph edge regression > EW-4: USER_INPUT tombstone for instanceId → edge write-back NOT attempted
[KycWriteService] User exclusion: instanceId="ch_2024-01-01_smith_j" was tombstoned by USER_INPUT for Field 63. Skipping re-enrichment.

stdout | src/services/kyc/__tests__/KycWriteService.edge-writeback.test.ts > KycWriteService.performEdgeWriteback — graph edge regression > EW-5: existing claim + existing edge → upsert called (idempotent, no error)
[KycWriteService] Graph edge write-back successful for field 63 (DIRECTOR)

stdout | src/services/kyc/__tests__/KycWriteService.edge-writeback.test.ts > KycWriteService.performEdgeWriteback — graph edge regression > EW-5: existing claim + existing edge → upsert called (idempotent, no error)
[KycWriteService] Idempotency: instanceId="ch_2024-01-01_smith_j" collectionId="DIRECTORS" already has an identical authoritative value claim for Field 63. Skipping claim write.

stdout | src/services/kyc/__tests__/KycWriteService.edge-writeback.test.ts > KycWriteService.performEdgeWriteback — graph edge regression > EW-6: edge write-back failure is caught and swallowed — updateField returns true
[KycWriteService] Idempotency: instanceId="ch_2024-01-01_smith_j" collectionId="DIRECTORS" already has an identical authoritative value claim for Field 63. Skipping claim write.

stdout | src/services/kyc/__tests__/KycWriteService.edge-writeback.test.ts > KycWriteService.performEdgeWriteback — graph edge regression > EW-7: existing claim with null valuePersonId/valueLeId → edge write-back skipped gracefully
[KycWriteService] Idempotency: instanceId="ch_2024-01-01_smith_j" collectionId="DIRECTORS" already has an identical authoritative value claim for Field 63. Skipping claim write.

 ✓ src/services/kyc/__tests__/KycWriteService.edge-writeback.test.ts (7 tests) 152ms
stdout | src/lib/kyc/__tests__/FieldClaimService.attachment.test.ts > FieldClaimService Attachment Writes > addAttachment > validates document exists and creates a new attachment instance
[writeBackGraphEdge] field=999 clientLE=client-1 binding=NONE

stdout | src/lib/kyc/__tests__/FieldClaimService.attachment.test.ts > FieldClaimService Attachment Writes > replaceAttachment > validates document exists, verifies instance scope, and appends a claim
[writeBackGraphEdge] field=999 clientLE=client-1 binding=NONE

 ✓ src/lib/kyc/__tests__/FieldClaimService.attachment.test.ts (12 tests) 62ms
 ✓ src/components/client/fields/canonical-party-editor/__tests__/state-mappers.test.ts (10 tests) 77ms
stdout | src/domain/registry/connectors/__tests__/FranceRechercheEntreprisesConnector.test.ts > FranceRechercheEntreprisesConnector > fetch() — successful SIREN lookup > returns a populated CanonicalRegistryRecord for a valid SIREN
[FranceRechercheEntreprisesConnector] Fetching data for SIREN 542051180...

stdout | src/domain/registry/connectors/__tests__/FranceRechercheEntreprisesConnector.test.ts > FranceRechercheEntreprisesConnector > fetch() — successful SIREN lookup > normalises address from siege component fields
[FranceRechercheEntreprisesConnector] Fetching data for SIREN 542051180...

stdout | src/services/kyc/__tests__/KycWriteService.party-idempotency.test.ts > KycWriteService - Party Idempotency (CP5C) > 1. unchanged repeated embedded PARTY creates no claim
[KycWriteService] Idempotency: instanceId="ch::psc_123" collectionId="FIELD_63" already has an identical authoritative value claim for Field 63. Skipping claim write.

stdout | src/domain/registry/connectors/__tests__/FranceRechercheEntreprisesConnector.test.ts > FranceRechercheEntreprisesConnector > fetch() — successful SIREN lookup > includes SIREN in identifiers
[FranceRechercheEntreprisesConnector] Fetching data for SIREN 542051180...

stdout | src/domain/registry/connectors/__tests__/FranceRechercheEntreprisesConnector.test.ts > FranceRechercheEntreprisesConnector > fetch() — successful SIREN lookup > includes officers from dirigeants
[FranceRechercheEntreprisesConnector] Fetching data for SIREN 542051180...

stdout | src/domain/registry/connectors/__tests__/FranceRechercheEntreprisesConnector.test.ts > FranceRechercheEntreprisesConnector > fetch() — successful SIREN lookup > stores raw payload under COMPANY_PROFILE subtype
[FranceRechercheEntreprisesConnector] Fetching data for SIREN 542051180...

stdout | src/domain/registry/connectors/__tests__/FranceRechercheEntreprisesConnector.test.ts > FranceRechercheEntreprisesConnector > fetch() — successful SIREN lookup > strips spaces from SIREN before lookup
[FranceRechercheEntreprisesConnector] Fetching data for SIREN 542051180...

stdout | src/domain/registry/connectors/__tests__/FranceRechercheEntreprisesConnector.test.ts > FranceRechercheEntreprisesConnector > fetch() — successful SIREN lookup > prefers nom_raison_sociale over nom_complet for entityName
[FranceRechercheEntreprisesConnector] Fetching data for SIREN 542051180...

stdout | src/domain/registry/connectors/__tests__/FranceRechercheEntreprisesConnector.test.ts > FranceRechercheEntreprisesConnector > fetch() — successful SIREN lookup > falls back to nom_complet when nom_raison_sociale is absent
[FranceRechercheEntreprisesConnector] Fetching data for SIREN 542051180...

stdout | src/domain/registry/connectors/__tests__/FranceRechercheEntreprisesConnector.test.ts > FranceRechercheEntreprisesConnector > fetch() — address normalisation edge cases > falls back to siege.adresse string when component fields are absent
[FranceRechercheEntreprisesConnector] Fetching data for SIREN 542051180...

stdout | src/domain/registry/connectors/__tests__/FranceRechercheEntreprisesConnector.test.ts > FranceRechercheEntreprisesConnector > fetch() — no results > throws when the API returns an empty results array
[FranceRechercheEntreprisesConnector] Fetching data for SIREN 000000000...

stdout | src/domain/registry/connectors/__tests__/FranceRechercheEntreprisesConnector.test.ts > FranceRechercheEntreprisesConnector > fetch() — SIREN mismatch > throws when returned siren does not match the requested siren
[FranceRechercheEntreprisesConnector] Fetching data for SIREN 542051180...

stdout | src/domain/registry/connectors/__tests__/FranceRechercheEntreprisesConnector.test.ts > FranceRechercheEntreprisesConnector > fetch() — non-diffusible entity > throws with code FR_ENTITY_NON_DIFFUSIBLE when statut_diffusion is P
[FranceRechercheEntreprisesConnector] Fetching data for SIREN 542051180...

stdout | src/domain/registry/connectors/__tests__/FranceRechercheEntreprisesConnector.test.ts > FranceRechercheEntreprisesConnector > fetch() — non-OK API response > throws on 400 response
[FranceRechercheEntreprisesConnector] Fetching data for SIREN 542051180...

stdout | src/domain/registry/connectors/__tests__/FranceRechercheEntreprisesConnector.test.ts > FranceRechercheEntreprisesConnector > fetch() — non-OK API response > throws on 500 response
[FranceRechercheEntreprisesConnector] Fetching data for SIREN 542051180...

stdout | src/services/kyc/__tests__/KycWriteService.party-idempotency.test.ts > KycWriteService - Party Idempotency (CP5C) > 3. unchanged reference-backed repeated value creates no physical duplicate
[KycWriteService] Idempotency: instanceId="ch::psc_456" collectionId="FIELD_63" already has an identical authoritative value claim for Field 63. Skipping claim write.

stdout | src/services/kyc/__tests__/KycWriteService.party-idempotency.test.ts > KycWriteService - Party Idempotency (CP5C) > 4. legacy unscoped IDs transition without creating a second active row
[KycWriteService] Transition Strategy: Legacy unscoped ID "psc_legacy" found for REGISTRATION_AUTHORITY. Reusing as compatibility alias.

 ✓ src/services/kyc/__tests__/KycWriteService.party-idempotency.test.ts (5 tests) 46ms
 ✓ src/domain/registry/connectors/__tests__/FranceRechercheEntreprisesConnector.test.ts (25 tests) 86ms
 ✓ src/domain/kyc/__tests__/FieldDefinitions.test.ts (21 tests) 67ms
stdout | src/services/kyc/normalization/__tests__/GleifNormalizer.test.ts > GleifNormalizer > GN-5: missing source path produces no candidate
[GleifNormalizer] Emitting explicit-none for field=8 because mapped path "entity.legalAddress.region" was missing.

stdout | src/services/kyc/normalization/__tests__/GleifNormalizer.test.ts > GleifNormalizer > GN-13: preserves backward compatibility for standard paths resolving against attributes even when fallback conditions are not met
[GleifNormalizer] Emitting explicit-none for field=30 because mapped path "gleifL2.directParent.legalName" was missing.

stdout | src/services/kyc/normalization/__tests__/GleifNormalizer.test.ts > GLEIF Bug Regression Matrix (L2 & ELF Subtypes) > matrix-10: A mismatched configuration is not silently accepted
[GleifNormalizer] Emitting explicit-none for field=50 because mapped path "gleifElf.name" was missing.

 ✓ src/services/kyc/normalization/__tests__/GleifNormalizer.test.ts (22 tests) 72ms
stdout | src/services/kyc/normalization/__tests__/RegistryMappingEngine.test.ts > RegistryMappingEngine > T1: lower priority integer wins within same source scope
[RegistryMappingEngine] field=3 path="primary_name" resolved → string
[RegistryMappingEngine] field=3 transform="DIRECT" → "Winner Ltd"

stdout | src/services/kyc/normalization/__tests__/RegistryMappingEngine.test.ts > RegistryMappingEngine > T2: engine resolves COMPANIES_HOUSE mappings for an RA000587 run
[RegistryMappingEngine] field=7 path="locality" resolved → string
[RegistryMappingEngine] field=7 transform="DIRECT" → "Belfast"

stdout | src/services/kyc/normalization/__tests__/RegistryMappingEngine.test.ts > RegistryMappingEngine > T3: lower priority integer wins within same RA scope
[RegistryMappingEngine] field=3 path="primary_name" resolved → string
[RegistryMappingEngine] field=3 transform="DIRECT" → "Winner Ltd"

 ✓ src/lib/graph/__tests__/binding-form-helpers.test.ts (44 tests) 105ms
stdout | src/services/kyc/normalization/__tests__/RegistryMappingEngine.test.ts > RegistryMappingEngine > T4: returns empty array when no mappings exist for RA, does not throw
[RegistryMappingEngine] No mappings found for RA: RA000585 (mappingSourceKey: COMPANIES_HOUSE)

stdout | src/services/kyc/normalization/__tests__/RegistryMappingEngine.test.ts > RegistryMappingEngine > T5: RAW_PAYLOAD mapping resolves from correct payloadSubtype, not from a different subtype
[RegistryMappingEngine] field=3 path="company_name" resolved → string
[RegistryMappingEngine] field=3 transform="DIRECT" → "Correct Ltd"

stdout | src/services/kyc/normalization/__tests__/RegistryMappingEngine.test.ts > RegistryMappingEngine > T6: TO_NAME_HISTORY_LIST transform produces one structured candidate object per previous name
[RegistryMappingEngine] field=5 path="previous_company_names" resolved → array[2]
[RegistryMappingEngine] field=5 transform="TO_NAME_HISTORY_LIST" → array[2]

stdout | src/services/kyc/normalization/__tests__/RegistryMappingEngine.test.ts > RegistryMappingEngine > T7: FieldCandidate.sourceKey equals mappingSourceKey (COMPANIES_HOUSE), not the raw RA code
[RegistryMappingEngine] field=5 path="previous_company_names" resolved → array[1]
[RegistryMappingEngine] field=5 transform="TO_NAME_HISTORY_LIST" → array[1]

stdout | src/services/kyc/normalization/__tests__/RegistryMappingEngine.test.ts > RegistryMappingEngine > T9: engine falls back to raId as sourceReference when authority.mappingSourceKey is null
[RegistryMappingEngine] field=3 path="denomination" resolved → string
[RegistryMappingEngine] field=3 transform="DIRECT" → "Société France SARL"

stdout | src/services/kyc/normalization/__tests__/RegistryMappingEngine.test.ts > RegistryMappingEngine > T10: returns empty array cleanly when run has no registrationAuthorityId
[RegistryMappingEngine] No mappings found for RA: null (mappingSourceKey: null)

 ✓ src/services/kyc/normalization/__tests__/RegistryMappingEngine.test.ts (10 tests) 100ms
 ✓ src/lib/export/__tests__/export-answer-resolver.test.ts (20 tests) 94ms
 ✓ src/actions/__tests__/cp2b-kyc-manual-update.test.ts (3 tests) 82ms
 ✓ src/app/api/documents/upload/__tests__/route.test.ts (3 tests) 114ms
 ✓ src/lib/kyc/__tests__/canonical-comparison.test.ts (10 tests) 64ms
 ✓ src/lib/kyc/__tests__/source-label.test.ts (18 tests) 27ms
 ✓ src/actions/__tests__/kyc-manual-update-single-value.test.ts (3 tests) 53ms
 ✓ src/lib/documents/party/__tests__/PartyDocumentLifecycleResolver.test.ts (3 tests) 45ms
 ✓ src/domain/kyc/__tests__/Schemas.test.ts (15 tests) 42ms
 ✓ src/lib/documents/party/__tests__/CCPartyDocumentService.test.ts (9 tests) 32ms
 ✓ src/actions/__tests__/acceptProposal.test.ts (5 tests) 24ms
 ✓ src/services/masterData/__tests__/cc-party-service.test.ts (6 tests) 32ms
 ✓ src/actions/__tests__/user-preferences.test.ts (6 tests) 43ms
 ✓ src/components/client/fields/__tests__/PersonOrContactValueViewer.test.tsx (5 tests) 40ms
 ✓ src/lib/graph/__tests__/picker-config.test.ts (60 tests) 92ms
 ✓ src/services/kyc/__tests__/transforms.test.ts (16 tests) 51ms
 ✓ src/lib/master-data/__tests__/field-interpreter.test.ts (24 tests) 137ms
 ✓ src/actions/__tests__/resolveMasterDataBatch.test.ts (21 tests) 76ms
 ✓ src/actions/__tests__/kyc-query-collections.test.ts (2 tests) 40ms
 ✓ src/components/client/fields/__tests__/FieldValueRenderer.test.tsx (13 tests) 74ms
stdout | src/actions/__tests__/kyc-empty-states.test.ts > Master Record Empty States & Releases > 5. Mapped connected source checked + null/missing -> CHECKED_NO_DATA
TEST 5 RES: {
  fieldNo: 100,
  fieldName: 'Test Field',
  isRepeating: false,
  dataType: 'TEXT',
  category: undefined,
  profileConfig: undefined,
  hasActiveSourceMappings: true,
  modelField: undefined,
  options: [],
  notes: undefined,
  description: undefined,
  current: {
    value: null,
    source: 'GLEIF',
    timestamp: 2026-01-01T00:00:00.000Z,
    confidence: null,
    isPromotedToCCC: false,
    sourceCheckedAt: 2026-01-01T00:00:00.000Z
  },
  displayState: 'CHECKED_NO_DATA',
  defaultResponse: undefined,
  assignment: null,
  userNote: null,
  history: [],
  candidates: [],
  rows: undefined,
  isUserCurated: undefined,
  codeSystem: undefined,
  canonicalDisplayModel: {
    fieldNo: 100,
    label: 'Test Field',
    description: undefined,
    category: undefined,
    state: 'NO_DATA',
    value: { kind: 'empty' },
    source: {
      type: 'GLEIF',
      reference: null,
      label: 'GLEIF',
      colorKey: 'GLEIF',
      timestamp: '2026-01-01T00:00:00.000Z',
      userName: null,
      category: 'REGISTRY',
      lastValidatedAt: '2026-01-01T00:00:00.000Z'
    },
    textSummary: '',
    defaultText: undefined,
    isEditable: false,
    isMultiValue: false,
    attachments: [],
    allowAttachments: false,
    clientLEId: undefined
  }
}

 ✓ src/lib/graph/__tests__/picker-config-admin.test.ts (20 tests) 33ms
 ✓ src/actions/__tests__/kyc-empty-states.test.ts (9 tests) 48ms
 ✓ src/actions/__tests__/graph-node-create.test.ts (13 tests) 51ms
stdout | src/lib/__tests__/metrics-calc.test.ts > getActiveClaimsContext — claim status semantics > T1: VERIFIED claim counts as available data — mapped question shows answered
RESOLVED Map(1) {
  3 => [
    {
      value: 'data',
      claimId: 'c1',
      status: 'VERIFIED',
      isScoped: false,
      sourceType: undefined,
      sourceReference: undefined,
      evidenceProvider: undefined,
      confidenceScore: undefined,
      evidenceId: undefined,
      instanceId: undefined,
      collectionId: undefined,
      assertedAt: 2026-07-20T15:02:20.179Z,
      effectiveFrom: undefined,
      effectiveTo: undefined,
      attachmentDocumentId: undefined,
      sourceCheckedAt: 2026-07-20T15:02:20.179Z
    }
  ]
}
ACTIVE CLAIMS Set(1) { 3 }

stdout | src/lib/__tests__/metrics-calc.test.ts > getActiveClaimsContext — claim status semantics > T2: ASSERTED claim counts as available data — mapped question shows answered
RESOLVED Map(1) {
  3 => [
    {
      value: 'data',
      claimId: 'c1',
      status: 'ASSERTED',
      isScoped: false,
      sourceType: undefined,
      sourceReference: undefined,
      evidenceProvider: undefined,
      confidenceScore: undefined,
      evidenceId: undefined,
      instanceId: undefined,
      collectionId: undefined,
      assertedAt: 2026-07-20T15:02:20.197Z,
      effectiveFrom: undefined,
      effectiveTo: undefined,
      attachmentDocumentId: undefined,
      sourceCheckedAt: 2026-07-20T15:02:20.197Z
    }
  ]
}
ACTIVE CLAIMS Set(1) { 3 }

stdout | src/lib/__tests__/metrics-calc.test.ts > getActiveClaimsContext — claim status semantics > T3: REJECTED claim does not count — mapped question remains unanswered
RESOLVED Map(1) { 3 => [] }
ACTIVE CLAIMS Set(0) {}

stdout | src/lib/__tests__/metrics-calc.test.ts > getActiveClaimsContext — claim status semantics > T5: ZZOOMM/FMSB-style — 14 mapped questions, ASSERTED claims for 6 fieldNos + VERIFIED for 1 → answered=7
RESOLVED Map(14) {
  3 => [
    {
      value: 'data',
      claimId: 'c-a-0',
      status: 'ASSERTED',
      isScoped: false,
      sourceType: undefined,
      sourceReference: undefined,
      evidenceProvider: undefined,
      confidenceScore: undefined,
      evidenceId: undefined,
      instanceId: undefined,
      collectionId: undefined,
      assertedAt: 2026-07-20T15:02:20.208Z,
      effectiveFrom: undefined,
      effectiveTo: undefined,
      attachmentDocumentId: undefined,
      sourceCheckedAt: 2026-07-20T15:02:20.208Z
    }
  ],
  18 => [
    {
      value: 'data',
      claimId: 'c-a-1',
      status: 'ASSERTED',
      isScoped: false,
      sourceType: undefined,
      sourceReference: undefined,
      evidenceProvider: undefined,
      confidenceScore: undefined,
      evidenceId: undefined,
      instanceId: undefined,
      collectionId: undefined,
      assertedAt: 2026-07-20T15:02:20.208Z,
      effectiveFrom: undefined,
      effectiveTo: undefined,
      attachmentDocumentId: undefined,
      sourceCheckedAt: 2026-07-20T15:02:20.208Z
    }
  ],
  20 => [
    {
      value: 'data',
      claimId: 'c-a-2',
      status: 'ASSERTED',
      isScoped: false,
      sourceType: undefined,
      sourceReference: undefined,
      evidenceProvider: undefined,
      confidenceScore: undefined,
      evidenceId: undefined,
      instanceId: undefined,
      collectionId: undefined,
      assertedAt: 2026-07-20T15:02:20.208Z,
      effectiveFrom: undefined,
      effectiveTo: undefined,
      attachmentDocumentId: undefined,
      sourceCheckedAt: 2026-07-20T15:02:20.208Z
    }
  ],
  22 => [
    {
      value: 'data',
      claimId: 'c-a-3',
      status: 'ASSERTED',
      isScoped: false,
      sourceType: undefined,
      sourceReference: undefined,
      evidenceProvider: undefined,
      confidenceScore: undefined,
      evidenceId: undefined,
      instanceId: undefined,
      collectionId: undefined,
      assertedAt: 2026-07-20T15:02:20.208Z,
      effectiveFrom: undefined,
      effectiveTo: undefined,
      attachmentDocumentId: undefined,
      sourceCheckedAt: 2026-07-20T15:02:20.208Z
    }
  ],
  27 => [
    {
      value: 'data',
      claimId: 'c-a-4',
      status: 'ASSERTED',
      isScoped: false,
      sourceType: undefined,
      sourceReference: undefined,
      evidenceProvider: undefined,
      confidenceScore: undefined,
      evidenceId: undefined,
      instanceId: undefined,
      collectionId: undefined,
      assertedAt: 2026-07-20T15:02:20.208Z,
      effectiveFrom: undefined,
      effectiveTo: undefined,
      attachmentDocumentId: undefined,
      sourceCheckedAt: 2026-07-20T15:02:20.208Z
    }
  ],
  80 => [
    {
      value: 'data',
      claimId: 'c-a-5',
      status: 'ASSERTED',
      isScoped: false,
      sourceType: undefined,
      sourceReference: undefined,
      evidenceProvider: undefined,
      confidenceScore: undefined,
      evidenceId: undefined,
      instanceId: undefined,
      collectionId: undefined,
      assertedAt: 2026-07-20T15:02:20.208Z,
      effectiveFrom: undefined,
      effectiveTo: undefined,
      attachmentDocumentId: undefined,
      sourceCheckedAt: 2026-07-20T15:02:20.208Z
    }
  ],
  5 => [
    {
      value: 'data',
      claimId: 'c-v-0',
      status: 'VERIFIED',
      isScoped: false,
      sourceType: undefined,
      sourceReference: undefined,
      evidenceProvider: undefined,
      confidenceScore: undefined,
      evidenceId: undefined,
      instanceId: undefined,
      collectionId: undefined,
      assertedAt: 2026-07-20T15:02:20.208Z,
      effectiveFrom: undefined,
      effectiveTo: undefined,
      attachmentDocumentId: undefined,
      sourceCheckedAt: 2026-07-20T15:02:20.208Z
    }
  ],
  4 => [],
  24 => [],
  25 => [],
  60 => [],
  64 => [],
  81 => [],
  1 => []
}
ACTIVE CLAIMS Set(7) { 3, 18, 20, 22, 27, 80, 5 }

stdout | src/lib/__tests__/metrics-calc.test.ts > getActiveClaimsContext — claim status semantics > T6: calculateQuestionnaireMetrics — ASSERTED claim on mapped question → answered
RESOLVED Map(1) {
  3 => [
    {
      value: 'data',
      claimId: 'c1',
      status: 'ASSERTED',
      isScoped: false,
      sourceType: undefined,
      sourceReference: undefined,
      evidenceProvider: undefined,
      confidenceScore: undefined,
      evidenceId: undefined,
      instanceId: undefined,
      collectionId: undefined,
      assertedAt: 2026-07-20T15:02:20.214Z,
      effectiveFrom: undefined,
      effectiveTo: undefined,
      attachmentDocumentId: undefined,
      sourceCheckedAt: 2026-07-20T15:02:20.214Z
    }
  ]
}
ACTIVE CLAIMS Set(1) { 3 }

 ✓ src/lib/__tests__/metrics-calc.test.ts (7 tests) 52ms
stdout | src/services/kyc/__tests__/repeating-field-semantics.test.ts > Repeating FieldClaim Semantics > archives missing source rows using idempotency semantics
[KycWriteService] SNAPSHOT_SYNC: Tombstoning omitted instanceId="dir_1" for Field 999 (Source: COMPANIES_HOUSE)

stdout | src/services/kyc/__tests__/repeating-field-semantics.test.ts > Repeating FieldClaim Semantics > archives missing source rows using idempotency semantics
[KycWriteService] SNAPSHOT_SYNC: Tombstoning omitted instanceId="dir_2" for Field 999 (Source: COMPANIES_HOUSE)

 ✓ src/services/kyc/__tests__/repeating-field-semantics.test.ts (3 tests) 40ms
 ✓ src/components/client/fields/__tests__/CollectionRenderer.test.tsx (3 tests) 32ms
 ✓ src/actions/__tests__/party-document-actions.test.ts (4 tests) 19ms
 ✓ src/actions/__tests__/field-save-normalisation.test.ts (20 tests) 21ms
stdout | src/services/kyc/__tests__/KycWriteService.tombstone.test.ts > KycWriteService.updateField — multi-value tombstone-aware idempotency > T1: USER_INPUT tombstone for instanceId blocks registry re-enrichment (user exclusion)
[KycWriteService] User exclusion: instanceId="sic_35110" was tombstoned by USER_INPUT for Field 20. Skipping re-enrichment.

 ✓ src/services/kyc/__tests__/KycWriteService.tombstone.test.ts (4 tests) 111ms
 ❯ src/lib/master-data/__tests__/party-summary.test.ts (13 tests | 2 failed) 56ms
     ✓ returns true if mask is empty 7ms
     ✓ returns true for exact matches 1ms
     ✓ returns false for absent matches 1ms
     ✓ allows children if parent is masked 1ms
     ✓ allows parent container if child is masked 1ms
     ✓ handles generic array wildcards 1ms
     × renders organisationName rather than CONTACT when permitted 22ms
     ✓ falls back gracefully if organisationName is explicitly masked out 1ms
     ✓ renders person name correctly 1ms
     × uses displayName when permitted 5ms
     ✓ does not include excluded properties in summary 1ms
     ✓ handles repeating roles correctly 1ms
     ✓ does not use raw internal discriminators as fallback 0ms
 ✓ src/lib/export/__tests__/formatReleasedValue.test.ts (19 tests) 83ms
 ✓ src/actions/__tests__/kyc-query-group-batching.test.ts (1 test) 69ms
stdout | src/services/kyc/__tests__/FilterAndSync.test.ts > Filter Layer & Snapshot Sync > T1: SNAPSHOT_SYNC tombstones previous row missing from latest output
[KycWriteService] SNAPSHOT_SYNC: Tombstoning omitted instanceId="REGISTRATION_AUTHORITY::COMPANIES_HOUSE::ch_resigned_dir" for Field 63 (Source: REGISTRATION_AUTHORITY)

 ✓ src/services/kyc/__tests__/FilterAndSync.test.ts (4 tests) 101ms
stdout | src/actions/__tests__/kyc-manual-update-restore.test.ts > Restore Source Value Feature > Bulk rejection behaviour > rejects all active USER_INPUT claims for the specified address field and scope
[DefinitionService] Refreshed cache with 2 fields.

 ✓ src/actions/__tests__/kyc-manual-update-restore.test.ts (2 tests) 45ms
 ✓ src/actions/__tests__/refreshGleifProposals.test.ts (4 tests) 56ms
 ✓ src/lib/__tests__/address-detector.test.ts (10 tests) 27ms
 ✓ src/domain/kyc/__tests__/MetaSchema.test.ts (16 tests) 154ms
 ✓ src/lib/master-data/party-v2/__tests__/label-helper.test.ts (12 tests) 23ms
 ✓ src/services/kyc/__tests__/KycLoader.test.ts (7 tests) 76ms
 ✓ src/services/kyc/normalization/__tests__/transforms.to-address-value.test.ts (5 tests) 19ms
 ✓ src/actions/__tests__/kyc-manual-update-boolean.test.ts (2 tests) 53ms
 ✓ src/actions/__tests__/kyc-propagation-smoke.test.ts (2 tests) 18ms
 ✓ src/lib/documents/usage/__tests__/DocumentUsageResolver.test.ts (3 tests) 16ms
 ✓ src/lib/documents/usage/__tests__/DocumentUsageHistoryResolver.test.ts (1 test) 17ms
 ✓ src/lib/documents/__tests__/DocumentDownload.test.ts (4 tests) 47ms
 ✓ src/lib/master-data/__tests__/countries.test.ts (4 tests) 12ms
 ✓ src/services/masterData/__tests__/cc-party-legacy-adapter.test.ts (4 tests) 22ms
 ✓ src/lib/master-data/__tests__/shadow-logger.test.ts (5 tests) 53ms
 ✓ src/actions/__tests__/org-delete.test.ts (7 tests) 39ms
 ✓ src/lib/export/__tests__/path-builder.test.ts (11 tests) 25ms
 ✓ src/actions/__tests__/questionnaire-locks.test.ts (5 tests) 14ms
stdout | src/services/kyc/__tests__/AbsenceAsDeletion.test.ts > Absence-as-Deletion (Phase 1) Acceptance Tests > KycWriteService repeating fields restriction > repeating fields are skipped for Phase 1
[KycWriteService] Dropping explicit-none candidate for repeating field 100

 ✓ src/lib/auth/__tests__/permissions.test.ts (11 tests) 23ms
 ✓ src/services/kyc/__tests__/AbsenceAsDeletion.test.ts (3 tests) 18ms
 ✓ src/actions/__tests__/client-le.master.test.ts (4 tests) 25ms
 ✓ src/lib/master-data/party-v2/__tests__/party-v2.test.ts (9 tests) 16ms
 ✓ src/actions/__tests__/kyc-manual-update.test.ts (3 tests) 22ms
 ✓ src/actions/__tests__/isObjectRef-detection.test.ts (15 tests) 30ms
 ✓ src/lib/questionnaires/__tests__/reference-codes.test.ts (14 tests) 50ms
 ✓ src/lib/kyc/__tests__/attachment-lifecycle.test.ts (3 tests) 17ms
 ✓ src/services/kyc/normalization/__tests__/transforms.ra-code-to-name.test.ts (10 tests) 76ms
 ✓ src/lib/documents/__tests__/DocumentLibraryService.test.ts (4 tests) 63ms
 ✓ src/lib/documents/usage/providers/__tests__/PartyDocumentUsageProvider.test.ts (2 tests) 54ms
 ✓ src/lib/master-data/party-v2/__tests__/normaliser.test.ts (10 tests) 38ms
 ✓ src/actions/__tests__/kyc-query-profile.test.ts (1 test) 24ms
 ✓ src/components/client/fields/__tests__/CodeListRenderer.test.tsx (6 tests) 13ms
 ✓ src/lib/documents/usage/providers/__tests__/FieldAttachmentUsageProvider.test.ts (2 tests) 25ms
 ✓ src/components/client/fields/__tests__/PartyRenderer.test.tsx (3 tests) 13ms
 ✓ src/lib/export/__tests__/toExportText.test.ts (18 tests) 33ms
 ✓ src/actions/__tests__/kyc-query-provenance.test.ts (1 test) 24ms
 ✓ src/components/client/fields/__tests__/AddressRenderer.test.tsx (4 tests) 10ms
 ✓ src/lib/master-data/__tests__/field-interpreter-field63.test.ts (3 tests) 16ms
 ✓ src/lib/kyc/__tests__/provenance-enricher.test.ts (5 tests) 10ms
 ✓ src/lib/master-data/__tests__/field-interpreter.boundary.test.ts (2 tests) 10ms
 ✓ src/actions/__tests__/kyc-workbench.test.ts (1 test) 12ms
 ↓ src/actions/__tests__/questionnaire-visibility-hardening.test.ts (8 tests | 8 skipped)

 Test Files  1 failed | 126 passed | 1 skipped (128)
      Tests  2 failed | 1289 passed | 8 skipped (1299)
     Errors  1 error
   Start at  16:01:39
   Duration  48.04s (transform 36.52s, setup 0ms, import 123.85s, tests 102.42s, environment 25.01s)

